******************************************************************************
                  TI ARM Linker PC v5.2.5                      
******************************************************************************
>> Linked Mon May 30 12:18:19 2016

OUTPUT FILE NAME:   <WIFIappv4.1.out>
ENTRY POINT SYMBOL: "_c_int00"  address: 2000caf9


MEMORY CONFIGURATION

         name            origin    length      used     unused   attr    fill
----------------------  --------  ---------  --------  --------  ----  --------
  SRAM_CODE             20004000   00013000  00009efa  00009106  RW X
  SRAM_DATA             20017000   00019000  0000c351  0000ccaf  RW X


SEGMENT ALLOCATION MAP

run origin  load origin   length   init length attrs members
----------  ----------- ---------- ----------- ----- -------
20004000    20004000    00009f00   00009f00    r-x
  20004000    20004000    00000400   00000400    r-- .intvecs
  20004400    20004400    0000931a   0000931a    r-x .text
  2000d71c    2000d71c    000006e8   000006e8    r-- .const
  2000de08    2000de08    000000f8   000000f8    r-- .cinit
20017000    20017000    0000bb58   00000000    rw-
  20017000    20017000    0000afa1   00000000    rw- .bss
  20021fa8    20021fa8    00000800   00000000    rw- .sysmem
  200227a8    200227a8    000003b0   00000000    rw- .data
2002f800    2002f800    00000800   00000000    rw-
  2002f800    2002f800    00000800   00000000    rw- .stack


SECTION ALLOCATION MAP

 output                                  attributes/
section   page    origin      length       input sections
--------  ----  ----------  ----------   ----------------
.intvecs   0    20004000    00000400     
                  20004000    00000400     startup_ccs.obj (.intvecs)

.init_array 
*          0    20004000    00000000     UNINITIALIZED

.text      0    20004400    0000931a     
                  20004400    0000133c     main.obj (.text)
                  2000573c    000010a6     rtsv7M4_T_le_eabi.lib : _printfi.obj (.text)
                  200067e2    00000002     driverlib.a : interrupt.obj (.text:IntDefaultHandler)
                  200067e4    000005ec     simplelink.a : driver.obj (.text:_SlDrvMsgRead)
                  20006dd0    000003dc     rtsv7M4_T_le_eabi.lib : memory.obj (.text)
                  200071ac    0000039c     gpio_if.obj (.text)
                  20007548    0000030c     rtsv7M4_T_le_eabi.lib : lowlev.obj (.text)
                  20007854    000002d4                           : trgdrv.obj (.text)
                  20007b28    00000248     simplelink.a : driver.obj (.text:_SlDrvRxHdrRead)
                  20007d70    00000244                  : wlan.obj (.text:sl_WlanConnect)
                  20007fb4    000001f4     rtsv7M4_T_le_eabi.lib : ull_div_t2.obj (.text)
                  200081a8    000001d0     simplelink.a : driver.obj (.text:_SlDrvReleasePoolObj)
                  20008378    000001cc                  : driver.obj (.text:_SlDrvMsgWrite)
                  20008544    000001c4     rtsv7M4_T_le_eabi.lib : fopen.obj (.text)
                  20008708    000001b6                           : fd_add_t2.obj (.text)
                  200088be    00000002     --HOLE-- [fill = 0]
                  200088c0    00000190     simplelink.a : driver.obj (.text:_SlDrvWaitForPoolObj)
                  20008a50    00000188                  : driver.obj (.text:_SlDrvDriverCBInit)
                  20008bd8    00000170                  : driver.obj (.text:_SlFindAndSetActiveObj)
                  20008d48    0000015c     button_if.obj (.text)
                  20008ea4    00000144     simplelink.a : cc_pal.obj (.text:spi_Open)
                  20008fe8    00000136     rtsv7M4_T_le_eabi.lib : fd_div_t2.obj (.text)
                  2000911e    00000002     --HOLE-- [fill = 0]
                  20009120    00000134     driverlib.a : prcm.obj (.text:PRCMCC3200MCUInit)
                  20009254    00000134     rtsv7M4_T_le_eabi.lib : fputs.obj (.text)
                  20009388    0000012c     simplelink.a : driver.obj (.text:_SlDrvDataReadOp)
                  200094b4    00000118                  : socket.obj (.text:sl_SendTo)
                  200095cc    00000114     rtsv7M4_T_le_eabi.lib : strtoul.obj (.text)
                  200096e0    00000110                           : xdscale.obj (.text)
                  200097f0    0000010c     simplelink.a : socket.obj (.text:sl_RecvFrom)
                  200098fc    00000108                  : driver.obj (.text:_SlDrvDataWriteOp)
                  20009a04    00000100                  : driver.obj (.text:_SlDrvDriverCBDeinit)
                  20009b04    000000fe                  : netapp.obj (.text:_SlDrvNetAppEventHandler)
                  20009c02    000000fc     rtsv7M4_T_le_eabi.lib : fd_mul_t2.obj (.text)
                  20009cfe    000000fa                           : fs_add_t2.obj (.text)
                  20009df8    000000f0     simplelink.a : cc_pal.obj (.text:spi_Read)
                  20009ee8    000000f0     driverlib.a : udma.obj (.text:uDMAChannelTransferSet)
                  20009fd8    000000dc     rtsv7M4_T_le_eabi.lib : setvbuf.obj (.text)
                  2000a0b4    000000d8     simplelink.a : driver.obj (.text:_SlDrvClassifyRxMsg)
                  2000a18c    000000d4                  : device.obj (.text:sl_Stop)
                  2000a260    000000c8                  : netapp.obj (.text:_sl_HandleAsync_DnsGetHostByService)
                  2000a328    000000c8     rtsv7M4_T_le_eabi.lib : fflush.obj (.text)
                  2000a3f0    000000c0     simplelink.a : driver.obj (.text:_SlDrvMsgReadCmdCtx)
                  2000a4b0    000000c0                  : driver.obj (.text:_SlRemoveFromList)
                  2000a570    000000be     rtsv7M4_T_le_eabi.lib : xdnorm.obj (.text)
                  2000a62e    00000002     --HOLE-- [fill = 0]
                  2000a630    000000bc     simplelink.a : device.obj (.text:sl_Start)
                  2000a6ec    000000b8                  : driver.obj (.text:_SlAsyncEventGenericHandler)
                  2000a7a4    000000b4                  : netapp.obj (.text:sl_NetAppMDNSRegisterUnregisterService)
                  2000a858    000000ac     rtsv7M4_T_le_eabi.lib : _io_perm.obj (.text)
                  2000a904    000000a8     driverlib.a : interrupt.obj (.text:IntDisable)
                  2000a9ac    000000a8                 : interrupt.obj (.text:IntEnable)
                  2000aa54    000000a0                 : spi.obj (.text:SPIConfigSetExpClk)
                  2000aaf4    0000009c     simplelink.a : driver.obj (.text:_SlDrvMsgReadSpawnCtx)
                  2000ab90    0000009c     rtsv7M4_T_le_eabi.lib : memcpy_t2.obj (.text)
                  2000ac2c    0000009c     simplelink.a : device.obj (.text:sl_DevGet)
                  2000acc8    00000098     rtsv7M4_T_le_eabi.lib : fclose.obj (.text)
                  2000ad60    00000098                           : fputc.obj (.text)
                  2000adf8    00000098     simplelink.a : cc_pal.obj (.text:spi_Write)
                  2000ae90    00000094     driverlib.a : prcm.obj (.text:PRCMPeripheralClockGet)
                  2000af24    00000090     pinmux.obj (.text)
                  2000afb4    00000090     simplelink.a : wlan.obj (.text:sl_WlanSmartConfigStart)
                  2000b044    0000008c                  : cc_pal.obj (.text:SetupDMAReceive)
                  2000b0d0    0000008c                  : cc_pal.obj (.text:SetupDMASend)
                  2000b15c    0000008c                  : netapp.obj (.text:_sl_HandleAsync_DnsGetHostByName)
                  2000b1e8    0000008c                  : netapp.obj (.text:_sl_HandleAsync_PingResponse)
                  2000b274    00000088     driverlib.a : pin.obj (.text:PinConfigSet)
                  2000b2fc    00000088     simplelink.a : socket.obj (.text:sl_Bind)
                  2000b384    00000086     rtsv7M4_T_le_eabi.lib : fd_cmp_t2.obj (.text:__aeabi_cdcmple)
                  2000b40a    00000086                           : fd_cmp_t2.obj (.text:__aeabi_cdrcmple)
                  2000b490    00000084     simplelink.a : cc_pal.obj (.text:NwpPowerOnPreamble)
                  2000b514    00000082     driverlib.a : gpio.obj (.text:GPIOIntTypeSet)
                  2000b596    00000002     --HOLE-- [fill = 0]
                  2000b598    00000080     simplelink.a : driver.obj (.text:_SlDrvCmdOp)
                  2000b618    00000080                  : cc_pal.obj (.text:spi_Read_CPU)
                  2000b698    00000080                  : cc_pal.obj (.text:spi_Write_CPU)
                  2000b718    0000007c                  : device.obj (.text:_sl_HandleAsync_InitComplete)
                  2000b794    0000007a     rtsv7M4_T_le_eabi.lib : fs_mul_t2.obj (.text)
                  2000b80e    0000007a                           : memset_t2.obj (.text)
                  2000b888    00000078     simplelink.a : socket.obj (.text:_sl_HandleAsync_Connect)
                  2000b900    00000078                  : cc_pal.obj (.text:spi_Close)
                  2000b978    00000070     driverlib.a : timer.obj (.text:TimerIntRegister)
                  2000b9e8    00000070     simplelink.a : nonos.obj (.text:_SlNonOsMainLoopTask)
                  2000ba58    00000070     rtsv7M4_T_le_eabi.lib : printf.obj (.text)
                  2000bac8    0000006c     simplelink.a : driver.obj (.text:_SlDrvCmdSend)
                  2000bb34    0000006c     rtsv7M4_T_le_eabi.lib : autoinit.obj (.text)
                  2000bba0    0000006a                           : copy_decompress_rle.obj (.text)
                  2000bc0a    00000002     --HOLE-- [fill = 0]
                  2000bc0c    00000068     simplelink.a : netapp.obj (.text:_sl_NetAppSendTokenValue)
                  2000bc74    00000068     rtsv7M4_T_le_eabi.lib : trgmsg.obj (.text)
                  2000bcdc    00000068     simplelink.a : netcfg.obj (.text:sl_NetCfgSet)
                  2000bd44    00000068                  : wlan.obj (.text:sl_WlanSet)
                  2000bdac    00000066     rtsv7M4_T_le_eabi.lib : xdunscal.obj (.text)
                  2000be12    00000002     --HOLE-- [fill = 0]
                  2000be14    00000064                           : fseek.obj (.text)
                  2000be78    00000064     driverlib.a : udma.obj (.text:uDMAChannelAttributeDisable)
                  2000bedc    00000064                 : udma.obj (.text:uDMAChannelAttributeEnable)
                  2000bf40    00000060     rtsv7M4_T_le_eabi.lib : fs_cmp_t2.obj (.text:__aeabi_cfrcmple)
                  2000bfa0    00000060     simplelink.a : socket.obj (.text:_sl_HandleAsync_Accept)
                  2000c000    00000060     rtsv7M4_T_le_eabi.lib : sprintf.obj (.text)
                  2000c060    00000060     simplelink.a : wlan.obj (.text:sl_WlanPolicySet)
                  2000c0c0    0000005c                  : nonos.obj (.text:_SlNonOsSemGet)
                  2000c11c    0000005c                  : nonos.obj (.text:_SlNonOsSpawn)
                  2000c178    0000005c                  : socket.obj (.text:sl_Socket)
                  2000c1d4    00000058     driverlib.a : interrupt.obj (.text:IntPendClear)
                  2000c22c    00000058                 : prcm.obj (.text:PRCMPeripheralReset)
                  2000c284    00000056     rtsv7M4_T_le_eabi.lib : ltoa.obj (.text)
                  2000c2da    00000002     --HOLE-- [fill = 0]
                  2000c2dc    00000054     driverlib.a : interrupt.obj (.text:IntPrioritySet)
                  2000c330    00000054     simplelink.a : socket.obj (.text:_sl_HandleAsync_Select)
                  2000c384    00000054                  : wlan.obj (.text:sl_WlanRxFilterSet)
                  2000c3d8    00000050                  : device.obj (.text:_sl_HandleAsync_Stop)
                  2000c428    0000004c     driverlib.a : spi.obj (.text:SPIIntEnable)
                  2000c474    0000004c                 : spi.obj (.text:SPIIntNumberGet)
                  2000c4c0    0000004c     simplelink.a : driver.obj (.text:_SlDrvProtectAsyncRespSetting)
                  2000c50c    0000004c                  : driver.obj (.text:_SlDrvRxIrqHandler)
                  2000c558    0000004c                  : socket.obj (.text:_sl_BuildAddress)
                  2000c5a4    0000004c     rtsv7M4_T_le_eabi.lib : atoi.obj (.text)
                  2000c5f0    0000004c                           : cpy_tbl.obj (.text)
                  2000c63c    0000004c     driverlib.a : udma.obj (.text:uDMAChannelAssign)
                  2000c688    00000048                 : gpio.obj (.text:GPIOGetIntNumber)
                  2000c6d0    00000048                 : spi.obj (.text:SPIIntClear)
                  2000c718    00000048     simplelink.a : driver.obj (.text:_SlDrvBasicCmd)
                  2000c760    00000048     rtsv7M4_T_le_eabi.lib : fd_toi_t2.obj (.text)
                  2000c7a8    00000046                           : ldexp.obj (.text)
                  2000c7ee    00000002     --HOLE-- [fill = 0]
                  2000c7f0    00000044     driverlib.a : spi.obj (.text:SPIDmaMaskGet)
                  2000c834    00000044                 : timer.obj (.text:TimerConfigure)
                  2000c878    00000044     simplelink.a : cc_pal.obj (.text:cc_SetupTransfer)
                  2000c8bc    00000044     rtsv7M4_T_le_eabi.lib : exit.obj (.text)
                  2000c900    00000042     simplelink.a : socket.obj (.text:sl_Htonl)
                  2000c942    00000002     --HOLE-- [fill = 0]
                  2000c944    00000040     driverlib.a : pin.obj (.text:PinModeSet)
                  2000c984    00000040     rtsv7M4_T_le_eabi.lib : signal.obj (.text)
                  2000c9c4    00000040                           : strtok.obj (.text)
                  2000ca04    0000003e     simplelink.a : cc_pal.obj (.text:NwpRegisterInterruptHandler)
                  2000ca42    0000003c                  : netapp.obj (.text:CopyPingResultsToReport)
                  2000ca7e    00000002     --HOLE-- [fill = 0]
                  2000ca80    0000003c     driverlib.a : prcm.obj (.text:PRCMPeripheralClkEnable)
                  2000cabc    0000003c     simplelink.a : socket.obj (.text:_sl_TruncatePayloadByProtocol)
                  2000caf8    0000003c     rtsv7M4_T_le_eabi.lib : boot.obj (.text)
                  2000cb34    0000003c     simplelink.a : socket.obj (.text:sl_Htons)
                  2000cb70    0000003c     driverlib.a : udma.obj (.text:uDMAChannelControlSet)
                  2000cbac    00000038                 : adc.obj (.text:ADCChannelEnable)
                  2000cbe4    00000038     simplelink.a : cc_pal.obj (.text:NwpPowerOff)
                  2000cc1c    00000036     driverlib.a : gpio.obj (.text:GPIODirModeSet)
                  2000cc52    00000036                 : timer.obj (.text:TimerControlLevel)
                  2000cc88    00000036     simplelink.a : netapp.obj (.text:sl_NetAppMDNSUnRegisterService)
                  2000ccbe    00000002     --HOLE-- [fill = 0]
                  2000ccc0    00000034     driverlib.a : prcm.obj (.text:PRCMPeripheralStatusGet)
                  2000ccf4    00000034                 : spi.obj (.text:SPIFIFOLevelSet)
                  2000cd28    00000034     rtsv7M4_T_le_eabi.lib : feraiseexcept.obj (.text)
                  2000cd5c    00000030     driverlib.a : pin.obj (.text:PinTypeGPIO)
                  2000cd8c    00000030                 : timer.obj (.text:TimerControlEvent)
                  2000cdbc    00000030     simplelink.a : device.obj (.text:_SlDrvDeviceEventHandler)
                  2000cdec    00000030     rtsv7M4_T_le_eabi.lib : strncpy.obj (.text)
                  2000ce1c    00000030                           : xferaise.obj (.text)
                  2000ce4c    00000030     simplelink.a : socket.obj (.text:sl_Close)
                  2000ce7c    00000030                  : wlan.obj (.text:sl_WlanProfileDel)
                  2000ceac    00000030                  : wlan.obj (.text:sl_WlanSetMode)
                  2000cedc    0000002e     rtsv7M4_T_le_eabi.lib : i_tofd_t2.obj (.text)
                  2000cf0a    0000002e                           : raise.obj (.text)
                  2000cf38    0000002c     simplelink.a : cc_pal.obj (.text:NwpPowerOn)
                  2000cf64    0000002c     driverlib.a : prcm.obj (.text:PRCMSysResetCauseGet)
                  2000cf90    0000002a                 : timer.obj (.text:TimerLoadSet)
                  2000cfba    0000002a                 : timer.obj (.text:TimerMatchSet)
                  2000cfe4    0000002a                 : timer.obj (.text:TimerPrescaleSet)
                  2000d00e    0000002a     rtsv7M4_T_le_eabi.lib : strspn.obj (.text)
                  2000d038    0000002a                           : xdclass.obj (.text)
                  2000d062    00000002     --HOLE-- [fill = 0]
                  2000d064    00000028     driverlib.a : prcm.obj (.text:PRCMPeripheralClkDisable)
                  2000d08c    00000024     simplelink.a : cc_pal.obj (.text:DmaSpiSwIntHandler)
                  2000d0b0    00000024     driverlib.a : interrupt.obj (.text:IntUnregister)
                  2000d0d4    00000024     simplelink.a : driver.obj (.text:_SlDrvProtectionObjLockWaitForever)
                  2000d0f8    00000024     rtsv7M4_T_le_eabi.lib : strcspn.obj (.text)
                  2000d11c    00000024                           : u_tofs_t2.obj (.text)
                  2000d140    00000022     driverlib.a : gpio.obj (.text:GPIOIntStatus)
                  2000d162    00000022                 : spi.obj (.text:SPIReset)
                  2000d184    00000022                 : spi.obj (.text:SPIWordCountSet)
                  2000d1a6    00000022     rtsv7M4_T_le_eabi.lib : frexp.obj (.text)
                  2000d1c8    00000020     driverlib.a : gpio.obj (.text:GPIOPinWrite)
                  2000d1e8    00000020                 : interrupt.obj (.text:IntRegister)
                  2000d208    00000020     simplelink.a : driver.obj (.text:_SlDrvProtectionObjUnLock)
                  2000d228    00000020     rtsv7M4_T_le_eabi.lib : memchr.obj (.text)
                  2000d248    0000001e     driverlib.a : gpio.obj (.text:GPIOIntRegister)
                  2000d266    0000001e                 : timer.obj (.text:TimerDisable)
                  2000d284    0000001e                 : timer.obj (.text:TimerEnable)
                  2000d2a2    0000001e     simplelink.a : driver.obj (.text:_SlDrvObjLockWaitForever)
                  2000d2c0    0000001e                  : driver.obj (.text:_SlDrvSyncObjWaitForever)
                  2000d2de    0000001e                  : cc_pal.obj (.text:cc_UDMAChannelSelect)
                  2000d2fc    0000001e     rtsv7M4_T_le_eabi.lib : strcat.obj (.text)
                  2000d31a    0000001c     driverlib.a : adc.obj (.text:ADCFIFOLvlGet)
                  2000d336    0000001c     rtsv7M4_T_le_eabi.lib : memccpy.obj (.text)
                  2000d352    00000002     --HOLE-- [fill = 0]
                  2000d354    0000001c     driverlib.a : udma.obj (.text:uDMAChannelEnable)
                  2000d370    0000001a                 : gpio.obj (.text:GPIOIntDisable)
                  2000d38a    0000001a                 : gpio.obj (.text:GPIOIntEnable)
                  2000d3a4    0000001a                 : spi.obj (.text:SPIDmaDisable)
                  2000d3be    0000001a                 : spi.obj (.text:SPIDmaEnable)
                  2000d3d8    0000001a                 : spi.obj (.text:SPIFIFODisable)
                  2000d3f2    0000001a                 : spi.obj (.text:SPIFIFOEnable)
                  2000d40c    0000001a                 : spi.obj (.text:SPIIntUnregister)
                  2000d426    0000001a     simplelink.a : driver.obj (.text:_SlDrvObjUnLock)
                  2000d440    0000001a                  : driver.obj (.text:_SlDrvSyncObjSignal)
                  2000d45a    00000018     driverlib.a : adc.obj (.text:ADCFIFORead)
                  2000d472    00000018                 : gpio.obj (.text:GPIOPinRead)
                  2000d48a    00000018                 : spi.obj (.text:SPICSDisable)
                  2000d4a2    00000018                 : spi.obj (.text:SPICSEnable)
                  2000d4ba    00000018                 : spi.obj (.text:SPIDisable)
                  2000d4d2    00000018                 : spi.obj (.text:SPIEnable)
                  2000d4ea    00000018                 : timer.obj (.text:TimerIntDisable)
                  2000d502    00000018                 : timer.obj (.text:TimerIntEnable)
                  2000d51a    00000018     simplelink.a : nonos.obj (.text:_SlNonOsSemSet)
                  2000d532    00000002     --HOLE-- [fill = 0]
                  2000d534    00000018                  : device.obj (.text:_sl_GetStartResponseConvert)
                  2000d54c    00000018     rtsv7M4_T_le_eabi.lib : args_main.obj (.text)
                  2000d564    00000018                           : strcmp.obj (.text)
                  2000d57c    00000016     driverlib.a : prcm.obj (.text:PRCMHIBRegRead)
                  2000d592    00000016                 : prcm.obj (.text:PRCMHIBRegWrite)
                  2000d5a8    00000016     simplelink.a : driver.obj (.text:_SlDrvMemZero)
                  2000d5be    00000016     rtsv7M4_T_le_eabi.lib : strchr.obj (.text)
                  2000d5d4    00000014     driverlib.a : adc.obj (.text:ADCDisable)
                  2000d5e8    00000014                 : adc.obj (.text:ADCEnable)
                  2000d5fc    00000014                 : cpu.obj (.text:CPUcpsie)
                  2000d610    00000014                 : gpio.obj (.text:GPIOIntClear)
                  2000d624    00000014                 : interrupt.obj (.text:IntVTableBaseSet)
                  2000d638    00000014                 : pin.obj (.text:PinTypeADC)
                  2000d64c    00000014     rtsv7M4_T_le_eabi.lib : _lock.obj (.text)
                  2000d660    00000014                           : strcpy.obj (.text)
                  2000d674    00000014                           : strlen.obj (.text)
                  2000d688    00000012     driverlib.a : timer.obj (.text:TimerIntClear)
                  2000d69a    0000000e     simplelink.a : driver.obj (.text:_SlDrvResetCmdExt)
                  2000d6a8    0000000e     rtsv7M4_T_le_eabi.lib : copy_decompress_none.obj (.text:decompress:none)
                  2000d6b6    0000000e     startup_ccs.obj (.text)
                  2000d6c4    0000000c     simplelink.a : cc_pal.obj (.text:NwpMaskInterrupt)
                  2000d6d0    0000000c                  : cc_pal.obj (.text:NwpUnMaskInterrupt)
                  2000d6dc    0000000c     rtsv7M4_T_le_eabi.lib : copy_zero_init.obj (.text:decompress:ZI)
                  2000d6e8    0000000c     simplelink.a : wlan.obj (.text:sl_WlanDisconnect)
                  2000d6f4    0000000c                  : wlan.obj (.text:sl_WlanSmartConfigStop)
                  2000d700    0000000a     driverlib.a : interrupt.obj (.text:IntMasterEnable)
                  2000d70a    00000006                 : utils.obj (.text:UtilsDelay)
                  2000d710    00000006     rtsv7M4_T_le_eabi.lib : copy_decompress_rle.obj (.text:decompress:rle24)
                  2000d716    00000004                           : pre_init.obj (.text)

.const     0    2000d71c    000006e8     
                  2000d71c    00000101     rtsv7M4_T_le_eabi.lib : ctype.obj (.const:.string:_ctypes_)
                  2000d81d    00000003     --HOLE-- [fill = 0]
                  2000d820    00000100     driverlib.a : pin.obj (.const:g_ulPinToPadMap)
                  2000d920    000000d4                 : interrupt.obj (.const:g_pulRegs)
                  2000d9f4    000000b0     simplelink.a : wlan.obj (.const:$P$T0$1)
                  2000daa4    000000a8     driverlib.a : prcm.obj (.const:PRCM_PeriphRegsList)
                  2000db4c    00000080                 : interrupt.obj (.const)
                  2000dbcc    00000045     main.obj (.const:.string)
                  2000dc11    00000001     --HOLE-- [fill = 0]
                  2000dc12    0000003c     simplelink.a : driver.obj (.const:OpcodeTranslateTable)
                  2000dc4e    0000003c                  : wlan.obj (.const)
                  2000dc8a    00000002     --HOLE-- [fill = 0]
                  2000dc8c    00000038                  : driver.obj (.const:_SlActionLookupTable)
                  2000dcc4    00000034                  : driver.obj (.const)
                  2000dcf8    00000034                  : socket.obj (.const)
                  2000dd2c    0000002c     main.obj (.const:$P$T0$1)
                  2000dd58    00000028     simplelink.a : netapp.obj (.const)
                  2000dd80    00000024     driverlib.a : spi.obj (.const:g_ppulSPIIntMap)
                  2000dda4    00000018                 : spi.obj (.const)
                  2000ddbc    00000014     main.obj (.const)
                  2000ddd0    00000014     simplelink.a : device.obj (.const)
                  2000dde4    00000010                  : socket.obj (.const:.string)
                  2000ddf4    00000008                  : device.obj (.const:.string)
                  2000ddfc    00000008                  : netcfg.obj (.const)

.cinit     0    2000de08    000000f8     
                  2000de08    000000d4     (.cinit..data.load) [load image, compression = rle]
                  2000dedc    0000000c     (__TI_handler_table)
                  2000dee8    00000008     (.cinit..bss.load) [load image, compression = zero_init]
                  2000def0    00000010     (__TI_cinit_table)

.bss       0    20017000    0000afa1     UNINITIALIZED
                  20017000    0000a640     main.obj (.bss:array)
                  20021640    00000578     main.obj (.bss:g_cBsdBuf)
                  20021bb8    00000168     simplelink.a : driver.obj (.bss:g_StatMem)
                  20021d20    00000120     rtsv7M4_T_le_eabi.lib : trgmsg.obj (.bss:__CIOBUF_)
                  20021e40    000000a0                           : defs.obj (.bss:__TI_tmpnams)
                  20021ee0    00000050     simplelink.a : cc_pal.obj (.bss:g_ucDinDout)
                  20021f30    00000028                  : nonos.obj (.bss:g__SlNonOsCB)
                  20021f58    00000024     main.obj (.bss:g_ucConnectionSSID)
                  20021f7c    00000008     (.common:g_ucConnectionBSSID)
                  20021f84    00000008     (.common:parmbuf)
                  20021f8c    00000004     (.common:ADC_ch)
                  20021f90    00000004     (.common:ADC_pin)
                  20021f94    00000004     (.common:g_S2InterruptHdl)
                  20021f98    00000004     (.common:g_S3InterruptHdl)
                  20021f9c    00000001     (.common:RxIrqCnt)
                  20021f9d    00000001     (.common:g_cDummy)
                  20021f9e    00000001     (.common:g_ucLED1Pin)
                  20021f9f    00000001     (.common:g_ucLED2Pin)
                  20021fa0    00000001     (.common:g_ucLED3Pin)

.TI.noinit 
*          0    20017000    00000000     UNINITIALIZED

.sysmem    0    20021fa8    00000800     UNINITIALIZED
                  20021fa8    00000008     rtsv7M4_T_le_eabi.lib : memory.obj (.sysmem)
                  20021fb0    000007f8     --HOLE--

.data      0    200227a8    000003b0     UNINITIALIZED
                  200227a8    000000f0     rtsv7M4_T_le_eabi.lib : defs.obj (.data:_ftable)
                  20022898    000000d0                           : lowlev.obj (.data)
                  20022968    000000b0                           : signal.obj (.data:sigtable)
                  20022a18    00000080                           : xvalues.obj (.data)
                  20022a98    00000044     main.obj (.data)
                  20022adc    00000020     gpio_if.obj (.data)
                  20022afc    00000010     rtsv7M4_T_le_eabi.lib : defs.obj (.data)
                  20022b0c    0000000c                           : memory.obj (.data)
                  20022b18    00000009     simplelink.a : cc_pal.obj (.data)
                  20022b21    00000003     --HOLE--
                  20022b24    00000009                  : driver.obj (.data)
                  20022b2d    00000003     --HOLE--
                  20022b30    00000008     rtsv7M4_T_le_eabi.lib : _lock.obj (.data)
                  20022b38    00000008                           : exit.obj (.data)
                  20022b40    00000008                           : feraiseexcept.obj (.data)
                  20022b48    00000004                           : errno.obj (.data)
                  20022b4c    00000004                           : fopen.obj (.data)
                  20022b50    00000004                           : stkdepth_vars.obj (.data)
                  20022b54    00000004                           : strtok.obj (.data)

.TI.persistent 
*          0    200227a8    00000000     UNINITIALIZED

.stack     0    2002f800    00000800     UNINITIALIZED
                  2002f800    00000800     --HOLE--


LINKER GENERATED COPY TABLES

__TI_cinit_table @ 2000def0 records: 2, size/record: 8, table size: 16
	.data: load addr=2000de08, load size=000000d4 bytes, run addr=200227a8, run size=000003b0 bytes, compression=rle
	.bss: load addr=2000dee8, load size=00000008 bytes, run addr=20017000, run size=0000afa1 bytes, compression=zero_init


LINKER GENERATED HANDLER TABLE

__TI_handler_table @ 2000dedc records: 3, size/record: 4, table size: 12
	index: 0, handler: __TI_decompress_rle24
	index: 1, handler: __TI_decompress_none
	index: 2, handler: __TI_zero_init


GLOBAL SYMBOLS: SORTED ALPHABETICALLY BY Name 

address   name                                  
-------   ----                                  
2000cbad  ADCChannelEnable                      
2000d5d5  ADCDisable                            
2000d5e9  ADCEnable                             
2000d31b  ADCFIFOLvlGet                         
2000d45b  ADCFIFORead                           
20021f8c  ADC_ch                                
20021f90  ADC_pin                               
20008e49  Button_IF_DisableInterrupt            
20008df9  Button_IF_EnableInterrupt             
20008d89  Button_IF_Init                        
2000c8bd  C$$EXIT                               
2000bca3  C$$IO$$                               
2000d5fd  CPUcpsie                              
20005349  Configureadc                          
2000ca43  CopyPingResultsToReport               
2000d08d  DmaSpiSwIntHandler                    
2000cc1d  GPIODirModeSet                        
2000d611  GPIOIntClear                          
2000d371  GPIOIntDisable                        
2000d38b  GPIOIntEnable                         
2000d249  GPIOIntRegister                       
2000d141  GPIOIntStatus                         
2000b515  GPIOIntTypeSet                        
2000d473  GPIOPinRead                           
2000d1c9  GPIOPinWrite                          
2000746d  GPIO_IF_ConfigureNIntEnable           
200074f9  GPIO_IF_Get                           
20007427  GPIO_IF_GetPortNPin                   
200071e9  GPIO_IF_LedConfigure                  
200072db  GPIO_IF_LedOff                        
20007227  GPIO_IF_LedOn                         
2000738f  GPIO_IF_LedStatus                     
200073f9  GPIO_IF_LedToggle                     
200074b5  GPIO_IF_Set                           
20008d69  GPIOs2IntHandler                      
20008d49  GPIOs3IntHandler                      
20007ae1  HOSTclock                             
20007aa9  HOSTclose                             
20007a6b  HOSTgetenv                            
20007a0f  HOSTlseek                             
200079bd  HOSTopen                              
20007971  HOSTread                              
20007913  HOSTrename                            
200078d9  HOSTtime                              
200078a1  HOSTunlink                            
20007855  HOSTwrite                             
2000a905  IntDisable                            
2000a9ad  IntEnable                             
2000d701  IntMasterEnable                       
2000c1d5  IntPendClear                          
2000c2dd  IntPrioritySet                        
2000d1e9  IntRegister                           
2000d0b1  IntUnregister                         
2000d625  IntVTableBaseSet                      
20004c63  IpAddressParser                       
2000d6c5  NwpMaskInterrupt                      
2000cbe5  NwpPowerOff                           
2000cf39  NwpPowerOn                            
2000b491  NwpPowerOnPreamble                    
2000ca05  NwpRegisterInterruptHandler           
2000d6d1  NwpUnMaskInterrupt                    
2000dc12  OpcodeTranslateTable                  
20009121  PRCMCC3200MCUInit                     
2000d57d  PRCMHIBRegRead                        
2000d593  PRCMHIBRegWrite                       
2000d065  PRCMPeripheralClkDisable              
2000ca81  PRCMPeripheralClkEnable               
2000ae91  PRCMPeripheralClockGet                
2000c22d  PRCMPeripheralReset                   
2000ccc1  PRCMPeripheralStatusGet               
2000cf65  PRCMSysResetCauseGet                  
2000b275  PinConfigSet                          
2000c945  PinModeSet                            
2000af25  PinMuxConfig                          
2000d639  PinTypeADC                            
2000cd5d  PinTypeGPIO                           
2000d6b7  ResetISR                              
20021f9c  RxIrqCnt                              
2000dcd4  RxMsgClassLUT                         
UNDEFED   SHT$$INIT_ARRAY$$Base                 
UNDEFED   SHT$$INIT_ARRAY$$Limit                
2000d48b  SPICSDisable                          
2000d4a3  SPICSEnable                           
2000aa55  SPIConfigSetExpClk                    
2000d4bb  SPIDisable                            
2000d3a5  SPIDmaDisable                         
2000d3bf  SPIDmaEnable                          
2000d4d3  SPIEnable                             
2000d3d9  SPIFIFODisable                        
2000d3f3  SPIFIFOEnable                         
2000ccf5  SPIFIFOLevelSet                       
2000c6d1  SPIIntClear                           
2000c429  SPIIntEnable                          
2000d40d  SPIIntUnregister                      
2000d163  SPIReset                              
2000d185  SPIWordCountSet                       
20022abc  SW2Flag                               
20004e2f  SW2InterruptHandler                   
20004e47  SW3InterruptHandler                   
20004eab  SetupUltrasoundTxTimerPWMMode         
20004639  SimpleLinkGeneralEventHandler         
20004625  SimpleLinkHttpServerCallback          
20004571  SimpleLinkNetAppEventHandler          
20004659  SimpleLinkSockEventHandler            
2000444d  SimpleLinkWlanEventHandler            
20004b0f  SmartConfigConnect                    
2000ddf4  StartResponseLUT                      
20022ab0  TIMER_INTERVAL_RELOAD                 
2000c835  TimerConfigure                        
2000cd8d  TimerControlEvent                     
2000cc53  TimerControlLevel                     
2000d267  TimerDisable                          
2000d285  TimerEnable                           
2000d689  TimerIntClear                         
2000d4eb  TimerIntDisable                       
2000d503  TimerIntEnable                        
2000b979  TimerIntRegister                      
2000cf91  TimerLoadSet                          
2000cfbb  TimerMatchSet                         
2000cfe5  TimerPrescaleSet                      
2000d70b  UtilsDelay                            
20004be1  WpsConnectPushButton                  
2000d039  _Dclass                               
20022a18  _Denorm                               
2000a571  _Dnorm                                
200096e1  _Dscale                               
2000bdad  _Dunscale                             
20022a28  _Eps                                  
20022b48  _Errno                                
20022b40  _Fenv                                 
2000ce1d  _Feraise                              
20022a38  _Hugeval                              
20022a48  _Inf                                  
20022a58  _Nan                                  
20022a78  _Rteps                                
2000dd0c  _SlAcceptCmdCtrl                      
2000dc8c  _SlActionLookupTable                  
2000a6ed  _SlAsyncEventGenericHandler           
2000dddc  _SlDeviceGetCmdCtrl                   
2000dde0  _SlDeviceSetCmdCtrl                   
2000c719  _SlDrvBasicCmd                        
2000a0b5  _SlDrvClassifyRxMsg                   
2000b599  _SlDrvCmdOp                           
2000bac9  _SlDrvCmdSend                         
20009389  _SlDrvDataReadOp                      
200098fd  _SlDrvDataWriteOp                     
2000cdbd  _SlDrvDeviceEventHandler              
20009a05  _SlDrvDriverCBDeinit                  
20008a51  _SlDrvDriverCBInit                    
2000d5a9  _SlDrvMemZero                         
200067e5  _SlDrvMsgRead                         
2000a3f1  _SlDrvMsgReadCmdCtx                   
2000aaf5  _SlDrvMsgReadSpawnCtx                 
20008379  _SlDrvMsgWrite                        
20009b05  _SlDrvNetAppEventHandler              
2000d2a3  _SlDrvObjLockWaitForever              
2000d427  _SlDrvObjUnLock                       
2000c4c1  _SlDrvProtectAsyncRespSetting         
2000d0d5  _SlDrvProtectionObjLockWaitForever    
2000d209  _SlDrvProtectionObjUnLock             
200081a9  _SlDrvReleasePoolObj                  
2000d69b  _SlDrvResetCmdExt                     
20007b29  _SlDrvRxHdrRead                       
2000c50d  _SlDrvRxIrqHandler                    
2000d441  _SlDrvSyncObjSignal                   
2000d2c1  _SlDrvSyncObjWaitForever              
200088c1  _SlDrvWaitForPoolObj                  
2000ddd8  _SlEventMaskGetCmdCtrl                
2000ddd4  _SlEventMaskSetCmdCtrl                
20008bd9  _SlFindAndSetActiveObj                
2000dd6c  _SlGetHostByNameCtrl                  
2000dd68  _SlGetHostByServiceCtrl               
2000dd60  _SlGetServiceListeCtrl                
2000dd18  _SlGetSockOptCmdCtrl                  
2000dd08  _SlListenCmdCtrl                      
2000dd78  _SlNetAppGetCmdCtrl                   
2000dd74  _SlNetAppSendTokenValueCmdCtrl        
2000dd70  _SlNetAppSetCmdCtrl                   
2000dd58  _SlNetAppStartCtrl                    
2000dd5c  _SlNetAppStopCtrl                     
2000de00  _SlNetCfgGetCmdCtrl                   
2000ddfc  _SlNetCfgSetCmdCtrl                   
2000b9e9  _SlNonOsMainLoopTask                  
2000c0c1  _SlNonOsSemGet                        
2000d51b  _SlNonOsSemSet                        
2000c11d  _SlNonOsSpawn                         
2000dde4  _SlPayloadByProtocolLUT               
2000dc52  _SlPolicyGetCmdCtrl                   
2000dc4e  _SlPolicySetCmdCtrl                   
2000dc5a  _SlProfileDelCmdCtrl                  
2000dc56  _SlProfileGetCmdCtrl                  
2000dd10  _SlRecvCmdCtrl                        
2000dd00  _SlRecvfomCmdCtrl                     
2000dd64  _SlRegisterServiceCtrl                
2000a4b1  _SlRemoveFromList                     
2000dc62  _SlRxFilterAddtCmdCtrl                
2000dc6a  _SlRxFilterGetCmdCtrl                 
2000dc66  _SlRxFilterSetCmdCtrl                 
2000dd1c  _SlSelectCmdCtrl                      
2000dd04  _SlSendCmdCtrl                        
2000dd14  _SlSetSockOptCmdCtrl                  
2000dc6e  _SlSmartConfigStartCmdCtrl            
2000dcfc  _SlSockCloseCmdCtrl                   
2000dcf8  _SlSockSocketCmdCtrl                  
2000ddd0  _SlStopCmdCtrl                        
2000dc7a  _SlWlanCfgGetCmdCtrl                  
2000dc76  _SlWlanCfgSetCmdCtrl                  
2000dc5e  _SlWlanGetNetworkListCtrl             
2000dc72  _SlWlanSetModeCmdCtrl                 
20022a68  _Snan                                 
20022b44  _Tls_setup__Fenv                      
20022a88  _Xbig                                 
20022a90  _Zero                                 
20021d20  __CIOBUF_                             
20030000  __STACK_END                           
00000800  __STACK_SIZE                          
00000800  __SYSMEM_SIZE                         
2000def0  __TI_CINIT_Base                       
2000df00  __TI_CINIT_Limit                      
2000dedc  __TI_Handler_Table_Base               
2000dee8  __TI_Handler_Table_Limit              
2000bb35  __TI_auto_init                        
2000860d  __TI_cleanup                          
20022b38  __TI_cleanup_ptr                      
2000acc9  __TI_closefile                        
2000d6a9  __TI_decompress_none                  
2000d711  __TI_decompress_rle24                 
2000a329  __TI_doflush                          
20022b3c  __TI_dtors_ptr                        
20022afc  __TI_ft_end                           
200064dd  __TI_printfi                          
2000a8bb  __TI_rd_ok                            
2000bca7  __TI_readmsg                          
2000de08  __TI_static_base__                    
20021e40  __TI_tmpnams                          
2000bc75  __TI_writemsg                         
2000a859  __TI_wrt_ok                           
2000d6dd  __TI_zero_init                        
2000b385  __aeabi_cdcmpeq                       
2000b385  __aeabi_cdcmple                       
2000b40b  __aeabi_cdrcmple                      
2000bf41  __aeabi_cfrcmple                      
2000c761  __aeabi_d2iz                          
20008713  __aeabi_dadd                          
20008fe9  __aeabi_ddiv                          
20009c03  __aeabi_dmul                          
20008709  __aeabi_dsub                          
20009d03  __aeabi_fadd                          
2000b795  __aeabi_fmul                          
20009cff  __aeabi_fsub                          
2000cedd  __aeabi_i2d                           
2000b80f  __aeabi_memclr                        
2000b80f  __aeabi_memclr4                       
2000b80f  __aeabi_memclr8                       
2000ab91  __aeabi_memcpy                        
2000ab91  __aeabi_memcpy4                       
2000ab91  __aeabi_memcpy8                       
2000b811  __aeabi_memset                        
2000b811  __aeabi_memset4                       
2000b811  __aeabi_memset8                       
20022b08  __aeabi_stderr                        
20022b00  __aeabi_stdin                         
20022b04  __aeabi_stdout                        
2000d11d  __aeabi_ui2f                          
20007fb5  __aeabi_uldivmod                      
ffffffff  __binit__                             
ffffffff  __c_args__                            
2002f800  __stack                               
2000d54d  _args_main                            
2000caf9  _c_int00                              
2000d71c  _ctypes_                              
200227a8  _ftable                               
20022b30  _lock                                 
2000d65b  _nop                                  
2000d653  _register_lock                        
2000d64d  _register_unlock                      
2000c559  _sl_BuildAddress                      
2000d535  _sl_GetStartResponseConvert           
2000bfa1  _sl_HandleAsync_Accept                
2000b889  _sl_HandleAsync_Connect               
2000b15d  _sl_HandleAsync_DnsGetHostByName      
2000a261  _sl_HandleAsync_DnsGetHostByService   
2000b719  _sl_HandleAsync_InitComplete          
2000b1e9  _sl_HandleAsync_PingResponse          
2000c331  _sl_HandleAsync_Select                
2000c3d9  _sl_HandleAsync_Stop                  
2000bc0d  _sl_NetAppSendTokenValue              
2000cabd  _sl_TruncatePayloadByProtocol         
20021fa8  _sys_memory                           
2000d717  _system_pre_init                      
20022b34  _unlock                               
2000c8c1  abort                                 
200077a9  add_device                            
20017000  array                                 
2000c5a5  atoi                                  
20022acc  average                               
ffffffff  binit                                 
20007179  calloc                                
20007759  close                                 
20004efd  configureUltrasoundTxTimer            
2000c5f1  copy_in                               
20022ad8  count                                 
20022ab8  countToggles                          
20022ad4  counter                               
20004f81  disableUltrasoundTimer                
20022ac8  entry                                 
2000c8c9  exit                                  
2000ad2f  fclose                                
2000cd29  feraiseexcept                         
2000a375  fflush                                
20022ad0  firstav                               
20008663  fopen                                 
2000ad61  fputc                                 
20009255  fputs                                 
20006ec7  free                                  
20008639  freopen                               
2000d1a7  frexp                                 
2000be15  fseek                                 
20022b2c  gFirstCmdMode                         
2000dccc  g_H2NCnysPattern                      
2000dcc4  g_H2NSyncPattern                      
20021f94  g_S2InterruptHdl                      
20021f98  g_S3InterruptHdl                      
20022b18  g_SpiFd                               
20021bb8  g_StatMem                             
20021f30  g__SlNonOsCB                          
20021640  g_cBsdBuf                             
20021f9d  g_cDummy                              
20022b24  g_pCB                                 
20022b1c  g_pHostIntHdl                         
20004000  g_pfnVectors                          
20021f7c  g_ucConnectionBSSID                   
20021f58  g_ucConnectionSSID                    
20022b20  g_ucDMAEnabled                        
20021ee0  g_ucDinDout                           
20021f9e  g_ucLED1Pin                           
20021f9f  g_ucLED2Pin                           
20021fa0  g_ucLED3Pin                           
20022af0  g_uiLED1Port                          
20022af4  g_uiLED2Port                          
20022af8  g_uiLED3Port                          
20022aa4  g_uiPortNum                           
20022aa0  g_ulDestinationIp                     
20022a9c  g_ulGatewayIP                         
20022aa8  g_ulIpAddr                            
20022a98  g_ulStatus                            
200054b1  generateUltrasoundFrequency           
2000c7a9  ldexp                                 
20007735  lseek                                 
2000c285  ltoa                                  
200055e1  main                                  
20022b50  main_func_sp                          
20006e5f  malloc                                
20007095  memalign                              
2000d337  memccpy                               
2000d229  memchr                                
2000ab91  memcpy                                
2000b817  memset                                
20006dd1  minit                                 
20022ab4  numberOfCycles                        
20007687  open                                  
20022b28  pPingCallBackFunc                     
200053ad  performAction                         
2000ba61  printf                                
2000ad61  putc                                  
2000ade5  putchar                               
20009361  puts                                  
2000cf0b  raise                                 
20007663  read                                  
20006f89  realloc                               
20004dc9  receiveData                           
200075d9  remove                                
2000763b  remove_device                         
200075fd  rename                                
20022ac0  room_id                               
20004d61  sendData                              
20005503  sendLocalIPAddress                    
20004ce3  setupWIFIReceiver                     
20009fd9  setvbuf                               
200055b5  showAndPerformError                   
2000c985  signal                                
2000b2fd  sl_Bind                               
2000ce4d  sl_Close                              
2000ac2d  sl_DevGet                             
2000c901  sl_Htonl                              
2000cb35  sl_Htons                              
2000a7a5  sl_NetAppMDNSRegisterUnregisterService
2000cc89  sl_NetAppMDNSUnRegisterService        
2000bcdd  sl_NetCfgSet                          
200097f1  sl_RecvFrom                           
200094b5  sl_SendTo                             
2000c179  sl_Socket                             
2000a631  sl_Start                              
2000a18d  sl_Stop                               
20007d71  sl_WlanConnect                        
2000d6e9  sl_WlanDisconnect                     
2000c061  sl_WlanPolicySet                      
2000ce7d  sl_WlanProfileDel                     
2000c385  sl_WlanRxFilterSet                    
2000bd45  sl_WlanSet                            
2000cead  sl_WlanSetMode                        
2000afb5  sl_WlanSmartConfigStart               
2000d6f5  sl_WlanSmartConfigStop                
20022aac  sockID                                
2000b901  spi_Close                             
20008ea5  spi_Open                              
20009df9  spi_Read                              
2000adf9  spi_Write                             
2000c001  sprintf                               
20022ac4  state                                 
2000d2fd  strcat                                
2000d5bf  strchr                                
2000d565  strcmp                                
2000d661  strcpy                                
2000d0f9  strcspn                               
2000d675  strlen                                
2000cded  strncpy                               
2000d00f  strspn                                
2000c9c5  strtok                                
200095cd  strtoul                               
2000c63d  uDMAChannelAssign                     
2000be79  uDMAChannelAttributeDisable           
2000bedd  uDMAChannelAttributeEnable            
2000cb71  uDMAChannelControlSet                 
2000d355  uDMAChannelEnable                     
20009ee9  uDMAChannelTransferSet                
200075d9  unlink                                
20007549  write                                 


GLOBAL SYMBOLS: SORTED BY Symbol Address 

address   name                                  
-------   ----                                  
00000800  __STACK_SIZE                          
00000800  __SYSMEM_SIZE                         
20004000  g_pfnVectors                          
2000444d  SimpleLinkWlanEventHandler            
20004571  SimpleLinkNetAppEventHandler          
20004625  SimpleLinkHttpServerCallback          
20004639  SimpleLinkGeneralEventHandler         
20004659  SimpleLinkSockEventHandler            
20004b0f  SmartConfigConnect                    
20004be1  WpsConnectPushButton                  
20004c63  IpAddressParser                       
20004ce3  setupWIFIReceiver                     
20004d61  sendData                              
20004dc9  receiveData                           
20004e2f  SW2InterruptHandler                   
20004e47  SW3InterruptHandler                   
20004eab  SetupUltrasoundTxTimerPWMMode         
20004efd  configureUltrasoundTxTimer            
20004f81  disableUltrasoundTimer                
20005349  Configureadc                          
200053ad  performAction                         
200054b1  generateUltrasoundFrequency           
20005503  sendLocalIPAddress                    
200055b5  showAndPerformError                   
200055e1  main                                  
200064dd  __TI_printfi                          
200067e5  _SlDrvMsgRead                         
20006dd1  minit                                 
20006e5f  malloc                                
20006ec7  free                                  
20006f89  realloc                               
20007095  memalign                              
20007179  calloc                                
200071e9  GPIO_IF_LedConfigure                  
20007227  GPIO_IF_LedOn                         
200072db  GPIO_IF_LedOff                        
2000738f  GPIO_IF_LedStatus                     
200073f9  GPIO_IF_LedToggle                     
20007427  GPIO_IF_GetPortNPin                   
2000746d  GPIO_IF_ConfigureNIntEnable           
200074b5  GPIO_IF_Set                           
200074f9  GPIO_IF_Get                           
20007549  write                                 
200075d9  remove                                
200075d9  unlink                                
200075fd  rename                                
2000763b  remove_device                         
20007663  read                                  
20007687  open                                  
20007735  lseek                                 
20007759  close                                 
200077a9  add_device                            
20007855  HOSTwrite                             
200078a1  HOSTunlink                            
200078d9  HOSTtime                              
20007913  HOSTrename                            
20007971  HOSTread                              
200079bd  HOSTopen                              
20007a0f  HOSTlseek                             
20007a6b  HOSTgetenv                            
20007aa9  HOSTclose                             
20007ae1  HOSTclock                             
20007b29  _SlDrvRxHdrRead                       
20007d71  sl_WlanConnect                        
20007fb5  __aeabi_uldivmod                      
200081a9  _SlDrvReleasePoolObj                  
20008379  _SlDrvMsgWrite                        
2000860d  __TI_cleanup                          
20008639  freopen                               
20008663  fopen                                 
20008709  __aeabi_dsub                          
20008713  __aeabi_dadd                          
200088c1  _SlDrvWaitForPoolObj                  
20008a51  _SlDrvDriverCBInit                    
20008bd9  _SlFindAndSetActiveObj                
20008d49  GPIOs3IntHandler                      
20008d69  GPIOs2IntHandler                      
20008d89  Button_IF_Init                        
20008df9  Button_IF_EnableInterrupt             
20008e49  Button_IF_DisableInterrupt            
20008ea5  spi_Open                              
20008fe9  __aeabi_ddiv                          
20009121  PRCMCC3200MCUInit                     
20009255  fputs                                 
20009361  puts                                  
20009389  _SlDrvDataReadOp                      
200094b5  sl_SendTo                             
200095cd  strtoul                               
200096e1  _Dscale                               
200097f1  sl_RecvFrom                           
200098fd  _SlDrvDataWriteOp                     
20009a05  _SlDrvDriverCBDeinit                  
20009b05  _SlDrvNetAppEventHandler              
20009c03  __aeabi_dmul                          
20009cff  __aeabi_fsub                          
20009d03  __aeabi_fadd                          
20009df9  spi_Read                              
20009ee9  uDMAChannelTransferSet                
20009fd9  setvbuf                               
2000a0b5  _SlDrvClassifyRxMsg                   
2000a18d  sl_Stop                               
2000a261  _sl_HandleAsync_DnsGetHostByService   
2000a329  __TI_doflush                          
2000a375  fflush                                
2000a3f1  _SlDrvMsgReadCmdCtx                   
2000a4b1  _SlRemoveFromList                     
2000a571  _Dnorm                                
2000a631  sl_Start                              
2000a6ed  _SlAsyncEventGenericHandler           
2000a7a5  sl_NetAppMDNSRegisterUnregisterService
2000a859  __TI_wrt_ok                           
2000a8bb  __TI_rd_ok                            
2000a905  IntDisable                            
2000a9ad  IntEnable                             
2000aa55  SPIConfigSetExpClk                    
2000aaf5  _SlDrvMsgReadSpawnCtx                 
2000ab91  __aeabi_memcpy                        
2000ab91  __aeabi_memcpy4                       
2000ab91  __aeabi_memcpy8                       
2000ab91  memcpy                                
2000ac2d  sl_DevGet                             
2000acc9  __TI_closefile                        
2000ad2f  fclose                                
2000ad61  fputc                                 
2000ad61  putc                                  
2000ade5  putchar                               
2000adf9  spi_Write                             
2000ae91  PRCMPeripheralClockGet                
2000af25  PinMuxConfig                          
2000afb5  sl_WlanSmartConfigStart               
2000b15d  _sl_HandleAsync_DnsGetHostByName      
2000b1e9  _sl_HandleAsync_PingResponse          
2000b275  PinConfigSet                          
2000b2fd  sl_Bind                               
2000b385  __aeabi_cdcmpeq                       
2000b385  __aeabi_cdcmple                       
2000b40b  __aeabi_cdrcmple                      
2000b491  NwpPowerOnPreamble                    
2000b515  GPIOIntTypeSet                        
2000b599  _SlDrvCmdOp                           
2000b719  _sl_HandleAsync_InitComplete          
2000b795  __aeabi_fmul                          
2000b80f  __aeabi_memclr                        
2000b80f  __aeabi_memclr4                       
2000b80f  __aeabi_memclr8                       
2000b811  __aeabi_memset                        
2000b811  __aeabi_memset4                       
2000b811  __aeabi_memset8                       
2000b817  memset                                
2000b889  _sl_HandleAsync_Connect               
2000b901  spi_Close                             
2000b979  TimerIntRegister                      
2000b9e9  _SlNonOsMainLoopTask                  
2000ba61  printf                                
2000bac9  _SlDrvCmdSend                         
2000bb35  __TI_auto_init                        
2000bc0d  _sl_NetAppSendTokenValue              
2000bc75  __TI_writemsg                         
2000bca3  C$$IO$$                               
2000bca7  __TI_readmsg                          
2000bcdd  sl_NetCfgSet                          
2000bd45  sl_WlanSet                            
2000bdad  _Dunscale                             
2000be15  fseek                                 
2000be79  uDMAChannelAttributeDisable           
2000bedd  uDMAChannelAttributeEnable            
2000bf41  __aeabi_cfrcmple                      
2000bfa1  _sl_HandleAsync_Accept                
2000c001  sprintf                               
2000c061  sl_WlanPolicySet                      
2000c0c1  _SlNonOsSemGet                        
2000c11d  _SlNonOsSpawn                         
2000c179  sl_Socket                             
2000c1d5  IntPendClear                          
2000c22d  PRCMPeripheralReset                   
2000c285  ltoa                                  
2000c2dd  IntPrioritySet                        
2000c331  _sl_HandleAsync_Select                
2000c385  sl_WlanRxFilterSet                    
2000c3d9  _sl_HandleAsync_Stop                  
2000c429  SPIIntEnable                          
2000c4c1  _SlDrvProtectAsyncRespSetting         
2000c50d  _SlDrvRxIrqHandler                    
2000c559  _sl_BuildAddress                      
2000c5a5  atoi                                  
2000c5f1  copy_in                               
2000c63d  uDMAChannelAssign                     
2000c6d1  SPIIntClear                           
2000c719  _SlDrvBasicCmd                        
2000c761  __aeabi_d2iz                          
2000c7a9  ldexp                                 
2000c835  TimerConfigure                        
2000c8bd  C$$EXIT                               
2000c8c1  abort                                 
2000c8c9  exit                                  
2000c901  sl_Htonl                              
2000c945  PinModeSet                            
2000c985  signal                                
2000c9c5  strtok                                
2000ca05  NwpRegisterInterruptHandler           
2000ca43  CopyPingResultsToReport               
2000ca81  PRCMPeripheralClkEnable               
2000cabd  _sl_TruncatePayloadByProtocol         
2000caf9  _c_int00                              
2000cb35  sl_Htons                              
2000cb71  uDMAChannelControlSet                 
2000cbad  ADCChannelEnable                      
2000cbe5  NwpPowerOff                           
2000cc1d  GPIODirModeSet                        
2000cc53  TimerControlLevel                     
2000cc89  sl_NetAppMDNSUnRegisterService        
2000ccc1  PRCMPeripheralStatusGet               
2000ccf5  SPIFIFOLevelSet                       
2000cd29  feraiseexcept                         
2000cd5d  PinTypeGPIO                           
2000cd8d  TimerControlEvent                     
2000cdbd  _SlDrvDeviceEventHandler              
2000cded  strncpy                               
2000ce1d  _Feraise                              
2000ce4d  sl_Close                              
2000ce7d  sl_WlanProfileDel                     
2000cead  sl_WlanSetMode                        
2000cedd  __aeabi_i2d                           
2000cf0b  raise                                 
2000cf39  NwpPowerOn                            
2000cf65  PRCMSysResetCauseGet                  
2000cf91  TimerLoadSet                          
2000cfbb  TimerMatchSet                         
2000cfe5  TimerPrescaleSet                      
2000d00f  strspn                                
2000d039  _Dclass                               
2000d065  PRCMPeripheralClkDisable              
2000d08d  DmaSpiSwIntHandler                    
2000d0b1  IntUnregister                         
2000d0d5  _SlDrvProtectionObjLockWaitForever    
2000d0f9  strcspn                               
2000d11d  __aeabi_ui2f                          
2000d141  GPIOIntStatus                         
2000d163  SPIReset                              
2000d185  SPIWordCountSet                       
2000d1a7  frexp                                 
2000d1c9  GPIOPinWrite                          
2000d1e9  IntRegister                           
2000d209  _SlDrvProtectionObjUnLock             
2000d229  memchr                                
2000d249  GPIOIntRegister                       
2000d267  TimerDisable                          
2000d285  TimerEnable                           
2000d2a3  _SlDrvObjLockWaitForever              
2000d2c1  _SlDrvSyncObjWaitForever              
2000d2fd  strcat                                
2000d31b  ADCFIFOLvlGet                         
2000d337  memccpy                               
2000d355  uDMAChannelEnable                     
2000d371  GPIOIntDisable                        
2000d38b  GPIOIntEnable                         
2000d3a5  SPIDmaDisable                         
2000d3bf  SPIDmaEnable                          
2000d3d9  SPIFIFODisable                        
2000d3f3  SPIFIFOEnable                         
2000d40d  SPIIntUnregister                      
2000d427  _SlDrvObjUnLock                       
2000d441  _SlDrvSyncObjSignal                   
2000d45b  ADCFIFORead                           
2000d473  GPIOPinRead                           
2000d48b  SPICSDisable                          
2000d4a3  SPICSEnable                           
2000d4bb  SPIDisable                            
2000d4d3  SPIEnable                             
2000d4eb  TimerIntDisable                       
2000d503  TimerIntEnable                        
2000d51b  _SlNonOsSemSet                        
2000d535  _sl_GetStartResponseConvert           
2000d54d  _args_main                            
2000d565  strcmp                                
2000d57d  PRCMHIBRegRead                        
2000d593  PRCMHIBRegWrite                       
2000d5a9  _SlDrvMemZero                         
2000d5bf  strchr                                
2000d5d5  ADCDisable                            
2000d5e9  ADCEnable                             
2000d5fd  CPUcpsie                              
2000d611  GPIOIntClear                          
2000d625  IntVTableBaseSet                      
2000d639  PinTypeADC                            
2000d64d  _register_unlock                      
2000d653  _register_lock                        
2000d65b  _nop                                  
2000d661  strcpy                                
2000d675  strlen                                
2000d689  TimerIntClear                         
2000d69b  _SlDrvResetCmdExt                     
2000d6a9  __TI_decompress_none                  
2000d6b7  ResetISR                              
2000d6c5  NwpMaskInterrupt                      
2000d6d1  NwpUnMaskInterrupt                    
2000d6dd  __TI_zero_init                        
2000d6e9  sl_WlanDisconnect                     
2000d6f5  sl_WlanSmartConfigStop                
2000d701  IntMasterEnable                       
2000d70b  UtilsDelay                            
2000d711  __TI_decompress_rle24                 
2000d717  _system_pre_init                      
2000d71c  _ctypes_                              
2000dc12  OpcodeTranslateTable                  
2000dc4e  _SlPolicySetCmdCtrl                   
2000dc52  _SlPolicyGetCmdCtrl                   
2000dc56  _SlProfileGetCmdCtrl                  
2000dc5a  _SlProfileDelCmdCtrl                  
2000dc5e  _SlWlanGetNetworkListCtrl             
2000dc62  _SlRxFilterAddtCmdCtrl                
2000dc66  _SlRxFilterSetCmdCtrl                 
2000dc6a  _SlRxFilterGetCmdCtrl                 
2000dc6e  _SlSmartConfigStartCmdCtrl            
2000dc72  _SlWlanSetModeCmdCtrl                 
2000dc76  _SlWlanCfgSetCmdCtrl                  
2000dc7a  _SlWlanCfgGetCmdCtrl                  
2000dc8c  _SlActionLookupTable                  
2000dcc4  g_H2NSyncPattern                      
2000dccc  g_H2NCnysPattern                      
2000dcd4  RxMsgClassLUT                         
2000dcf8  _SlSockSocketCmdCtrl                  
2000dcfc  _SlSockCloseCmdCtrl                   
2000dd00  _SlRecvfomCmdCtrl                     
2000dd04  _SlSendCmdCtrl                        
2000dd08  _SlListenCmdCtrl                      
2000dd0c  _SlAcceptCmdCtrl                      
2000dd10  _SlRecvCmdCtrl                        
2000dd14  _SlSetSockOptCmdCtrl                  
2000dd18  _SlGetSockOptCmdCtrl                  
2000dd1c  _SlSelectCmdCtrl                      
2000dd58  _SlNetAppStartCtrl                    
2000dd5c  _SlNetAppStopCtrl                     
2000dd60  _SlGetServiceListeCtrl                
2000dd64  _SlRegisterServiceCtrl                
2000dd68  _SlGetHostByServiceCtrl               
2000dd6c  _SlGetHostByNameCtrl                  
2000dd70  _SlNetAppSetCmdCtrl                   
2000dd74  _SlNetAppSendTokenValueCmdCtrl        
2000dd78  _SlNetAppGetCmdCtrl                   
2000ddd0  _SlStopCmdCtrl                        
2000ddd4  _SlEventMaskSetCmdCtrl                
2000ddd8  _SlEventMaskGetCmdCtrl                
2000dddc  _SlDeviceGetCmdCtrl                   
2000dde0  _SlDeviceSetCmdCtrl                   
2000dde4  _SlPayloadByProtocolLUT               
2000ddf4  StartResponseLUT                      
2000ddfc  _SlNetCfgSetCmdCtrl                   
2000de00  _SlNetCfgGetCmdCtrl                   
2000de08  __TI_static_base__                    
2000dedc  __TI_Handler_Table_Base               
2000dee8  __TI_Handler_Table_Limit              
2000def0  __TI_CINIT_Base                       
2000df00  __TI_CINIT_Limit                      
20017000  array                                 
20021640  g_cBsdBuf                             
20021bb8  g_StatMem                             
20021d20  __CIOBUF_                             
20021e40  __TI_tmpnams                          
20021ee0  g_ucDinDout                           
20021f30  g__SlNonOsCB                          
20021f58  g_ucConnectionSSID                    
20021f7c  g_ucConnectionBSSID                   
20021f8c  ADC_ch                                
20021f90  ADC_pin                               
20021f94  g_S2InterruptHdl                      
20021f98  g_S3InterruptHdl                      
20021f9c  RxIrqCnt                              
20021f9d  g_cDummy                              
20021f9e  g_ucLED1Pin                           
20021f9f  g_ucLED2Pin                           
20021fa0  g_ucLED3Pin                           
20021fa8  _sys_memory                           
200227a8  _ftable                               
20022a18  _Denorm                               
20022a28  _Eps                                  
20022a38  _Hugeval                              
20022a48  _Inf                                  
20022a58  _Nan                                  
20022a68  _Snan                                 
20022a78  _Rteps                                
20022a88  _Xbig                                 
20022a90  _Zero                                 
20022a98  g_ulStatus                            
20022a9c  g_ulGatewayIP                         
20022aa0  g_ulDestinationIp                     
20022aa4  g_uiPortNum                           
20022aa8  g_ulIpAddr                            
20022aac  sockID                                
20022ab0  TIMER_INTERVAL_RELOAD                 
20022ab4  numberOfCycles                        
20022ab8  countToggles                          
20022abc  SW2Flag                               
20022ac0  room_id                               
20022ac4  state                                 
20022ac8  entry                                 
20022acc  average                               
20022ad0  firstav                               
20022ad4  counter                               
20022ad8  count                                 
20022af0  g_uiLED1Port                          
20022af4  g_uiLED2Port                          
20022af8  g_uiLED3Port                          
20022afc  __TI_ft_end                           
20022b00  __aeabi_stdin                         
20022b04  __aeabi_stdout                        
20022b08  __aeabi_stderr                        
20022b18  g_SpiFd                               
20022b1c  g_pHostIntHdl                         
20022b20  g_ucDMAEnabled                        
20022b24  g_pCB                                 
20022b28  pPingCallBackFunc                     
20022b2c  gFirstCmdMode                         
20022b30  _lock                                 
20022b34  _unlock                               
20022b38  __TI_cleanup_ptr                      
20022b3c  __TI_dtors_ptr                        
20022b40  _Fenv                                 
20022b44  _Tls_setup__Fenv                      
20022b48  _Errno                                
20022b50  main_func_sp                          
2002f800  __stack                               
20030000  __STACK_END                           
ffffffff  __binit__                             
ffffffff  __c_args__                            
ffffffff  binit                                 
UNDEFED   SHT$$INIT_ARRAY$$Base                 
UNDEFED   SHT$$INIT_ARRAY$$Limit                

[428 symbols]
