<?xml version="1.0"?>
<link_info>
   <banner>TI ARM Linker PC v5.2.5</banner>
   <copyright>Copyright (c) 1996-2015 Texas Instruments Incorporated</copyright>
   <link_time>0x57160b73</link_time>
   <link_errors>0x0</link_errors>
   <output_file>WIFIappv3.out</output_file>
   <entry_point>
      <name>_c_int00</name>
      <address>0x2000c835</address>
   </entry_point>
   <input_file_list>
      <input_file id="fl-2">
         <path>.\</path>
         <kind>object</kind>
         <file>adc_userinput.obj</file>
         <name>adc_userinput.obj</name>
      </input_file>
      <input_file id="fl-3">
         <path>.\</path>
         <kind>object</kind>
         <file>button_if.obj</file>
         <name>button_if.obj</name>
      </input_file>
      <input_file id="fl-4">
         <path>.\</path>
         <kind>object</kind>
         <file>gpio_if.obj</file>
         <name>gpio_if.obj</name>
      </input_file>
      <input_file id="fl-5">
         <path>.\</path>
         <kind>object</kind>
         <file>main.obj</file>
         <name>main.obj</name>
      </input_file>
      <input_file id="fl-6">
         <path>.\</path>
         <kind>object</kind>
         <file>pinmux.obj</file>
         <name>pinmux.obj</name>
      </input_file>
      <input_file id="fl-7">
         <path>.\</path>
         <kind>object</kind>
         <file>startup_ccs.obj</file>
         <name>startup_ccs.obj</name>
      </input_file>
      <input_file id="fl-8">
         <path>.\</path>
         <kind>object</kind>
         <file>timer_if.obj</file>
         <name>timer_if.obj</name>
      </input_file>
      <input_file id="fl-9">
         <path>.\</path>
         <kind>object</kind>
         <file>uart_if.obj</file>
         <name>uart_if.obj</name>
      </input_file>
      <input_file id="fl-a">
         <path>.\</path>
         <kind>object</kind>
         <file>udma_if.obj</file>
         <name>udma_if.obj</name>
      </input_file>
      <input_file id="fl-133">
         <path>C:\ti\ccsv6\tools\compiler\ti-cgt-arm_5.2.5\lib\</path>
         <kind>archive</kind>
         <file>rtsv7M4_T_le_eabi.lib</file>
         <name>atoi.obj</name>
      </input_file>
      <input_file id="fl-134">
         <path>C:\ti\ccsv6\tools\compiler\ti-cgt-arm_5.2.5\lib\</path>
         <kind>archive</kind>
         <file>rtsv7M4_T_le_eabi.lib</file>
         <name>boot.obj</name>
      </input_file>
      <input_file id="fl-135">
         <path>C:\ti\ccsv6\tools\compiler\ti-cgt-arm_5.2.5\lib\</path>
         <kind>archive</kind>
         <file>rtsv7M4_T_le_eabi.lib</file>
         <name>copy_decompress_none.obj</name>
      </input_file>
      <input_file id="fl-136">
         <path>C:\ti\ccsv6\tools\compiler\ti-cgt-arm_5.2.5\lib\</path>
         <kind>archive</kind>
         <file>rtsv7M4_T_le_eabi.lib</file>
         <name>copy_decompress_rle.obj</name>
      </input_file>
      <input_file id="fl-137">
         <path>C:\ti\ccsv6\tools\compiler\ti-cgt-arm_5.2.5\lib\</path>
         <kind>archive</kind>
         <file>rtsv7M4_T_le_eabi.lib</file>
         <name>copy_zero_init.obj</name>
      </input_file>
      <input_file id="fl-138">
         <path>C:\ti\ccsv6\tools\compiler\ti-cgt-arm_5.2.5\lib\</path>
         <kind>archive</kind>
         <file>rtsv7M4_T_le_eabi.lib</file>
         <name>ctype.obj</name>
      </input_file>
      <input_file id="fl-139">
         <path>C:\ti\ccsv6\tools\compiler\ti-cgt-arm_5.2.5\lib\</path>
         <kind>archive</kind>
         <file>rtsv7M4_T_le_eabi.lib</file>
         <name>exit.obj</name>
      </input_file>
      <input_file id="fl-13a">
         <path>C:\ti\ccsv6\tools\compiler\ti-cgt-arm_5.2.5\lib\</path>
         <kind>archive</kind>
         <file>rtsv7M4_T_le_eabi.lib</file>
         <name>fd_add_t2.obj</name>
      </input_file>
      <input_file id="fl-13b">
         <path>C:\ti\ccsv6\tools\compiler\ti-cgt-arm_5.2.5\lib\</path>
         <kind>archive</kind>
         <file>rtsv7M4_T_le_eabi.lib</file>
         <name>fd_div_t2.obj</name>
      </input_file>
      <input_file id="fl-13c">
         <path>C:\ti\ccsv6\tools\compiler\ti-cgt-arm_5.2.5\lib\</path>
         <kind>archive</kind>
         <file>rtsv7M4_T_le_eabi.lib</file>
         <name>fd_mul_t2.obj</name>
      </input_file>
      <input_file id="fl-13d">
         <path>C:\ti\ccsv6\tools\compiler\ti-cgt-arm_5.2.5\lib\</path>
         <kind>archive</kind>
         <file>rtsv7M4_T_le_eabi.lib</file>
         <name>fd_toi_t2.obj</name>
      </input_file>
      <input_file id="fl-13e">
         <path>C:\ti\ccsv6\tools\compiler\ti-cgt-arm_5.2.5\lib\</path>
         <kind>archive</kind>
         <file>rtsv7M4_T_le_eabi.lib</file>
         <name>fs_cmp_t2.obj</name>
      </input_file>
      <input_file id="fl-13f">
         <path>C:\ti\ccsv6\tools\compiler\ti-cgt-arm_5.2.5\lib\</path>
         <kind>archive</kind>
         <file>rtsv7M4_T_le_eabi.lib</file>
         <name>fs_mul_t2.obj</name>
      </input_file>
      <input_file id="fl-140">
         <path>C:\ti\ccsv6\tools\compiler\ti-cgt-arm_5.2.5\lib\</path>
         <kind>archive</kind>
         <file>rtsv7M4_T_le_eabi.lib</file>
         <name>i_tofd_t2.obj</name>
      </input_file>
      <input_file id="fl-141">
         <path>C:\ti\ccsv6\tools\compiler\ti-cgt-arm_5.2.5\lib\</path>
         <kind>archive</kind>
         <file>rtsv7M4_T_le_eabi.lib</file>
         <name>i_tofs_t2.obj</name>
      </input_file>
      <input_file id="fl-142">
         <path>C:\ti\ccsv6\tools\compiler\ti-cgt-arm_5.2.5\lib\</path>
         <kind>archive</kind>
         <file>rtsv7M4_T_le_eabi.lib</file>
         <name>memcpy_t2.obj</name>
      </input_file>
      <input_file id="fl-143">
         <path>C:\ti\ccsv6\tools\compiler\ti-cgt-arm_5.2.5\lib\</path>
         <kind>archive</kind>
         <file>rtsv7M4_T_le_eabi.lib</file>
         <name>memmov.obj</name>
      </input_file>
      <input_file id="fl-144">
         <path>C:\ti\ccsv6\tools\compiler\ti-cgt-arm_5.2.5\lib\</path>
         <kind>archive</kind>
         <file>rtsv7M4_T_le_eabi.lib</file>
         <name>memset_t2.obj</name>
      </input_file>
      <input_file id="fl-145">
         <path>C:\ti\ccsv6\tools\compiler\ti-cgt-arm_5.2.5\lib\</path>
         <kind>archive</kind>
         <file>rtsv7M4_T_le_eabi.lib</file>
         <name>pre_init.obj</name>
      </input_file>
      <input_file id="fl-146">
         <path>C:\ti\ccsv6\tools\compiler\ti-cgt-arm_5.2.5\lib\</path>
         <kind>archive</kind>
         <file>rtsv7M4_T_le_eabi.lib</file>
         <name>printf.obj</name>
      </input_file>
      <input_file id="fl-147">
         <path>C:\ti\ccsv6\tools\compiler\ti-cgt-arm_5.2.5\lib\</path>
         <kind>archive</kind>
         <file>rtsv7M4_T_le_eabi.lib</file>
         <name>sprintf.obj</name>
      </input_file>
      <input_file id="fl-148">
         <path>C:\ti\ccsv6\tools\compiler\ti-cgt-arm_5.2.5\lib\</path>
         <kind>archive</kind>
         <file>rtsv7M4_T_le_eabi.lib</file>
         <name>stkdepth_vars.obj</name>
      </input_file>
      <input_file id="fl-149">
         <path>C:\ti\ccsv6\tools\compiler\ti-cgt-arm_5.2.5\lib\</path>
         <kind>archive</kind>
         <file>rtsv7M4_T_le_eabi.lib</file>
         <name>strcat.obj</name>
      </input_file>
      <input_file id="fl-14a">
         <path>C:\ti\ccsv6\tools\compiler\ti-cgt-arm_5.2.5\lib\</path>
         <kind>archive</kind>
         <file>rtsv7M4_T_le_eabi.lib</file>
         <name>strcmp.obj</name>
      </input_file>
      <input_file id="fl-14b">
         <path>C:\ti\ccsv6\tools\compiler\ti-cgt-arm_5.2.5\lib\</path>
         <kind>archive</kind>
         <file>rtsv7M4_T_le_eabi.lib</file>
         <name>strlen.obj</name>
      </input_file>
      <input_file id="fl-14c">
         <path>C:\ti\ccsv6\tools\compiler\ti-cgt-arm_5.2.5\lib\</path>
         <kind>archive</kind>
         <file>rtsv7M4_T_le_eabi.lib</file>
         <name>strtok.obj</name>
      </input_file>
      <input_file id="fl-14d">
         <path>C:\ti\ccsv6\tools\compiler\ti-cgt-arm_5.2.5\lib\</path>
         <kind>archive</kind>
         <file>rtsv7M4_T_le_eabi.lib</file>
         <name>strtoul.obj</name>
      </input_file>
      <input_file id="fl-14e">
         <path>C:\ti\ccsv6\tools\compiler\ti-cgt-arm_5.2.5\lib\</path>
         <kind>archive</kind>
         <file>rtsv7M4_T_le_eabi.lib</file>
         <name>_lock.obj</name>
      </input_file>
      <input_file id="fl-14f">
         <path>C:\ti\ccsv6\tools\compiler\ti-cgt-arm_5.2.5\lib\</path>
         <kind>archive</kind>
         <file>rtsv7M4_T_le_eabi.lib</file>
         <name>_printfi.obj</name>
      </input_file>
      <input_file id="fl-150">
         <path>C:\ti\ccsv6\tools\compiler\ti-cgt-arm_5.2.5\lib\</path>
         <kind>archive</kind>
         <file>rtsv7M4_T_le_eabi.lib</file>
         <name>args_main.obj</name>
      </input_file>
      <input_file id="fl-151">
         <path>C:\ti\ccsv6\tools\compiler\ti-cgt-arm_5.2.5\lib\</path>
         <kind>archive</kind>
         <file>rtsv7M4_T_le_eabi.lib</file>
         <name>autoinit.obj</name>
      </input_file>
      <input_file id="fl-152">
         <path>C:\ti\ccsv6\tools\compiler\ti-cgt-arm_5.2.5\lib\</path>
         <kind>archive</kind>
         <file>rtsv7M4_T_le_eabi.lib</file>
         <name>cpy_tbl.obj</name>
      </input_file>
      <input_file id="fl-153">
         <path>C:\ti\ccsv6\tools\compiler\ti-cgt-arm_5.2.5\lib\</path>
         <kind>archive</kind>
         <file>rtsv7M4_T_le_eabi.lib</file>
         <name>defs.obj</name>
      </input_file>
      <input_file id="fl-154">
         <path>C:\ti\ccsv6\tools\compiler\ti-cgt-arm_5.2.5\lib\</path>
         <kind>archive</kind>
         <file>rtsv7M4_T_le_eabi.lib</file>
         <name>errno.obj</name>
      </input_file>
      <input_file id="fl-155">
         <path>C:\ti\ccsv6\tools\compiler\ti-cgt-arm_5.2.5\lib\</path>
         <kind>archive</kind>
         <file>rtsv7M4_T_le_eabi.lib</file>
         <name>fd_cmp_t2.obj</name>
      </input_file>
      <input_file id="fl-156">
         <path>C:\ti\ccsv6\tools\compiler\ti-cgt-arm_5.2.5\lib\</path>
         <kind>archive</kind>
         <file>rtsv7M4_T_le_eabi.lib</file>
         <name>fputc.obj</name>
      </input_file>
      <input_file id="fl-157">
         <path>C:\ti\ccsv6\tools\compiler\ti-cgt-arm_5.2.5\lib\</path>
         <kind>archive</kind>
         <file>rtsv7M4_T_le_eabi.lib</file>
         <name>fputs.obj</name>
      </input_file>
      <input_file id="fl-158">
         <path>C:\ti\ccsv6\tools\compiler\ti-cgt-arm_5.2.5\lib\</path>
         <kind>archive</kind>
         <file>rtsv7M4_T_le_eabi.lib</file>
         <name>frexp.obj</name>
      </input_file>
      <input_file id="fl-159">
         <path>C:\ti\ccsv6\tools\compiler\ti-cgt-arm_5.2.5\lib\</path>
         <kind>archive</kind>
         <file>rtsv7M4_T_le_eabi.lib</file>
         <name>ldexp.obj</name>
      </input_file>
      <input_file id="fl-15a">
         <path>C:\ti\ccsv6\tools\compiler\ti-cgt-arm_5.2.5\lib\</path>
         <kind>archive</kind>
         <file>rtsv7M4_T_le_eabi.lib</file>
         <name>lowlev.obj</name>
      </input_file>
      <input_file id="fl-15b">
         <path>C:\ti\ccsv6\tools\compiler\ti-cgt-arm_5.2.5\lib\</path>
         <kind>archive</kind>
         <file>rtsv7M4_T_le_eabi.lib</file>
         <name>ltoa.obj</name>
      </input_file>
      <input_file id="fl-15c">
         <path>C:\ti\ccsv6\tools\compiler\ti-cgt-arm_5.2.5\lib\</path>
         <kind>archive</kind>
         <file>rtsv7M4_T_le_eabi.lib</file>
         <name>memccpy.obj</name>
      </input_file>
      <input_file id="fl-15d">
         <path>C:\ti\ccsv6\tools\compiler\ti-cgt-arm_5.2.5\lib\</path>
         <kind>archive</kind>
         <file>rtsv7M4_T_le_eabi.lib</file>
         <name>memchr.obj</name>
      </input_file>
      <input_file id="fl-15e">
         <path>C:\ti\ccsv6\tools\compiler\ti-cgt-arm_5.2.5\lib\</path>
         <kind>archive</kind>
         <file>rtsv7M4_T_le_eabi.lib</file>
         <name>strchr.obj</name>
      </input_file>
      <input_file id="fl-15f">
         <path>C:\ti\ccsv6\tools\compiler\ti-cgt-arm_5.2.5\lib\</path>
         <kind>archive</kind>
         <file>rtsv7M4_T_le_eabi.lib</file>
         <name>strcspn.obj</name>
      </input_file>
      <input_file id="fl-160">
         <path>C:\ti\ccsv6\tools\compiler\ti-cgt-arm_5.2.5\lib\</path>
         <kind>archive</kind>
         <file>rtsv7M4_T_le_eabi.lib</file>
         <name>strncpy.obj</name>
      </input_file>
      <input_file id="fl-161">
         <path>C:\ti\ccsv6\tools\compiler\ti-cgt-arm_5.2.5\lib\</path>
         <kind>archive</kind>
         <file>rtsv7M4_T_le_eabi.lib</file>
         <name>strspn.obj</name>
      </input_file>
      <input_file id="fl-162">
         <path>C:\ti\ccsv6\tools\compiler\ti-cgt-arm_5.2.5\lib\</path>
         <kind>archive</kind>
         <file>rtsv7M4_T_le_eabi.lib</file>
         <name>trgdrv.obj</name>
      </input_file>
      <input_file id="fl-163">
         <path>C:\ti\ccsv6\tools\compiler\ti-cgt-arm_5.2.5\lib\</path>
         <kind>archive</kind>
         <file>rtsv7M4_T_le_eabi.lib</file>
         <name>trgmsg.obj</name>
      </input_file>
      <input_file id="fl-164">
         <path>C:\ti\ccsv6\tools\compiler\ti-cgt-arm_5.2.5\lib\</path>
         <kind>archive</kind>
         <file>rtsv7M4_T_le_eabi.lib</file>
         <name>ull_div_t2.obj</name>
      </input_file>
      <input_file id="fl-165">
         <path>C:\ti\ccsv6\tools\compiler\ti-cgt-arm_5.2.5\lib\</path>
         <kind>archive</kind>
         <file>rtsv7M4_T_le_eabi.lib</file>
         <name>xdclass.obj</name>
      </input_file>
      <input_file id="fl-166">
         <path>C:\ti\ccsv6\tools\compiler\ti-cgt-arm_5.2.5\lib\</path>
         <kind>archive</kind>
         <file>rtsv7M4_T_le_eabi.lib</file>
         <name>xdscale.obj</name>
      </input_file>
      <input_file id="fl-167">
         <path>C:\ti\ccsv6\tools\compiler\ti-cgt-arm_5.2.5\lib\</path>
         <kind>archive</kind>
         <file>rtsv7M4_T_le_eabi.lib</file>
         <name>xdunscal.obj</name>
      </input_file>
      <input_file id="fl-168">
         <path>C:\ti\ccsv6\tools\compiler\ti-cgt-arm_5.2.5\lib\</path>
         <kind>archive</kind>
         <file>rtsv7M4_T_le_eabi.lib</file>
         <name>xferaise.obj</name>
      </input_file>
      <input_file id="fl-169">
         <path>C:\ti\ccsv6\tools\compiler\ti-cgt-arm_5.2.5\lib\</path>
         <kind>archive</kind>
         <file>rtsv7M4_T_le_eabi.lib</file>
         <name>xvalues.obj</name>
      </input_file>
      <input_file id="fl-16a">
         <path>C:\ti\ccsv6\tools\compiler\ti-cgt-arm_5.2.5\lib\</path>
         <kind>archive</kind>
         <file>rtsv7M4_T_le_eabi.lib</file>
         <name>_io_perm.obj</name>
      </input_file>
      <input_file id="fl-16b">
         <path>C:\ti\ccsv6\tools\compiler\ti-cgt-arm_5.2.5\lib\</path>
         <kind>archive</kind>
         <file>rtsv7M4_T_le_eabi.lib</file>
         <name>feraiseexcept.obj</name>
      </input_file>
      <input_file id="fl-16c">
         <path>C:\ti\ccsv6\tools\compiler\ti-cgt-arm_5.2.5\lib\</path>
         <kind>archive</kind>
         <file>rtsv7M4_T_le_eabi.lib</file>
         <name>fflush.obj</name>
      </input_file>
      <input_file id="fl-16d">
         <path>C:\ti\ccsv6\tools\compiler\ti-cgt-arm_5.2.5\lib\</path>
         <kind>archive</kind>
         <file>rtsv7M4_T_le_eabi.lib</file>
         <name>fseek.obj</name>
      </input_file>
      <input_file id="fl-16e">
         <path>C:\ti\ccsv6\tools\compiler\ti-cgt-arm_5.2.5\lib\</path>
         <kind>archive</kind>
         <file>rtsv7M4_T_le_eabi.lib</file>
         <name>raise.obj</name>
      </input_file>
      <input_file id="fl-16f">
         <path>C:\ti\ccsv6\tools\compiler\ti-cgt-arm_5.2.5\lib\</path>
         <kind>archive</kind>
         <file>rtsv7M4_T_le_eabi.lib</file>
         <name>setvbuf.obj</name>
      </input_file>
      <input_file id="fl-170">
         <path>C:\ti\ccsv6\tools\compiler\ti-cgt-arm_5.2.5\lib\</path>
         <kind>archive</kind>
         <file>rtsv7M4_T_le_eabi.lib</file>
         <name>signal.obj</name>
      </input_file>
      <input_file id="fl-171">
         <path>C:\ti\ccsv6\tools\compiler\ti-cgt-arm_5.2.5\lib\</path>
         <kind>archive</kind>
         <file>rtsv7M4_T_le_eabi.lib</file>
         <name>strcpy.obj</name>
      </input_file>
      <input_file id="fl-172">
         <path>C:\ti\ccsv6\tools\compiler\ti-cgt-arm_5.2.5\lib\</path>
         <kind>archive</kind>
         <file>rtsv7M4_T_le_eabi.lib</file>
         <name>xdnorm.obj</name>
      </input_file>
      <input_file id="fl-173">
         <path>C:\ti\ccsv6\tools\compiler\ti-cgt-arm_5.2.5\lib\</path>
         <kind>archive</kind>
         <file>rtsv7M4_T_le_eabi.lib</file>
         <name>fopen.obj</name>
      </input_file>
      <input_file id="fl-174">
         <path>C:\ti\ccsv6\tools\compiler\ti-cgt-arm_5.2.5\lib\</path>
         <kind>archive</kind>
         <file>rtsv7M4_T_le_eabi.lib</file>
         <name>memory.obj</name>
      </input_file>
      <input_file id="fl-175">
         <path>C:\ti\ccsv6\tools\compiler\ti-cgt-arm_5.2.5\lib\</path>
         <kind>archive</kind>
         <file>rtsv7M4_T_le_eabi.lib</file>
         <name>fclose.obj</name>
      </input_file>
      <input_file id="fl-176">
         <path>C:\ti\ccsv6\tools\compiler\ti-cgt-arm_5.2.5\lib\</path>
         <kind>archive</kind>
         <file>rtsv7M4_T_le_eabi.lib</file>
         <name>remove.obj</name>
      </input_file>
      <input_file id="fl-177">
         <path>C:\ti\CC3200SDK_1.1.0\cc3200-sdk\example\provisioning_smartconfig\ccs\..\..\..\driverlib\ccs\Release\</path>
         <kind>archive</kind>
         <file>driverlib.a</file>
         <name>adc.obj</name>
      </input_file>
      <input_file id="fl-178">
         <path>C:\ti\CC3200SDK_1.1.0\cc3200-sdk\example\provisioning_smartconfig\ccs\..\..\..\driverlib\ccs\Release\</path>
         <kind>archive</kind>
         <file>driverlib.a</file>
         <name>gpio.obj</name>
      </input_file>
      <input_file id="fl-179">
         <path>C:\ti\CC3200SDK_1.1.0\cc3200-sdk\example\provisioning_smartconfig\ccs\..\..\..\driverlib\ccs\Release\</path>
         <kind>archive</kind>
         <file>driverlib.a</file>
         <name>interrupt.obj</name>
      </input_file>
      <input_file id="fl-17a">
         <path>C:\ti\CC3200SDK_1.1.0\cc3200-sdk\example\provisioning_smartconfig\ccs\..\..\..\driverlib\ccs\Release\</path>
         <kind>archive</kind>
         <file>driverlib.a</file>
         <name>pin.obj</name>
      </input_file>
      <input_file id="fl-17b">
         <path>C:\ti\CC3200SDK_1.1.0\cc3200-sdk\example\provisioning_smartconfig\ccs\..\..\..\driverlib\ccs\Release\</path>
         <kind>archive</kind>
         <file>driverlib.a</file>
         <name>prcm.obj</name>
      </input_file>
      <input_file id="fl-17c">
         <path>C:\ti\CC3200SDK_1.1.0\cc3200-sdk\example\provisioning_smartconfig\ccs\..\..\..\driverlib\ccs\Release\</path>
         <kind>archive</kind>
         <file>driverlib.a</file>
         <name>timer.obj</name>
      </input_file>
      <input_file id="fl-17d">
         <path>C:\ti\CC3200SDK_1.1.0\cc3200-sdk\example\provisioning_smartconfig\ccs\..\..\..\driverlib\ccs\Release\</path>
         <kind>archive</kind>
         <file>driverlib.a</file>
         <name>uart.obj</name>
      </input_file>
      <input_file id="fl-17e">
         <path>C:\ti\CC3200SDK_1.1.0\cc3200-sdk\example\provisioning_smartconfig\ccs\..\..\..\driverlib\ccs\Release\</path>
         <kind>archive</kind>
         <file>driverlib.a</file>
         <name>udma.obj</name>
      </input_file>
      <input_file id="fl-17f">
         <path>C:\ti\CC3200SDK_1.1.0\cc3200-sdk\example\provisioning_smartconfig\ccs\..\..\..\driverlib\ccs\Release\</path>
         <kind>archive</kind>
         <file>driverlib.a</file>
         <name>utils.obj</name>
      </input_file>
      <input_file id="fl-180">
         <path>C:\ti\CC3200SDK_1.1.0\cc3200-sdk\example\provisioning_smartconfig\ccs\..\..\..\driverlib\ccs\Release\</path>
         <kind>archive</kind>
         <file>driverlib.a</file>
         <name>cpu.obj</name>
      </input_file>
      <input_file id="fl-181">
         <path>C:\ti\CC3200SDK_1.1.0\cc3200-sdk\example\provisioning_smartconfig\ccs\..\..\..\driverlib\ccs\Release\</path>
         <kind>archive</kind>
         <file>driverlib.a</file>
         <name>flash.obj</name>
      </input_file>
      <input_file id="fl-182">
         <path>C:\ti\CC3200SDK_1.1.0\cc3200-sdk\example\provisioning_smartconfig\ccs\..\..\..\simplelink\ccs\NON_OS\</path>
         <kind>archive</kind>
         <file>simplelink.a</file>
         <name>device.obj</name>
      </input_file>
      <input_file id="fl-183">
         <path>C:\ti\CC3200SDK_1.1.0\cc3200-sdk\example\provisioning_smartconfig\ccs\..\..\..\simplelink\ccs\NON_OS\</path>
         <kind>archive</kind>
         <file>simplelink.a</file>
         <name>driver.obj</name>
      </input_file>
      <input_file id="fl-184">
         <path>C:\ti\CC3200SDK_1.1.0\cc3200-sdk\example\provisioning_smartconfig\ccs\..\..\..\simplelink\ccs\NON_OS\</path>
         <kind>archive</kind>
         <file>simplelink.a</file>
         <name>netapp.obj</name>
      </input_file>
      <input_file id="fl-185">
         <path>C:\ti\CC3200SDK_1.1.0\cc3200-sdk\example\provisioning_smartconfig\ccs\..\..\..\simplelink\ccs\NON_OS\</path>
         <kind>archive</kind>
         <file>simplelink.a</file>
         <name>netcfg.obj</name>
      </input_file>
      <input_file id="fl-186">
         <path>C:\ti\CC3200SDK_1.1.0\cc3200-sdk\example\provisioning_smartconfig\ccs\..\..\..\simplelink\ccs\NON_OS\</path>
         <kind>archive</kind>
         <file>simplelink.a</file>
         <name>nonos.obj</name>
      </input_file>
      <input_file id="fl-187">
         <path>C:\ti\CC3200SDK_1.1.0\cc3200-sdk\example\provisioning_smartconfig\ccs\..\..\..\simplelink\ccs\NON_OS\</path>
         <kind>archive</kind>
         <file>simplelink.a</file>
         <name>socket.obj</name>
      </input_file>
      <input_file id="fl-188">
         <path>C:\ti\CC3200SDK_1.1.0\cc3200-sdk\example\provisioning_smartconfig\ccs\..\..\..\simplelink\ccs\NON_OS\</path>
         <kind>archive</kind>
         <file>simplelink.a</file>
         <name>wlan.obj</name>
      </input_file>
      <input_file id="fl-189">
         <path>C:\ti\CC3200SDK_1.1.0\cc3200-sdk\example\provisioning_smartconfig\ccs\..\..\..\simplelink\ccs\NON_OS\</path>
         <kind>archive</kind>
         <file>simplelink.a</file>
         <name>cc_pal.obj</name>
      </input_file>
      <input_file id="fl-18a">
         <path>C:\ti\CC3200SDK_1.1.0\cc3200-sdk\example\provisioning_smartconfig\ccs\..\..\..\driverlib\ccs\Release\</path>
         <kind>archive</kind>
         <file>driverlib.a</file>
         <name>spi.obj</name>
      </input_file>
   </input_file_list>
   <object_component_list>
      <object_component id="oc-f">
         <name>.intvecs</name>
         <load_address>0x20004000</load_address>
         <run_address>0x20004000</run_address>
         <size>0x400</size>
         <input_file_ref idref="fl-7"/>
      </object_component>
      <object_component id="oc-9f">
         <name>.text</name>
         <load_address>0x20004400</load_address>
         <run_address>0x20004400</run_address>
         <size>0x1170</size>
         <input_file_ref idref="fl-5"/>
      </object_component>
      <object_component id="oc-2d1">
         <name>.text</name>
         <load_address>0x20005570</load_address>
         <run_address>0x20005570</run_address>
         <size>0x10a6</size>
         <input_file_ref idref="fl-14f"/>
      </object_component>
      <object_component id="oc-700">
         <name>.text:IntDefaultHandler</name>
         <load_address>0x20006616</load_address>
         <run_address>0x20006616</run_address>
         <size>0x2</size>
         <input_file_ref idref="fl-179"/>
      </object_component>
      <object_component id="oc-70d">
         <name>.text:_SlDrvMsgRead</name>
         <load_address>0x20006618</load_address>
         <run_address>0x20006618</run_address>
         <size>0x5ec</size>
         <input_file_ref idref="fl-183"/>
      </object_component>
      <object_component id="oc-74a">
         <name>.text</name>
         <load_address>0x20006c04</load_address>
         <run_address>0x20006c04</run_address>
         <size>0x3dc</size>
         <input_file_ref idref="fl-174"/>
      </object_component>
      <object_component id="oc-152">
         <name>.text</name>
         <load_address>0x20006fe0</load_address>
         <run_address>0x20006fe0</run_address>
         <size>0x39c</size>
         <input_file_ref idref="fl-4"/>
      </object_component>
      <object_component id="oc-49d">
         <name>.text</name>
         <load_address>0x2000737c</load_address>
         <run_address>0x2000737c</run_address>
         <size>0x30c</size>
         <input_file_ref idref="fl-15a"/>
      </object_component>
      <object_component id="oc-765">
         <name>.text</name>
         <load_address>0x20007688</load_address>
         <run_address>0x20007688</run_address>
         <size>0x2d4</size>
         <input_file_ref idref="fl-162"/>
      </object_component>
      <object_component id="oc-7a0">
         <name>.text:_SlDrvRxHdrRead</name>
         <load_address>0x2000795c</load_address>
         <run_address>0x2000795c</run_address>
         <size>0x248</size>
         <input_file_ref idref="fl-183"/>
      </object_component>
      <object_component id="oc-158">
         <name>.text:sl_WlanConnect</name>
         <load_address>0x20007ba4</load_address>
         <run_address>0x20007ba4</run_address>
         <size>0x244</size>
         <input_file_ref idref="fl-188"/>
      </object_component>
      <object_component id="oc-4b3">
         <name>.text</name>
         <load_address>0x20007de8</load_address>
         <run_address>0x20007de8</run_address>
         <size>0x1f4</size>
         <input_file_ref idref="fl-164"/>
      </object_component>
      <object_component id="oc-330">
         <name>.text:_SlDrvReleasePoolObj</name>
         <load_address>0x20007fdc</load_address>
         <run_address>0x20007fdc</run_address>
         <size>0x1d0</size>
         <input_file_ref idref="fl-183"/>
      </object_component>
      <object_component id="oc-5d6">
         <name>.text:_SlDrvMsgWrite</name>
         <load_address>0x200081ac</load_address>
         <run_address>0x200081ac</run_address>
         <size>0x1cc</size>
         <input_file_ref idref="fl-183"/>
      </object_component>
      <object_component id="oc-750">
         <name>.text</name>
         <load_address>0x20008378</load_address>
         <run_address>0x20008378</run_address>
         <size>0x1c4</size>
         <input_file_ref idref="fl-173"/>
      </object_component>
      <object_component id="oc-215">
         <name>.text</name>
         <load_address>0x2000853c</load_address>
         <run_address>0x2000853c</run_address>
         <size>0x1b6</size>
         <input_file_ref idref="fl-13a"/>
      </object_component>
      <object_component id="oc-570">
         <name>.text:_SlDrvWaitForPoolObj</name>
         <load_address>0x200086f4</load_address>
         <run_address>0x200086f4</run_address>
         <size>0x190</size>
         <input_file_ref idref="fl-183"/>
      </object_component>
      <object_component id="oc-306">
         <name>.text:_SlDrvDriverCBInit</name>
         <load_address>0x20008884</load_address>
         <run_address>0x20008884</run_address>
         <size>0x188</size>
         <input_file_ref idref="fl-183"/>
      </object_component>
      <object_component id="oc-7b2">
         <name>.text:_SlFindAndSetActiveObj</name>
         <load_address>0x20008a0c</load_address>
         <run_address>0x20008a0c</run_address>
         <size>0x170</size>
         <input_file_ref idref="fl-183"/>
      </object_component>
      <object_component id="oc-194">
         <name>.text</name>
         <load_address>0x20008b7c</load_address>
         <run_address>0x20008b7c</run_address>
         <size>0x15c</size>
         <input_file_ref idref="fl-3"/>
      </object_component>
      <object_component id="oc-30c">
         <name>.text:spi_Open</name>
         <load_address>0x20008cd8</load_address>
         <run_address>0x20008cd8</run_address>
         <size>0x144</size>
         <input_file_ref idref="fl-189"/>
      </object_component>
      <object_component id="oc-210">
         <name>.text</name>
         <load_address>0x20008e1c</load_address>
         <run_address>0x20008e1c</run_address>
         <size>0x136</size>
         <input_file_ref idref="fl-13b"/>
      </object_component>
      <object_component id="oc-e3">
         <name>.text:PRCMCC3200MCUInit</name>
         <load_address>0x20008f54</load_address>
         <run_address>0x20008f54</run_address>
         <size>0x134</size>
         <input_file_ref idref="fl-17b"/>
      </object_component>
      <object_component id="oc-2cb">
         <name>.text</name>
         <load_address>0x20009088</load_address>
         <run_address>0x20009088</run_address>
         <size>0x134</size>
         <input_file_ref idref="fl-157"/>
      </object_component>
      <object_component id="oc-418">
         <name>.text:_SlDrvDataReadOp</name>
         <load_address>0x200091bc</load_address>
         <run_address>0x200091bc</run_address>
         <size>0x12c</size>
         <input_file_ref idref="fl-183"/>
      </object_component>
      <object_component id="oc-182">
         <name>.text:sl_SendTo</name>
         <load_address>0x200092e8</load_address>
         <run_address>0x200092e8</run_address>
         <size>0x118</size>
         <input_file_ref idref="fl-187"/>
      </object_component>
      <object_component id="oc-164">
         <name>.text</name>
         <load_address>0x20009400</load_address>
         <run_address>0x20009400</run_address>
         <size>0x114</size>
         <input_file_ref idref="fl-14d"/>
      </object_component>
      <object_component id="oc-6a9">
         <name>.text</name>
         <load_address>0x20009514</load_address>
         <run_address>0x20009514</run_address>
         <size>0x110</size>
         <input_file_ref idref="fl-166"/>
      </object_component>
      <object_component id="oc-188">
         <name>.text:sl_RecvFrom</name>
         <load_address>0x20009624</load_address>
         <run_address>0x20009624</run_address>
         <size>0x10c</size>
         <input_file_ref idref="fl-187"/>
      </object_component>
      <object_component id="oc-411">
         <name>.text:_SlDrvDataWriteOp</name>
         <load_address>0x20009730</load_address>
         <run_address>0x20009730</run_address>
         <size>0x108</size>
         <input_file_ref idref="fl-183"/>
      </object_component>
      <object_component id="oc-36a">
         <name>.text:_SlDrvDriverCBDeinit</name>
         <load_address>0x20009838</load_address>
         <run_address>0x20009838</run_address>
         <size>0x100</size>
         <input_file_ref idref="fl-183"/>
      </object_component>
      <object_component id="oc-82c">
         <name>.text:_SlDrvNetAppEventHandler</name>
         <load_address>0x20009938</load_address>
         <run_address>0x20009938</run_address>
         <size>0xfe</size>
         <input_file_ref idref="fl-184"/>
      </object_component>
      <object_component id="oc-20b">
         <name>.text</name>
         <load_address>0x20009a36</load_address>
         <run_address>0x20009a36</run_address>
         <size>0xfc</size>
         <input_file_ref idref="fl-13c"/>
      </object_component>
      <object_component id="oc-7ac">
         <name>.text:spi_Read</name>
         <load_address>0x20009b34</load_address>
         <run_address>0x20009b34</run_address>
         <size>0xf0</size>
         <input_file_ref idref="fl-189"/>
      </object_component>
      <object_component id="oc-8bd">
         <name>.text:uDMAChannelTransferSet</name>
         <load_address>0x20009c24</load_address>
         <run_address>0x20009c24</run_address>
         <size>0xf0</size>
         <input_file_ref idref="fl-17e"/>
      </object_component>
      <object_component id="oc-676">
         <name>.text</name>
         <load_address>0x20009d14</load_address>
         <run_address>0x20009d14</run_address>
         <size>0xdc</size>
         <input_file_ref idref="fl-16f"/>
      </object_component>
      <object_component id="oc-7a6">
         <name>.text:_SlDrvClassifyRxMsg</name>
         <load_address>0x20009df0</load_address>
         <run_address>0x20009df0</run_address>
         <size>0xd8</size>
         <input_file_ref idref="fl-183"/>
      </object_component>
      <object_component id="oc-10a">
         <name>.text:sl_Stop</name>
         <load_address>0x20009ec8</load_address>
         <run_address>0x20009ec8</run_address>
         <size>0xd4</size>
         <input_file_ref idref="fl-182"/>
      </object_component>
      <object_component id="oc-887">
         <name>.text:_sl_HandleAsync_DnsGetHostByService</name>
         <load_address>0x20009f9c</load_address>
         <run_address>0x20009f9c</run_address>
         <size>0xc8</size>
         <input_file_ref idref="fl-184"/>
      </object_component>
      <object_component id="oc-497">
         <name>.text</name>
         <load_address>0x2000a064</load_address>
         <run_address>0x2000a064</run_address>
         <size>0xc8</size>
         <input_file_ref idref="fl-16c"/>
      </object_component>
      <object_component id="oc-5dc">
         <name>.text:_SlDrvMsgReadCmdCtx</name>
         <load_address>0x2000a12c</load_address>
         <run_address>0x2000a12c</run_address>
         <size>0xc0</size>
         <input_file_ref idref="fl-183"/>
      </object_component>
      <object_component id="oc-599">
         <name>.text:_SlRemoveFromList</name>
         <load_address>0x2000a1ec</load_address>
         <run_address>0x2000a1ec</run_address>
         <size>0xc0</size>
         <input_file_ref idref="fl-183"/>
      </object_component>
      <object_component id="oc-77a">
         <name>.text</name>
         <load_address>0x2000a2ac</load_address>
         <run_address>0x2000a2ac</run_address>
         <size>0xbe</size>
         <input_file_ref idref="fl-172"/>
      </object_component>
      <object_component id="oc-f8">
         <name>.text:sl_Start</name>
         <load_address>0x2000a36c</load_address>
         <run_address>0x2000a36c</run_address>
         <size>0xbc</size>
         <input_file_ref idref="fl-182"/>
      </object_component>
      <object_component id="oc-713">
         <name>.text:_SlAsyncEventGenericHandler</name>
         <load_address>0x2000a428</load_address>
         <run_address>0x2000a428</run_address>
         <size>0xb8</size>
         <input_file_ref idref="fl-183"/>
      </object_component>
      <object_component id="oc-399">
         <name>.text:sl_NetAppMDNSRegisterUnregisterService</name>
         <load_address>0x2000a4e0</load_address>
         <run_address>0x2000a4e0</run_address>
         <size>0xb4</size>
         <input_file_ref idref="fl-184"/>
      </object_component>
      <object_component id="oc-491">
         <name>.text</name>
         <load_address>0x2000a594</load_address>
         <run_address>0x2000a594</run_address>
         <size>0xac</size>
         <input_file_ref idref="fl-16a"/>
      </object_component>
      <object_component id="oc-432">
         <name>.text:IntDisable</name>
         <load_address>0x2000a640</load_address>
         <run_address>0x2000a640</run_address>
         <size>0xa8</size>
         <input_file_ref idref="fl-179"/>
      </object_component>
      <object_component id="oc-dd">
         <name>.text:IntEnable</name>
         <load_address>0x2000a6e8</load_address>
         <run_address>0x2000a6e8</run_address>
         <size>0xa8</size>
         <input_file_ref idref="fl-179"/>
      </object_component>
      <object_component id="oc-52b">
         <name>.text:SPIConfigSetExpClk</name>
         <load_address>0x2000a790</load_address>
         <run_address>0x2000a790</run_address>
         <size>0xa0</size>
         <input_file_ref idref="fl-18a"/>
      </object_component>
      <object_component id="oc-5b2">
         <name>.text:_SlDrvMsgReadSpawnCtx</name>
         <load_address>0x2000a830</load_address>
         <run_address>0x2000a830</run_address>
         <size>0x9c</size>
         <input_file_ref idref="fl-183"/>
      </object_component>
      <object_component id="oc-36">
         <name>.text</name>
         <load_address>0x2000a8cc</load_address>
         <run_address>0x2000a8cc</run_address>
         <size>0x9c</size>
         <input_file_ref idref="fl-142"/>
      </object_component>
      <object_component id="oc-110">
         <name>.text:sl_DevGet</name>
         <load_address>0x2000a968</load_address>
         <run_address>0x2000a968</run_address>
         <size>0x9c</size>
         <input_file_ref idref="fl-182"/>
      </object_component>
      <object_component id="oc-7ef">
         <name>.text</name>
         <load_address>0x2000aa04</load_address>
         <run_address>0x2000aa04</run_address>
         <size>0x98</size>
         <input_file_ref idref="fl-175"/>
      </object_component>
      <object_component id="oc-2c5">
         <name>.text</name>
         <load_address>0x2000aa9c</load_address>
         <run_address>0x2000aa9c</run_address>
         <size>0x98</size>
         <input_file_ref idref="fl-156"/>
      </object_component>
      <object_component id="oc-71b">
         <name>.text:spi_Write</name>
         <load_address>0x2000ab34</load_address>
         <run_address>0x2000ab34</run_address>
         <size>0x98</size>
         <input_file_ref idref="fl-189"/>
      </object_component>
      <object_component id="oc-525">
         <name>.text:PRCMPeripheralClockGet</name>
         <load_address>0x2000abcc</load_address>
         <run_address>0x2000abcc</run_address>
         <size>0x94</size>
         <input_file_ref idref="fl-17b"/>
      </object_component>
      <object_component id="oc-258">
         <name>.text</name>
         <load_address>0x2000ac60</load_address>
         <run_address>0x2000ac60</run_address>
         <size>0x90</size>
         <input_file_ref idref="fl-6"/>
      </object_component>
      <object_component id="oc-146">
         <name>.text:sl_WlanSmartConfigStart</name>
         <load_address>0x2000acf0</load_address>
         <run_address>0x2000acf0</run_address>
         <size>0x90</size>
         <input_file_ref idref="fl-188"/>
      </object_component>
      <object_component id="oc-839">
         <name>.text:SetupDMAReceive</name>
         <load_address>0x2000ad80</load_address>
         <run_address>0x2000ad80</run_address>
         <size>0x8c</size>
         <input_file_ref idref="fl-189"/>
      </object_component>
      <object_component id="oc-7bd">
         <name>.text:SetupDMASend</name>
         <load_address>0x2000ae0c</load_address>
         <run_address>0x2000ae0c</run_address>
         <size>0x8c</size>
         <input_file_ref idref="fl-189"/>
      </object_component>
      <object_component id="oc-881">
         <name>.text:_sl_HandleAsync_DnsGetHostByName</name>
         <load_address>0x2000ae98</load_address>
         <run_address>0x2000ae98</run_address>
         <size>0x8c</size>
         <input_file_ref idref="fl-184"/>
      </object_component>
      <object_component id="oc-832">
         <name>.text:_sl_HandleAsync_PingResponse</name>
         <load_address>0x2000af24</load_address>
         <run_address>0x2000af24</run_address>
         <size>0x8c</size>
         <input_file_ref idref="fl-184"/>
      </object_component>
      <object_component id="oc-46a">
         <name>.text:PinConfigSet</name>
         <load_address>0x2000afb0</load_address>
         <run_address>0x2000afb0</run_address>
         <size>0x88</size>
         <input_file_ref idref="fl-17a"/>
      </object_component>
      <object_component id="oc-170">
         <name>.text:sl_Bind</name>
         <load_address>0x2000b038</load_address>
         <run_address>0x2000b038</run_address>
         <size>0x88</size>
         <input_file_ref idref="fl-187"/>
      </object_component>
      <object_component id="oc-4b8">
         <name>.text:__aeabi_cdcmple</name>
         <load_address>0x2000b0c0</load_address>
         <run_address>0x2000b0c0</run_address>
         <size>0x86</size>
         <input_file_ref idref="fl-155"/>
      </object_component>
      <object_component id="oc-4bd">
         <name>.text:__aeabi_cdrcmple</name>
         <load_address>0x2000b146</load_address>
         <run_address>0x2000b146</run_address>
         <size>0x86</size>
         <input_file_ref idref="fl-155"/>
      </object_component>
      <object_component id="oc-300">
         <name>.text:NwpPowerOnPreamble</name>
         <load_address>0x2000b1cc</load_address>
         <run_address>0x2000b1cc</run_address>
         <size>0x84</size>
         <input_file_ref idref="fl-189"/>
      </object_component>
      <object_component id="oc-3a8">
         <name>.text:GPIOIntTypeSet</name>
         <load_address>0x2000b250</load_address>
         <run_address>0x2000b250</run_address>
         <size>0x82</size>
         <input_file_ref idref="fl-178"/>
      </object_component>
      <object_component id="oc-354">
         <name>.text:_SlDrvCmdOp</name>
         <load_address>0x2000b2d4</load_address>
         <run_address>0x2000b2d4</run_address>
         <size>0x80</size>
         <input_file_ref idref="fl-183"/>
      </object_component>
      <object_component id="oc-83f">
         <name>.text:spi_Read_CPU</name>
         <load_address>0x2000b354</load_address>
         <run_address>0x2000b354</run_address>
         <size>0x80</size>
         <input_file_ref idref="fl-189"/>
      </object_component>
      <object_component id="oc-7cf">
         <name>.text:spi_Write_CPU</name>
         <load_address>0x2000b3d4</load_address>
         <run_address>0x2000b3d4</run_address>
         <size>0x80</size>
         <input_file_ref idref="fl-189"/>
      </object_component>
      <object_component id="oc-7da">
         <name>.text:_sl_HandleAsync_InitComplete</name>
         <load_address>0x2000b454</load_address>
         <run_address>0x2000b454</run_address>
         <size>0x7c</size>
         <input_file_ref idref="fl-182"/>
      </object_component>
      <object_component id="oc-224">
         <name>.text</name>
         <load_address>0x2000b4d0</load_address>
         <run_address>0x2000b4d0</run_address>
         <size>0x7a</size>
         <input_file_ref idref="fl-13f"/>
      </object_component>
      <object_component id="oc-4f">
         <name>.text</name>
         <load_address>0x2000b54a</load_address>
         <run_address>0x2000b54a</run_address>
         <size>0x7a</size>
         <input_file_ref idref="fl-144"/>
      </object_component>
      <object_component id="oc-8a3">
         <name>.text:_sl_HandleAsync_Connect</name>
         <load_address>0x2000b5c4</load_address>
         <run_address>0x2000b5c4</run_address>
         <size>0x78</size>
         <input_file_ref idref="fl-187"/>
      </object_component>
      <object_component id="oc-364">
         <name>.text:spi_Close</name>
         <load_address>0x2000b63c</load_address>
         <run_address>0x2000b63c</run_address>
         <size>0x78</size>
         <input_file_ref idref="fl-189"/>
      </object_component>
      <object_component id="oc-1d0">
         <name>.text:TimerIntRegister</name>
         <load_address>0x2000b6b4</load_address>
         <run_address>0x2000b6b4</run_address>
         <size>0x70</size>
         <input_file_ref idref="fl-17c"/>
      </object_component>
      <object_component id="oc-fe">
         <name>.text:_SlNonOsMainLoopTask</name>
         <load_address>0x2000b724</load_address>
         <run_address>0x2000b724</run_address>
         <size>0x70</size>
         <input_file_ref idref="fl-186"/>
      </object_component>
      <object_component id="oc-e9">
         <name>.text</name>
         <load_address>0x2000b794</load_address>
         <run_address>0x2000b794</run_address>
         <size>0x70</size>
         <input_file_ref idref="fl-146"/>
      </object_component>
      <object_component id="oc-8e4">
         <name>.text:_SlDrvCmdSend</name>
         <load_address>0x2000b804</load_address>
         <run_address>0x2000b804</run_address>
         <size>0x6c</size>
         <input_file_ref idref="fl-183"/>
      </object_component>
      <object_component id="oc-61">
         <name>.text</name>
         <load_address>0x2000b870</load_address>
         <run_address>0x2000b870</run_address>
         <size>0x6c</size>
         <input_file_ref idref="fl-151"/>
      </object_component>
      <object_component id="oc-42">
         <name>.text</name>
         <load_address>0x2000b8dc</load_address>
         <run_address>0x2000b8dc</run_address>
         <size>0x6a</size>
         <input_file_ref idref="fl-136"/>
      </object_component>
      <object_component id="oc-88d">
         <name>.text:_sl_NetAppSendTokenValue</name>
         <load_address>0x2000b948</load_address>
         <run_address>0x2000b948</run_address>
         <size>0x68</size>
         <input_file_ref idref="fl-184"/>
      </object_component>
      <object_component id="oc-7fc">
         <name>.text</name>
         <load_address>0x2000b9b0</load_address>
         <run_address>0x2000b9b0</run_address>
         <size>0x68</size>
         <input_file_ref idref="fl-163"/>
      </object_component>
      <object_component id="oc-128">
         <name>.text:sl_NetCfgSet</name>
         <load_address>0x2000ba18</load_address>
         <run_address>0x2000ba18</run_address>
         <size>0x68</size>
         <input_file_ref idref="fl-185"/>
      </object_component>
      <object_component id="oc-12e">
         <name>.text:sl_WlanSet</name>
         <load_address>0x2000ba80</load_address>
         <run_address>0x2000ba80</run_address>
         <size>0x68</size>
         <input_file_ref idref="fl-188"/>
      </object_component>
      <object_component id="oc-6a1">
         <name>.text</name>
         <load_address>0x2000bae8</load_address>
         <run_address>0x2000bae8</run_address>
         <size>0x66</size>
         <input_file_ref idref="fl-167"/>
      </object_component>
      <object_component id="oc-670">
         <name>.text</name>
         <load_address>0x2000bb50</load_address>
         <run_address>0x2000bb50</run_address>
         <size>0x64</size>
         <input_file_ref idref="fl-16d"/>
      </object_component>
      <object_component id="oc-6d8">
         <name>.text:uDMAChannelAttributeDisable</name>
         <load_address>0x2000bbb4</load_address>
         <run_address>0x2000bbb4</run_address>
         <size>0x64</size>
         <input_file_ref idref="fl-17e"/>
      </object_component>
      <object_component id="oc-8b7">
         <name>.text:uDMAChannelAttributeEnable</name>
         <load_address>0x2000bc18</load_address>
         <run_address>0x2000bc18</run_address>
         <size>0x64</size>
         <input_file_ref idref="fl-17e"/>
      </object_component>
      <object_component id="oc-229">
         <name>.text:__aeabi_cfrcmple</name>
         <load_address>0x2000bc7c</load_address>
         <run_address>0x2000bc7c</run_address>
         <size>0x60</size>
         <input_file_ref idref="fl-13e"/>
      </object_component>
      <object_component id="oc-89d">
         <name>.text:_sl_HandleAsync_Accept</name>
         <load_address>0x2000bcdc</load_address>
         <run_address>0x2000bcdc</run_address>
         <size>0x60</size>
         <input_file_ref idref="fl-187"/>
      </object_component>
      <object_component id="oc-22e">
         <name>.text</name>
         <load_address>0x2000bd3c</load_address>
         <run_address>0x2000bd3c</run_address>
         <size>0x60</size>
         <input_file_ref idref="fl-147"/>
      </object_component>
      <object_component id="oc-116">
         <name>.text:sl_WlanPolicySet</name>
         <load_address>0x2000bd9c</load_address>
         <run_address>0x2000bd9c</run_address>
         <size>0x60</size>
         <input_file_ref idref="fl-188"/>
      </object_component>
      <object_component id="oc-509">
         <name>.text:_SlNonOsSemGet</name>
         <load_address>0x2000bdfc</load_address>
         <run_address>0x2000bdfc</run_address>
         <size>0x5c</size>
         <input_file_ref idref="fl-186"/>
      </object_component>
      <object_component id="oc-5ac">
         <name>.text:_SlNonOsSpawn</name>
         <load_address>0x2000be58</load_address>
         <run_address>0x2000be58</run_address>
         <size>0x5c</size>
         <input_file_ref idref="fl-186"/>
      </object_component>
      <object_component id="oc-25e">
         <name>.text:sl_Socket</name>
         <load_address>0x2000beb4</load_address>
         <run_address>0x2000beb4</run_address>
         <size>0x5c</size>
         <input_file_ref idref="fl-187"/>
      </object_component>
      <object_component id="oc-426">
         <name>.text:IntPendClear</name>
         <load_address>0x2000bf10</load_address>
         <run_address>0x2000bf10</run_address>
         <size>0x58</size>
         <input_file_ref idref="fl-179"/>
      </object_component>
      <object_component id="oc-2b2">
         <name>.text:PRCMPeripheralReset</name>
         <load_address>0x2000bf68</load_address>
         <run_address>0x2000bf68</run_address>
         <size>0x58</size>
         <input_file_ref idref="fl-17b"/>
      </object_component>
      <object_component id="oc-4c2">
         <name>.text</name>
         <load_address>0x2000bfc0</load_address>
         <run_address>0x2000bfc0</run_address>
         <size>0x56</size>
         <input_file_ref idref="fl-15b"/>
      </object_component>
      <object_component id="oc-3ae">
         <name>.text:IntPrioritySet</name>
         <load_address>0x2000c018</load_address>
         <run_address>0x2000c018</run_address>
         <size>0x54</size>
         <input_file_ref idref="fl-179"/>
      </object_component>
      <object_component id="oc-8a9">
         <name>.text:_sl_HandleAsync_Select</name>
         <load_address>0x2000c06c</load_address>
         <run_address>0x2000c06c</run_address>
         <size>0x54</size>
         <input_file_ref idref="fl-187"/>
      </object_component>
      <object_component id="oc-13a">
         <name>.text:sl_WlanRxFilterSet</name>
         <load_address>0x2000c0c0</load_address>
         <run_address>0x2000c0c0</run_address>
         <size>0x54</size>
         <input_file_ref idref="fl-188"/>
      </object_component>
      <object_component id="oc-7e0">
         <name>.text:_sl_HandleAsync_Stop</name>
         <load_address>0x2000c114</load_address>
         <run_address>0x2000c114</run_address>
         <size>0x50</size>
         <input_file_ref idref="fl-182"/>
      </object_component>
      <object_component id="oc-54f">
         <name>.text:SPIIntEnable</name>
         <load_address>0x2000c164</load_address>
         <run_address>0x2000c164</run_address>
         <size>0x4c</size>
         <input_file_ref idref="fl-18a"/>
      </object_component>
      <object_component id="oc-724">
         <name>.text:SPIIntNumberGet</name>
         <load_address>0x2000c1b0</load_address>
         <run_address>0x2000c1b0</run_address>
         <size>0x4c</size>
         <input_file_ref idref="fl-18a"/>
      </object_component>
      <object_component id="oc-312">
         <name>.text:_SlDrvProtectAsyncRespSetting</name>
         <load_address>0x2000c1fc</load_address>
         <run_address>0x2000c1fc</run_address>
         <size>0x4c</size>
         <input_file_ref idref="fl-183"/>
      </object_component>
      <object_component id="oc-33f">
         <name>.text:_SlDrvRxIrqHandler</name>
         <load_address>0x2000c248</load_address>
         <run_address>0x2000c248</run_address>
         <size>0x4c</size>
         <input_file_ref idref="fl-183"/>
      </object_component>
      <object_component id="oc-3fa">
         <name>.text:_sl_BuildAddress</name>
         <load_address>0x2000c294</load_address>
         <run_address>0x2000c294</run_address>
         <size>0x4c</size>
         <input_file_ref idref="fl-187"/>
      </object_component>
      <object_component id="oc-24e">
         <name>.text</name>
         <load_address>0x2000c2e0</load_address>
         <run_address>0x2000c2e0</run_address>
         <size>0x4c</size>
         <input_file_ref idref="fl-133"/>
      </object_component>
      <object_component id="oc-97">
         <name>.text</name>
         <load_address>0x2000c32c</load_address>
         <run_address>0x2000c32c</run_address>
         <size>0x4c</size>
         <input_file_ref idref="fl-152"/>
      </object_component>
      <object_component id="oc-6d2">
         <name>.text:uDMAChannelAssign</name>
         <load_address>0x2000c378</load_address>
         <run_address>0x2000c378</run_address>
         <size>0x4c</size>
         <input_file_ref idref="fl-17e"/>
      </object_component>
      <object_component id="oc-61c">
         <name>.text:GPIOGetIntNumber</name>
         <load_address>0x2000c3c4</load_address>
         <run_address>0x2000c3c4</run_address>
         <size>0x48</size>
         <input_file_ref idref="fl-178"/>
      </object_component>
      <object_component id="oc-6ee">
         <name>.text:SPIIntClear</name>
         <load_address>0x2000c40c</load_address>
         <run_address>0x2000c40c</run_address>
         <size>0x48</size>
         <input_file_ref idref="fl-18a"/>
      </object_component>
      <object_component id="oc-387">
         <name>.text:_SlDrvBasicCmd</name>
         <load_address>0x2000c454</load_address>
         <run_address>0x2000c454</run_address>
         <size>0x48</size>
         <input_file_ref idref="fl-183"/>
      </object_component>
      <object_component id="oc-21a">
         <name>.text</name>
         <load_address>0x2000c49c</load_address>
         <run_address>0x2000c49c</run_address>
         <size>0x48</size>
         <input_file_ref idref="fl-13d"/>
      </object_component>
      <object_component id="oc-4ce">
         <name>.text</name>
         <load_address>0x2000c4e4</load_address>
         <run_address>0x2000c4e4</run_address>
         <size>0x46</size>
         <input_file_ref idref="fl-159"/>
      </object_component>
      <object_component id="oc-6e2">
         <name>.text:SPIDmaMaskGet</name>
         <load_address>0x2000c52c</load_address>
         <run_address>0x2000c52c</run_address>
         <size>0x44</size>
         <input_file_ref idref="fl-18a"/>
      </object_component>
      <object_component id="oc-1a0">
         <name>.text:TimerConfigure</name>
         <load_address>0x2000c570</load_address>
         <run_address>0x2000c570</run_address>
         <size>0x44</size>
         <input_file_ref idref="fl-17c"/>
      </object_component>
      <object_component id="oc-84c">
         <name>.text:cc_SetupTransfer</name>
         <load_address>0x2000c5b4</load_address>
         <run_address>0x2000c5b4</run_address>
         <size>0x44</size>
         <input_file_ref idref="fl-189"/>
      </object_component>
      <object_component id="oc-6d">
         <name>.text</name>
         <load_address>0x2000c5f8</load_address>
         <run_address>0x2000c5f8</run_address>
         <size>0x44</size>
         <input_file_ref idref="fl-139"/>
      </object_component>
      <object_component id="oc-17c">
         <name>.text:sl_Htonl</name>
         <load_address>0x2000c63c</load_address>
         <run_address>0x2000c63c</run_address>
         <size>0x42</size>
         <input_file_ref idref="fl-187"/>
      </object_component>
      <object_component id="oc-65f">
         <name>.text:PinModeSet</name>
         <load_address>0x2000c680</load_address>
         <run_address>0x2000c680</run_address>
         <size>0x40</size>
         <input_file_ref idref="fl-17a"/>
      </object_component>
      <object_component id="oc-86e">
         <name>.text</name>
         <load_address>0x2000c6c0</load_address>
         <run_address>0x2000c6c0</run_address>
         <size>0x40</size>
         <input_file_ref idref="fl-170"/>
      </object_component>
      <object_component id="oc-15e">
         <name>.text</name>
         <load_address>0x2000c700</load_address>
         <run_address>0x2000c700</run_address>
         <size>0x40</size>
         <input_file_ref idref="fl-14c"/>
      </object_component>
      <object_component id="oc-31e">
         <name>.text:NwpRegisterInterruptHandler</name>
         <load_address>0x2000c740</load_address>
         <run_address>0x2000c740</run_address>
         <size>0x3e</size>
         <input_file_ref idref="fl-189"/>
      </object_component>
      <object_component id="oc-894">
         <name>.text:CopyPingResultsToReport</name>
         <load_address>0x2000c77e</load_address>
         <run_address>0x2000c77e</run_address>
         <size>0x3c</size>
         <input_file_ref idref="fl-184"/>
      </object_component>
      <object_component id="oc-1be">
         <name>.text:PRCMPeripheralClkEnable</name>
         <load_address>0x2000c7bc</load_address>
         <run_address>0x2000c7bc</run_address>
         <size>0x3c</size>
         <input_file_ref idref="fl-17b"/>
      </object_component>
      <object_component id="oc-40b">
         <name>.text:_sl_TruncatePayloadByProtocol</name>
         <load_address>0x2000c7f8</load_address>
         <run_address>0x2000c7f8</run_address>
         <size>0x3c</size>
         <input_file_ref idref="fl-187"/>
      </object_component>
      <object_component id="oc-24">
         <name>.text</name>
         <load_address>0x2000c834</load_address>
         <run_address>0x2000c834</run_address>
         <size>0x3c</size>
         <input_file_ref idref="fl-134"/>
      </object_component>
      <object_component id="oc-16a">
         <name>.text:sl_Htons</name>
         <load_address>0x2000c870</load_address>
         <run_address>0x2000c870</run_address>
         <size>0x3c</size>
         <input_file_ref idref="fl-187"/>
      </object_component>
      <object_component id="oc-8b1">
         <name>.text:uDMAChannelControlSet</name>
         <load_address>0x2000c8ac</load_address>
         <run_address>0x2000c8ac</run_address>
         <size>0x3c</size>
         <input_file_ref idref="fl-17e"/>
      </object_component>
      <object_component id="oc-246">
         <name>.text:ADCChannelEnable</name>
         <load_address>0x2000c8e8</load_address>
         <run_address>0x2000c8e8</run_address>
         <size>0x38</size>
         <input_file_ref idref="fl-177"/>
      </object_component>
      <object_component id="oc-318">
         <name>.text:NwpPowerOff</name>
         <load_address>0x2000c920</load_address>
         <run_address>0x2000c920</run_address>
         <size>0x38</size>
         <input_file_ref idref="fl-189"/>
      </object_component>
      <object_component id="oc-21f">
         <name>.text</name>
         <load_address>0x2000c958</load_address>
         <run_address>0x2000c958</run_address>
         <size>0x38</size>
         <input_file_ref idref="fl-141"/>
      </object_component>
      <object_component id="oc-47c">
         <name>.text:GPIODirModeSet</name>
         <load_address>0x2000c990</load_address>
         <run_address>0x2000c990</run_address>
         <size>0x36</size>
         <input_file_ref idref="fl-178"/>
      </object_component>
      <object_component id="oc-1ac">
         <name>.text:TimerControlLevel</name>
         <load_address>0x2000c9c6</load_address>
         <run_address>0x2000c9c6</run_address>
         <size>0x36</size>
         <input_file_ref idref="fl-17c"/>
      </object_component>
      <object_component id="oc-134">
         <name>.text:sl_NetAppMDNSUnRegisterService</name>
         <load_address>0x2000c9fc</load_address>
         <run_address>0x2000c9fc</run_address>
         <size>0x36</size>
         <input_file_ref idref="fl-184"/>
      </object_component>
      <object_component id="oc-531">
         <name>.text:PRCMPeripheralStatusGet</name>
         <load_address>0x2000ca34</load_address>
         <run_address>0x2000ca34</run_address>
         <size>0x34</size>
         <input_file_ref idref="fl-17b"/>
      </object_component>
      <object_component id="oc-549">
         <name>.text:SPIFIFOLevelSet</name>
         <load_address>0x2000ca68</load_address>
         <run_address>0x2000ca68</run_address>
         <size>0x34</size>
         <input_file_ref idref="fl-18a"/>
      </object_component>
      <object_component id="oc-789">
         <name>.text</name>
         <load_address>0x2000ca9c</load_address>
         <run_address>0x2000ca9c</run_address>
         <size>0x34</size>
         <input_file_ref idref="fl-16b"/>
      </object_component>
      <object_component id="oc-476">
         <name>.text:PinTypeGPIO</name>
         <load_address>0x2000cad0</load_address>
         <run_address>0x2000cad0</run_address>
         <size>0x30</size>
         <input_file_ref idref="fl-17a"/>
      </object_component>
      <object_component id="oc-1c4">
         <name>.text:TimerControlEvent</name>
         <load_address>0x2000cb00</load_address>
         <run_address>0x2000cb00</run_address>
         <size>0x30</size>
         <input_file_ref idref="fl-17c"/>
      </object_component>
      <object_component id="oc-72d">
         <name>.text:_SlDrvDeviceEventHandler</name>
         <load_address>0x2000cb30</load_address>
         <run_address>0x2000cb30</run_address>
         <size>0x30</size>
         <input_file_ref idref="fl-182"/>
      </object_component>
      <object_component id="oc-683">
         <name>.text</name>
         <load_address>0x2000cb60</load_address>
         <run_address>0x2000cb60</run_address>
         <size>0x30</size>
         <input_file_ref idref="fl-160"/>
      </object_component>
      <object_component id="oc-6af">
         <name>.text</name>
         <load_address>0x2000cb90</load_address>
         <run_address>0x2000cb90</run_address>
         <size>0x30</size>
         <input_file_ref idref="fl-168"/>
      </object_component>
      <object_component id="oc-176">
         <name>.text:sl_Close</name>
         <load_address>0x2000cbc0</load_address>
         <run_address>0x2000cbc0</run_address>
         <size>0x30</size>
         <input_file_ref idref="fl-187"/>
      </object_component>
      <object_component id="oc-11c">
         <name>.text:sl_WlanProfileDel</name>
         <load_address>0x2000cbf0</load_address>
         <run_address>0x2000cbf0</run_address>
         <size>0x30</size>
         <input_file_ref idref="fl-188"/>
      </object_component>
      <object_component id="oc-104">
         <name>.text:sl_WlanSetMode</name>
         <load_address>0x2000cc20</load_address>
         <run_address>0x2000cc20</run_address>
         <size>0x30</size>
         <input_file_ref idref="fl-188"/>
      </object_component>
      <object_component id="oc-206">
         <name>.text</name>
         <load_address>0x2000cc50</load_address>
         <run_address>0x2000cc50</run_address>
         <size>0x2e</size>
         <input_file_ref idref="fl-140"/>
      </object_component>
      <object_component id="oc-81e">
         <name>.text</name>
         <load_address>0x2000cc7e</load_address>
         <run_address>0x2000cc7e</run_address>
         <size>0x2e</size>
         <input_file_ref idref="fl-16e"/>
      </object_component>
      <object_component id="oc-324">
         <name>.text:NwpPowerOn</name>
         <load_address>0x2000ccac</load_address>
         <run_address>0x2000ccac</run_address>
         <size>0x2c</size>
         <input_file_ref idref="fl-189"/>
      </object_component>
      <object_component id="oc-2be">
         <name>.text:PRCMSysResetCauseGet</name>
         <load_address>0x2000ccd8</load_address>
         <run_address>0x2000ccd8</run_address>
         <size>0x2c</size>
         <input_file_ref idref="fl-17b"/>
      </object_component>
      <object_component id="oc-1b2">
         <name>.text:TimerLoadSet</name>
         <load_address>0x2000cd04</load_address>
         <run_address>0x2000cd04</run_address>
         <size>0x2a</size>
         <input_file_ref idref="fl-17c"/>
      </object_component>
      <object_component id="oc-1b8">
         <name>.text:TimerMatchSet</name>
         <load_address>0x2000cd2e</load_address>
         <run_address>0x2000cd2e</run_address>
         <size>0x2a</size>
         <input_file_ref idref="fl-17c"/>
      </object_component>
      <object_component id="oc-1a6">
         <name>.text:TimerPrescaleSet</name>
         <load_address>0x2000cd58</load_address>
         <run_address>0x2000cd58</run_address>
         <size>0x2a</size>
         <input_file_ref idref="fl-17c"/>
      </object_component>
      <object_component id="oc-3df">
         <name>.text</name>
         <load_address>0x2000cd82</load_address>
         <run_address>0x2000cd82</run_address>
         <size>0x2a</size>
         <input_file_ref idref="fl-161"/>
      </object_component>
      <object_component id="oc-4da">
         <name>.text</name>
         <load_address>0x2000cdac</load_address>
         <run_address>0x2000cdac</run_address>
         <size>0x2a</size>
         <input_file_ref idref="fl-165"/>
      </object_component>
      <object_component id="oc-2b8">
         <name>.text:PRCMPeripheralClkDisable</name>
         <load_address>0x2000cdd8</load_address>
         <run_address>0x2000cdd8</run_address>
         <size>0x28</size>
         <input_file_ref idref="fl-17b"/>
      </object_component>
      <object_component id="oc-561">
         <name>.text:DmaSpiSwIntHandler</name>
         <load_address>0x2000ce00</load_address>
         <run_address>0x2000ce00</run_address>
         <size>0x24</size>
         <input_file_ref idref="fl-189"/>
      </object_component>
      <object_component id="oc-58a">
         <name>.text:IntUnregister</name>
         <load_address>0x2000ce24</load_address>
         <run_address>0x2000ce24</run_address>
         <size>0x24</size>
         <input_file_ref idref="fl-179"/>
      </object_component>
      <object_component id="oc-576">
         <name>.text:_SlDrvProtectionObjLockWaitForever</name>
         <load_address>0x2000ce48</load_address>
         <run_address>0x2000ce48</run_address>
         <size>0x24</size>
         <input_file_ref idref="fl-183"/>
      </object_component>
      <object_component id="oc-3e5">
         <name>.text</name>
         <load_address>0x2000ce6c</load_address>
         <run_address>0x2000ce6c</run_address>
         <size>0x24</size>
         <input_file_ref idref="fl-15f"/>
      </object_component>
      <object_component id="oc-420">
         <name>.text:GPIOIntStatus</name>
         <load_address>0x2000ce90</load_address>
         <run_address>0x2000ce90</run_address>
         <size>0x22</size>
         <input_file_ref idref="fl-178"/>
      </object_component>
      <object_component id="oc-51f">
         <name>.text:SPIReset</name>
         <load_address>0x2000ceb2</load_address>
         <run_address>0x2000ceb2</run_address>
         <size>0x22</size>
         <input_file_ref idref="fl-18a"/>
      </object_component>
      <object_component id="oc-7c9">
         <name>.text:SPIWordCountSet</name>
         <load_address>0x2000ced4</load_address>
         <run_address>0x2000ced4</run_address>
         <size>0x22</size>
         <input_file_ref idref="fl-18a"/>
      </object_component>
      <object_component id="oc-4c8">
         <name>.text</name>
         <load_address>0x2000cef6</load_address>
         <run_address>0x2000cef6</run_address>
         <size>0x22</size>
         <input_file_ref idref="fl-158"/>
      </object_component>
      <object_component id="oc-3c0">
         <name>.text:GPIOPinWrite</name>
         <load_address>0x2000cf18</load_address>
         <run_address>0x2000cf18</run_address>
         <size>0x20</size>
         <input_file_ref idref="fl-178"/>
      </object_component>
      <object_component id="oc-44a">
         <name>.text:IntRegister</name>
         <load_address>0x2000cf38</load_address>
         <run_address>0x2000cf38</run_address>
         <size>0x20</size>
         <input_file_ref idref="fl-179"/>
      </object_component>
      <object_component id="oc-57c">
         <name>.text:_SlDrvProtectionObjUnLock</name>
         <load_address>0x2000cf58</load_address>
         <run_address>0x2000cf58</run_address>
         <size>0x20</size>
         <input_file_ref idref="fl-183"/>
      </object_component>
      <object_component id="oc-4ab">
         <name>.text</name>
         <load_address>0x2000cf78</load_address>
         <run_address>0x2000cf78</run_address>
         <size>0x20</size>
         <input_file_ref idref="fl-15d"/>
      </object_component>
      <object_component id="oc-3b4">
         <name>.text:GPIOIntRegister</name>
         <load_address>0x2000cf98</load_address>
         <run_address>0x2000cf98</run_address>
         <size>0x1e</size>
         <input_file_ref idref="fl-178"/>
      </object_component>
      <object_component id="oc-1e8">
         <name>.text:TimerDisable</name>
         <load_address>0x2000cfb6</load_address>
         <run_address>0x2000cfb6</run_address>
         <size>0x1e</size>
         <input_file_ref idref="fl-17c"/>
      </object_component>
      <object_component id="oc-1dc">
         <name>.text:TimerEnable</name>
         <load_address>0x2000cfd4</load_address>
         <run_address>0x2000cfd4</run_address>
         <size>0x1e</size>
         <input_file_ref idref="fl-17c"/>
      </object_component>
      <object_component id="oc-5d0">
         <name>.text:_SlDrvObjLockWaitForever</name>
         <load_address>0x2000cff2</load_address>
         <run_address>0x2000cff2</run_address>
         <size>0x1e</size>
         <input_file_ref idref="fl-183"/>
      </object_component>
      <object_component id="oc-32a">
         <name>.text:_SlDrvSyncObjWaitForever</name>
         <load_address>0x2000d010</load_address>
         <run_address>0x2000d010</run_address>
         <size>0x1e</size>
         <input_file_ref idref="fl-183"/>
      </object_component>
      <object_component id="oc-537">
         <name>.text:cc_UDMAChannelSelect</name>
         <load_address>0x2000d02e</load_address>
         <run_address>0x2000d02e</run_address>
         <size>0x1e</size>
         <input_file_ref idref="fl-189"/>
      </object_component>
      <object_component id="oc-234">
         <name>.text</name>
         <load_address>0x2000d04c</load_address>
         <run_address>0x2000d04c</run_address>
         <size>0x1e</size>
         <input_file_ref idref="fl-149"/>
      </object_component>
      <object_component id="oc-1fa">
         <name>.text:ADCFIFOLvlGet</name>
         <load_address>0x2000d06a</load_address>
         <run_address>0x2000d06a</run_address>
         <size>0x1c</size>
         <input_file_ref idref="fl-177"/>
      </object_component>
      <object_component id="oc-4e0">
         <name>.text</name>
         <load_address>0x2000d086</load_address>
         <run_address>0x2000d086</run_address>
         <size>0x1c</size>
         <input_file_ref idref="fl-15c"/>
      </object_component>
      <object_component id="oc-8c3">
         <name>.text:uDMAChannelEnable</name>
         <load_address>0x2000d0a4</load_address>
         <run_address>0x2000d0a4</run_address>
         <size>0x1c</size>
         <input_file_ref idref="fl-17e"/>
      </object_component>
      <object_component id="oc-42c">
         <name>.text:GPIOIntDisable</name>
         <load_address>0x2000d0c0</load_address>
         <run_address>0x2000d0c0</run_address>
         <size>0x1a</size>
         <input_file_ref idref="fl-178"/>
      </object_component>
      <object_component id="oc-3ba">
         <name>.text:GPIOIntEnable</name>
         <load_address>0x2000d0da</load_address>
         <run_address>0x2000d0da</run_address>
         <size>0x1a</size>
         <input_file_ref idref="fl-178"/>
      </object_component>
      <object_component id="oc-5f9">
         <name>.text:SPIDmaDisable</name>
         <load_address>0x2000d0f4</load_address>
         <run_address>0x2000d0f4</run_address>
         <size>0x1a</size>
         <input_file_ref idref="fl-18a"/>
      </object_component>
      <object_component id="oc-543">
         <name>.text:SPIDmaEnable</name>
         <load_address>0x2000d10e</load_address>
         <run_address>0x2000d10e</run_address>
         <size>0x1a</size>
         <input_file_ref idref="fl-18a"/>
      </object_component>
      <object_component id="oc-5f3">
         <name>.text:SPIFIFODisable</name>
         <load_address>0x2000d128</load_address>
         <run_address>0x2000d128</run_address>
         <size>0x1a</size>
         <input_file_ref idref="fl-18a"/>
      </object_component>
      <object_component id="oc-53d">
         <name>.text:SPIFIFOEnable</name>
         <load_address>0x2000d142</load_address>
         <run_address>0x2000d142</run_address>
         <size>0x1a</size>
         <input_file_ref idref="fl-18a"/>
      </object_component>
      <object_component id="oc-5ed">
         <name>.text:SPIIntUnregister</name>
         <load_address>0x2000d15c</load_address>
         <run_address>0x2000d15c</run_address>
         <size>0x1a</size>
         <input_file_ref idref="fl-18a"/>
      </object_component>
      <object_component id="oc-5e2">
         <name>.text:_SlDrvObjUnLock</name>
         <load_address>0x2000d176</load_address>
         <run_address>0x2000d176</run_address>
         <size>0x1a</size>
         <input_file_ref idref="fl-183"/>
      </object_component>
      <object_component id="oc-59f">
         <name>.text:_SlDrvSyncObjSignal</name>
         <load_address>0x2000d190</load_address>
         <run_address>0x2000d190</run_address>
         <size>0x1a</size>
         <input_file_ref idref="fl-183"/>
      </object_component>
      <object_component id="oc-200">
         <name>.text:ADCFIFORead</name>
         <load_address>0x2000d1aa</load_address>
         <run_address>0x2000d1aa</run_address>
         <size>0x18</size>
         <input_file_ref idref="fl-177"/>
      </object_component>
      <object_component id="oc-3cc">
         <name>.text:GPIOPinRead</name>
         <load_address>0x2000d1c2</load_address>
         <run_address>0x2000d1c2</run_address>
         <size>0x18</size>
         <input_file_ref idref="fl-178"/>
      </object_component>
      <object_component id="oc-513">
         <name>.text:SPICSDisable</name>
         <load_address>0x2000d1da</load_address>
         <run_address>0x2000d1da</run_address>
         <size>0x18</size>
         <input_file_ref idref="fl-18a"/>
      </object_component>
      <object_component id="oc-7c3">
         <name>.text:SPICSEnable</name>
         <load_address>0x2000d1f2</load_address>
         <run_address>0x2000d1f2</run_address>
         <size>0x18</size>
         <input_file_ref idref="fl-18a"/>
      </object_component>
      <object_component id="oc-519">
         <name>.text:SPIDisable</name>
         <load_address>0x2000d20a</load_address>
         <run_address>0x2000d20a</run_address>
         <size>0x18</size>
         <input_file_ref idref="fl-18a"/>
      </object_component>
      <object_component id="oc-555">
         <name>.text:SPIEnable</name>
         <load_address>0x2000d222</load_address>
         <run_address>0x2000d222</run_address>
         <size>0x18</size>
         <input_file_ref idref="fl-18a"/>
      </object_component>
      <object_component id="oc-1e2">
         <name>.text:TimerIntDisable</name>
         <load_address>0x2000d23a</load_address>
         <run_address>0x2000d23a</run_address>
         <size>0x18</size>
         <input_file_ref idref="fl-17c"/>
      </object_component>
      <object_component id="oc-1d6">
         <name>.text:TimerIntEnable</name>
         <load_address>0x2000d252</load_address>
         <run_address>0x2000d252</run_address>
         <size>0x18</size>
         <input_file_ref idref="fl-17c"/>
      </object_component>
      <object_component id="oc-503">
         <name>.text:_SlNonOsSemSet</name>
         <load_address>0x2000d26a</load_address>
         <run_address>0x2000d26a</run_address>
         <size>0x18</size>
         <input_file_ref idref="fl-186"/>
      </object_component>
      <object_component id="oc-336">
         <name>.text:_sl_GetStartResponseConvert</name>
         <load_address>0x2000d284</load_address>
         <run_address>0x2000d284</run_address>
         <size>0x18</size>
         <input_file_ref idref="fl-182"/>
      </object_component>
      <object_component id="oc-67">
         <name>.text</name>
         <load_address>0x2000d29c</load_address>
         <run_address>0x2000d29c</run_address>
         <size>0x18</size>
         <input_file_ref idref="fl-150"/>
      </object_component>
      <object_component id="oc-19a">
         <name>.text</name>
         <load_address>0x2000d2b4</load_address>
         <run_address>0x2000d2b4</run_address>
         <size>0x18</size>
         <input_file_ref idref="fl-14a"/>
      </object_component>
      <object_component id="oc-2a6">
         <name>.text:PRCMHIBRegRead</name>
         <load_address>0x2000d2cc</load_address>
         <run_address>0x2000d2cc</run_address>
         <size>0x16</size>
         <input_file_ref idref="fl-17b"/>
      </object_component>
      <object_component id="oc-2ac">
         <name>.text:PRCMHIBRegWrite</name>
[...]
      </symbol>
      <symbol id="sm-102f">
         <name>_SlDrvMemZero</name>
         <value>0x2000d2f9</value>
         <object_component_ref idref="oc-3d5"/>
      </symbol>
      <symbol id="sm-1030">
         <name>_SlDrvWaitForPoolObj</name>
         <value>0x200086f5</value>
         <object_component_ref idref="oc-570"/>
      </symbol>
      <symbol id="sm-1031">
         <name>_SlDrvSyncObjSignal</name>
         <value>0x2000d191</value>
         <object_component_ref idref="oc-59f"/>
      </symbol>
      <symbol id="sm-1032">
         <name>g_H2NCnysPattern</name>
         <value>0x2000da18</value>
         <object_component_ref idref="oc-604"/>
      </symbol>
      <symbol id="sm-1033">
         <name>_SlDrvMsgWrite</name>
         <value>0x200081ad</value>
         <object_component_ref idref="oc-5d6"/>
      </symbol>
      <symbol id="sm-1034">
         <name>_SlDrvDataReadOp</name>
         <value>0x200091bd</value>
         <object_component_ref idref="oc-418"/>
      </symbol>
      <symbol id="sm-1035">
         <name>_SlDrvDataWriteOp</name>
         <value>0x20009731</value>
         <object_component_ref idref="oc-411"/>
      </symbol>
      <symbol id="sm-1036">
         <name>_SlDrvRxIrqHandler</name>
         <value>0x2000c249</value>
         <object_component_ref idref="oc-33f"/>
      </symbol>
      <symbol id="sm-1037">
         <name>_SlDrvMsgRead</name>
         <value>0x20006619</value>
         <object_component_ref idref="oc-70d"/>
      </symbol>
      <symbol id="sm-1038">
         <name>_SlDrvSyncObjWaitForever</name>
         <value>0x2000d011</value>
         <object_component_ref idref="oc-32a"/>
      </symbol>
      <symbol id="sm-1039">
         <name>g_H2NSyncPattern</name>
         <value>0x2000da10</value>
         <object_component_ref idref="oc-604"/>
      </symbol>
      <symbol id="sm-103a">
         <name>_SlDrvCmdSend</name>
         <value>0x2000b805</value>
         <object_component_ref idref="oc-8e4"/>
      </symbol>
      <symbol id="sm-103b">
         <name>_SlActionLookupTable</name>
         <value>0x2000d9d8</value>
         <object_component_ref idref="oc-846"/>
      </symbol>
      <symbol id="sm-10b9">
         <name>sl_NetAppMDNSUnRegisterService</name>
         <value>0x2000c9fd</value>
         <object_component_ref idref="oc-134"/>
      </symbol>
      <symbol id="sm-10ba">
         <name>_SlNetAppSendTokenValueCmdCtrl</name>
         <value>0x2000dac0</value>
         <object_component_ref idref="oc-60c"/>
      </symbol>
      <symbol id="sm-10bb">
         <name>_SlGetServiceListeCtrl</name>
         <value>0x2000daac</value>
         <object_component_ref idref="oc-60c"/>
      </symbol>
      <symbol id="sm-10bc">
         <name>_SlNetAppStopCtrl</name>
         <value>0x2000daa8</value>
         <object_component_ref idref="oc-60c"/>
      </symbol>
      <symbol id="sm-10bd">
         <name>_SlNetAppSetCmdCtrl</name>
         <value>0x2000dabc</value>
         <object_component_ref idref="oc-60c"/>
      </symbol>
      <symbol id="sm-10be">
         <name>_SlNetAppGetCmdCtrl</name>
         <value>0x2000dac4</value>
         <object_component_ref idref="oc-60c"/>
      </symbol>
      <symbol id="sm-10bf">
         <name>_sl_HandleAsync_DnsGetHostByName</name>
         <value>0x2000ae99</value>
         <object_component_ref idref="oc-881"/>
      </symbol>
      <symbol id="sm-10c0">
         <name>_SlRegisterServiceCtrl</name>
         <value>0x2000dab0</value>
         <object_component_ref idref="oc-60c"/>
      </symbol>
      <symbol id="sm-10c1">
         <name>_sl_HandleAsync_PingResponse</name>
         <value>0x2000af25</value>
         <object_component_ref idref="oc-832"/>
      </symbol>
      <symbol id="sm-10c2">
         <name>_SlNetAppStartCtrl</name>
         <value>0x2000daa4</value>
         <object_component_ref idref="oc-60c"/>
      </symbol>
      <symbol id="sm-10c3">
         <name>_SlDrvNetAppEventHandler</name>
         <value>0x20009939</value>
         <object_component_ref idref="oc-82c"/>
      </symbol>
      <symbol id="sm-10c4">
         <name>_sl_HandleAsync_DnsGetHostByService</name>
         <value>0x20009f9d</value>
         <object_component_ref idref="oc-887"/>
      </symbol>
      <symbol id="sm-10c5">
         <name>_sl_NetAppSendTokenValue</name>
         <value>0x2000b949</value>
         <object_component_ref idref="oc-88d"/>
      </symbol>
      <symbol id="sm-10c6">
         <name>CopyPingResultsToReport</name>
         <value>0x2000c77f</value>
         <object_component_ref idref="oc-894"/>
      </symbol>
      <symbol id="sm-10c7">
         <name>_SlGetHostByNameCtrl</name>
         <value>0x2000dab8</value>
         <object_component_ref idref="oc-60c"/>
      </symbol>
      <symbol id="sm-10c8">
         <name>_SlGetHostByServiceCtrl</name>
         <value>0x2000dab4</value>
         <object_component_ref idref="oc-60c"/>
      </symbol>
      <symbol id="sm-10c9">
         <name>sl_NetAppMDNSRegisterUnregisterService</name>
         <value>0x2000a4e1</value>
         <object_component_ref idref="oc-399"/>
      </symbol>
      <symbol id="sm-10e6">
         <name>_SlNetCfgSetCmdCtrl</name>
         <value>0x2000db48</value>
         <object_component_ref idref="oc-38e"/>
      </symbol>
      <symbol id="sm-10e7">
         <name>_SlNetCfgGetCmdCtrl</name>
         <value>0x2000db4c</value>
         <object_component_ref idref="oc-38e"/>
      </symbol>
      <symbol id="sm-10e8">
         <name>sl_NetCfgSet</name>
         <value>0x2000ba19</value>
         <object_component_ref idref="oc-128"/>
      </symbol>
      <symbol id="sm-112a">
         <name>_SlNonOsSemSet</name>
         <value>0x2000d26b</value>
         <object_component_ref idref="oc-503"/>
      </symbol>
      <symbol id="sm-112b">
         <name>_SlNonOsSpawn</name>
         <value>0x2000be59</value>
         <object_component_ref idref="oc-5ac"/>
      </symbol>
      <symbol id="sm-112c">
         <name>_SlNonOsSemGet</name>
         <value>0x2000bdfd</value>
         <object_component_ref idref="oc-509"/>
      </symbol>
      <symbol id="sm-112d">
         <name>_SlNonOsMainLoopTask</name>
         <value>0x2000b725</value>
         <object_component_ref idref="oc-fe"/>
      </symbol>
      <symbol id="sm-112e">
         <name>g__SlNonOsCB</name>
         <value>0x2001b9c8</value>
         <object_component_ref idref="oc-34c"/>
      </symbol>
      <symbol id="sm-11f1">
         <name>_SlSockCloseCmdCtrl</name>
         <value>0x2000da48</value>
         <object_component_ref idref="oc-400"/>
      </symbol>
      <symbol id="sm-11f2">
         <name>_SlSendCmdCtrl</name>
         <value>0x2000da50</value>
         <object_component_ref idref="oc-400"/>
      </symbol>
      <symbol id="sm-11f3">
         <name>sl_SendTo</name>
         <value>0x200092e9</value>
         <object_component_ref idref="oc-182"/>
      </symbol>
      <symbol id="sm-11f4">
         <name>_sl_BuildAddress</name>
         <value>0x2000c295</value>
         <object_component_ref idref="oc-3fa"/>
      </symbol>
      <symbol id="sm-11f5">
         <name>_sl_HandleAsync_Connect</name>
         <value>0x2000b5c5</value>
         <object_component_ref idref="oc-8a3"/>
      </symbol>
      <symbol id="sm-11f6">
         <name>sl_Htonl</name>
         <value>0x2000c63d</value>
         <object_component_ref idref="oc-17c"/>
      </symbol>
      <symbol id="sm-11f7">
         <name>sl_Htons</name>
         <value>0x2000c871</value>
         <object_component_ref idref="oc-16a"/>
      </symbol>
      <symbol id="sm-11f8">
         <name>_SlSelectCmdCtrl</name>
         <value>0x2000da68</value>
         <object_component_ref idref="oc-400"/>
      </symbol>
      <symbol id="sm-11f9">
         <name>sl_Socket</name>
         <value>0x2000beb5</value>
         <object_component_ref idref="oc-25e"/>
      </symbol>
      <symbol id="sm-11fa">
         <name>_sl_HandleAsync_Select</name>
         <value>0x2000c06d</value>
         <object_component_ref idref="oc-8a9"/>
      </symbol>
      <symbol id="sm-11fb">
         <name>sl_RecvFrom</name>
         <value>0x20009625</value>
         <object_component_ref idref="oc-188"/>
      </symbol>
      <symbol id="sm-11fc">
         <name>_SlSockSocketCmdCtrl</name>
         <value>0x2000da44</value>
         <object_component_ref idref="oc-400"/>
      </symbol>
      <symbol id="sm-11fd">
         <name>_SlRecvfomCmdCtrl</name>
         <value>0x2000da4c</value>
         <object_component_ref idref="oc-400"/>
      </symbol>
      <symbol id="sm-11fe">
         <name>_SlSetSockOptCmdCtrl</name>
         <value>0x2000da60</value>
         <object_component_ref idref="oc-400"/>
      </symbol>
      <symbol id="sm-11ff">
         <name>_SlAcceptCmdCtrl</name>
         <value>0x2000da58</value>
         <object_component_ref idref="oc-400"/>
      </symbol>
      <symbol id="sm-1200">
         <name>_SlPayloadByProtocolLUT</name>
         <value>0x2000db30</value>
         <object_component_ref idref="oc-642"/>
      </symbol>
      <symbol id="sm-1201">
         <name>_SlListenCmdCtrl</name>
         <value>0x2000da54</value>
         <object_component_ref idref="oc-400"/>
      </symbol>
      <symbol id="sm-1202">
         <name>_SlRecvCmdCtrl</name>
         <value>0x2000da5c</value>
         <object_component_ref idref="oc-400"/>
      </symbol>
      <symbol id="sm-1203">
         <name>_SlGetSockOptCmdCtrl</name>
         <value>0x2000da64</value>
         <object_component_ref idref="oc-400"/>
      </symbol>
      <symbol id="sm-1204">
         <name>_sl_TruncatePayloadByProtocol</name>
         <value>0x2000c7f9</value>
         <object_component_ref idref="oc-40b"/>
      </symbol>
      <symbol id="sm-1205">
         <name>sl_Close</name>
         <value>0x2000cbc1</value>
         <object_component_ref idref="oc-176"/>
      </symbol>
      <symbol id="sm-1206">
         <name>_sl_HandleAsync_Accept</name>
         <value>0x2000bcdd</value>
         <object_component_ref idref="oc-89d"/>
      </symbol>
      <symbol id="sm-1207">
         <name>sl_Bind</name>
         <value>0x2000b039</value>
         <object_component_ref idref="oc-170"/>
      </symbol>
      <symbol id="sm-12a9">
         <name>sl_WlanSmartConfigStop</name>
         <value>0x2000d445</value>
         <object_component_ref idref="oc-14c"/>
      </symbol>
      <symbol id="sm-12aa">
         <name>sl_WlanDisconnect</name>
         <value>0x2000d439</value>
         <object_component_ref idref="oc-122"/>
      </symbol>
      <symbol id="sm-12ab">
         <name>_SlPolicyGetCmdCtrl</name>
         <value>0x2000d9a0</value>
         <object_component_ref idref="oc-35a"/>
      </symbol>
      <symbol id="sm-12ac">
         <name>_SlPolicySetCmdCtrl</name>
         <value>0x2000d99c</value>
         <object_component_ref idref="oc-35a"/>
      </symbol>
      <symbol id="sm-12ad">
         <name>_SlRxFilterGetCmdCtrl</name>
         <value>0x2000d9b8</value>
         <object_component_ref idref="oc-35a"/>
      </symbol>
      <symbol id="sm-12ae">
         <name>_SlRxFilterSetCmdCtrl</name>
         <value>0x2000d9b4</value>
         <object_component_ref idref="oc-35a"/>
      </symbol>
      <symbol id="sm-12af">
         <name>_SlProfileGetCmdCtrl</name>
         <value>0x2000d9a4</value>
         <object_component_ref idref="oc-35a"/>
      </symbol>
      <symbol id="sm-12b0">
         <name>_SlWlanGetNetworkListCtrl</name>
         <value>0x2000d9ac</value>
         <object_component_ref idref="oc-35a"/>
      </symbol>
      <symbol id="sm-12b1">
         <name>sl_WlanPolicySet</name>
         <value>0x2000bd9d</value>
         <object_component_ref idref="oc-116"/>
      </symbol>
      <symbol id="sm-12b2">
         <name>_SlProfileDelCmdCtrl</name>
         <value>0x2000d9a8</value>
         <object_component_ref idref="oc-35a"/>
      </symbol>
      <symbol id="sm-12b3">
         <name>_SlWlanSetModeCmdCtrl</name>
         <value>0x2000d9c0</value>
         <object_component_ref idref="oc-35a"/>
      </symbol>
      <symbol id="sm-12b4">
         <name>_SlWlanCfgSetCmdCtrl</name>
         <value>0x2000d9c4</value>
         <object_component_ref idref="oc-35a"/>
      </symbol>
      <symbol id="sm-12b5">
         <name>_SlWlanCfgGetCmdCtrl</name>
         <value>0x2000d9c8</value>
         <object_component_ref idref="oc-35a"/>
      </symbol>
      <symbol id="sm-12b6">
         <name>sl_WlanSmartConfigStart</name>
         <value>0x2000acf1</value>
         <object_component_ref idref="oc-146"/>
      </symbol>
      <symbol id="sm-12b7">
         <name>sl_WlanProfileDel</name>
         <value>0x2000cbf1</value>
         <object_component_ref idref="oc-11c"/>
      </symbol>
      <symbol id="sm-12b8">
         <name>_SlRxFilterAddtCmdCtrl</name>
         <value>0x2000d9b0</value>
         <object_component_ref idref="oc-35a"/>
      </symbol>
      <symbol id="sm-12b9">
         <name>sl_WlanRxFilterSet</name>
         <value>0x2000c0c1</value>
         <object_component_ref idref="oc-13a"/>
      </symbol>
      <symbol id="sm-12ba">
         <name>sl_WlanConnect</name>
         <value>0x20007ba5</value>
         <object_component_ref idref="oc-158"/>
      </symbol>
      <symbol id="sm-12bb">
         <name>sl_WlanSet</name>
         <value>0x2000ba81</value>
         <object_component_ref idref="oc-12e"/>
      </symbol>
      <symbol id="sm-12bc">
         <name>_SlSmartConfigStartCmdCtrl</name>
         <value>0x2000d9bc</value>
         <object_component_ref idref="oc-35a"/>
      </symbol>
      <symbol id="sm-12bd">
         <name>sl_WlanSetMode</name>
         <value>0x2000cc21</value>
         <object_component_ref idref="oc-104"/>
      </symbol>
      <symbol id="sm-13cf">
         <name>g_cDummy</name>
         <value>0x2001ba35</value>
      </symbol>
      <symbol id="sm-13d0">
         <name>NwpMaskInterrupt</name>
         <value>0x2000d415</value>
         <object_component_ref idref="oc-583"/>
      </symbol>
      <symbol id="sm-13d1">
         <name>NwpRegisterInterruptHandler</name>
         <value>0x2000c741</value>
         <object_component_ref idref="oc-31e"/>
      </symbol>
      <symbol id="sm-13d2">
         <name>NwpPowerOnPreamble</name>
         <value>0x2000b1cd</value>
         <object_component_ref idref="oc-300"/>
      </symbol>
      <symbol id="sm-13d3">
         <name>g_pHostIntHdl</name>
         <value>0x2001c5b0</value>
         <object_component_ref idref="oc-55b"/>
      </symbol>
      <symbol id="sm-13d4">
         <name>NwpUnMaskInterrupt</name>
         <value>0x2000d421</value>
         <object_component_ref idref="oc-591"/>
      </symbol>
      <symbol id="sm-13d5">
         <name>g_ucDinDout</name>
         <value>0x2001b978</value>
         <object_component_ref idref="oc-55e"/>
      </symbol>
      <symbol id="sm-13d6">
         <name>NwpPowerOff</name>
         <value>0x2000c921</value>
         <object_component_ref idref="oc-318"/>
      </symbol>
      <symbol id="sm-13d7">
         <name>spi_Read</name>
         <value>0x20009b35</value>
         <object_component_ref idref="oc-7ac"/>
      </symbol>
      <symbol id="sm-13d8">
         <name>DmaSpiSwIntHandler</name>
         <value>0x2000ce01</value>
         <object_component_ref idref="oc-561"/>
      </symbol>
      <symbol id="sm-13d9">
         <name>NwpPowerOn</name>
         <value>0x2000ccad</value>
         <object_component_ref idref="oc-324"/>
      </symbol>
      <symbol id="sm-13da">
         <name>spi_Close</name>
         <value>0x2000b63d</value>
         <object_component_ref idref="oc-364"/>
      </symbol>
      <symbol id="sm-13db">
         <name>spi_Write</name>
         <value>0x2000ab35</value>
         <object_component_ref idref="oc-71b"/>
      </symbol>
      <symbol id="sm-13dc">
         <name>spi_Open</name>
         <value>0x20008cd9</value>
         <object_component_ref idref="oc-30c"/>
      </symbol>
      <symbol id="sm-13dd">
         <name>g_ucDMAEnabled</name>
         <value>0x2001c5b4</value>
         <object_component_ref idref="oc-55b"/>
      </symbol>
      <symbol id="sm-13de">
         <name>g_SpiFd</name>
         <value>0x2001c5ac</value>
         <object_component_ref idref="oc-55b"/>
      </symbol>
      <symbol id="sm-1499">
         <name>SPIFIFODisable</name>
         <value>0x2000d129</value>
         <object_component_ref idref="oc-5f3"/>
      </symbol>
      <symbol id="sm-149a">
         <name>SPICSEnable</name>
         <value>0x2000d1f3</value>
         <object_component_ref idref="oc-7c3"/>
      </symbol>
      <symbol id="sm-149b">
         <name>SPIDisable</name>
         <value>0x2000d20b</value>
         <object_component_ref idref="oc-519"/>
      </symbol>
      <symbol id="sm-149c">
         <name>SPIFIFOEnable</name>
         <value>0x2000d143</value>
         <object_component_ref idref="oc-53d"/>
      </symbol>
      <symbol id="sm-149d">
         <name>SPIWordCountSet</name>
         <value>0x2000ced5</value>
         <object_component_ref idref="oc-7c9"/>
      </symbol>
      <symbol id="sm-149e">
         <name>SPIEnable</name>
         <value>0x2000d223</value>
         <object_component_ref idref="oc-555"/>
      </symbol>
      <symbol id="sm-149f">
         <name>SPIDmaEnable</name>
         <value>0x2000d10f</value>
         <object_component_ref idref="oc-543"/>
      </symbol>
      <symbol id="sm-14a0">
         <name>SPIConfigSetExpClk</name>
         <value>0x2000a791</value>
         <object_component_ref idref="oc-52b"/>
      </symbol>
      <symbol id="sm-14a1">
         <name>SPIIntUnregister</name>
         <value>0x2000d15d</value>
         <object_component_ref idref="oc-5ed"/>
      </symbol>
      <symbol id="sm-14a2">
         <name>SPIFIFOLevelSet</name>
         <value>0x2000ca69</value>
         <object_component_ref idref="oc-549"/>
      </symbol>
      <symbol id="sm-14a3">
         <name>SPIDmaDisable</name>
         <value>0x2000d0f5</value>
         <object_component_ref idref="oc-5f9"/>
      </symbol>
      <symbol id="sm-14a4">
         <name>SPIReset</name>
         <value>0x2000ceb3</value>
         <object_component_ref idref="oc-51f"/>
      </symbol>
      <symbol id="sm-14a5">
         <name>SPIIntEnable</name>
         <value>0x2000c165</value>
         <object_component_ref idref="oc-54f"/>
      </symbol>
      <symbol id="sm-14a6">
         <name>SPIIntClear</name>
         <value>0x2000c40d</value>
         <object_component_ref idref="oc-6ee"/>
      </symbol>
      <symbol id="sm-14a7">
         <name>SPICSDisable</name>
         <value>0x2000d1db</value>
         <object_component_ref idref="oc-513"/>
      </symbol>
      <symbol id="sm-14a8">
         <name>__TI_static_base__</name>
         <value>0x2000db50</value>
      </symbol>
      <symbol id="sm-14ab">
         <name>SHT$$INIT_ARRAY$$Limit</name>
         <value>0x0</value>
      </symbol>
      <symbol id="sm-14ac">
         <name>SHT$$INIT_ARRAY$$Base</name>
         <value>0x0</value>
      </symbol>
      <symbol id="sm-14ad">
         <name>remove</name>
         <value>0x2000740d</value>
      </symbol>
   </symbol_table>
   <title>Link successful</title>
</link_info>
