******************************************************************************
                  TI ARM Linker PC v5.2.5                      
******************************************************************************
>> Linked Sat Dec 05 23:56:29 2015

OUTPUT FILE NAME:   <WIFIapp.out>
ENTRY POINT SYMBOL: "_c_int00"  address: 2000c9d1


MEMORY CONFIGURATION

         name            origin    length      used     unused   attr    fill
----------------------  --------  ---------  --------  --------  ----  --------
  SRAM_CODE             20004000   00013000  00009dca  00009236  RW X
  SRAM_DATA             20017000   00019000  00001cf5  0001730b  RW X


SEGMENT ALLOCATION MAP

run origin  load origin   length   init length attrs members
----------  ----------- ---------- ----------- ----- -------
20004000    20004000    00009dd0   00009dd0    r-x
  20004000    20004000    00000400   00000400    r-- .intvecs
  20004400    20004400    000091fa   000091fa    r-x .text
  2000d5fc    2000d5fc    000006d8   000006d8    r-- .const
  2000dcd8    2000dcd8    000000f8   000000f8    r-- .cinit
20017000    20017000    000014fc   00000000    rw-
  20017000    20017000    00000959   00000000    rw- .bss
  20017960    20017960    00000800   00000000    rw- .sysmem
  20018160    20018160    0000039c   00000000    rw- .data
2002f800    2002f800    00000800   00000000    rw-
  2002f800    2002f800    00000800   00000000    rw- .stack


SECTION ALLOCATION MAP

 output                                  attributes/
section   page    origin      length       input sections
--------  ----  ----------  ----------   ----------------
.intvecs   0    20004000    00000400     
                  20004000    00000400     startup_ccs.obj (.intvecs)

.init_array 
*          0    20004000    00000000     UNINITIALIZED

.text      0    20004400    000091fa     
                  20004400    00001308     main.obj (.text)
                  20005708    000010a6     rtsv7M4_T_le_eabi.lib : _printfi.obj (.text)
                  200067ae    00000002     driverlib.a : interrupt.obj (.text:IntDefaultHandler)
                  200067b0    000005ec     simplelink.a : driver.obj (.text:_SlDrvMsgRead)
                  20006d9c    000003dc     rtsv7M4_T_le_eabi.lib : memory.obj (.text)
                  20007178    0000039c     gpio_if.obj (.text)
                  20007514    0000030c     rtsv7M4_T_le_eabi.lib : lowlev.obj (.text)
                  20007820    000002d4                           : trgdrv.obj (.text)
                  20007af4    00000248     simplelink.a : driver.obj (.text:_SlDrvRxHdrRead)
                  20007d3c    00000244                  : wlan.obj (.text:sl_WlanConnect)
                  20007f80    000001f4     rtsv7M4_T_le_eabi.lib : ull_div_t2.obj (.text)
                  20008174    000001d0     simplelink.a : driver.obj (.text:_SlDrvReleasePoolObj)
                  20008344    000001cc                  : driver.obj (.text:_SlDrvMsgWrite)
                  20008510    000001c4     rtsv7M4_T_le_eabi.lib : fopen.obj (.text)
                  200086d4    000001b6                           : fd_add_t2.obj (.text)
                  2000888a    00000002     --HOLE-- [fill = 0]
                  2000888c    00000190     simplelink.a : driver.obj (.text:_SlDrvWaitForPoolObj)
                  20008a1c    00000188                  : driver.obj (.text:_SlDrvDriverCBInit)
                  20008ba4    00000170                  : driver.obj (.text:_SlFindAndSetActiveObj)
                  20008d14    0000015c     button_if.obj (.text)
                  20008e70    00000144     simplelink.a : cc_pal.obj (.text:spi_Open)
                  20008fb4    00000136     rtsv7M4_T_le_eabi.lib : fd_div_t2.obj (.text)
                  200090ea    00000002     --HOLE-- [fill = 0]
                  200090ec    00000134     driverlib.a : prcm.obj (.text:PRCMCC3200MCUInit)
                  20009220    00000134     rtsv7M4_T_le_eabi.lib : fputs.obj (.text)
                  20009354    0000012c     simplelink.a : driver.obj (.text:_SlDrvDataReadOp)
                  20009480    00000118                  : socket.obj (.text:sl_SendTo)
                  20009598    00000114     rtsv7M4_T_le_eabi.lib : strtoul.obj (.text)
                  200096ac    00000110                           : xdscale.obj (.text)
                  200097bc    0000010c     simplelink.a : socket.obj (.text:sl_RecvFrom)
                  200098c8    00000108                  : driver.obj (.text:_SlDrvDataWriteOp)
                  200099d0    00000100                  : driver.obj (.text:_SlDrvDriverCBDeinit)
                  20009ad0    000000fe                  : netapp.obj (.text:_SlDrvNetAppEventHandler)
                  20009bce    000000fc     rtsv7M4_T_le_eabi.lib : fd_mul_t2.obj (.text)
                  20009cca    00000002     --HOLE-- [fill = 0]
                  20009ccc    000000f0     simplelink.a : cc_pal.obj (.text:spi_Read)
                  20009dbc    000000f0     driverlib.a : udma.obj (.text:uDMAChannelTransferSet)
                  20009eac    000000dc     rtsv7M4_T_le_eabi.lib : setvbuf.obj (.text)
                  20009f88    000000d8     simplelink.a : driver.obj (.text:_SlDrvClassifyRxMsg)
                  2000a060    000000d4                  : device.obj (.text:sl_Stop)
                  2000a134    000000c8                  : netapp.obj (.text:_sl_HandleAsync_DnsGetHostByService)
                  2000a1fc    000000c8     rtsv7M4_T_le_eabi.lib : fflush.obj (.text)
                  2000a2c4    000000c0     simplelink.a : driver.obj (.text:_SlDrvMsgReadCmdCtx)
                  2000a384    000000c0                  : driver.obj (.text:_SlRemoveFromList)
                  2000a444    000000be     rtsv7M4_T_le_eabi.lib : xdnorm.obj (.text)
                  2000a502    00000002     --HOLE-- [fill = 0]
                  2000a504    000000bc     simplelink.a : device.obj (.text:sl_Start)
                  2000a5c0    000000b8                  : driver.obj (.text:_SlAsyncEventGenericHandler)
                  2000a678    000000b4                  : netapp.obj (.text:sl_NetAppMDNSRegisterUnregisterService)
                  2000a72c    000000ac     rtsv7M4_T_le_eabi.lib : _io_perm.obj (.text)
                  2000a7d8    000000a8     driverlib.a : interrupt.obj (.text:IntDisable)
                  2000a880    000000a8                 : interrupt.obj (.text:IntEnable)
                  2000a928    000000a0                 : spi.obj (.text:SPIConfigSetExpClk)
                  2000a9c8    0000009c     simplelink.a : driver.obj (.text:_SlDrvMsgReadSpawnCtx)
                  2000aa64    0000009c     rtsv7M4_T_le_eabi.lib : memcpy_t2.obj (.text)
                  2000ab00    0000009c     simplelink.a : device.obj (.text:sl_DevGet)
                  2000ab9c    00000098     rtsv7M4_T_le_eabi.lib : fclose.obj (.text)
                  2000ac34    00000098                           : fputc.obj (.text)
                  2000accc    00000098     simplelink.a : cc_pal.obj (.text:spi_Write)
                  2000ad64    00000094     driverlib.a : prcm.obj (.text:PRCMPeripheralClockGet)
                  2000adf8    00000092     rtsv7M4_T_le_eabi.lib : fs_div_t2.obj (.text)
                  2000ae8a    00000002     --HOLE-- [fill = 0]
                  2000ae8c    00000090     pinmux.obj (.text)
                  2000af1c    00000090     simplelink.a : wlan.obj (.text:sl_WlanSmartConfigStart)
                  2000afac    0000008c                  : cc_pal.obj (.text:SetupDMAReceive)
                  2000b038    0000008c                  : cc_pal.obj (.text:SetupDMASend)
                  2000b0c4    0000008c                  : netapp.obj (.text:_sl_HandleAsync_DnsGetHostByName)
                  2000b150    0000008c                  : netapp.obj (.text:_sl_HandleAsync_PingResponse)
                  2000b1dc    00000088     driverlib.a : pin.obj (.text:PinConfigSet)
                  2000b264    00000088     simplelink.a : socket.obj (.text:sl_Bind)
                  2000b2ec    00000086     rtsv7M4_T_le_eabi.lib : fd_cmp_t2.obj (.text:__aeabi_cdcmple)
                  2000b372    00000086                           : fd_cmp_t2.obj (.text:__aeabi_cdrcmple)
                  2000b3f8    00000084     simplelink.a : cc_pal.obj (.text:NwpPowerOnPreamble)
                  2000b47c    00000082     driverlib.a : gpio.obj (.text:GPIOIntTypeSet)
                  2000b4fe    00000002     --HOLE-- [fill = 0]
                  2000b500    00000080     simplelink.a : driver.obj (.text:_SlDrvCmdOp)
                  2000b580    00000080                  : cc_pal.obj (.text:spi_Read_CPU)
                  2000b600    00000080                  : cc_pal.obj (.text:spi_Write_CPU)
                  2000b680    0000007c                  : device.obj (.text:_sl_HandleAsync_InitComplete)
                  2000b6fc    0000007a     rtsv7M4_T_le_eabi.lib : memset_t2.obj (.text)
                  2000b776    00000002     --HOLE-- [fill = 0]
                  2000b778    00000078     simplelink.a : socket.obj (.text:_sl_HandleAsync_Connect)
                  2000b7f0    00000078                  : cc_pal.obj (.text:spi_Close)
                  2000b868    00000070     driverlib.a : timer.obj (.text:TimerIntRegister)
                  2000b8d8    00000070     simplelink.a : nonos.obj (.text:_SlNonOsMainLoopTask)
                  2000b948    00000070     rtsv7M4_T_le_eabi.lib : printf.obj (.text)
                  2000b9b8    0000006c     simplelink.a : driver.obj (.text:_SlDrvCmdSend)
                  2000ba24    0000006c     rtsv7M4_T_le_eabi.lib : autoinit.obj (.text)
                  2000ba90    0000006a                           : copy_decompress_rle.obj (.text)
                  2000bafa    00000002     --HOLE-- [fill = 0]
                  2000bafc    00000068     simplelink.a : netapp.obj (.text:_sl_NetAppSendTokenValue)
                  2000bb64    00000068     rtsv7M4_T_le_eabi.lib : trgmsg.obj (.text)
                  2000bbcc    00000068     simplelink.a : netcfg.obj (.text:sl_NetCfgSet)
                  2000bc34    00000068                  : wlan.obj (.text:sl_WlanSet)
                  2000bc9c    00000066     rtsv7M4_T_le_eabi.lib : xdunscal.obj (.text)
                  2000bd02    00000002     --HOLE-- [fill = 0]
                  2000bd04    00000064                           : fseek.obj (.text)
                  2000bd68    00000064     driverlib.a : udma.obj (.text:uDMAChannelAttributeDisable)
                  2000bdcc    00000064                 : udma.obj (.text:uDMAChannelAttributeEnable)
                  2000be30    00000060     simplelink.a : socket.obj (.text:_sl_HandleAsync_Accept)
                  2000be90    00000060     rtsv7M4_T_le_eabi.lib : sprintf.obj (.text)
                  2000bef0    00000060     simplelink.a : wlan.obj (.text:sl_WlanPolicySet)
                  2000bf50    0000005c                  : nonos.obj (.text:_SlNonOsSemGet)
                  2000bfac    0000005c                  : nonos.obj (.text:_SlNonOsSpawn)
                  2000c008    0000005c                  : socket.obj (.text:sl_Socket)
                  2000c064    00000058     driverlib.a : interrupt.obj (.text:IntPendClear)
                  2000c0bc    00000058                 : prcm.obj (.text:PRCMPeripheralReset)
                  2000c114    00000056     rtsv7M4_T_le_eabi.lib : ltoa.obj (.text)
                  2000c16a    00000002     --HOLE-- [fill = 0]
                  2000c16c    00000054     driverlib.a : interrupt.obj (.text:IntPrioritySet)
                  2000c1c0    00000054     simplelink.a : socket.obj (.text:_sl_HandleAsync_Select)
                  2000c214    00000054                  : wlan.obj (.text:sl_WlanRxFilterSet)
                  2000c268    00000050                  : device.obj (.text:_sl_HandleAsync_Stop)
                  2000c2b8    0000004c     driverlib.a : spi.obj (.text:SPIIntEnable)
                  2000c304    0000004c                 : spi.obj (.text:SPIIntNumberGet)
                  2000c350    0000004c     simplelink.a : driver.obj (.text:_SlDrvProtectAsyncRespSetting)
                  2000c39c    0000004c                  : driver.obj (.text:_SlDrvRxIrqHandler)
                  2000c3e8    0000004c                  : socket.obj (.text:_sl_BuildAddress)
                  2000c434    0000004c     rtsv7M4_T_le_eabi.lib : atoi.obj (.text)
                  2000c480    0000004c                           : cpy_tbl.obj (.text)
                  2000c4cc    0000004c     driverlib.a : udma.obj (.text:uDMAChannelAssign)
                  2000c518    00000048                 : gpio.obj (.text:GPIOGetIntNumber)
                  2000c560    00000048                 : spi.obj (.text:SPIIntClear)
                  2000c5a8    00000048     simplelink.a : driver.obj (.text:_SlDrvBasicCmd)
                  2000c5f0    00000048     rtsv7M4_T_le_eabi.lib : fd_toi_t2.obj (.text)
                  2000c638    00000048                           : fd_tos_t2.obj (.text)
                  2000c680    00000046                           : ldexp.obj (.text)
                  2000c6c6    00000002     --HOLE-- [fill = 0]
                  2000c6c8    00000044     driverlib.a : spi.obj (.text:SPIDmaMaskGet)
                  2000c70c    00000044                 : timer.obj (.text:TimerConfigure)
                  2000c750    00000044     simplelink.a : cc_pal.obj (.text:cc_SetupTransfer)
                  2000c794    00000044     rtsv7M4_T_le_eabi.lib : exit.obj (.text)
                  2000c7d8    00000042     simplelink.a : socket.obj (.text:sl_Htonl)
                  2000c81a    00000002     --HOLE-- [fill = 0]
                  2000c81c    00000040     driverlib.a : pin.obj (.text:PinModeSet)
                  2000c85c    00000040     rtsv7M4_T_le_eabi.lib : signal.obj (.text)
                  2000c89c    00000040                           : strtok.obj (.text)
                  2000c8dc    0000003e     simplelink.a : cc_pal.obj (.text:NwpRegisterInterruptHandler)
                  2000c91a    0000003c                  : netapp.obj (.text:CopyPingResultsToReport)
                  2000c956    00000002     --HOLE-- [fill = 0]
                  2000c958    0000003c     driverlib.a : prcm.obj (.text:PRCMPeripheralClkEnable)
                  2000c994    0000003c     simplelink.a : socket.obj (.text:_sl_TruncatePayloadByProtocol)
                  2000c9d0    0000003c     rtsv7M4_T_le_eabi.lib : boot.obj (.text)
                  2000ca0c    0000003c     simplelink.a : socket.obj (.text:sl_Htons)
                  2000ca48    0000003c     driverlib.a : udma.obj (.text:uDMAChannelControlSet)
                  2000ca84    00000038                 : adc.obj (.text:ADCChannelEnable)
                  2000cabc    00000038     simplelink.a : cc_pal.obj (.text:NwpPowerOff)
                  2000caf4    00000038     rtsv7M4_T_le_eabi.lib : fs_tod_t2.obj (.text)
                  2000cb2c    00000036     driverlib.a : gpio.obj (.text:GPIODirModeSet)
                  2000cb62    00000036                 : timer.obj (.text:TimerControlLevel)
                  2000cb98    00000036     simplelink.a : netapp.obj (.text:sl_NetAppMDNSUnRegisterService)
                  2000cbce    00000002     --HOLE-- [fill = 0]
                  2000cbd0    00000034     driverlib.a : prcm.obj (.text:PRCMPeripheralStatusGet)
                  2000cc04    00000034                 : spi.obj (.text:SPIFIFOLevelSet)
                  2000cc38    00000034     rtsv7M4_T_le_eabi.lib : feraiseexcept.obj (.text)
                  2000cc6c    00000030     driverlib.a : pin.obj (.text:PinTypeGPIO)
                  2000cc9c    00000030                 : timer.obj (.text:TimerControlEvent)
                  2000cccc    00000030     simplelink.a : device.obj (.text:_SlDrvDeviceEventHandler)
                  2000ccfc    00000030     rtsv7M4_T_le_eabi.lib : strncpy.obj (.text)
                  2000cd2c    00000030                           : xferaise.obj (.text)
                  2000cd5c    00000030     simplelink.a : socket.obj (.text:sl_Close)
                  2000cd8c    00000030                  : wlan.obj (.text:sl_WlanProfileDel)
                  2000cdbc    00000030                  : wlan.obj (.text:sl_WlanSetMode)
                  2000cdec    0000002e     rtsv7M4_T_le_eabi.lib : i_tofd_t2.obj (.text)
                  2000ce1a    0000002e                           : raise.obj (.text)
                  2000ce48    0000002c     simplelink.a : cc_pal.obj (.text:NwpPowerOn)
                  2000ce74    0000002c     driverlib.a : prcm.obj (.text:PRCMSysResetCauseGet)
                  2000cea0    0000002a                 : timer.obj (.text:TimerLoadSet)
                  2000ceca    0000002a                 : timer.obj (.text:TimerMatchSet)
                  2000cef4    0000002a                 : timer.obj (.text:TimerPrescaleSet)
                  2000cf1e    0000002a     rtsv7M4_T_le_eabi.lib : strspn.obj (.text)
                  2000cf48    0000002a                           : xdclass.obj (.text)
                  2000cf72    00000002     --HOLE-- [fill = 0]
                  2000cf74    00000028     driverlib.a : prcm.obj (.text:PRCMPeripheralClkDisable)
                  2000cf9c    00000024     simplelink.a : cc_pal.obj (.text:DmaSpiSwIntHandler)
                  2000cfc0    00000024     driverlib.a : interrupt.obj (.text:IntUnregister)
                  2000cfe4    00000024     simplelink.a : driver.obj (.text:_SlDrvProtectionObjLockWaitForever)
                  2000d008    00000024     rtsv7M4_T_le_eabi.lib : strcspn.obj (.text)
                  2000d02c    00000022     driverlib.a : gpio.obj (.text:GPIOIntStatus)
                  2000d04e    00000022                 : spi.obj (.text:SPIReset)
                  2000d070    00000022                 : spi.obj (.text:SPIWordCountSet)
                  2000d092    00000022     rtsv7M4_T_le_eabi.lib : frexp.obj (.text)
                  2000d0b4    00000020     driverlib.a : gpio.obj (.text:GPIOPinWrite)
                  2000d0d4    00000020                 : interrupt.obj (.text:IntRegister)
                  2000d0f4    00000020     simplelink.a : driver.obj (.text:_SlDrvProtectionObjUnLock)
                  2000d114    00000020     rtsv7M4_T_le_eabi.lib : memchr.obj (.text)
                  2000d134    00000020                           : u_tofd_t2.obj (.text)
                  2000d154    0000001e     driverlib.a : gpio.obj (.text:GPIOIntRegister)
                  2000d172    0000001e                 : timer.obj (.text:TimerDisable)
                  2000d190    0000001e                 : timer.obj (.text:TimerEnable)
                  2000d1ae    0000001e     simplelink.a : driver.obj (.text:_SlDrvObjLockWaitForever)
                  2000d1cc    0000001e                  : driver.obj (.text:_SlDrvSyncObjWaitForever)
                  2000d1ea    0000001e                  : cc_pal.obj (.text:cc_UDMAChannelSelect)
                  2000d208    0000001e     rtsv7M4_T_le_eabi.lib : strcat.obj (.text)
                  2000d226    0000001c     driverlib.a : adc.obj (.text:ADCFIFOLvlGet)
                  2000d242    0000001c     rtsv7M4_T_le_eabi.lib : memccpy.obj (.text)
                  2000d25e    00000002     --HOLE-- [fill = 0]
                  2000d260    0000001c     driverlib.a : udma.obj (.text:uDMAChannelEnable)
                  2000d27c    0000001a                 : gpio.obj (.text:GPIOIntDisable)
                  2000d296    0000001a                 : gpio.obj (.text:GPIOIntEnable)
                  2000d2b0    0000001a                 : spi.obj (.text:SPIDmaDisable)
                  2000d2ca    0000001a                 : spi.obj (.text:SPIDmaEnable)
                  2000d2e4    0000001a                 : spi.obj (.text:SPIFIFODisable)
                  2000d2fe    0000001a                 : spi.obj (.text:SPIFIFOEnable)
                  2000d318    0000001a                 : spi.obj (.text:SPIIntUnregister)
                  2000d332    0000001a     simplelink.a : driver.obj (.text:_SlDrvObjUnLock)
                  2000d34c    0000001a                  : driver.obj (.text:_SlDrvSyncObjSignal)
                  2000d366    00000018     driverlib.a : adc.obj (.text:ADCFIFORead)
                  2000d37e    00000018                 : gpio.obj (.text:GPIOPinRead)
                  2000d396    00000018                 : spi.obj (.text:SPICSDisable)
                  2000d3ae    00000018                 : spi.obj (.text:SPICSEnable)
                  2000d3c6    00000018                 : spi.obj (.text:SPIDisable)
                  2000d3de    00000018                 : spi.obj (.text:SPIEnable)
                  2000d3f6    00000018                 : timer.obj (.text:TimerIntEnable)
                  2000d40e    00000018     simplelink.a : nonos.obj (.text:_SlNonOsSemSet)
                  2000d426    00000002     --HOLE-- [fill = 0]
                  2000d428    00000018                  : device.obj (.text:_sl_GetStartResponseConvert)
                  2000d440    00000018     rtsv7M4_T_le_eabi.lib : args_main.obj (.text)
                  2000d458    00000018                           : strcmp.obj (.text)
                  2000d470    00000016     driverlib.a : prcm.obj (.text:PRCMHIBRegRead)
                  2000d486    00000016                 : prcm.obj (.text:PRCMHIBRegWrite)
                  2000d49c    00000016     simplelink.a : driver.obj (.text:_SlDrvMemZero)
                  2000d4b2    00000016     rtsv7M4_T_le_eabi.lib : strchr.obj (.text)
                  2000d4c8    00000014     driverlib.a : adc.obj (.text:ADCEnable)
                  2000d4dc    00000014                 : cpu.obj (.text:CPUcpsie)
                  2000d4f0    00000014                 : gpio.obj (.text:GPIOIntClear)
                  2000d504    00000014                 : interrupt.obj (.text:IntVTableBaseSet)
                  2000d518    00000014                 : pin.obj (.text:PinTypeADC)
                  2000d52c    00000014     rtsv7M4_T_le_eabi.lib : _lock.obj (.text)
                  2000d540    00000014                           : strcpy.obj (.text)
                  2000d554    00000014                           : strlen.obj (.text)
                  2000d568    00000012     driverlib.a : timer.obj (.text:TimerIntClear)
                  2000d57a    0000000e     simplelink.a : driver.obj (.text:_SlDrvResetCmdExt)
                  2000d588    0000000e     rtsv7M4_T_le_eabi.lib : copy_decompress_none.obj (.text:decompress:none)
                  2000d596    0000000e     startup_ccs.obj (.text)
                  2000d5a4    0000000c     simplelink.a : cc_pal.obj (.text:NwpMaskInterrupt)
                  2000d5b0    0000000c                  : cc_pal.obj (.text:NwpUnMaskInterrupt)
                  2000d5bc    0000000c     rtsv7M4_T_le_eabi.lib : copy_zero_init.obj (.text:decompress:ZI)
                  2000d5c8    0000000c     simplelink.a : wlan.obj (.text:sl_WlanDisconnect)
                  2000d5d4    0000000c                  : wlan.obj (.text:sl_WlanSmartConfigStop)
                  2000d5e0    0000000a     driverlib.a : interrupt.obj (.text:IntMasterEnable)
                  2000d5ea    00000006                 : utils.obj (.text:UtilsDelay)
                  2000d5f0    00000006     rtsv7M4_T_le_eabi.lib : copy_decompress_rle.obj (.text:decompress:rle24)
                  2000d5f6    00000004                           : pre_init.obj (.text)

.const     0    2000d5fc    000006d8     
                  2000d5fc    00000101     rtsv7M4_T_le_eabi.lib : ctype.obj (.const:.string:_ctypes_)
                  2000d6fd    00000003     --HOLE-- [fill = 0]
                  2000d700    00000100     driverlib.a : pin.obj (.const:g_ulPinToPadMap)
                  2000d800    000000d4                 : interrupt.obj (.const:g_pulRegs)
                  2000d8d4    000000b0     simplelink.a : wlan.obj (.const:$P$T0$1)
                  2000d984    000000a8     driverlib.a : prcm.obj (.const:PRCM_PeriphRegsList)
                  2000da2c    00000080                 : interrupt.obj (.const)
                  2000daac    0000003c     simplelink.a : driver.obj (.const:OpcodeTranslateTable)
                  2000dae8    0000003c                  : wlan.obj (.const)
                  2000db24    00000038     main.obj (.const:.string)
                  2000db5c    00000038     simplelink.a : driver.obj (.const:_SlActionLookupTable)
                  2000db94    00000034                  : driver.obj (.const)
                  2000dbc8    00000034                  : socket.obj (.const)
                  2000dbfc    0000002c     main.obj (.const:$P$T0$1)
                  2000dc28    00000028     simplelink.a : netapp.obj (.const)
                  2000dc50    00000024     driverlib.a : spi.obj (.const:g_ppulSPIIntMap)
                  2000dc74    00000018                 : spi.obj (.const)
                  2000dc8c    00000014     main.obj (.const)
                  2000dca0    00000014     simplelink.a : device.obj (.const)
                  2000dcb4    00000010                  : socket.obj (.const:.string)
                  2000dcc4    00000008                  : device.obj (.const:.string)
                  2000dccc    00000008                  : netcfg.obj (.const)

.cinit     0    2000dcd8    000000f8     
                  2000dcd8    000000d0     (.cinit..data.load) [load image, compression = rle]
                  2000dda8    0000000c     (__TI_handler_table)
                  2000ddb4    00000004     --HOLE-- [fill = 0]
                  2000ddb8    00000008     (.cinit..bss.load) [load image, compression = zero_init]
                  2000ddc0    00000010     (__TI_cinit_table)

.bss       0    20017000    00000959     UNINITIALIZED
                  20017000    00000578     main.obj (.bss:g_cBsdBuf)
                  20017578    00000168     simplelink.a : driver.obj (.bss:g_StatMem)
                  200176e0    00000120     rtsv7M4_T_le_eabi.lib : trgmsg.obj (.bss:__CIOBUF_)
                  20017800    000000a0                           : defs.obj (.bss:__TI_tmpnams)
                  200178a0    00000050     simplelink.a : cc_pal.obj (.bss:g_ucDinDout)
                  200178f0    00000028                  : nonos.obj (.bss:g__SlNonOsCB)
                  20017918    00000024     main.obj (.bss:g_ucConnectionSSID)
                  2001793c    00000008     (.common:g_ucConnectionBSSID)
                  20017944    00000008     (.common:parmbuf)
                  2001794c    00000004     (.common:g_S2InterruptHdl)
                  20017950    00000004     (.common:g_S3InterruptHdl)
                  20017954    00000001     (.common:RxIrqCnt)
                  20017955    00000001     (.common:g_cDummy)
                  20017956    00000001     (.common:g_ucLED1Pin)
                  20017957    00000001     (.common:g_ucLED2Pin)
                  20017958    00000001     (.common:g_ucLED3Pin)

.TI.noinit 
*          0    20017000    00000000     UNINITIALIZED

.sysmem    0    20017960    00000800     UNINITIALIZED
                  20017960    00000008     rtsv7M4_T_le_eabi.lib : memory.obj (.sysmem)
                  20017968    000007f8     --HOLE--

.data      0    20018160    0000039c     UNINITIALIZED
                  20018160    000000f0     rtsv7M4_T_le_eabi.lib : defs.obj (.data:_ftable)
                  20018250    000000d0                           : lowlev.obj (.data)
                  20018320    000000b0                           : signal.obj (.data:sigtable)
                  200183d0    00000080                           : xvalues.obj (.data)
                  20018450    00000030     main.obj (.data)
                  20018480    00000020     gpio_if.obj (.data)
                  200184a0    00000010     rtsv7M4_T_le_eabi.lib : defs.obj (.data)
                  200184b0    0000000c                           : memory.obj (.data)
                  200184bc    00000009     simplelink.a : cc_pal.obj (.data)
                  200184c5    00000003     --HOLE--
                  200184c8    00000009                  : driver.obj (.data)
                  200184d1    00000003     --HOLE--
                  200184d4    00000008     rtsv7M4_T_le_eabi.lib : _lock.obj (.data)
                  200184dc    00000008                           : exit.obj (.data)
                  200184e4    00000008                           : feraiseexcept.obj (.data)
                  200184ec    00000004                           : errno.obj (.data)
                  200184f0    00000004                           : fopen.obj (.data)
                  200184f4    00000004                           : stkdepth_vars.obj (.data)
                  200184f8    00000004                           : strtok.obj (.data)

.TI.persistent 
*          0    20018160    00000000     UNINITIALIZED

.stack     0    2002f800    00000800     UNINITIALIZED
                  2002f800    00000800     --HOLE--


LINKER GENERATED COPY TABLES

__TI_cinit_table @ 2000ddc0 records: 2, size/record: 8, table size: 16
	.data: load addr=2000dcd8, load size=000000d0 bytes, run addr=20018160, run size=0000039c bytes, compression=rle
	.bss: load addr=2000ddb8, load size=00000008 bytes, run addr=20017000, run size=00000959 bytes, compression=zero_init


LINKER GENERATED HANDLER TABLE

__TI_handler_table @ 2000dda8 records: 3, size/record: 4, table size: 12
	index: 0, handler: __TI_decompress_rle24
	index: 1, handler: __TI_decompress_none
	index: 2, handler: __TI_zero_init


GLOBAL SYMBOLS: SORTED ALPHABETICALLY BY Name 

address   name                                  
-------   ----                                  
2000ca85  ADCChannelEnable                      
2000d4c9  ADCEnable                             
2000d227  ADCFIFOLvlGet                         
2000d367  ADCFIFORead                           
20008e15  Button_IF_DisableInterrupt            
20008dc5  Button_IF_EnableInterrupt             
20008d55  Button_IF_Init                        
2000c795  C$$EXIT                               
2000bb93  C$$IO$$                               
2000d4dd  CPUcpsie                              
2000511b  Configureadc                          
2000c91b  CopyPingResultsToReport               
2000cf9d  DmaSpiSwIntHandler                    
2000cb2d  GPIODirModeSet                        
2000d4f1  GPIOIntClear                          
2000d27d  GPIOIntDisable                        
2000d297  GPIOIntEnable                         
2000d155  GPIOIntRegister                       
2000d02d  GPIOIntStatus                         
2000b47d  GPIOIntTypeSet                        
2000d37f  GPIOPinRead                           
2000d0b5  GPIOPinWrite                          
20007439  GPIO_IF_ConfigureNIntEnable           
200074c5  GPIO_IF_Get                           
200073f3  GPIO_IF_GetPortNPin                   
200071b5  GPIO_IF_LedConfigure                  
200072a7  GPIO_IF_LedOff                        
200071f3  GPIO_IF_LedOn                         
2000735b  GPIO_IF_LedStatus                     
200073c5  GPIO_IF_LedToggle                     
20007481  GPIO_IF_Set                           
20008d35  GPIOs2IntHandler                      
20008d15  GPIOs3IntHandler                      
20007aad  HOSTclock                             
20007a75  HOSTclose                             
20007a37  HOSTgetenv                            
200079db  HOSTlseek                             
20007989  HOSTopen                              
2000793d  HOSTread                              
200078df  HOSTrename                            
200078a5  HOSTtime                              
2000786d  HOSTunlink                            
20007821  HOSTwrite                             
2000a7d9  IntDisable                            
2000a881  IntEnable                             
2000d5e1  IntMasterEnable                       
2000c065  IntPendClear                          
2000c16d  IntPrioritySet                        
2000d0d5  IntRegister                           
2000cfc1  IntUnregister                         
2000d505  IntVTableBaseSet                      
20004c5f  IpAddressParser                       
2000d5a5  NwpMaskInterrupt                      
2000cabd  NwpPowerOff                           
2000ce49  NwpPowerOn                            
2000b3f9  NwpPowerOnPreamble                    
2000c8dd  NwpRegisterInterruptHandler           
2000d5b1  NwpUnMaskInterrupt                    
2000daac  OpcodeTranslateTable                  
200090ed  PRCMCC3200MCUInit                     
2000d471  PRCMHIBRegRead                        
2000d487  PRCMHIBRegWrite                       
2000cf75  PRCMPeripheralClkDisable              
2000c959  PRCMPeripheralClkEnable               
2000ad65  PRCMPeripheralClockGet                
2000c0bd  PRCMPeripheralReset                   
2000cbd1  PRCMPeripheralStatusGet               
2000ce75  PRCMSysResetCauseGet                  
2000b1dd  PinConfigSet                          
2000c81d  PinModeSet                            
2000ae8d  PinMuxConfig                          
2000d519  PinTypeADC                            
2000cc6d  PinTypeGPIO                           
2000d597  ResetISR                              
20017954  RxIrqCnt                              
2000dba4  RxMsgClassLUT                         
UNDEFED   SHT$$INIT_ARRAY$$Base                 
UNDEFED   SHT$$INIT_ARRAY$$Limit                
2000d397  SPICSDisable                          
2000d3af  SPICSEnable                           
2000a929  SPIConfigSetExpClk                    
2000d3c7  SPIDisable                            
2000d2b1  SPIDmaDisable                         
2000d2cb  SPIDmaEnable                          
2000d3df  SPIEnable                             
2000d2e5  SPIFIFODisable                        
2000d2ff  SPIFIFOEnable                         
2000cc05  SPIFIFOLevelSet                       
2000c561  SPIIntClear                           
2000c2b9  SPIIntEnable                          
2000d319  SPIIntUnregister                      
2000d04f  SPIReset                              
2000d071  SPIWordCountSet                       
20018470  SW2Flag                               
20004e4f  SW2InterruptHandler                   
20004ee1  SW3InterruptHandler                   
200050a1  SetupTimer                            
20004f37  SetupUltrasoundTxTimerPWMMode         
20004639  SimpleLinkGeneralEventHandler         
20004625  SimpleLinkHttpServerCallback          
20004571  SimpleLinkNetAppEventHandler          
20004659  SimpleLinkSockEventHandler            
2000444d  SimpleLinkWlanEventHandler            
20004b19  SmartConfigConnect                    
2000dcc4  StartResponseLUT                      
2000c70d  TimerConfigure                        
2000cc9d  TimerControlEvent                     
2000cb63  TimerControlLevel                     
2000d173  TimerDisable                          
2000d191  TimerEnable                           
2000d569  TimerIntClear                         
2000d3f7  TimerIntEnable                        
2000b869  TimerIntRegister                      
2000cea1  TimerLoadSet                          
2000cecb  TimerMatchSet                         
2000cef5  TimerPrescaleSet                      
2000d5eb  UtilsDelay                            
20004c0d  WpsConnectPushButton                  
2000cf49  _Dclass                               
200183d0  _Denorm                               
2000a445  _Dnorm                                
200096ad  _Dscale                               
2000bc9d  _Dunscale                             
200183e0  _Eps                                  
200184ec  _Errno                                
200184e4  _Fenv                                 
2000cd2d  _Feraise                              
200183f0  _Hugeval                              
20018400  _Inf                                  
20018410  _Nan                                  
20018430  _Rteps                                
2000dbdc  _SlAcceptCmdCtrl                      
2000db5c  _SlActionLookupTable                  
2000a5c1  _SlAsyncEventGenericHandler           
2000dcac  _SlDeviceGetCmdCtrl                   
2000dcb0  _SlDeviceSetCmdCtrl                   
2000c5a9  _SlDrvBasicCmd                        
20009f89  _SlDrvClassifyRxMsg                   
2000b501  _SlDrvCmdOp                           
2000b9b9  _SlDrvCmdSend                         
20009355  _SlDrvDataReadOp                      
200098c9  _SlDrvDataWriteOp                     
2000cccd  _SlDrvDeviceEventHandler              
200099d1  _SlDrvDriverCBDeinit                  
20008a1d  _SlDrvDriverCBInit                    
2000d49d  _SlDrvMemZero                         
200067b1  _SlDrvMsgRead                         
2000a2c5  _SlDrvMsgReadCmdCtx                   
2000a9c9  _SlDrvMsgReadSpawnCtx                 
20008345  _SlDrvMsgWrite                        
20009ad1  _SlDrvNetAppEventHandler              
2000d1af  _SlDrvObjLockWaitForever              
2000d333  _SlDrvObjUnLock                       
2000c351  _SlDrvProtectAsyncRespSetting         
2000cfe5  _SlDrvProtectionObjLockWaitForever    
2000d0f5  _SlDrvProtectionObjUnLock             
20008175  _SlDrvReleasePoolObj                  
2000d57b  _SlDrvResetCmdExt                     
20007af5  _SlDrvRxHdrRead                       
2000c39d  _SlDrvRxIrqHandler                    
2000d34d  _SlDrvSyncObjSignal                   
2000d1cd  _SlDrvSyncObjWaitForever              
2000888d  _SlDrvWaitForPoolObj                  
2000dca8  _SlEventMaskGetCmdCtrl                
2000dca4  _SlEventMaskSetCmdCtrl                
20008ba5  _SlFindAndSetActiveObj                
2000dc3c  _SlGetHostByNameCtrl                  
2000dc38  _SlGetHostByServiceCtrl               
2000dc30  _SlGetServiceListeCtrl                
2000dbe8  _SlGetSockOptCmdCtrl                  
2000dbd8  _SlListenCmdCtrl                      
2000dc48  _SlNetAppGetCmdCtrl                   
2000dc44  _SlNetAppSendTokenValueCmdCtrl        
2000dc40  _SlNetAppSetCmdCtrl                   
2000dc28  _SlNetAppStartCtrl                    
2000dc2c  _SlNetAppStopCtrl                     
2000dcd0  _SlNetCfgGetCmdCtrl                   
2000dccc  _SlNetCfgSetCmdCtrl                   
2000b8d9  _SlNonOsMainLoopTask                  
2000bf51  _SlNonOsSemGet                        
2000d40f  _SlNonOsSemSet                        
2000bfad  _SlNonOsSpawn                         
2000dcb4  _SlPayloadByProtocolLUT               
2000daec  _SlPolicyGetCmdCtrl                   
2000dae8  _SlPolicySetCmdCtrl                   
2000daf4  _SlProfileDelCmdCtrl                  
2000daf0  _SlProfileGetCmdCtrl                  
2000dbe0  _SlRecvCmdCtrl                        
2000dbd0  _SlRecvfomCmdCtrl                     
2000dc34  _SlRegisterServiceCtrl                
2000a385  _SlRemoveFromList                     
2000dafc  _SlRxFilterAddtCmdCtrl                
2000db04  _SlRxFilterGetCmdCtrl                 
2000db00  _SlRxFilterSetCmdCtrl                 
2000dbec  _SlSelectCmdCtrl                      
2000dbd4  _SlSendCmdCtrl                        
2000dbe4  _SlSetSockOptCmdCtrl                  
2000db08  _SlSmartConfigStartCmdCtrl            
2000dbcc  _SlSockCloseCmdCtrl                   
2000dbc8  _SlSockSocketCmdCtrl                  
2000dca0  _SlStopCmdCtrl                        
2000db14  _SlWlanCfgGetCmdCtrl                  
2000db10  _SlWlanCfgSetCmdCtrl                  
2000daf8  _SlWlanGetNetworkListCtrl             
2000db0c  _SlWlanSetModeCmdCtrl                 
20018420  _Snan                                 
200184e8  _Tls_setup__Fenv                      
20018440  _Xbig                                 
20018448  _Zero                                 
200176e0  __CIOBUF_                             
20030000  __STACK_END                           
00000800  __STACK_SIZE                          
00000800  __SYSMEM_SIZE                         
2000ddc0  __TI_CINIT_Base                       
2000ddd0  __TI_CINIT_Limit                      
2000dda8  __TI_Handler_Table_Base               
2000ddb4  __TI_Handler_Table_Limit              
2000ba25  __TI_auto_init                        
200085d9  __TI_cleanup                          
200184dc  __TI_cleanup_ptr                      
2000ab9d  __TI_closefile                        
2000d589  __TI_decompress_none                  
2000d5f1  __TI_decompress_rle24                 
2000a1fd  __TI_doflush                          
200184e0  __TI_dtors_ptr                        
200184a0  __TI_ft_end                           
200064a9  __TI_printfi                          
2000a78f  __TI_rd_ok                            
2000bb97  __TI_readmsg                          
2000dcd8  __TI_static_base__                    
20017800  __TI_tmpnams                          
2000bb65  __TI_writemsg                         
2000a72d  __TI_wrt_ok                           
2000d5bd  __TI_zero_init                        
2000b2ed  __aeabi_cdcmpeq                       
2000b2ed  __aeabi_cdcmple                       
2000b373  __aeabi_cdrcmple                      
2000c639  __aeabi_d2f                           
2000c5f1  __aeabi_d2iz                          
200086df  __aeabi_dadd                          
20008fb5  __aeabi_ddiv                          
20009bcf  __aeabi_dmul                          
200086d5  __aeabi_dsub                          
2000caf5  __aeabi_f2d                           
2000adf9  __aeabi_fdiv                          
2000cded  __aeabi_i2d                           
2000b6fd  __aeabi_memclr                        
2000b6fd  __aeabi_memclr4                       
2000b6fd  __aeabi_memclr8                       
2000aa65  __aeabi_memcpy                        
2000aa65  __aeabi_memcpy4                       
2000aa65  __aeabi_memcpy8                       
2000b6ff  __aeabi_memset                        
2000b6ff  __aeabi_memset4                       
2000b6ff  __aeabi_memset8                       
200184ac  __aeabi_stderr                        
200184a4  __aeabi_stdin                         
200184a8  __aeabi_stdout                        
2000d135  __aeabi_ui2d                          
20007f81  __aeabi_uldivmod                      
ffffffff  __binit__                             
ffffffff  __c_args__                            
2002f800  __stack                               
2000d441  _args_main                            
2000c9d1  _c_int00                              
2000d5fc  _ctypes_                              
20018160  _ftable                               
200184d4  _lock                                 
2000d53b  _nop                                  
2000d533  _register_lock                        
2000d52d  _register_unlock                      
2000c3e9  _sl_BuildAddress                      
2000d429  _sl_GetStartResponseConvert           
2000be31  _sl_HandleAsync_Accept                
2000b779  _sl_HandleAsync_Connect               
2000b0c5  _sl_HandleAsync_DnsGetHostByName      
2000a135  _sl_HandleAsync_DnsGetHostByService   
2000b681  _sl_HandleAsync_InitComplete          
2000b151  _sl_HandleAsync_PingResponse          
2000c1c1  _sl_HandleAsync_Select                
2000c269  _sl_HandleAsync_Stop                  
2000bafd  _sl_NetAppSendTokenValue              
2000c995  _sl_TruncatePayloadByProtocol         
20017960  _sys_memory                           
2000d5f7  _system_pre_init                      
200184d8  _unlock                               
2000c799  abort                                 
20007775  add_device                            
2000c435  atoi                                  
2001847c  av                                    
20018478  average                               
ffffffff  binit                                 
20007145  calloc                                
20007725  close                                 
20004f85  configureUltrasoundTxTimer            
2000c481  copy_in                               
2001846c  countCycles                           
20005005  disableUltrasoundTimer                
200053d9  emitUltrasound                        
2000c7a1  exit                                  
2000ac03  fclose                                
2000cc39  feraiseexcept                         
2000a249  fflush                                
2000862f  fopen                                 
2000ac35  fputc                                 
20009221  fputs                                 
20006e93  free                                  
20008605  freopen                               
2000d093  frexp                                 
2000bd05  fseek                                 
200184d0  gFirstCmdMode                         
2000db9c  g_H2NCnysPattern                      
2000db94  g_H2NSyncPattern                      
2001794c  g_S2InterruptHdl                      
20017950  g_S3InterruptHdl                      
200184bc  g_SpiFd                               
20017578  g_StatMem                             
200178f0  g__SlNonOsCB                          
20017000  g_cBsdBuf                             
20017955  g_cDummy                              
200184c8  g_pCB                                 
200184c0  g_pHostIntHdl                         
20004000  g_pfnVectors                          
2001793c  g_ucConnectionBSSID                   
20017918  g_ucConnectionSSID                    
200184c4  g_ucDMAEnabled                        
200178a0  g_ucDinDout                           
20017956  g_ucLED1Pin                           
20017957  g_ucLED2Pin                           
20017958  g_ucLED3Pin                           
20018494  g_uiLED1Port                          
20018498  g_uiLED2Port                          
2001849c  g_uiLED3Port                          
2001845c  g_uiPortNum                           
20018458  g_ulDestinationIp                     
20018454  g_ulGatewayIP                         
20018460  g_ulIpAddr                            
20018450  g_ulStatus                            
2000c681  ldexp                                 
20007701  lseek                                 
2000c115  ltoa                                  
20005539  main                                  
200184f4  main_func_sp                          
20006e2b  malloc                                
20007061  memalign                              
2000d243  memccpy                               
2000d115  memchr                                
2000aa65  memcpy                                
2000b705  memset                                
20006d9d  minit                                 
20018468  numberOfCycles                        
20007653  open                                  
200184cc  pPingCallBackFunc                     
200051e9  performAction                         
2000b951  printf                                
2000ac35  putc                                  
2000acb9  putchar                               
2000932d  puts                                  
2000ce1b  raise                                 
2000762f  read                                  
20006f55  realloc                               
20004db5  receiveData                           
200075a5  remove                                
20007607  remove_device                         
200075c9  rename                                
200052f1  sendACK                               
20004d2d  sendData                              
2000532d  sendLocalIPAddress                    
20004cdf  setupWIFIReceiver                     
20009ead  setvbuf                               
2000c85d  signal                                
2000b265  sl_Bind                               
2000cd5d  sl_Close                              
2000ab01  sl_DevGet                             
2000c7d9  sl_Htonl                              
2000ca0d  sl_Htons                              
2000a679  sl_NetAppMDNSRegisterUnregisterService
2000cb99  sl_NetAppMDNSUnRegisterService        
2000bbcd  sl_NetCfgSet                          
200097bd  sl_RecvFrom                           
20009481  sl_SendTo                             
2000c009  sl_Socket                             
2000a505  sl_Start                              
2000a061  sl_Stop                               
20007d3d  sl_WlanConnect                        
2000d5c9  sl_WlanDisconnect                     
2000bef1  sl_WlanPolicySet                      
2000cd8d  sl_WlanProfileDel                     
2000c215  sl_WlanRxFilterSet                    
2000bc35  sl_WlanSet                            
2000cdbd  sl_WlanSetMode                        
2000af1d  sl_WlanSmartConfigStart               
2000d5d5  sl_WlanSmartConfigStop                
20018464  sockID                                
2000b7f1  spi_Close                             
20008e71  spi_Open                              
20009ccd  spi_Read                              
2000accd  spi_Write                             
2000be91  sprintf                               
2000d209  strcat                                
2000d4b3  strchr                                
2000d459  strcmp                                
2000d541  strcpy                                
2000d009  strcspn                               
2000d555  strlen                                
2000ccfd  strncpy                               
2000cf1f  strspn                                
2000c89d  strtok                                
20009599  strtoul                               
2000c4cd  uDMAChannelAssign                     
2000bd69  uDMAChannelAttributeDisable           
2000bdcd  uDMAChannelAttributeEnable            
2000ca49  uDMAChannelControlSet                 
2000d261  uDMAChannelEnable                     
20009dbd  uDMAChannelTransferSet                
200075a5  unlink                                
20018474  value                                 
20007515  write                                 


GLOBAL SYMBOLS: SORTED BY Symbol Address 

address   name                                  
-------   ----                                  
00000800  __STACK_SIZE                          
00000800  __SYSMEM_SIZE                         
20004000  g_pfnVectors                          
2000444d  SimpleLinkWlanEventHandler            
20004571  SimpleLinkNetAppEventHandler          
20004625  SimpleLinkHttpServerCallback          
20004639  SimpleLinkGeneralEventHandler         
20004659  SimpleLinkSockEventHandler            
20004b19  SmartConfigConnect                    
20004c0d  WpsConnectPushButton                  
20004c5f  IpAddressParser                       
20004cdf  setupWIFIReceiver                     
20004d2d  sendData                              
20004db5  receiveData                           
20004e4f  SW2InterruptHandler                   
20004ee1  SW3InterruptHandler                   
20004f37  SetupUltrasoundTxTimerPWMMode         
20004f85  configureUltrasoundTxTimer            
20005005  disableUltrasoundTimer                
200050a1  SetupTimer                            
2000511b  Configureadc                          
200051e9  performAction                         
200052f1  sendACK                               
2000532d  sendLocalIPAddress                    
200053d9  emitUltrasound                        
20005539  main                                  
200064a9  __TI_printfi                          
200067b1  _SlDrvMsgRead                         
20006d9d  minit                                 
20006e2b  malloc                                
20006e93  free                                  
20006f55  realloc                               
20007061  memalign                              
20007145  calloc                                
200071b5  GPIO_IF_LedConfigure                  
200071f3  GPIO_IF_LedOn                         
200072a7  GPIO_IF_LedOff                        
2000735b  GPIO_IF_LedStatus                     
200073c5  GPIO_IF_LedToggle                     
200073f3  GPIO_IF_GetPortNPin                   
20007439  GPIO_IF_ConfigureNIntEnable           
20007481  GPIO_IF_Set                           
200074c5  GPIO_IF_Get                           
20007515  write                                 
200075a5  remove                                
200075a5  unlink                                
200075c9  rename                                
20007607  remove_device                         
2000762f  read                                  
20007653  open                                  
20007701  lseek                                 
20007725  close                                 
20007775  add_device                            
20007821  HOSTwrite                             
2000786d  HOSTunlink                            
200078a5  HOSTtime                              
200078df  HOSTrename                            
2000793d  HOSTread                              
20007989  HOSTopen                              
200079db  HOSTlseek                             
20007a37  HOSTgetenv                            
20007a75  HOSTclose                             
20007aad  HOSTclock                             
20007af5  _SlDrvRxHdrRead                       
20007d3d  sl_WlanConnect                        
20007f81  __aeabi_uldivmod                      
20008175  _SlDrvReleasePoolObj                  
20008345  _SlDrvMsgWrite                        
200085d9  __TI_cleanup                          
20008605  freopen                               
2000862f  fopen                                 
200086d5  __aeabi_dsub                          
200086df  __aeabi_dadd                          
2000888d  _SlDrvWaitForPoolObj                  
20008a1d  _SlDrvDriverCBInit                    
20008ba5  _SlFindAndSetActiveObj                
20008d15  GPIOs3IntHandler                      
20008d35  GPIOs2IntHandler                      
20008d55  Button_IF_Init                        
20008dc5  Button_IF_EnableInterrupt             
20008e15  Button_IF_DisableInterrupt            
20008e71  spi_Open                              
20008fb5  __aeabi_ddiv                          
200090ed  PRCMCC3200MCUInit                     
20009221  fputs                                 
2000932d  puts                                  
20009355  _SlDrvDataReadOp                      
20009481  sl_SendTo                             
20009599  strtoul                               
200096ad  _Dscale                               
200097bd  sl_RecvFrom                           
200098c9  _SlDrvDataWriteOp                     
200099d1  _SlDrvDriverCBDeinit                  
20009ad1  _SlDrvNetAppEventHandler              
20009bcf  __aeabi_dmul                          
20009ccd  spi_Read                              
20009dbd  uDMAChannelTransferSet                
20009ead  setvbuf                               
20009f89  _SlDrvClassifyRxMsg                   
2000a061  sl_Stop                               
2000a135  _sl_HandleAsync_DnsGetHostByService   
2000a1fd  __TI_doflush                          
2000a249  fflush                                
2000a2c5  _SlDrvMsgReadCmdCtx                   
2000a385  _SlRemoveFromList                     
2000a445  _Dnorm                                
2000a505  sl_Start                              
2000a5c1  _SlAsyncEventGenericHandler           
2000a679  sl_NetAppMDNSRegisterUnregisterService
2000a72d  __TI_wrt_ok                           
2000a78f  __TI_rd_ok                            
2000a7d9  IntDisable                            
2000a881  IntEnable                             
2000a929  SPIConfigSetExpClk                    
2000a9c9  _SlDrvMsgReadSpawnCtx                 
2000aa65  __aeabi_memcpy                        
2000aa65  __aeabi_memcpy4                       
2000aa65  __aeabi_memcpy8                       
2000aa65  memcpy                                
2000ab01  sl_DevGet                             
2000ab9d  __TI_closefile                        
2000ac03  fclose                                
2000ac35  fputc                                 
2000ac35  putc                                  
2000acb9  putchar                               
2000accd  spi_Write                             
2000ad65  PRCMPeripheralClockGet                
2000adf9  __aeabi_fdiv                          
2000ae8d  PinMuxConfig                          
2000af1d  sl_WlanSmartConfigStart               
2000b0c5  _sl_HandleAsync_DnsGetHostByName      
2000b151  _sl_HandleAsync_PingResponse          
2000b1dd  PinConfigSet                          
2000b265  sl_Bind                               
2000b2ed  __aeabi_cdcmpeq                       
2000b2ed  __aeabi_cdcmple                       
2000b373  __aeabi_cdrcmple                      
2000b3f9  NwpPowerOnPreamble                    
2000b47d  GPIOIntTypeSet                        
2000b501  _SlDrvCmdOp                           
2000b681  _sl_HandleAsync_InitComplete          
2000b6fd  __aeabi_memclr                        
2000b6fd  __aeabi_memclr4                       
2000b6fd  __aeabi_memclr8                       
2000b6ff  __aeabi_memset                        
2000b6ff  __aeabi_memset4                       
2000b6ff  __aeabi_memset8                       
2000b705  memset                                
2000b779  _sl_HandleAsync_Connect               
2000b7f1  spi_Close                             
2000b869  TimerIntRegister                      
2000b8d9  _SlNonOsMainLoopTask                  
2000b951  printf                                
2000b9b9  _SlDrvCmdSend                         
2000ba25  __TI_auto_init                        
2000bafd  _sl_NetAppSendTokenValue              
2000bb65  __TI_writemsg                         
2000bb93  C$$IO$$                               
2000bb97  __TI_readmsg                          
2000bbcd  sl_NetCfgSet                          
2000bc35  sl_WlanSet                            
2000bc9d  _Dunscale                             
2000bd05  fseek                                 
2000bd69  uDMAChannelAttributeDisable           
2000bdcd  uDMAChannelAttributeEnable            
2000be31  _sl_HandleAsync_Accept                
2000be91  sprintf                               
2000bef1  sl_WlanPolicySet                      
2000bf51  _SlNonOsSemGet                        
2000bfad  _SlNonOsSpawn                         
2000c009  sl_Socket                             
2000c065  IntPendClear                          
2000c0bd  PRCMPeripheralReset                   
2000c115  ltoa                                  
2000c16d  IntPrioritySet                        
2000c1c1  _sl_HandleAsync_Select                
2000c215  sl_WlanRxFilterSet                    
2000c269  _sl_HandleAsync_Stop                  
2000c2b9  SPIIntEnable                          
2000c351  _SlDrvProtectAsyncRespSetting         
2000c39d  _SlDrvRxIrqHandler                    
2000c3e9  _sl_BuildAddress                      
2000c435  atoi                                  
2000c481  copy_in                               
2000c4cd  uDMAChannelAssign                     
2000c561  SPIIntClear                           
2000c5a9  _SlDrvBasicCmd                        
2000c5f1  __aeabi_d2iz                          
2000c639  __aeabi_d2f                           
2000c681  ldexp                                 
2000c70d  TimerConfigure                        
2000c795  C$$EXIT                               
2000c799  abort                                 
2000c7a1  exit                                  
2000c7d9  sl_Htonl                              
2000c81d  PinModeSet                            
2000c85d  signal                                
2000c89d  strtok                                
2000c8dd  NwpRegisterInterruptHandler           
2000c91b  CopyPingResultsToReport               
2000c959  PRCMPeripheralClkEnable               
2000c995  _sl_TruncatePayloadByProtocol         
2000c9d1  _c_int00                              
2000ca0d  sl_Htons                              
2000ca49  uDMAChannelControlSet                 
2000ca85  ADCChannelEnable                      
2000cabd  NwpPowerOff                           
2000caf5  __aeabi_f2d                           
2000cb2d  GPIODirModeSet                        
2000cb63  TimerControlLevel                     
2000cb99  sl_NetAppMDNSUnRegisterService        
2000cbd1  PRCMPeripheralStatusGet               
2000cc05  SPIFIFOLevelSet                       
2000cc39  feraiseexcept                         
2000cc6d  PinTypeGPIO                           
2000cc9d  TimerControlEvent                     
2000cccd  _SlDrvDeviceEventHandler              
2000ccfd  strncpy                               
2000cd2d  _Feraise                              
2000cd5d  sl_Close                              
2000cd8d  sl_WlanProfileDel                     
2000cdbd  sl_WlanSetMode                        
2000cded  __aeabi_i2d                           
2000ce1b  raise                                 
2000ce49  NwpPowerOn                            
2000ce75  PRCMSysResetCauseGet                  
2000cea1  TimerLoadSet                          
2000cecb  TimerMatchSet                         
2000cef5  TimerPrescaleSet                      
2000cf1f  strspn                                
2000cf49  _Dclass                               
2000cf75  PRCMPeripheralClkDisable              
2000cf9d  DmaSpiSwIntHandler                    
2000cfc1  IntUnregister                         
2000cfe5  _SlDrvProtectionObjLockWaitForever    
2000d009  strcspn                               
2000d02d  GPIOIntStatus                         
2000d04f  SPIReset                              
2000d071  SPIWordCountSet                       
2000d093  frexp                                 
2000d0b5  GPIOPinWrite                          
2000d0d5  IntRegister                           
2000d0f5  _SlDrvProtectionObjUnLock             
2000d115  memchr                                
2000d135  __aeabi_ui2d                          
2000d155  GPIOIntRegister                       
2000d173  TimerDisable                          
2000d191  TimerEnable                           
2000d1af  _SlDrvObjLockWaitForever              
2000d1cd  _SlDrvSyncObjWaitForever              
2000d209  strcat                                
2000d227  ADCFIFOLvlGet                         
2000d243  memccpy                               
2000d261  uDMAChannelEnable                     
2000d27d  GPIOIntDisable                        
2000d297  GPIOIntEnable                         
2000d2b1  SPIDmaDisable                         
2000d2cb  SPIDmaEnable                          
2000d2e5  SPIFIFODisable                        
2000d2ff  SPIFIFOEnable                         
2000d319  SPIIntUnregister                      
2000d333  _SlDrvObjUnLock                       
2000d34d  _SlDrvSyncObjSignal                   
2000d367  ADCFIFORead                           
2000d37f  GPIOPinRead                           
2000d397  SPICSDisable                          
2000d3af  SPICSEnable                           
2000d3c7  SPIDisable                            
2000d3df  SPIEnable                             
2000d3f7  TimerIntEnable                        
2000d40f  _SlNonOsSemSet                        
2000d429  _sl_GetStartResponseConvert           
2000d441  _args_main                            
2000d459  strcmp                                
2000d471  PRCMHIBRegRead                        
2000d487  PRCMHIBRegWrite                       
2000d49d  _SlDrvMemZero                         
2000d4b3  strchr                                
2000d4c9  ADCEnable                             
2000d4dd  CPUcpsie                              
2000d4f1  GPIOIntClear                          
2000d505  IntVTableBaseSet                      
2000d519  PinTypeADC                            
2000d52d  _register_unlock                      
2000d533  _register_lock                        
2000d53b  _nop                                  
2000d541  strcpy                                
2000d555  strlen                                
2000d569  TimerIntClear                         
2000d57b  _SlDrvResetCmdExt                     
2000d589  __TI_decompress_none                  
2000d597  ResetISR                              
2000d5a5  NwpMaskInterrupt                      
2000d5b1  NwpUnMaskInterrupt                    
2000d5bd  __TI_zero_init                        
2000d5c9  sl_WlanDisconnect                     
2000d5d5  sl_WlanSmartConfigStop                
2000d5e1  IntMasterEnable                       
2000d5eb  UtilsDelay                            
2000d5f1  __TI_decompress_rle24                 
2000d5f7  _system_pre_init                      
2000d5fc  _ctypes_                              
2000daac  OpcodeTranslateTable                  
2000dae8  _SlPolicySetCmdCtrl                   
2000daec  _SlPolicyGetCmdCtrl                   
2000daf0  _SlProfileGetCmdCtrl                  
2000daf4  _SlProfileDelCmdCtrl                  
2000daf8  _SlWlanGetNetworkListCtrl             
2000dafc  _SlRxFilterAddtCmdCtrl                
2000db00  _SlRxFilterSetCmdCtrl                 
2000db04  _SlRxFilterGetCmdCtrl                 
2000db08  _SlSmartConfigStartCmdCtrl            
2000db0c  _SlWlanSetModeCmdCtrl                 
2000db10  _SlWlanCfgSetCmdCtrl                  
2000db14  _SlWlanCfgGetCmdCtrl                  
2000db5c  _SlActionLookupTable                  
2000db94  g_H2NSyncPattern                      
2000db9c  g_H2NCnysPattern                      
2000dba4  RxMsgClassLUT                         
2000dbc8  _SlSockSocketCmdCtrl                  
2000dbcc  _SlSockCloseCmdCtrl                   
2000dbd0  _SlRecvfomCmdCtrl                     
2000dbd4  _SlSendCmdCtrl                        
2000dbd8  _SlListenCmdCtrl                      
2000dbdc  _SlAcceptCmdCtrl                      
2000dbe0  _SlRecvCmdCtrl                        
2000dbe4  _SlSetSockOptCmdCtrl                  
2000dbe8  _SlGetSockOptCmdCtrl                  
2000dbec  _SlSelectCmdCtrl                      
2000dc28  _SlNetAppStartCtrl                    
2000dc2c  _SlNetAppStopCtrl                     
2000dc30  _SlGetServiceListeCtrl                
2000dc34  _SlRegisterServiceCtrl                
2000dc38  _SlGetHostByServiceCtrl               
2000dc3c  _SlGetHostByNameCtrl                  
2000dc40  _SlNetAppSetCmdCtrl                   
2000dc44  _SlNetAppSendTokenValueCmdCtrl        
2000dc48  _SlNetAppGetCmdCtrl                   
2000dca0  _SlStopCmdCtrl                        
2000dca4  _SlEventMaskSetCmdCtrl                
2000dca8  _SlEventMaskGetCmdCtrl                
2000dcac  _SlDeviceGetCmdCtrl                   
2000dcb0  _SlDeviceSetCmdCtrl                   
2000dcb4  _SlPayloadByProtocolLUT               
2000dcc4  StartResponseLUT                      
2000dccc  _SlNetCfgSetCmdCtrl                   
2000dcd0  _SlNetCfgGetCmdCtrl                   
2000dcd8  __TI_static_base__                    
2000dda8  __TI_Handler_Table_Base               
2000ddb4  __TI_Handler_Table_Limit              
2000ddc0  __TI_CINIT_Base                       
2000ddd0  __TI_CINIT_Limit                      
20017000  g_cBsdBuf                             
20017578  g_StatMem                             
200176e0  __CIOBUF_                             
20017800  __TI_tmpnams                          
200178a0  g_ucDinDout                           
200178f0  g__SlNonOsCB                          
20017918  g_ucConnectionSSID                    
2001793c  g_ucConnectionBSSID                   
2001794c  g_S2InterruptHdl                      
20017950  g_S3InterruptHdl                      
20017954  RxIrqCnt                              
20017955  g_cDummy                              
20017956  g_ucLED1Pin                           
20017957  g_ucLED2Pin                           
20017958  g_ucLED3Pin                           
20017960  _sys_memory                           
20018160  _ftable                               
200183d0  _Denorm                               
200183e0  _Eps                                  
200183f0  _Hugeval                              
20018400  _Inf                                  
20018410  _Nan                                  
20018420  _Snan                                 
20018430  _Rteps                                
20018440  _Xbig                                 
20018448  _Zero                                 
20018450  g_ulStatus                            
20018454  g_ulGatewayIP                         
20018458  g_ulDestinationIp                     
2001845c  g_uiPortNum                           
20018460  g_ulIpAddr                            
20018464  sockID                                
20018468  numberOfCycles                        
2001846c  countCycles                           
20018470  SW2Flag                               
20018474  value                                 
20018478  average                               
2001847c  av                                    
20018494  g_uiLED1Port                          
20018498  g_uiLED2Port                          
2001849c  g_uiLED3Port                          
200184a0  __TI_ft_end                           
200184a4  __aeabi_stdin                         
200184a8  __aeabi_stdout                        
200184ac  __aeabi_stderr                        
200184bc  g_SpiFd                               
200184c0  g_pHostIntHdl                         
200184c4  g_ucDMAEnabled                        
200184c8  g_pCB                                 
200184cc  pPingCallBackFunc                     
200184d0  gFirstCmdMode                         
200184d4  _lock                                 
200184d8  _unlock                               
200184dc  __TI_cleanup_ptr                      
200184e0  __TI_dtors_ptr                        
200184e4  _Fenv                                 
200184e8  _Tls_setup__Fenv                      
200184ec  _Errno                                
200184f4  main_func_sp                          
2002f800  __stack                               
20030000  __STACK_END                           
ffffffff  __binit__                             
ffffffff  __c_args__                            
ffffffff  binit                                 
UNDEFED   SHT$$INIT_ARRAY$$Base                 
UNDEFED   SHT$$INIT_ARRAY$$Limit                

[418 symbols]
