******************************************************************************
                  TI ARM Linker PC v5.2.5                      
******************************************************************************
>> Linked Thu Dec 17 12:32:13 2015

OUTPUT FILE NAME:   <WIFIappv2.out>
ENTRY POINT SYMBOL: "_c_int00"  address: 2000ca95


MEMORY CONFIGURATION

         name            origin    length      used     unused   attr    fill
----------------------  --------  ---------  --------  --------  ----  --------
  SRAM_CODE             20004000   00013000  00009e9e  00009162  RW X
  SRAM_DATA             20017000   00019000  00001d01  000172ff  RW X


SEGMENT ALLOCATION MAP

run origin  load origin   length   init length attrs members
----------  ----------- ---------- ----------- ----- -------
20004000    20004000    00009ea0   00009ea0    r-x
  20004000    20004000    00000400   00000400    r-- .intvecs
  20004400    20004400    000092ca   000092ca    r-x .text
  2000d6cc    2000d6cc    000006dc   000006dc    r-- .const
  2000dda8    2000dda8    000000f8   000000f8    r-- .cinit
20017000    20017000    00001508   00000000    rw-
  20017000    20017000    00000959   00000000    rw- .bss
  20017960    20017960    00000800   00000000    rw- .sysmem
  20018160    20018160    000003a8   00000000    rw- .data
2002f800    2002f800    00000800   00000000    rw-
  2002f800    2002f800    00000800   00000000    rw- .stack


SECTION ALLOCATION MAP

 output                                  attributes/
section   page    origin      length       input sections
--------  ----  ----------  ----------   ----------------
.intvecs   0    20004000    00000400     
                  20004000    00000400     startup_ccs.obj (.intvecs)

.init_array 
*          0    20004000    00000000     UNINITIALIZED

.text      0    20004400    000092ca     
                  20004400    000012f4     main.obj (.text)
                  200056f4    000010a6     rtsv7M4_T_le_eabi.lib : _printfi.obj (.text)
                  2000679a    00000002     driverlib.a : interrupt.obj (.text:IntDefaultHandler)
                  2000679c    000005ec     simplelink.a : driver.obj (.text:_SlDrvMsgRead)
                  20006d88    000003dc     rtsv7M4_T_le_eabi.lib : memory.obj (.text)
                  20007164    0000039c     gpio_if.obj (.text)
                  20007500    0000030c     rtsv7M4_T_le_eabi.lib : lowlev.obj (.text)
                  2000780c    000002d4                           : trgdrv.obj (.text)
                  20007ae0    00000248     simplelink.a : driver.obj (.text:_SlDrvRxHdrRead)
                  20007d28    00000244                  : wlan.obj (.text:sl_WlanConnect)
                  20007f6c    000001f4     rtsv7M4_T_le_eabi.lib : ull_div_t2.obj (.text)
                  20008160    000001d0     simplelink.a : driver.obj (.text:_SlDrvReleasePoolObj)
                  20008330    000001cc                  : driver.obj (.text:_SlDrvMsgWrite)
                  200084fc    000001c4     rtsv7M4_T_le_eabi.lib : fopen.obj (.text)
                  200086c0    000001b6                           : fd_add_t2.obj (.text)
                  20008876    00000002     --HOLE-- [fill = 0]
                  20008878    00000190     simplelink.a : driver.obj (.text:_SlDrvWaitForPoolObj)
                  20008a08    00000188                  : driver.obj (.text:_SlDrvDriverCBInit)
                  20008b90    00000170                  : driver.obj (.text:_SlFindAndSetActiveObj)
                  20008d00    0000015c     button_if.obj (.text)
                  20008e5c    00000144     simplelink.a : cc_pal.obj (.text:spi_Open)
                  20008fa0    00000136     rtsv7M4_T_le_eabi.lib : fd_div_t2.obj (.text)
                  200090d6    00000002     --HOLE-- [fill = 0]
                  200090d8    00000134     driverlib.a : prcm.obj (.text:PRCMCC3200MCUInit)
                  2000920c    00000134     rtsv7M4_T_le_eabi.lib : fputs.obj (.text)
                  20009340    0000012c     simplelink.a : driver.obj (.text:_SlDrvDataReadOp)
                  2000946c    00000118                  : socket.obj (.text:sl_SendTo)
                  20009584    00000114     rtsv7M4_T_le_eabi.lib : strtoul.obj (.text)
                  20009698    00000110                           : xdscale.obj (.text)
                  200097a8    0000010c     simplelink.a : socket.obj (.text:sl_RecvFrom)
                  200098b4    00000108                  : driver.obj (.text:_SlDrvDataWriteOp)
                  200099bc    00000100                  : driver.obj (.text:_SlDrvDriverCBDeinit)
                  20009abc    000000fe                  : netapp.obj (.text:_SlDrvNetAppEventHandler)
                  20009bba    000000fc     rtsv7M4_T_le_eabi.lib : fd_mul_t2.obj (.text)
                  20009cb6    00000002     --HOLE-- [fill = 0]
                  20009cb8    000000f0     simplelink.a : cc_pal.obj (.text:spi_Read)
                  20009da8    000000f0     driverlib.a : udma.obj (.text:uDMAChannelTransferSet)
                  20009e98    000000dc     rtsv7M4_T_le_eabi.lib : setvbuf.obj (.text)
                  20009f74    000000d8     simplelink.a : driver.obj (.text:_SlDrvClassifyRxMsg)
                  2000a04c    000000d4                  : device.obj (.text:sl_Stop)
                  2000a120    000000c8                  : netapp.obj (.text:_sl_HandleAsync_DnsGetHostByService)
                  2000a1e8    000000c8     rtsv7M4_T_le_eabi.lib : fflush.obj (.text)
                  2000a2b0    000000c0     simplelink.a : driver.obj (.text:_SlDrvMsgReadCmdCtx)
                  2000a370    000000c0                  : driver.obj (.text:_SlRemoveFromList)
                  2000a430    000000be     rtsv7M4_T_le_eabi.lib : xdnorm.obj (.text)
                  2000a4ee    00000002     --HOLE-- [fill = 0]
                  2000a4f0    000000bc     simplelink.a : device.obj (.text:sl_Start)
                  2000a5ac    000000b8                  : driver.obj (.text:_SlAsyncEventGenericHandler)
                  2000a664    000000b4                  : netapp.obj (.text:sl_NetAppMDNSRegisterUnregisterService)
                  2000a718    000000ac     rtsv7M4_T_le_eabi.lib : _io_perm.obj (.text)
                  2000a7c4    000000a8     driverlib.a : interrupt.obj (.text:IntDisable)
                  2000a86c    000000a8                 : interrupt.obj (.text:IntEnable)
                  2000a914    000000a0                 : spi.obj (.text:SPIConfigSetExpClk)
                  2000a9b4    0000009c     simplelink.a : driver.obj (.text:_SlDrvMsgReadSpawnCtx)
                  2000aa50    0000009c     rtsv7M4_T_le_eabi.lib : memcpy_t2.obj (.text)
                  2000aaec    0000009c     simplelink.a : device.obj (.text:sl_DevGet)
                  2000ab88    00000098     rtsv7M4_T_le_eabi.lib : fclose.obj (.text)
                  2000ac20    00000098                           : fputc.obj (.text)
                  2000acb8    00000098     simplelink.a : cc_pal.obj (.text:spi_Write)
                  2000ad50    00000094     driverlib.a : prcm.obj (.text:PRCMPeripheralClockGet)
                  2000ade4    00000092     rtsv7M4_T_le_eabi.lib : fs_div_t2.obj (.text)
                  2000ae76    00000002     --HOLE-- [fill = 0]
                  2000ae78    00000090     pinmux.obj (.text)
                  2000af08    00000090     simplelink.a : wlan.obj (.text:sl_WlanSmartConfigStart)
                  2000af98    0000008c                  : cc_pal.obj (.text:SetupDMAReceive)
                  2000b024    0000008c                  : cc_pal.obj (.text:SetupDMASend)
                  2000b0b0    0000008c                  : netapp.obj (.text:_sl_HandleAsync_DnsGetHostByName)
                  2000b13c    0000008c                  : netapp.obj (.text:_sl_HandleAsync_PingResponse)
                  2000b1c8    00000088     driverlib.a : pin.obj (.text:PinConfigSet)
                  2000b250    00000088     simplelink.a : socket.obj (.text:sl_Bind)
                  2000b2d8    00000086     rtsv7M4_T_le_eabi.lib : fd_cmp_t2.obj (.text:__aeabi_cdcmple)
                  2000b35e    00000086                           : fd_cmp_t2.obj (.text:__aeabi_cdrcmple)
                  2000b3e4    00000084     simplelink.a : cc_pal.obj (.text:NwpPowerOnPreamble)
                  2000b468    00000082     driverlib.a : gpio.obj (.text:GPIOIntTypeSet)
                  2000b4ea    00000002     --HOLE-- [fill = 0]
                  2000b4ec    00000080     simplelink.a : driver.obj (.text:_SlDrvCmdOp)
                  2000b56c    00000080                  : cc_pal.obj (.text:spi_Read_CPU)
                  2000b5ec    00000080                  : cc_pal.obj (.text:spi_Write_CPU)
                  2000b66c    0000007c                  : device.obj (.text:_sl_HandleAsync_InitComplete)
                  2000b6e8    0000007a     rtsv7M4_T_le_eabi.lib : fs_mul_t2.obj (.text)
                  2000b762    0000007a                           : memset_t2.obj (.text)
                  2000b7dc    00000078     simplelink.a : socket.obj (.text:_sl_HandleAsync_Connect)
                  2000b854    00000078                  : cc_pal.obj (.text:spi_Close)
                  2000b8cc    00000070     driverlib.a : timer.obj (.text:TimerIntRegister)
                  2000b93c    00000070     simplelink.a : nonos.obj (.text:_SlNonOsMainLoopTask)
                  2000b9ac    00000070     rtsv7M4_T_le_eabi.lib : printf.obj (.text)
                  2000ba1c    0000006c     simplelink.a : driver.obj (.text:_SlDrvCmdSend)
                  2000ba88    0000006c     rtsv7M4_T_le_eabi.lib : autoinit.obj (.text)
                  2000baf4    0000006a                           : copy_decompress_rle.obj (.text)
                  2000bb5e    00000002     --HOLE-- [fill = 0]
                  2000bb60    00000068     simplelink.a : netapp.obj (.text:_sl_NetAppSendTokenValue)
                  2000bbc8    00000068     rtsv7M4_T_le_eabi.lib : trgmsg.obj (.text)
                  2000bc30    00000068     simplelink.a : netcfg.obj (.text:sl_NetCfgSet)
                  2000bc98    00000068                  : wlan.obj (.text:sl_WlanSet)
                  2000bd00    00000066     rtsv7M4_T_le_eabi.lib : xdunscal.obj (.text)
                  2000bd66    00000002     --HOLE-- [fill = 0]
                  2000bd68    00000064                           : fseek.obj (.text)
                  2000bdcc    00000064     driverlib.a : udma.obj (.text:uDMAChannelAttributeDisable)
                  2000be30    00000064                 : udma.obj (.text:uDMAChannelAttributeEnable)
                  2000be94    00000060     rtsv7M4_T_le_eabi.lib : fs_cmp_t2.obj (.text:__aeabi_cfrcmple)
                  2000bef4    00000060     simplelink.a : socket.obj (.text:_sl_HandleAsync_Accept)
                  2000bf54    00000060     rtsv7M4_T_le_eabi.lib : sprintf.obj (.text)
                  2000bfb4    00000060     simplelink.a : wlan.obj (.text:sl_WlanPolicySet)
                  2000c014    0000005c                  : nonos.obj (.text:_SlNonOsSemGet)
                  2000c070    0000005c                  : nonos.obj (.text:_SlNonOsSpawn)
                  2000c0cc    0000005c                  : socket.obj (.text:sl_Socket)
                  2000c128    00000058     driverlib.a : interrupt.obj (.text:IntPendClear)
                  2000c180    00000058                 : prcm.obj (.text:PRCMPeripheralReset)
                  2000c1d8    00000056     rtsv7M4_T_le_eabi.lib : ltoa.obj (.text)
                  2000c22e    00000002     --HOLE-- [fill = 0]
                  2000c230    00000054     driverlib.a : interrupt.obj (.text:IntPrioritySet)
                  2000c284    00000054     simplelink.a : socket.obj (.text:_sl_HandleAsync_Select)
                  2000c2d8    00000054                  : wlan.obj (.text:sl_WlanRxFilterSet)
                  2000c32c    00000050                  : device.obj (.text:_sl_HandleAsync_Stop)
                  2000c37c    0000004c     driverlib.a : spi.obj (.text:SPIIntEnable)
                  2000c3c8    0000004c                 : spi.obj (.text:SPIIntNumberGet)
                  2000c414    0000004c     simplelink.a : driver.obj (.text:_SlDrvProtectAsyncRespSetting)
                  2000c460    0000004c                  : driver.obj (.text:_SlDrvRxIrqHandler)
                  2000c4ac    0000004c                  : socket.obj (.text:_sl_BuildAddress)
                  2000c4f8    0000004c     rtsv7M4_T_le_eabi.lib : atoi.obj (.text)
                  2000c544    0000004c                           : cpy_tbl.obj (.text)
                  2000c590    0000004c     driverlib.a : udma.obj (.text:uDMAChannelAssign)
                  2000c5dc    00000048                 : gpio.obj (.text:GPIOGetIntNumber)
                  2000c624    00000048                 : spi.obj (.text:SPIIntClear)
                  2000c66c    00000048     simplelink.a : driver.obj (.text:_SlDrvBasicCmd)
                  2000c6b4    00000048     rtsv7M4_T_le_eabi.lib : fd_toi_t2.obj (.text)
                  2000c6fc    00000048                           : fd_tos_t2.obj (.text)
                  2000c744    00000046                           : ldexp.obj (.text)
                  2000c78a    00000002     --HOLE-- [fill = 0]
                  2000c78c    00000044     driverlib.a : spi.obj (.text:SPIDmaMaskGet)
                  2000c7d0    00000044                 : timer.obj (.text:TimerConfigure)
                  2000c814    00000044     simplelink.a : cc_pal.obj (.text:cc_SetupTransfer)
                  2000c858    00000044     rtsv7M4_T_le_eabi.lib : exit.obj (.text)
                  2000c89c    00000042     simplelink.a : socket.obj (.text:sl_Htonl)
                  2000c8de    00000002     --HOLE-- [fill = 0]
                  2000c8e0    00000040     driverlib.a : pin.obj (.text:PinModeSet)
                  2000c920    00000040     rtsv7M4_T_le_eabi.lib : signal.obj (.text)
                  2000c960    00000040                           : strtok.obj (.text)
                  2000c9a0    0000003e     simplelink.a : cc_pal.obj (.text:NwpRegisterInterruptHandler)
                  2000c9de    0000003c                  : netapp.obj (.text:CopyPingResultsToReport)
                  2000ca1a    00000002     --HOLE-- [fill = 0]
                  2000ca1c    0000003c     driverlib.a : prcm.obj (.text:PRCMPeripheralClkEnable)
                  2000ca58    0000003c     simplelink.a : socket.obj (.text:_sl_TruncatePayloadByProtocol)
                  2000ca94    0000003c     rtsv7M4_T_le_eabi.lib : boot.obj (.text)
                  2000cad0    0000003c     simplelink.a : socket.obj (.text:sl_Htons)
                  2000cb0c    0000003c     driverlib.a : udma.obj (.text:uDMAChannelControlSet)
                  2000cb48    00000038                 : adc.obj (.text:ADCChannelEnable)
                  2000cb80    00000038     simplelink.a : cc_pal.obj (.text:NwpPowerOff)
                  2000cbb8    00000038     rtsv7M4_T_le_eabi.lib : fs_tod_t2.obj (.text)
                  2000cbf0    00000036     driverlib.a : gpio.obj (.text:GPIODirModeSet)
                  2000cc26    00000036                 : timer.obj (.text:TimerControlLevel)
                  2000cc5c    00000036     simplelink.a : netapp.obj (.text:sl_NetAppMDNSUnRegisterService)
                  2000cc92    00000002     --HOLE-- [fill = 0]
                  2000cc94    00000034     driverlib.a : prcm.obj (.text:PRCMPeripheralStatusGet)
                  2000ccc8    00000034                 : spi.obj (.text:SPIFIFOLevelSet)
                  2000ccfc    00000034     rtsv7M4_T_le_eabi.lib : feraiseexcept.obj (.text)
                  2000cd30    00000030     driverlib.a : pin.obj (.text:PinTypeGPIO)
                  2000cd60    00000030                 : timer.obj (.text:TimerControlEvent)
                  2000cd90    00000030     simplelink.a : device.obj (.text:_SlDrvDeviceEventHandler)
                  2000cdc0    00000030     rtsv7M4_T_le_eabi.lib : strncpy.obj (.text)
                  2000cdf0    00000030                           : xferaise.obj (.text)
                  2000ce20    00000030     simplelink.a : socket.obj (.text:sl_Close)
                  2000ce50    00000030                  : wlan.obj (.text:sl_WlanProfileDel)
                  2000ce80    00000030                  : wlan.obj (.text:sl_WlanSetMode)
                  2000ceb0    0000002e     rtsv7M4_T_le_eabi.lib : i_tofd_t2.obj (.text)
                  2000cede    0000002e                           : raise.obj (.text)
                  2000cf0c    0000002c     simplelink.a : cc_pal.obj (.text:NwpPowerOn)
                  2000cf38    0000002c     driverlib.a : prcm.obj (.text:PRCMSysResetCauseGet)
                  2000cf64    0000002a                 : timer.obj (.text:TimerLoadSet)
                  2000cf8e    0000002a                 : timer.obj (.text:TimerMatchSet)
                  2000cfb8    0000002a                 : timer.obj (.text:TimerPrescaleSet)
                  2000cfe2    0000002a     rtsv7M4_T_le_eabi.lib : strspn.obj (.text)
                  2000d00c    0000002a                           : xdclass.obj (.text)
                  2000d036    00000002     --HOLE-- [fill = 0]
                  2000d038    00000028     driverlib.a : prcm.obj (.text:PRCMPeripheralClkDisable)
                  2000d060    00000024     simplelink.a : cc_pal.obj (.text:DmaSpiSwIntHandler)
                  2000d084    00000024     driverlib.a : interrupt.obj (.text:IntUnregister)
                  2000d0a8    00000024     simplelink.a : driver.obj (.text:_SlDrvProtectionObjLockWaitForever)
                  2000d0cc    00000024     rtsv7M4_T_le_eabi.lib : strcspn.obj (.text)
                  2000d0f0    00000022     driverlib.a : gpio.obj (.text:GPIOIntStatus)
                  2000d112    00000022                 : spi.obj (.text:SPIReset)
                  2000d134    00000022                 : spi.obj (.text:SPIWordCountSet)
                  2000d156    00000022     rtsv7M4_T_le_eabi.lib : frexp.obj (.text)
                  2000d178    00000020     driverlib.a : gpio.obj (.text:GPIOPinWrite)
                  2000d198    00000020                 : interrupt.obj (.text:IntRegister)
                  2000d1b8    00000020     simplelink.a : driver.obj (.text:_SlDrvProtectionObjUnLock)
                  2000d1d8    00000020     rtsv7M4_T_le_eabi.lib : memchr.obj (.text)
                  2000d1f8    0000001e     driverlib.a : gpio.obj (.text:GPIOIntRegister)
                  2000d216    0000001e                 : timer.obj (.text:TimerDisable)
                  2000d234    0000001e                 : timer.obj (.text:TimerEnable)
                  2000d252    0000001e     simplelink.a : driver.obj (.text:_SlDrvObjLockWaitForever)
                  2000d270    0000001e                  : driver.obj (.text:_SlDrvSyncObjWaitForever)
                  2000d28e    0000001e                  : cc_pal.obj (.text:cc_UDMAChannelSelect)
                  2000d2ac    0000001e     rtsv7M4_T_le_eabi.lib : strcat.obj (.text)
                  2000d2ca    0000001c     driverlib.a : adc.obj (.text:ADCFIFOLvlGet)
                  2000d2e6    0000001c     rtsv7M4_T_le_eabi.lib : memccpy.obj (.text)
                  2000d302    00000002     --HOLE-- [fill = 0]
                  2000d304    0000001c     driverlib.a : udma.obj (.text:uDMAChannelEnable)
                  2000d320    0000001a                 : gpio.obj (.text:GPIOIntDisable)
                  2000d33a    0000001a                 : gpio.obj (.text:GPIOIntEnable)
                  2000d354    0000001a                 : spi.obj (.text:SPIDmaDisable)
                  2000d36e    0000001a                 : spi.obj (.text:SPIDmaEnable)
                  2000d388    0000001a                 : spi.obj (.text:SPIFIFODisable)
                  2000d3a2    0000001a                 : spi.obj (.text:SPIFIFOEnable)
                  2000d3bc    0000001a                 : spi.obj (.text:SPIIntUnregister)
                  2000d3d6    0000001a     simplelink.a : driver.obj (.text:_SlDrvObjUnLock)
                  2000d3f0    0000001a                  : driver.obj (.text:_SlDrvSyncObjSignal)
                  2000d40a    00000018     driverlib.a : adc.obj (.text:ADCFIFORead)
                  2000d422    00000018                 : gpio.obj (.text:GPIOPinRead)
                  2000d43a    00000018                 : spi.obj (.text:SPICSDisable)
                  2000d452    00000018                 : spi.obj (.text:SPICSEnable)
                  2000d46a    00000018                 : spi.obj (.text:SPIDisable)
                  2000d482    00000018                 : spi.obj (.text:SPIEnable)
                  2000d49a    00000018                 : timer.obj (.text:TimerIntDisable)
                  2000d4b2    00000018                 : timer.obj (.text:TimerIntEnable)
                  2000d4ca    00000018     simplelink.a : nonos.obj (.text:_SlNonOsSemSet)
                  2000d4e2    00000002     --HOLE-- [fill = 0]
                  2000d4e4    00000018                  : device.obj (.text:_sl_GetStartResponseConvert)
                  2000d4fc    00000018     rtsv7M4_T_le_eabi.lib : args_main.obj (.text)
                  2000d514    00000018                           : strcmp.obj (.text)
                  2000d52c    00000016     driverlib.a : prcm.obj (.text:PRCMHIBRegRead)
                  2000d542    00000016                 : prcm.obj (.text:PRCMHIBRegWrite)
                  2000d558    00000016     simplelink.a : driver.obj (.text:_SlDrvMemZero)
                  2000d56e    00000016     rtsv7M4_T_le_eabi.lib : strchr.obj (.text)
                  2000d584    00000014     driverlib.a : adc.obj (.text:ADCDisable)
                  2000d598    00000014                 : adc.obj (.text:ADCEnable)
                  2000d5ac    00000014                 : cpu.obj (.text:CPUcpsie)
                  2000d5c0    00000014                 : gpio.obj (.text:GPIOIntClear)
                  2000d5d4    00000014                 : interrupt.obj (.text:IntVTableBaseSet)
                  2000d5e8    00000014                 : pin.obj (.text:PinTypeADC)
                  2000d5fc    00000014     rtsv7M4_T_le_eabi.lib : _lock.obj (.text)
                  2000d610    00000014                           : strcpy.obj (.text)
                  2000d624    00000014                           : strlen.obj (.text)
                  2000d638    00000012     driverlib.a : timer.obj (.text:TimerIntClear)
                  2000d64a    0000000e     simplelink.a : driver.obj (.text:_SlDrvResetCmdExt)
                  2000d658    0000000e     rtsv7M4_T_le_eabi.lib : copy_decompress_none.obj (.text:decompress:none)
                  2000d666    0000000e     startup_ccs.obj (.text)
                  2000d674    0000000c     simplelink.a : cc_pal.obj (.text:NwpMaskInterrupt)
                  2000d680    0000000c                  : cc_pal.obj (.text:NwpUnMaskInterrupt)
                  2000d68c    0000000c     rtsv7M4_T_le_eabi.lib : copy_zero_init.obj (.text:decompress:ZI)
                  2000d698    0000000c     simplelink.a : wlan.obj (.text:sl_WlanDisconnect)
                  2000d6a4    0000000c                  : wlan.obj (.text:sl_WlanSmartConfigStop)
                  2000d6b0    0000000a     driverlib.a : interrupt.obj (.text:IntMasterEnable)
                  2000d6ba    00000006                 : utils.obj (.text:UtilsDelay)
                  2000d6c0    00000006     rtsv7M4_T_le_eabi.lib : copy_decompress_rle.obj (.text:decompress:rle24)
                  2000d6c6    00000004                           : pre_init.obj (.text)

.const     0    2000d6cc    000006dc     
                  2000d6cc    00000101     rtsv7M4_T_le_eabi.lib : ctype.obj (.const:.string:_ctypes_)
                  2000d7cd    00000003     --HOLE-- [fill = 0]
                  2000d7d0    00000100     driverlib.a : pin.obj (.const:g_ulPinToPadMap)
                  2000d8d0    000000d4                 : interrupt.obj (.const:g_pulRegs)
                  2000d9a4    000000b0     simplelink.a : wlan.obj (.const:$P$T0$1)
                  2000da54    000000a8     driverlib.a : prcm.obj (.const:PRCM_PeriphRegsList)
                  2000dafc    00000080                 : interrupt.obj (.const)
                  2000db7c    0000003c     simplelink.a : driver.obj (.const:OpcodeTranslateTable)
                  2000dbb8    0000003c                  : wlan.obj (.const)
                  2000dbf4    0000003a     main.obj (.const:.string)
                  2000dc2e    00000002     --HOLE-- [fill = 0]
                  2000dc30    00000038     simplelink.a : driver.obj (.const:_SlActionLookupTable)
                  2000dc68    00000034                  : driver.obj (.const)
                  2000dc9c    00000034                  : socket.obj (.const)
                  2000dcd0    0000002c     main.obj (.const:$P$T0$1)
                  2000dcfc    00000028     simplelink.a : netapp.obj (.const)
                  2000dd24    00000024     driverlib.a : spi.obj (.const:g_ppulSPIIntMap)
                  2000dd48    00000018                 : spi.obj (.const)
                  2000dd60    00000014     main.obj (.const)
                  2000dd74    00000014     simplelink.a : device.obj (.const)
                  2000dd88    00000010                  : socket.obj (.const:.string)
                  2000dd98    00000008                  : device.obj (.const:.string)
                  2000dda0    00000008                  : netcfg.obj (.const)

.cinit     0    2000dda8    000000f8     
                  2000dda8    000000cf     (.cinit..data.load) [load image, compression = rle]
                  2000de77    00000001     --HOLE-- [fill = 0]
                  2000de78    0000000c     (__TI_handler_table)
                  2000de84    00000004     --HOLE-- [fill = 0]
                  2000de88    00000008     (.cinit..bss.load) [load image, compression = zero_init]
                  2000de90    00000010     (__TI_cinit_table)

.bss       0    20017000    00000959     UNINITIALIZED
                  20017000    00000578     main.obj (.bss:g_cBsdBuf)
                  20017578    00000168     simplelink.a : driver.obj (.bss:g_StatMem)
                  200176e0    00000120     rtsv7M4_T_le_eabi.lib : trgmsg.obj (.bss:__CIOBUF_)
                  20017800    000000a0                           : defs.obj (.bss:__TI_tmpnams)
                  200178a0    00000050     simplelink.a : cc_pal.obj (.bss:g_ucDinDout)
                  200178f0    00000028                  : nonos.obj (.bss:g__SlNonOsCB)
                  20017918    00000024     main.obj (.bss:g_ucConnectionSSID)
                  2001793c    00000008     (.common:g_ucConnectionBSSID)
                  20017944    00000008     (.common:parmbuf)
                  2001794c    00000004     (.common:g_S2InterruptHdl)
                  20017950    00000004     (.common:g_S3InterruptHdl)
                  20017954    00000001     (.common:RxIrqCnt)
                  20017955    00000001     (.common:g_cDummy)
                  20017956    00000001     (.common:g_ucLED1Pin)
                  20017957    00000001     (.common:g_ucLED2Pin)
                  20017958    00000001     (.common:g_ucLED3Pin)

.TI.noinit 
*          0    20017000    00000000     UNINITIALIZED

.sysmem    0    20017960    00000800     UNINITIALIZED
                  20017960    00000008     rtsv7M4_T_le_eabi.lib : memory.obj (.sysmem)
                  20017968    000007f8     --HOLE--

.data      0    20018160    000003a8     UNINITIALIZED
                  20018160    000000f0     rtsv7M4_T_le_eabi.lib : defs.obj (.data:_ftable)
                  20018250    000000d0                           : lowlev.obj (.data)
                  20018320    000000b0                           : signal.obj (.data:sigtable)
                  200183d0    00000080                           : xvalues.obj (.data)
                  20018450    0000003c     main.obj (.data)
                  2001848c    00000020     gpio_if.obj (.data)
                  200184ac    00000010     rtsv7M4_T_le_eabi.lib : defs.obj (.data)
                  200184bc    0000000c                           : memory.obj (.data)
                  200184c8    00000009     simplelink.a : cc_pal.obj (.data)
                  200184d1    00000003     --HOLE--
                  200184d4    00000009                  : driver.obj (.data)
                  200184dd    00000003     --HOLE--
                  200184e0    00000008     rtsv7M4_T_le_eabi.lib : _lock.obj (.data)
                  200184e8    00000008                           : exit.obj (.data)
                  200184f0    00000008                           : feraiseexcept.obj (.data)
                  200184f8    00000004                           : errno.obj (.data)
                  200184fc    00000004                           : fopen.obj (.data)
                  20018500    00000004                           : stkdepth_vars.obj (.data)
                  20018504    00000004                           : strtok.obj (.data)

.TI.persistent 
*          0    20018160    00000000     UNINITIALIZED

.stack     0    2002f800    00000800     UNINITIALIZED
                  2002f800    00000800     --HOLE--


LINKER GENERATED COPY TABLES

__TI_cinit_table @ 2000de90 records: 2, size/record: 8, table size: 16
	.data: load addr=2000dda8, load size=000000cf bytes, run addr=20018160, run size=000003a8 bytes, compression=rle
	.bss: load addr=2000de88, load size=00000008 bytes, run addr=20017000, run size=00000959 bytes, compression=zero_init


LINKER GENERATED HANDLER TABLE

__TI_handler_table @ 2000de78 records: 3, size/record: 4, table size: 12
	index: 0, handler: __TI_decompress_rle24
	index: 1, handler: __TI_decompress_none
	index: 2, handler: __TI_zero_init


GLOBAL SYMBOLS: SORTED ALPHABETICALLY BY Name 

address   name                                  
-------   ----                                  
2000cb49  ADCChannelEnable                      
2000d585  ADCDisable                            
2000d599  ADCEnable                             
2000d2cb  ADCFIFOLvlGet                         
2000d40b  ADCFIFORead                           
20008e01  Button_IF_DisableInterrupt            
20008db1  Button_IF_EnableInterrupt             
20008d41  Button_IF_Init                        
2000c859  C$$EXIT                               
2000bbf7  C$$IO$$                               
2000d5ad  CPUcpsie                              
200052a1  Configureadc                          
2000c9df  CopyPingResultsToReport               
2000d061  DmaSpiSwIntHandler                    
2000cbf1  GPIODirModeSet                        
2000d5c1  GPIOIntClear                          
2000d321  GPIOIntDisable                        
2000d33b  GPIOIntEnable                         
2000d1f9  GPIOIntRegister                       
2000d0f1  GPIOIntStatus                         
2000b469  GPIOIntTypeSet                        
2000d423  GPIOPinRead                           
2000d179  GPIOPinWrite                          
20007425  GPIO_IF_ConfigureNIntEnable           
200074b1  GPIO_IF_Get                           
200073df  GPIO_IF_GetPortNPin                   
200071a1  GPIO_IF_LedConfigure                  
20007293  GPIO_IF_LedOff                        
200071df  GPIO_IF_LedOn                         
20007347  GPIO_IF_LedStatus                     
200073b1  GPIO_IF_LedToggle                     
2000746d  GPIO_IF_Set                           
20008d21  GPIOs2IntHandler                      
20008d01  GPIOs3IntHandler                      
20007a99  HOSTclock                             
20007a61  HOSTclose                             
20007a23  HOSTgetenv                            
200079c7  HOSTlseek                             
20007975  HOSTopen                              
20007929  HOSTread                              
200078cb  HOSTrename                            
20007891  HOSTtime                              
20007859  HOSTunlink                            
2000780d  HOSTwrite                             
2000a7c5  IntDisable                            
2000a86d  IntEnable                             
2000d6b1  IntMasterEnable                       
2000c129  IntPendClear                          
2000c231  IntPrioritySet                        
2000d199  IntRegister                           
2000d085  IntUnregister                         
2000d5d5  IntVTableBaseSet                      
20004c5f  IpAddressParser                       
2000d675  NwpMaskInterrupt                      
2000cb81  NwpPowerOff                           
2000cf0d  NwpPowerOn                            
2000b3e5  NwpPowerOnPreamble                    
2000c9a1  NwpRegisterInterruptHandler           
2000d681  NwpUnMaskInterrupt                    
2000db7c  OpcodeTranslateTable                  
200090d9  PRCMCC3200MCUInit                     
2000d52d  PRCMHIBRegRead                        
2000d543  PRCMHIBRegWrite                       
2000d039  PRCMPeripheralClkDisable              
2000ca1d  PRCMPeripheralClkEnable               
2000ad51  PRCMPeripheralClockGet                
2000c181  PRCMPeripheralReset                   
2000cc95  PRCMPeripheralStatusGet               
2000cf39  PRCMSysResetCauseGet                  
2000b1c9  PinConfigSet                          
2000c8e1  PinModeSet                            
2000ae79  PinMuxConfig                          
2000d5e9  PinTypeADC                            
2000cd31  PinTypeGPIO                           
2000d667  ResetISR                              
20017954  RxIrqCnt                              
2000dc78  RxMsgClassLUT                         
UNDEFED   SHT$$INIT_ARRAY$$Base                 
UNDEFED   SHT$$INIT_ARRAY$$Limit                
2000d43b  SPICSDisable                          
2000d453  SPICSEnable                           
2000a915  SPIConfigSetExpClk                    
2000d46b  SPIDisable                            
2000d355  SPIDmaDisable                         
2000d36f  SPIDmaEnable                          
2000d483  SPIEnable                             
2000d389  SPIFIFODisable                        
2000d3a3  SPIFIFOEnable                         
2000ccc9  SPIFIFOLevelSet                       
2000c625  SPIIntClear                           
2000c37d  SPIIntEnable                          
2000d3bd  SPIIntUnregister                      
2000d113  SPIReset                              
2000d135  SPIWordCountSet                       
20018470  SW2Flag                               
20004e53  SW2InterruptHandler                   
20004ee5  SW3InterruptHandler                   
20004f37  SetupUltrasoundTxTimerPWMMode         
20004639  SimpleLinkGeneralEventHandler         
20004625  SimpleLinkHttpServerCallback          
20004571  SimpleLinkNetAppEventHandler          
20004659  SimpleLinkSockEventHandler            
2000444d  SimpleLinkWlanEventHandler            
20004b19  SmartConfigConnect                    
2000dd98  StartResponseLUT                      
2000c7d1  TimerConfigure                        
2000cd61  TimerControlEvent                     
2000cc27  TimerControlLevel                     
2000d217  TimerDisable                          
2000d235  TimerEnable                           
2000d639  TimerIntClear                         
2000d49b  TimerIntDisable                       
2000d4b3  TimerIntEnable                        
2000b8cd  TimerIntRegister                      
2000cf65  TimerLoadSet                          
2000cf8f  TimerMatchSet                         
2000cfb9  TimerPrescaleSet                      
2000d6bb  UtilsDelay                            
20004c0d  WpsConnectPushButton                  
2000d00d  _Dclass                               
200183d0  _Denorm                               
2000a431  _Dnorm                                
20009699  _Dscale                               
2000bd01  _Dunscale                             
200183e0  _Eps                                  
200184f8  _Errno                                
200184f0  _Fenv                                 
2000cdf1  _Feraise                              
200183f0  _Hugeval                              
20018400  _Inf                                  
20018410  _Nan                                  
20018430  _Rteps                                
2000dcb0  _SlAcceptCmdCtrl                      
2000dc30  _SlActionLookupTable                  
2000a5ad  _SlAsyncEventGenericHandler           
2000dd80  _SlDeviceGetCmdCtrl                   
2000dd84  _SlDeviceSetCmdCtrl                   
2000c66d  _SlDrvBasicCmd                        
20009f75  _SlDrvClassifyRxMsg                   
2000b4ed  _SlDrvCmdOp                           
2000ba1d  _SlDrvCmdSend                         
20009341  _SlDrvDataReadOp                      
200098b5  _SlDrvDataWriteOp                     
2000cd91  _SlDrvDeviceEventHandler              
200099bd  _SlDrvDriverCBDeinit                  
20008a09  _SlDrvDriverCBInit                    
2000d559  _SlDrvMemZero                         
2000679d  _SlDrvMsgRead                         
2000a2b1  _SlDrvMsgReadCmdCtx                   
2000a9b5  _SlDrvMsgReadSpawnCtx                 
20008331  _SlDrvMsgWrite                        
20009abd  _SlDrvNetAppEventHandler              
2000d253  _SlDrvObjLockWaitForever              
2000d3d7  _SlDrvObjUnLock                       
2000c415  _SlDrvProtectAsyncRespSetting         
2000d0a9  _SlDrvProtectionObjLockWaitForever    
2000d1b9  _SlDrvProtectionObjUnLock             
20008161  _SlDrvReleasePoolObj                  
2000d64b  _SlDrvResetCmdExt                     
20007ae1  _SlDrvRxHdrRead                       
2000c461  _SlDrvRxIrqHandler                    
2000d3f1  _SlDrvSyncObjSignal                   
2000d271  _SlDrvSyncObjWaitForever              
20008879  _SlDrvWaitForPoolObj                  
2000dd7c  _SlEventMaskGetCmdCtrl                
2000dd78  _SlEventMaskSetCmdCtrl                
20008b91  _SlFindAndSetActiveObj                
2000dd10  _SlGetHostByNameCtrl                  
2000dd0c  _SlGetHostByServiceCtrl               
2000dd04  _SlGetServiceListeCtrl                
2000dcbc  _SlGetSockOptCmdCtrl                  
2000dcac  _SlListenCmdCtrl                      
2000dd1c  _SlNetAppGetCmdCtrl                   
2000dd18  _SlNetAppSendTokenValueCmdCtrl        
2000dd14  _SlNetAppSetCmdCtrl                   
2000dcfc  _SlNetAppStartCtrl                    
2000dd00  _SlNetAppStopCtrl                     
2000dda4  _SlNetCfgGetCmdCtrl                   
2000dda0  _SlNetCfgSetCmdCtrl                   
2000b93d  _SlNonOsMainLoopTask                  
2000c015  _SlNonOsSemGet                        
2000d4cb  _SlNonOsSemSet                        
2000c071  _SlNonOsSpawn                         
2000dd88  _SlPayloadByProtocolLUT               
2000dbbc  _SlPolicyGetCmdCtrl                   
2000dbb8  _SlPolicySetCmdCtrl                   
2000dbc4  _SlProfileDelCmdCtrl                  
2000dbc0  _SlProfileGetCmdCtrl                  
2000dcb4  _SlRecvCmdCtrl                        
2000dca4  _SlRecvfomCmdCtrl                     
2000dd08  _SlRegisterServiceCtrl                
2000a371  _SlRemoveFromList                     
2000dbcc  _SlRxFilterAddtCmdCtrl                
2000dbd4  _SlRxFilterGetCmdCtrl                 
2000dbd0  _SlRxFilterSetCmdCtrl                 
2000dcc0  _SlSelectCmdCtrl                      
2000dca8  _SlSendCmdCtrl                        
2000dcb8  _SlSetSockOptCmdCtrl                  
2000dbd8  _SlSmartConfigStartCmdCtrl            
2000dca0  _SlSockCloseCmdCtrl                   
2000dc9c  _SlSockSocketCmdCtrl                  
2000dd74  _SlStopCmdCtrl                        
2000dbe4  _SlWlanCfgGetCmdCtrl                  
2000dbe0  _SlWlanCfgSetCmdCtrl                  
2000dbc8  _SlWlanGetNetworkListCtrl             
2000dbdc  _SlWlanSetModeCmdCtrl                 
20018420  _Snan                                 
200184f4  _Tls_setup__Fenv                      
20018440  _Xbig                                 
20018448  _Zero                                 
200176e0  __CIOBUF_                             
20030000  __STACK_END                           
00000800  __STACK_SIZE                          
00000800  __SYSMEM_SIZE                         
2000de90  __TI_CINIT_Base                       
2000dea0  __TI_CINIT_Limit                      
2000de78  __TI_Handler_Table_Base               
2000de84  __TI_Handler_Table_Limit              
2000ba89  __TI_auto_init                        
200085c5  __TI_cleanup                          
200184e8  __TI_cleanup_ptr                      
2000ab89  __TI_closefile                        
2000d659  __TI_decompress_none                  
2000d6c1  __TI_decompress_rle24                 
2000a1e9  __TI_doflush                          
200184ec  __TI_dtors_ptr                        
200184ac  __TI_ft_end                           
20006495  __TI_printfi                          
2000a77b  __TI_rd_ok                            
2000bbfb  __TI_readmsg                          
2000dda8  __TI_static_base__                    
20017800  __TI_tmpnams                          
2000bbc9  __TI_writemsg                         
2000a719  __TI_wrt_ok                           
2000d68d  __TI_zero_init                        
2000b2d9  __aeabi_cdcmpeq                       
2000b2d9  __aeabi_cdcmple                       
2000b35f  __aeabi_cdrcmple                      
2000be95  __aeabi_cfrcmple                      
2000c6fd  __aeabi_d2f                           
2000c6b5  __aeabi_d2iz                          
200086cb  __aeabi_dadd                          
20008fa1  __aeabi_ddiv                          
20009bbb  __aeabi_dmul                          
200086c1  __aeabi_dsub                          
2000cbb9  __aeabi_f2d                           
2000ade5  __aeabi_fdiv                          
2000b6e9  __aeabi_fmul                          
2000ceb1  __aeabi_i2d                           
2000b763  __aeabi_memclr                        
2000b763  __aeabi_memclr4                       
2000b763  __aeabi_memclr8                       
2000aa51  __aeabi_memcpy                        
2000aa51  __aeabi_memcpy4                       
2000aa51  __aeabi_memcpy8                       
2000b765  __aeabi_memset                        
2000b765  __aeabi_memset4                       
2000b765  __aeabi_memset8                       
200184b8  __aeabi_stderr                        
200184b0  __aeabi_stdin                         
200184b4  __aeabi_stdout                        
20007f6d  __aeabi_uldivmod                      
ffffffff  __binit__                             
ffffffff  __c_args__                            
2002f800  __stack                               
2000d4fd  _args_main                            
2000ca95  _c_int00                              
2000d6cc  _ctypes_                              
20018160  _ftable                               
200184e0  _lock                                 
2000d60b  _nop                                  
2000d603  _register_lock                        
2000d5fd  _register_unlock                      
2000c4ad  _sl_BuildAddress                      
2000d4e5  _sl_GetStartResponseConvert           
2000bef5  _sl_HandleAsync_Accept                
2000b7dd  _sl_HandleAsync_Connect               
2000b0b1  _sl_HandleAsync_DnsGetHostByName      
2000a121  _sl_HandleAsync_DnsGetHostByService   
2000b66d  _sl_HandleAsync_InitComplete          
2000b13d  _sl_HandleAsync_PingResponse          
2000c285  _sl_HandleAsync_Select                
2000c32d  _sl_HandleAsync_Stop                  
2000bb61  _sl_NetAppSendTokenValue              
2000ca59  _sl_TruncatePayloadByProtocol         
20017960  _sys_memory                           
2000d6c7  _system_pre_init                      
200184e4  _unlock                               
2000c85d  abort                                 
20007761  add_device                            
2000c4f9  atoi                                  
2001847c  average                               
ffffffff  binit                                 
20007131  calloc                                
20007711  close                                 
20004f85  configureUltrasoundTxTimer            
2000c545  copy_in                               
2001846c  countCycles                           
20018484  counter1                              
20018488  counter2                              
2000500d  disableUltrasoundTimer                
200054ad  emitUltrasound                        
2000c865  exit                                  
2000abef  fclose                                
2000ccfd  feraiseexcept                         
2000a235  fflush                                
20018480  firstav                               
2000861b  fopen                                 
2000ac21  fputc                                 
2000920d  fputs                                 
20006e7f  free                                  
200085f1  freopen                               
2000d157  frexp                                 
2000bd69  fseek                                 
200184dc  gFirstCmdMode                         
2000dc70  g_H2NCnysPattern                      
2000dc68  g_H2NSyncPattern                      
2001794c  g_S2InterruptHdl                      
20017950  g_S3InterruptHdl                      
200184c8  g_SpiFd                               
20017578  g_StatMem                             
200178f0  g__SlNonOsCB                          
20017000  g_cBsdBuf                             
20017955  g_cDummy                              
200184d4  g_pCB                                 
200184cc  g_pHostIntHdl                         
20004000  g_pfnVectors                          
2001793c  g_ucConnectionBSSID                   
20017918  g_ucConnectionSSID                    
200184d0  g_ucDMAEnabled                        
200178a0  g_ucDinDout                           
20017956  g_ucLED1Pin                           
20017957  g_ucLED2Pin                           
20017958  g_ucLED3Pin                           
200184a0  g_uiLED1Port                          
200184a4  g_uiLED2Port                          
200184a8  g_uiLED3Port                          
2001845c  g_uiPortNum                           
20018458  g_ulDestinationIp                     
20018454  g_ulGatewayIP                         
20018460  g_ulIpAddr                            
20018450  g_ulStatus                            
2000c745  ldexp                                 
200076ed  lseek                                 
2000c1d9  ltoa                                  
20005509  main                                  
20018500  main_func_sp                          
20006e17  malloc                                
2000704d  memalign                              
2000d2e7  memccpy                               
2000d1d9  memchr                                
2000aa51  memcpy                                
2000b76b  memset                                
20006d89  minit                                 
20018468  numberOfCycles                        
2000763f  open                                  
200184d8  pPingCallBackFunc                     
200052f1  performAction                         
2000b9b5  printf                                
2000ac21  putc                                  
2000aca5  putchar                               
20009319  puts                                  
2000cedf  raise                                 
2000761b  read                                  
20006f41  realloc                               
20004de5  receiveData                           
20007591  remove                                
200075f3  remove_device                         
200075b5  rename                                
20018474  sample                                
200053c1  sendACK                               
20004d5d  sendData                              
200053f9  sendLocalIPAddress                    
20004cdf  setupWIFIReceiver                     
20009e99  setvbuf                               
2000c921  signal                                
2000b251  sl_Bind                               
2000ce21  sl_Close                              
2000aaed  sl_DevGet                             
2000c89d  sl_Htonl                              
2000cad1  sl_Htons                              
2000a665  sl_NetAppMDNSRegisterUnregisterService
2000cc5d  sl_NetAppMDNSUnRegisterService        
2000bc31  sl_NetCfgSet                          
200097a9  sl_RecvFrom                           
2000946d  sl_SendTo                             
2000c0cd  sl_Socket                             
2000a4f1  sl_Start                              
2000a04d  sl_Stop                               
20007d29  sl_WlanConnect                        
2000d699  sl_WlanDisconnect                     
2000bfb5  sl_WlanPolicySet                      
2000ce51  sl_WlanProfileDel                     
2000c2d9  sl_WlanRxFilterSet                    
2000bc99  sl_WlanSet                            
2000ce81  sl_WlanSetMode                        
2000af09  sl_WlanSmartConfigStart               
2000d6a5  sl_WlanSmartConfigStop                
20018464  sockID                                
2000b855  spi_Close                             
20008e5d  spi_Open                              
20009cb9  spi_Read                              
2000acb9  spi_Write                             
2000bf55  sprintf                               
2000d2ad  strcat                                
2000d56f  strchr                                
2000d515  strcmp                                
2000d611  strcpy                                
2000d0cd  strcspn                               
2000d625  strlen                                
2000cdc1  strncpy                               
2000cfe3  strspn                                
2000c961  strtok                                
20009585  strtoul                               
2000c591  uDMAChannelAssign                     
2000bdcd  uDMAChannelAttributeDisable           
2000be31  uDMAChannelAttributeEnable            
2000cb0d  uDMAChannelControlSet                 
2000d305  uDMAChannelEnable                     
20009da9  uDMAChannelTransferSet                
20007591  unlink                                
20018478  value                                 
20007501  write                                 


GLOBAL SYMBOLS: SORTED BY Symbol Address 

address   name                                  
-------   ----                                  
00000800  __STACK_SIZE                          
00000800  __SYSMEM_SIZE                         
20004000  g_pfnVectors                          
2000444d  SimpleLinkWlanEventHandler            
20004571  SimpleLinkNetAppEventHandler          
20004625  SimpleLinkHttpServerCallback          
20004639  SimpleLinkGeneralEventHandler         
20004659  SimpleLinkSockEventHandler            
20004b19  SmartConfigConnect                    
20004c0d  WpsConnectPushButton                  
20004c5f  IpAddressParser                       
20004cdf  setupWIFIReceiver                     
20004d5d  sendData                              
20004de5  receiveData                           
20004e53  SW2InterruptHandler                   
20004ee5  SW3InterruptHandler                   
20004f37  SetupUltrasoundTxTimerPWMMode         
20004f85  configureUltrasoundTxTimer            
2000500d  disableUltrasoundTimer                
200052a1  Configureadc                          
200052f1  performAction                         
200053c1  sendACK                               
200053f9  sendLocalIPAddress                    
200054ad  emitUltrasound                        
20005509  main                                  
20006495  __TI_printfi                          
2000679d  _SlDrvMsgRead                         
20006d89  minit                                 
20006e17  malloc                                
20006e7f  free                                  
20006f41  realloc                               
2000704d  memalign                              
20007131  calloc                                
200071a1  GPIO_IF_LedConfigure                  
200071df  GPIO_IF_LedOn                         
20007293  GPIO_IF_LedOff                        
20007347  GPIO_IF_LedStatus                     
200073b1  GPIO_IF_LedToggle                     
200073df  GPIO_IF_GetPortNPin                   
20007425  GPIO_IF_ConfigureNIntEnable           
2000746d  GPIO_IF_Set                           
200074b1  GPIO_IF_Get                           
20007501  write                                 
20007591  remove                                
20007591  unlink                                
200075b5  rename                                
200075f3  remove_device                         
2000761b  read                                  
2000763f  open                                  
200076ed  lseek                                 
20007711  close                                 
20007761  add_device                            
2000780d  HOSTwrite                             
20007859  HOSTunlink                            
20007891  HOSTtime                              
200078cb  HOSTrename                            
20007929  HOSTread                              
20007975  HOSTopen                              
200079c7  HOSTlseek                             
20007a23  HOSTgetenv                            
20007a61  HOSTclose                             
20007a99  HOSTclock                             
20007ae1  _SlDrvRxHdrRead                       
20007d29  sl_WlanConnect                        
20007f6d  __aeabi_uldivmod                      
20008161  _SlDrvReleasePoolObj                  
20008331  _SlDrvMsgWrite                        
200085c5  __TI_cleanup                          
200085f1  freopen                               
2000861b  fopen                                 
200086c1  __aeabi_dsub                          
200086cb  __aeabi_dadd                          
20008879  _SlDrvWaitForPoolObj                  
20008a09  _SlDrvDriverCBInit                    
20008b91  _SlFindAndSetActiveObj                
20008d01  GPIOs3IntHandler                      
20008d21  GPIOs2IntHandler                      
20008d41  Button_IF_Init                        
20008db1  Button_IF_EnableInterrupt             
20008e01  Button_IF_DisableInterrupt            
20008e5d  spi_Open                              
20008fa1  __aeabi_ddiv                          
200090d9  PRCMCC3200MCUInit                     
2000920d  fputs                                 
20009319  puts                                  
20009341  _SlDrvDataReadOp                      
2000946d  sl_SendTo                             
20009585  strtoul                               
20009699  _Dscale                               
200097a9  sl_RecvFrom                           
200098b5  _SlDrvDataWriteOp                     
200099bd  _SlDrvDriverCBDeinit                  
20009abd  _SlDrvNetAppEventHandler              
20009bbb  __aeabi_dmul                          
20009cb9  spi_Read                              
20009da9  uDMAChannelTransferSet                
20009e99  setvbuf                               
20009f75  _SlDrvClassifyRxMsg                   
2000a04d  sl_Stop                               
2000a121  _sl_HandleAsync_DnsGetHostByService   
2000a1e9  __TI_doflush                          
2000a235  fflush                                
2000a2b1  _SlDrvMsgReadCmdCtx                   
2000a371  _SlRemoveFromList                     
2000a431  _Dnorm                                
2000a4f1  sl_Start                              
2000a5ad  _SlAsyncEventGenericHandler           
2000a665  sl_NetAppMDNSRegisterUnregisterService
2000a719  __TI_wrt_ok                           
2000a77b  __TI_rd_ok                            
2000a7c5  IntDisable                            
2000a86d  IntEnable                             
2000a915  SPIConfigSetExpClk                    
2000a9b5  _SlDrvMsgReadSpawnCtx                 
2000aa51  __aeabi_memcpy                        
2000aa51  __aeabi_memcpy4                       
2000aa51  __aeabi_memcpy8                       
2000aa51  memcpy                                
2000aaed  sl_DevGet                             
2000ab89  __TI_closefile                        
2000abef  fclose                                
2000ac21  fputc                                 
2000ac21  putc                                  
2000aca5  putchar                               
2000acb9  spi_Write                             
2000ad51  PRCMPeripheralClockGet                
2000ade5  __aeabi_fdiv                          
2000ae79  PinMuxConfig                          
2000af09  sl_WlanSmartConfigStart               
2000b0b1  _sl_HandleAsync_DnsGetHostByName      
2000b13d  _sl_HandleAsync_PingResponse          
2000b1c9  PinConfigSet                          
2000b251  sl_Bind                               
2000b2d9  __aeabi_cdcmpeq                       
2000b2d9  __aeabi_cdcmple                       
2000b35f  __aeabi_cdrcmple                      
2000b3e5  NwpPowerOnPreamble                    
2000b469  GPIOIntTypeSet                        
2000b4ed  _SlDrvCmdOp                           
2000b66d  _sl_HandleAsync_InitComplete          
2000b6e9  __aeabi_fmul                          
2000b763  __aeabi_memclr                        
2000b763  __aeabi_memclr4                       
2000b763  __aeabi_memclr8                       
2000b765  __aeabi_memset                        
2000b765  __aeabi_memset4                       
2000b765  __aeabi_memset8                       
2000b76b  memset                                
2000b7dd  _sl_HandleAsync_Connect               
2000b855  spi_Close                             
2000b8cd  TimerIntRegister                      
2000b93d  _SlNonOsMainLoopTask                  
2000b9b5  printf                                
2000ba1d  _SlDrvCmdSend                         
2000ba89  __TI_auto_init                        
2000bb61  _sl_NetAppSendTokenValue              
2000bbc9  __TI_writemsg                         
2000bbf7  C$$IO$$                               
2000bbfb  __TI_readmsg                          
2000bc31  sl_NetCfgSet                          
2000bc99  sl_WlanSet                            
2000bd01  _Dunscale                             
2000bd69  fseek                                 
2000bdcd  uDMAChannelAttributeDisable           
2000be31  uDMAChannelAttributeEnable            
2000be95  __aeabi_cfrcmple                      
2000bef5  _sl_HandleAsync_Accept                
2000bf55  sprintf                               
2000bfb5  sl_WlanPolicySet                      
2000c015  _SlNonOsSemGet                        
2000c071  _SlNonOsSpawn                         
2000c0cd  sl_Socket                             
2000c129  IntPendClear                          
2000c181  PRCMPeripheralReset                   
2000c1d9  ltoa                                  
2000c231  IntPrioritySet                        
2000c285  _sl_HandleAsync_Select                
2000c2d9  sl_WlanRxFilterSet                    
2000c32d  _sl_HandleAsync_Stop                  
2000c37d  SPIIntEnable                          
2000c415  _SlDrvProtectAsyncRespSetting         
2000c461  _SlDrvRxIrqHandler                    
2000c4ad  _sl_BuildAddress                      
2000c4f9  atoi                                  
2000c545  copy_in                               
2000c591  uDMAChannelAssign                     
2000c625  SPIIntClear                           
2000c66d  _SlDrvBasicCmd                        
2000c6b5  __aeabi_d2iz                          
2000c6fd  __aeabi_d2f                           
2000c745  ldexp                                 
2000c7d1  TimerConfigure                        
2000c859  C$$EXIT                               
2000c85d  abort                                 
2000c865  exit                                  
2000c89d  sl_Htonl                              
2000c8e1  PinModeSet                            
2000c921  signal                                
2000c961  strtok                                
2000c9a1  NwpRegisterInterruptHandler           
2000c9df  CopyPingResultsToReport               
2000ca1d  PRCMPeripheralClkEnable               
2000ca59  _sl_TruncatePayloadByProtocol         
2000ca95  _c_int00                              
2000cad1  sl_Htons                              
2000cb0d  uDMAChannelControlSet                 
2000cb49  ADCChannelEnable                      
2000cb81  NwpPowerOff                           
2000cbb9  __aeabi_f2d                           
2000cbf1  GPIODirModeSet                        
2000cc27  TimerControlLevel                     
2000cc5d  sl_NetAppMDNSUnRegisterService        
2000cc95  PRCMPeripheralStatusGet               
2000ccc9  SPIFIFOLevelSet                       
2000ccfd  feraiseexcept                         
2000cd31  PinTypeGPIO                           
2000cd61  TimerControlEvent                     
2000cd91  _SlDrvDeviceEventHandler              
2000cdc1  strncpy                               
2000cdf1  _Feraise                              
2000ce21  sl_Close                              
2000ce51  sl_WlanProfileDel                     
2000ce81  sl_WlanSetMode                        
2000ceb1  __aeabi_i2d                           
2000cedf  raise                                 
2000cf0d  NwpPowerOn                            
2000cf39  PRCMSysResetCauseGet                  
2000cf65  TimerLoadSet                          
2000cf8f  TimerMatchSet                         
2000cfb9  TimerPrescaleSet                      
2000cfe3  strspn                                
2000d00d  _Dclass                               
2000d039  PRCMPeripheralClkDisable              
2000d061  DmaSpiSwIntHandler                    
2000d085  IntUnregister                         
2000d0a9  _SlDrvProtectionObjLockWaitForever    
2000d0cd  strcspn                               
2000d0f1  GPIOIntStatus                         
2000d113  SPIReset                              
2000d135  SPIWordCountSet                       
2000d157  frexp                                 
2000d179  GPIOPinWrite                          
2000d199  IntRegister                           
2000d1b9  _SlDrvProtectionObjUnLock             
2000d1d9  memchr                                
2000d1f9  GPIOIntRegister                       
2000d217  TimerDisable                          
2000d235  TimerEnable                           
2000d253  _SlDrvObjLockWaitForever              
2000d271  _SlDrvSyncObjWaitForever              
2000d2ad  strcat                                
2000d2cb  ADCFIFOLvlGet                         
2000d2e7  memccpy                               
2000d305  uDMAChannelEnable                     
2000d321  GPIOIntDisable                        
2000d33b  GPIOIntEnable                         
2000d355  SPIDmaDisable                         
2000d36f  SPIDmaEnable                          
2000d389  SPIFIFODisable                        
2000d3a3  SPIFIFOEnable                         
2000d3bd  SPIIntUnregister                      
2000d3d7  _SlDrvObjUnLock                       
2000d3f1  _SlDrvSyncObjSignal                   
2000d40b  ADCFIFORead                           
2000d423  GPIOPinRead                           
2000d43b  SPICSDisable                          
2000d453  SPICSEnable                           
2000d46b  SPIDisable                            
2000d483  SPIEnable                             
2000d49b  TimerIntDisable                       
2000d4b3  TimerIntEnable                        
2000d4cb  _SlNonOsSemSet                        
2000d4e5  _sl_GetStartResponseConvert           
2000d4fd  _args_main                            
2000d515  strcmp                                
2000d52d  PRCMHIBRegRead                        
2000d543  PRCMHIBRegWrite                       
2000d559  _SlDrvMemZero                         
2000d56f  strchr                                
2000d585  ADCDisable                            
2000d599  ADCEnable                             
2000d5ad  CPUcpsie                              
2000d5c1  GPIOIntClear                          
2000d5d5  IntVTableBaseSet                      
2000d5e9  PinTypeADC                            
2000d5fd  _register_unlock                      
2000d603  _register_lock                        
2000d60b  _nop                                  
2000d611  strcpy                                
2000d625  strlen                                
2000d639  TimerIntClear                         
2000d64b  _SlDrvResetCmdExt                     
2000d659  __TI_decompress_none                  
2000d667  ResetISR                              
2000d675  NwpMaskInterrupt                      
2000d681  NwpUnMaskInterrupt                    
2000d68d  __TI_zero_init                        
2000d699  sl_WlanDisconnect                     
2000d6a5  sl_WlanSmartConfigStop                
2000d6b1  IntMasterEnable                       
2000d6bb  UtilsDelay                            
2000d6c1  __TI_decompress_rle24                 
2000d6c7  _system_pre_init                      
2000d6cc  _ctypes_                              
2000db7c  OpcodeTranslateTable                  
2000dbb8  _SlPolicySetCmdCtrl                   
2000dbbc  _SlPolicyGetCmdCtrl                   
2000dbc0  _SlProfileGetCmdCtrl                  
2000dbc4  _SlProfileDelCmdCtrl                  
2000dbc8  _SlWlanGetNetworkListCtrl             
2000dbcc  _SlRxFilterAddtCmdCtrl                
2000dbd0  _SlRxFilterSetCmdCtrl                 
2000dbd4  _SlRxFilterGetCmdCtrl                 
2000dbd8  _SlSmartConfigStartCmdCtrl            
2000dbdc  _SlWlanSetModeCmdCtrl                 
2000dbe0  _SlWlanCfgSetCmdCtrl                  
2000dbe4  _SlWlanCfgGetCmdCtrl                  
2000dc30  _SlActionLookupTable                  
2000dc68  g_H2NSyncPattern                      
2000dc70  g_H2NCnysPattern                      
2000dc78  RxMsgClassLUT                         
2000dc9c  _SlSockSocketCmdCtrl                  
2000dca0  _SlSockCloseCmdCtrl                   
2000dca4  _SlRecvfomCmdCtrl                     
2000dca8  _SlSendCmdCtrl                        
2000dcac  _SlListenCmdCtrl                      
2000dcb0  _SlAcceptCmdCtrl                      
2000dcb4  _SlRecvCmdCtrl                        
2000dcb8  _SlSetSockOptCmdCtrl                  
2000dcbc  _SlGetSockOptCmdCtrl                  
2000dcc0  _SlSelectCmdCtrl                      
2000dcfc  _SlNetAppStartCtrl                    
2000dd00  _SlNetAppStopCtrl                     
2000dd04  _SlGetServiceListeCtrl                
2000dd08  _SlRegisterServiceCtrl                
2000dd0c  _SlGetHostByServiceCtrl               
2000dd10  _SlGetHostByNameCtrl                  
2000dd14  _SlNetAppSetCmdCtrl                   
2000dd18  _SlNetAppSendTokenValueCmdCtrl        
2000dd1c  _SlNetAppGetCmdCtrl                   
2000dd74  _SlStopCmdCtrl                        
2000dd78  _SlEventMaskSetCmdCtrl                
2000dd7c  _SlEventMaskGetCmdCtrl                
2000dd80  _SlDeviceGetCmdCtrl                   
2000dd84  _SlDeviceSetCmdCtrl                   
2000dd88  _SlPayloadByProtocolLUT               
2000dd98  StartResponseLUT                      
2000dda0  _SlNetCfgSetCmdCtrl                   
2000dda4  _SlNetCfgGetCmdCtrl                   
2000dda8  __TI_static_base__                    
2000de78  __TI_Handler_Table_Base               
2000de84  __TI_Handler_Table_Limit              
2000de90  __TI_CINIT_Base                       
2000dea0  __TI_CINIT_Limit                      
20017000  g_cBsdBuf                             
20017578  g_StatMem                             
200176e0  __CIOBUF_                             
20017800  __TI_tmpnams                          
200178a0  g_ucDinDout                           
200178f0  g__SlNonOsCB                          
20017918  g_ucConnectionSSID                    
2001793c  g_ucConnectionBSSID                   
2001794c  g_S2InterruptHdl                      
20017950  g_S3InterruptHdl                      
20017954  RxIrqCnt                              
20017955  g_cDummy                              
20017956  g_ucLED1Pin                           
20017957  g_ucLED2Pin                           
20017958  g_ucLED3Pin                           
20017960  _sys_memory                           
20018160  _ftable                               
200183d0  _Denorm                               
200183e0  _Eps                                  
200183f0  _Hugeval                              
20018400  _Inf                                  
20018410  _Nan                                  
20018420  _Snan                                 
20018430  _Rteps                                
20018440  _Xbig                                 
20018448  _Zero                                 
20018450  g_ulStatus                            
20018454  g_ulGatewayIP                         
20018458  g_ulDestinationIp                     
2001845c  g_uiPortNum                           
20018460  g_ulIpAddr                            
20018464  sockID                                
20018468  numberOfCycles                        
2001846c  countCycles                           
20018470  SW2Flag                               
20018474  sample                                
20018478  value                                 
2001847c  average                               
20018480  firstav                               
20018484  counter1                              
20018488  counter2                              
200184a0  g_uiLED1Port                          
200184a4  g_uiLED2Port                          
200184a8  g_uiLED3Port                          
200184ac  __TI_ft_end                           
200184b0  __aeabi_stdin                         
200184b4  __aeabi_stdout                        
200184b8  __aeabi_stderr                        
200184c8  g_SpiFd                               
200184cc  g_pHostIntHdl                         
200184d0  g_ucDMAEnabled                        
200184d4  g_pCB                                 
200184d8  pPingCallBackFunc                     
200184dc  gFirstCmdMode                         
200184e0  _lock                                 
200184e4  _unlock                               
200184e8  __TI_cleanup_ptr                      
200184ec  __TI_dtors_ptr                        
200184f0  _Fenv                                 
200184f4  _Tls_setup__Fenv                      
200184f8  _Errno                                
20018500  main_func_sp                          
2002f800  __stack                               
20030000  __STACK_END                           
ffffffff  __binit__                             
ffffffff  __c_args__                            
ffffffff  binit                                 
UNDEFED   SHT$$INIT_ARRAY$$Base                 
UNDEFED   SHT$$INIT_ARRAY$$Limit                

[423 symbols]
