<?xml version="1.0"?>
<link_info>
   <banner>TI ARM Linker PC v5.2.5</banner>
   <copyright>Copyright (c) 1996-2015 Texas Instruments Incorporated</copyright>
   <link_time>0x5672ab4d</link_time>
   <link_errors>0x0</link_errors>
   <output_file>WIFIappv2.out</output_file>
   <entry_point>
      <name>_c_int00</name>
      <address>0x2000ca95</address>
   </entry_point>
   <input_file_list>
      <input_file id="fl-2">
         <path>.\</path>
         <kind>object</kind>
         <file>adc_userinput.obj</file>
         <name>adc_userinput.obj</name>
      </input_file>
      <input_file id="fl-3">
         <path>.\</path>
         <kind>object</kind>
         <file>button_if.obj</file>
         <name>button_if.obj</name>
      </input_file>
      <input_file id="fl-4">
         <path>.\</path>
         <kind>object</kind>
         <file>gpio_if.obj</file>
         <name>gpio_if.obj</name>
      </input_file>
      <input_file id="fl-5">
         <path>.\</path>
         <kind>object</kind>
         <file>main.obj</file>
         <name>main.obj</name>
      </input_file>
      <input_file id="fl-6">
         <path>.\</path>
         <kind>object</kind>
         <file>pinmux.obj</file>
         <name>pinmux.obj</name>
      </input_file>
      <input_file id="fl-7">
         <path>.\</path>
         <kind>object</kind>
         <file>startup_ccs.obj</file>
         <name>startup_ccs.obj</name>
      </input_file>
      <input_file id="fl-8">
         <path>.\</path>
         <kind>object</kind>
         <file>timer_if.obj</file>
         <name>timer_if.obj</name>
      </input_file>
      <input_file id="fl-9">
         <path>.\</path>
         <kind>object</kind>
         <file>uart_if.obj</file>
         <name>uart_if.obj</name>
      </input_file>
      <input_file id="fl-a">
         <path>.\</path>
         <kind>object</kind>
         <file>udma_if.obj</file>
         <name>udma_if.obj</name>
      </input_file>
      <input_file id="fl-133">
         <path>C:\TI\ccsv6\tools\compiler\ti-cgt-arm_5.2.5\lib\</path>
         <kind>archive</kind>
         <file>rtsv7M4_T_le_eabi.lib</file>
         <name>boot.obj</name>
      </input_file>
      <input_file id="fl-134">
         <path>C:\TI\ccsv6\tools\compiler\ti-cgt-arm_5.2.5\lib\</path>
         <kind>archive</kind>
         <file>rtsv7M4_T_le_eabi.lib</file>
         <name>copy_decompress_none.obj</name>
      </input_file>
      <input_file id="fl-135">
         <path>C:\TI\ccsv6\tools\compiler\ti-cgt-arm_5.2.5\lib\</path>
         <kind>archive</kind>
         <file>rtsv7M4_T_le_eabi.lib</file>
         <name>copy_decompress_rle.obj</name>
      </input_file>
      <input_file id="fl-136">
         <path>C:\TI\ccsv6\tools\compiler\ti-cgt-arm_5.2.5\lib\</path>
         <kind>archive</kind>
         <file>rtsv7M4_T_le_eabi.lib</file>
         <name>copy_zero_init.obj</name>
      </input_file>
      <input_file id="fl-137">
         <path>C:\TI\ccsv6\tools\compiler\ti-cgt-arm_5.2.5\lib\</path>
         <kind>archive</kind>
         <file>rtsv7M4_T_le_eabi.lib</file>
         <name>exit.obj</name>
      </input_file>
      <input_file id="fl-138">
         <path>C:\TI\ccsv6\tools\compiler\ti-cgt-arm_5.2.5\lib\</path>
         <kind>archive</kind>
         <file>rtsv7M4_T_le_eabi.lib</file>
         <name>fd_add_t2.obj</name>
      </input_file>
      <input_file id="fl-139">
         <path>C:\TI\ccsv6\tools\compiler\ti-cgt-arm_5.2.5\lib\</path>
         <kind>archive</kind>
         <file>rtsv7M4_T_le_eabi.lib</file>
         <name>fd_div_t2.obj</name>
      </input_file>
      <input_file id="fl-13a">
         <path>C:\TI\ccsv6\tools\compiler\ti-cgt-arm_5.2.5\lib\</path>
         <kind>archive</kind>
         <file>rtsv7M4_T_le_eabi.lib</file>
         <name>fd_mul_t2.obj</name>
      </input_file>
      <input_file id="fl-13b">
         <path>C:\TI\ccsv6\tools\compiler\ti-cgt-arm_5.2.5\lib\</path>
         <kind>archive</kind>
         <file>rtsv7M4_T_le_eabi.lib</file>
         <name>fd_tos_t2.obj</name>
      </input_file>
      <input_file id="fl-13c">
         <path>C:\TI\ccsv6\tools\compiler\ti-cgt-arm_5.2.5\lib\</path>
         <kind>archive</kind>
         <file>rtsv7M4_T_le_eabi.lib</file>
         <name>fs_cmp_t2.obj</name>
      </input_file>
      <input_file id="fl-13d">
         <path>C:\TI\ccsv6\tools\compiler\ti-cgt-arm_5.2.5\lib\</path>
         <kind>archive</kind>
         <file>rtsv7M4_T_le_eabi.lib</file>
         <name>fs_div_t2.obj</name>
      </input_file>
      <input_file id="fl-13e">
         <path>C:\TI\ccsv6\tools\compiler\ti-cgt-arm_5.2.5\lib\</path>
         <kind>archive</kind>
         <file>rtsv7M4_T_le_eabi.lib</file>
         <name>fs_mul_t2.obj</name>
      </input_file>
      <input_file id="fl-13f">
         <path>C:\TI\ccsv6\tools\compiler\ti-cgt-arm_5.2.5\lib\</path>
         <kind>archive</kind>
         <file>rtsv7M4_T_le_eabi.lib</file>
         <name>fs_tod_t2.obj</name>
      </input_file>
      <input_file id="fl-140">
         <path>C:\TI\ccsv6\tools\compiler\ti-cgt-arm_5.2.5\lib\</path>
         <kind>archive</kind>
         <file>rtsv7M4_T_le_eabi.lib</file>
         <name>i_tofd_t2.obj</name>
      </input_file>
      <input_file id="fl-141">
         <path>C:\TI\ccsv6\tools\compiler\ti-cgt-arm_5.2.5\lib\</path>
         <kind>archive</kind>
         <file>rtsv7M4_T_le_eabi.lib</file>
         <name>memcpy_t2.obj</name>
      </input_file>
      <input_file id="fl-142">
         <path>C:\TI\ccsv6\tools\compiler\ti-cgt-arm_5.2.5\lib\</path>
         <kind>archive</kind>
         <file>rtsv7M4_T_le_eabi.lib</file>
         <name>memmov.obj</name>
      </input_file>
      <input_file id="fl-143">
         <path>C:\TI\ccsv6\tools\compiler\ti-cgt-arm_5.2.5\lib\</path>
         <kind>archive</kind>
         <file>rtsv7M4_T_le_eabi.lib</file>
         <name>memset_t2.obj</name>
      </input_file>
      <input_file id="fl-144">
         <path>C:\TI\ccsv6\tools\compiler\ti-cgt-arm_5.2.5\lib\</path>
         <kind>archive</kind>
         <file>rtsv7M4_T_le_eabi.lib</file>
         <name>pre_init.obj</name>
      </input_file>
      <input_file id="fl-145">
         <path>C:\TI\ccsv6\tools\compiler\ti-cgt-arm_5.2.5\lib\</path>
         <kind>archive</kind>
         <file>rtsv7M4_T_le_eabi.lib</file>
         <name>printf.obj</name>
      </input_file>
      <input_file id="fl-146">
         <path>C:\TI\ccsv6\tools\compiler\ti-cgt-arm_5.2.5\lib\</path>
         <kind>archive</kind>
         <file>rtsv7M4_T_le_eabi.lib</file>
         <name>sprintf.obj</name>
      </input_file>
      <input_file id="fl-147">
         <path>C:\TI\ccsv6\tools\compiler\ti-cgt-arm_5.2.5\lib\</path>
         <kind>archive</kind>
         <file>rtsv7M4_T_le_eabi.lib</file>
         <name>stkdepth_vars.obj</name>
      </input_file>
      <input_file id="fl-148">
         <path>C:\TI\ccsv6\tools\compiler\ti-cgt-arm_5.2.5\lib\</path>
         <kind>archive</kind>
         <file>rtsv7M4_T_le_eabi.lib</file>
         <name>strcat.obj</name>
      </input_file>
      <input_file id="fl-149">
         <path>C:\TI\ccsv6\tools\compiler\ti-cgt-arm_5.2.5\lib\</path>
         <kind>archive</kind>
         <file>rtsv7M4_T_le_eabi.lib</file>
         <name>strcmp.obj</name>
      </input_file>
      <input_file id="fl-14a">
         <path>C:\TI\ccsv6\tools\compiler\ti-cgt-arm_5.2.5\lib\</path>
         <kind>archive</kind>
         <file>rtsv7M4_T_le_eabi.lib</file>
         <name>strlen.obj</name>
      </input_file>
      <input_file id="fl-14b">
         <path>C:\TI\ccsv6\tools\compiler\ti-cgt-arm_5.2.5\lib\</path>
         <kind>archive</kind>
         <file>rtsv7M4_T_le_eabi.lib</file>
         <name>strtok.obj</name>
      </input_file>
      <input_file id="fl-14c">
         <path>C:\TI\ccsv6\tools\compiler\ti-cgt-arm_5.2.5\lib\</path>
         <kind>archive</kind>
         <file>rtsv7M4_T_le_eabi.lib</file>
         <name>strtoul.obj</name>
      </input_file>
      <input_file id="fl-14d">
         <path>C:\TI\ccsv6\tools\compiler\ti-cgt-arm_5.2.5\lib\</path>
         <kind>archive</kind>
         <file>rtsv7M4_T_le_eabi.lib</file>
         <name>_lock.obj</name>
      </input_file>
      <input_file id="fl-14e">
         <path>C:\TI\ccsv6\tools\compiler\ti-cgt-arm_5.2.5\lib\</path>
         <kind>archive</kind>
         <file>rtsv7M4_T_le_eabi.lib</file>
         <name>_printfi.obj</name>
      </input_file>
      <input_file id="fl-14f">
         <path>C:\TI\ccsv6\tools\compiler\ti-cgt-arm_5.2.5\lib\</path>
         <kind>archive</kind>
         <file>rtsv7M4_T_le_eabi.lib</file>
         <name>args_main.obj</name>
      </input_file>
      <input_file id="fl-150">
         <path>C:\TI\ccsv6\tools\compiler\ti-cgt-arm_5.2.5\lib\</path>
         <kind>archive</kind>
         <file>rtsv7M4_T_le_eabi.lib</file>
         <name>atoi.obj</name>
      </input_file>
      <input_file id="fl-151">
         <path>C:\TI\ccsv6\tools\compiler\ti-cgt-arm_5.2.5\lib\</path>
         <kind>archive</kind>
         <file>rtsv7M4_T_le_eabi.lib</file>
         <name>autoinit.obj</name>
      </input_file>
      <input_file id="fl-152">
         <path>C:\TI\ccsv6\tools\compiler\ti-cgt-arm_5.2.5\lib\</path>
         <kind>archive</kind>
         <file>rtsv7M4_T_le_eabi.lib</file>
         <name>cpy_tbl.obj</name>
      </input_file>
      <input_file id="fl-153">
         <path>C:\TI\ccsv6\tools\compiler\ti-cgt-arm_5.2.5\lib\</path>
         <kind>archive</kind>
         <file>rtsv7M4_T_le_eabi.lib</file>
         <name>ctype.obj</name>
      </input_file>
      <input_file id="fl-154">
         <path>C:\TI\ccsv6\tools\compiler\ti-cgt-arm_5.2.5\lib\</path>
         <kind>archive</kind>
         <file>rtsv7M4_T_le_eabi.lib</file>
         <name>defs.obj</name>
      </input_file>
      <input_file id="fl-155">
         <path>C:\TI\ccsv6\tools\compiler\ti-cgt-arm_5.2.5\lib\</path>
         <kind>archive</kind>
         <file>rtsv7M4_T_le_eabi.lib</file>
         <name>errno.obj</name>
      </input_file>
      <input_file id="fl-156">
         <path>C:\TI\ccsv6\tools\compiler\ti-cgt-arm_5.2.5\lib\</path>
         <kind>archive</kind>
         <file>rtsv7M4_T_le_eabi.lib</file>
         <name>fd_cmp_t2.obj</name>
      </input_file>
      <input_file id="fl-157">
         <path>C:\TI\ccsv6\tools\compiler\ti-cgt-arm_5.2.5\lib\</path>
         <kind>archive</kind>
         <file>rtsv7M4_T_le_eabi.lib</file>
         <name>fd_toi_t2.obj</name>
      </input_file>
      <input_file id="fl-158">
         <path>C:\TI\ccsv6\tools\compiler\ti-cgt-arm_5.2.5\lib\</path>
         <kind>archive</kind>
         <file>rtsv7M4_T_le_eabi.lib</file>
         <name>fputc.obj</name>
      </input_file>
      <input_file id="fl-159">
         <path>C:\TI\ccsv6\tools\compiler\ti-cgt-arm_5.2.5\lib\</path>
         <kind>archive</kind>
         <file>rtsv7M4_T_le_eabi.lib</file>
         <name>fputs.obj</name>
      </input_file>
      <input_file id="fl-15a">
         <path>C:\TI\ccsv6\tools\compiler\ti-cgt-arm_5.2.5\lib\</path>
         <kind>archive</kind>
         <file>rtsv7M4_T_le_eabi.lib</file>
         <name>frexp.obj</name>
      </input_file>
      <input_file id="fl-15b">
         <path>C:\TI\ccsv6\tools\compiler\ti-cgt-arm_5.2.5\lib\</path>
         <kind>archive</kind>
         <file>rtsv7M4_T_le_eabi.lib</file>
         <name>ldexp.obj</name>
      </input_file>
      <input_file id="fl-15c">
         <path>C:\TI\ccsv6\tools\compiler\ti-cgt-arm_5.2.5\lib\</path>
         <kind>archive</kind>
         <file>rtsv7M4_T_le_eabi.lib</file>
         <name>lowlev.obj</name>
      </input_file>
      <input_file id="fl-15d">
         <path>C:\TI\ccsv6\tools\compiler\ti-cgt-arm_5.2.5\lib\</path>
         <kind>archive</kind>
         <file>rtsv7M4_T_le_eabi.lib</file>
         <name>ltoa.obj</name>
      </input_file>
      <input_file id="fl-15e">
         <path>C:\TI\ccsv6\tools\compiler\ti-cgt-arm_5.2.5\lib\</path>
         <kind>archive</kind>
         <file>rtsv7M4_T_le_eabi.lib</file>
         <name>memccpy.obj</name>
      </input_file>
      <input_file id="fl-15f">
         <path>C:\TI\ccsv6\tools\compiler\ti-cgt-arm_5.2.5\lib\</path>
         <kind>archive</kind>
         <file>rtsv7M4_T_le_eabi.lib</file>
         <name>memchr.obj</name>
      </input_file>
      <input_file id="fl-160">
         <path>C:\TI\ccsv6\tools\compiler\ti-cgt-arm_5.2.5\lib\</path>
         <kind>archive</kind>
         <file>rtsv7M4_T_le_eabi.lib</file>
         <name>strchr.obj</name>
      </input_file>
      <input_file id="fl-161">
         <path>C:\TI\ccsv6\tools\compiler\ti-cgt-arm_5.2.5\lib\</path>
         <kind>archive</kind>
         <file>rtsv7M4_T_le_eabi.lib</file>
         <name>strcspn.obj</name>
      </input_file>
      <input_file id="fl-162">
         <path>C:\TI\ccsv6\tools\compiler\ti-cgt-arm_5.2.5\lib\</path>
         <kind>archive</kind>
         <file>rtsv7M4_T_le_eabi.lib</file>
         <name>strncpy.obj</name>
      </input_file>
      <input_file id="fl-163">
         <path>C:\TI\ccsv6\tools\compiler\ti-cgt-arm_5.2.5\lib\</path>
         <kind>archive</kind>
         <file>rtsv7M4_T_le_eabi.lib</file>
         <name>strspn.obj</name>
      </input_file>
      <input_file id="fl-164">
         <path>C:\TI\ccsv6\tools\compiler\ti-cgt-arm_5.2.5\lib\</path>
         <kind>archive</kind>
         <file>rtsv7M4_T_le_eabi.lib</file>
         <name>trgdrv.obj</name>
      </input_file>
      <input_file id="fl-165">
         <path>C:\TI\ccsv6\tools\compiler\ti-cgt-arm_5.2.5\lib\</path>
         <kind>archive</kind>
         <file>rtsv7M4_T_le_eabi.lib</file>
         <name>trgmsg.obj</name>
      </input_file>
      <input_file id="fl-166">
         <path>C:\TI\ccsv6\tools\compiler\ti-cgt-arm_5.2.5\lib\</path>
         <kind>archive</kind>
         <file>rtsv7M4_T_le_eabi.lib</file>
         <name>ull_div_t2.obj</name>
      </input_file>
      <input_file id="fl-167">
         <path>C:\TI\ccsv6\tools\compiler\ti-cgt-arm_5.2.5\lib\</path>
         <kind>archive</kind>
         <file>rtsv7M4_T_le_eabi.lib</file>
         <name>xdclass.obj</name>
      </input_file>
      <input_file id="fl-168">
         <path>C:\TI\ccsv6\tools\compiler\ti-cgt-arm_5.2.5\lib\</path>
         <kind>archive</kind>
         <file>rtsv7M4_T_le_eabi.lib</file>
         <name>xdscale.obj</name>
      </input_file>
      <input_file id="fl-169">
         <path>C:\TI\ccsv6\tools\compiler\ti-cgt-arm_5.2.5\lib\</path>
         <kind>archive</kind>
         <file>rtsv7M4_T_le_eabi.lib</file>
         <name>xdunscal.obj</name>
      </input_file>
      <input_file id="fl-16a">
         <path>C:\TI\ccsv6\tools\compiler\ti-cgt-arm_5.2.5\lib\</path>
         <kind>archive</kind>
         <file>rtsv7M4_T_le_eabi.lib</file>
         <name>xferaise.obj</name>
      </input_file>
      <input_file id="fl-16b">
         <path>C:\TI\ccsv6\tools\compiler\ti-cgt-arm_5.2.5\lib\</path>
         <kind>archive</kind>
         <file>rtsv7M4_T_le_eabi.lib</file>
         <name>xvalues.obj</name>
      </input_file>
      <input_file id="fl-16c">
         <path>C:\TI\ccsv6\tools\compiler\ti-cgt-arm_5.2.5\lib\</path>
         <kind>archive</kind>
         <file>rtsv7M4_T_le_eabi.lib</file>
         <name>_io_perm.obj</name>
      </input_file>
      <input_file id="fl-16d">
         <path>C:\TI\ccsv6\tools\compiler\ti-cgt-arm_5.2.5\lib\</path>
         <kind>archive</kind>
         <file>rtsv7M4_T_le_eabi.lib</file>
         <name>feraiseexcept.obj</name>
      </input_file>
      <input_file id="fl-16e">
         <path>C:\TI\ccsv6\tools\compiler\ti-cgt-arm_5.2.5\lib\</path>
         <kind>archive</kind>
         <file>rtsv7M4_T_le_eabi.lib</file>
         <name>fflush.obj</name>
      </input_file>
      <input_file id="fl-16f">
         <path>C:\TI\ccsv6\tools\compiler\ti-cgt-arm_5.2.5\lib\</path>
         <kind>archive</kind>
         <file>rtsv7M4_T_le_eabi.lib</file>
         <name>fseek.obj</name>
      </input_file>
      <input_file id="fl-170">
         <path>C:\TI\ccsv6\tools\compiler\ti-cgt-arm_5.2.5\lib\</path>
         <kind>archive</kind>
         <file>rtsv7M4_T_le_eabi.lib</file>
         <name>raise.obj</name>
      </input_file>
      <input_file id="fl-171">
         <path>C:\TI\ccsv6\tools\compiler\ti-cgt-arm_5.2.5\lib\</path>
         <kind>archive</kind>
         <file>rtsv7M4_T_le_eabi.lib</file>
         <name>setvbuf.obj</name>
      </input_file>
      <input_file id="fl-172">
         <path>C:\TI\ccsv6\tools\compiler\ti-cgt-arm_5.2.5\lib\</path>
         <kind>archive</kind>
         <file>rtsv7M4_T_le_eabi.lib</file>
         <name>signal.obj</name>
      </input_file>
      <input_file id="fl-173">
         <path>C:\TI\ccsv6\tools\compiler\ti-cgt-arm_5.2.5\lib\</path>
         <kind>archive</kind>
         <file>rtsv7M4_T_le_eabi.lib</file>
         <name>strcpy.obj</name>
      </input_file>
      <input_file id="fl-174">
         <path>C:\TI\ccsv6\tools\compiler\ti-cgt-arm_5.2.5\lib\</path>
         <kind>archive</kind>
         <file>rtsv7M4_T_le_eabi.lib</file>
         <name>xdnorm.obj</name>
      </input_file>
      <input_file id="fl-175">
         <path>C:\TI\ccsv6\tools\compiler\ti-cgt-arm_5.2.5\lib\</path>
         <kind>archive</kind>
         <file>rtsv7M4_T_le_eabi.lib</file>
         <name>fopen.obj</name>
      </input_file>
      <input_file id="fl-176">
         <path>C:\TI\ccsv6\tools\compiler\ti-cgt-arm_5.2.5\lib\</path>
         <kind>archive</kind>
         <file>rtsv7M4_T_le_eabi.lib</file>
         <name>memory.obj</name>
      </input_file>
      <input_file id="fl-177">
         <path>C:\TI\ccsv6\tools\compiler\ti-cgt-arm_5.2.5\lib\</path>
         <kind>archive</kind>
         <file>rtsv7M4_T_le_eabi.lib</file>
         <name>fclose.obj</name>
      </input_file>
      <input_file id="fl-178">
         <path>C:\TI\ccsv6\tools\compiler\ti-cgt-arm_5.2.5\lib\</path>
         <kind>archive</kind>
         <file>rtsv7M4_T_le_eabi.lib</file>
         <name>remove.obj</name>
      </input_file>
      <input_file id="fl-179">
         <path>C:\ti\CC3200SDK_1.1.0\cc3200-sdk\example\provisioning_smartconfig\ccs\..\..\..\driverlib\ccs\Release\</path>
         <kind>archive</kind>
         <file>driverlib.a</file>
         <name>adc.obj</name>
      </input_file>
      <input_file id="fl-17a">
         <path>C:\ti\CC3200SDK_1.1.0\cc3200-sdk\example\provisioning_smartconfig\ccs\..\..\..\driverlib\ccs\Release\</path>
         <kind>archive</kind>
         <file>driverlib.a</file>
         <name>gpio.obj</name>
      </input_file>
      <input_file id="fl-17b">
         <path>C:\ti\CC3200SDK_1.1.0\cc3200-sdk\example\provisioning_smartconfig\ccs\..\..\..\driverlib\ccs\Release\</path>
         <kind>archive</kind>
         <file>driverlib.a</file>
         <name>interrupt.obj</name>
      </input_file>
      <input_file id="fl-17c">
         <path>C:\ti\CC3200SDK_1.1.0\cc3200-sdk\example\provisioning_smartconfig\ccs\..\..\..\driverlib\ccs\Release\</path>
         <kind>archive</kind>
         <file>driverlib.a</file>
         <name>pin.obj</name>
      </input_file>
      <input_file id="fl-17d">
         <path>C:\ti\CC3200SDK_1.1.0\cc3200-sdk\example\provisioning_smartconfig\ccs\..\..\..\driverlib\ccs\Release\</path>
         <kind>archive</kind>
         <file>driverlib.a</file>
         <name>prcm.obj</name>
      </input_file>
      <input_file id="fl-17e">
         <path>C:\ti\CC3200SDK_1.1.0\cc3200-sdk\example\provisioning_smartconfig\ccs\..\..\..\driverlib\ccs\Release\</path>
         <kind>archive</kind>
         <file>driverlib.a</file>
         <name>timer.obj</name>
      </input_file>
      <input_file id="fl-17f">
         <path>C:\ti\CC3200SDK_1.1.0\cc3200-sdk\example\provisioning_smartconfig\ccs\..\..\..\driverlib\ccs\Release\</path>
         <kind>archive</kind>
         <file>driverlib.a</file>
         <name>uart.obj</name>
      </input_file>
      <input_file id="fl-180">
         <path>C:\ti\CC3200SDK_1.1.0\cc3200-sdk\example\provisioning_smartconfig\ccs\..\..\..\driverlib\ccs\Release\</path>
         <kind>archive</kind>
         <file>driverlib.a</file>
         <name>udma.obj</name>
      </input_file>
      <input_file id="fl-181">
         <path>C:\ti\CC3200SDK_1.1.0\cc3200-sdk\example\provisioning_smartconfig\ccs\..\..\..\driverlib\ccs\Release\</path>
         <kind>archive</kind>
         <file>driverlib.a</file>
         <name>utils.obj</name>
      </input_file>
      <input_file id="fl-182">
         <path>C:\ti\CC3200SDK_1.1.0\cc3200-sdk\example\provisioning_smartconfig\ccs\..\..\..\driverlib\ccs\Release\</path>
         <kind>archive</kind>
         <file>driverlib.a</file>
         <name>cpu.obj</name>
      </input_file>
      <input_file id="fl-183">
         <path>C:\ti\CC3200SDK_1.1.0\cc3200-sdk\example\provisioning_smartconfig\ccs\..\..\..\driverlib\ccs\Release\</path>
         <kind>archive</kind>
         <file>driverlib.a</file>
         <name>flash.obj</name>
      </input_file>
      <input_file id="fl-184">
         <path>C:\ti\CC3200SDK_1.1.0\cc3200-sdk\example\provisioning_smartconfig\ccs\..\..\..\simplelink\ccs\NON_OS\</path>
         <kind>archive</kind>
         <file>simplelink.a</file>
         <name>device.obj</name>
      </input_file>
      <input_file id="fl-185">
         <path>C:\ti\CC3200SDK_1.1.0\cc3200-sdk\example\provisioning_smartconfig\ccs\..\..\..\simplelink\ccs\NON_OS\</path>
         <kind>archive</kind>
         <file>simplelink.a</file>
         <name>driver.obj</name>
      </input_file>
      <input_file id="fl-186">
         <path>C:\ti\CC3200SDK_1.1.0\cc3200-sdk\example\provisioning_smartconfig\ccs\..\..\..\simplelink\ccs\NON_OS\</path>
         <kind>archive</kind>
         <file>simplelink.a</file>
         <name>netapp.obj</name>
      </input_file>
      <input_file id="fl-187">
         <path>C:\ti\CC3200SDK_1.1.0\cc3200-sdk\example\provisioning_smartconfig\ccs\..\..\..\simplelink\ccs\NON_OS\</path>
         <kind>archive</kind>
         <file>simplelink.a</file>
         <name>netcfg.obj</name>
      </input_file>
      <input_file id="fl-188">
         <path>C:\ti\CC3200SDK_1.1.0\cc3200-sdk\example\provisioning_smartconfig\ccs\..\..\..\simplelink\ccs\NON_OS\</path>
         <kind>archive</kind>
         <file>simplelink.a</file>
         <name>nonos.obj</name>
      </input_file>
      <input_file id="fl-189">
         <path>C:\ti\CC3200SDK_1.1.0\cc3200-sdk\example\provisioning_smartconfig\ccs\..\..\..\simplelink\ccs\NON_OS\</path>
         <kind>archive</kind>
         <file>simplelink.a</file>
         <name>socket.obj</name>
      </input_file>
      <input_file id="fl-18a">
         <path>C:\ti\CC3200SDK_1.1.0\cc3200-sdk\example\provisioning_smartconfig\ccs\..\..\..\simplelink\ccs\NON_OS\</path>
         <kind>archive</kind>
         <file>simplelink.a</file>
         <name>wlan.obj</name>
      </input_file>
      <input_file id="fl-18b">
         <path>C:\ti\CC3200SDK_1.1.0\cc3200-sdk\example\provisioning_smartconfig\ccs\..\..\..\simplelink\ccs\NON_OS\</path>
         <kind>archive</kind>
         <file>simplelink.a</file>
         <name>cc_pal.obj</name>
      </input_file>
      <input_file id="fl-18c">
         <path>C:\ti\CC3200SDK_1.1.0\cc3200-sdk\example\provisioning_smartconfig\ccs\..\..\..\driverlib\ccs\Release\</path>
         <kind>archive</kind>
         <file>driverlib.a</file>
         <name>spi.obj</name>
      </input_file>
   </input_file_list>
   <object_component_list>
      <object_component id="oc-f">
         <name>.intvecs</name>
         <load_address>0x20004000</load_address>
         <run_address>0x20004000</run_address>
         <size>0x400</size>
         <input_file_ref idref="fl-7"/>
      </object_component>
      <object_component id="oc-9f">
         <name>.text</name>
         <load_address>0x20004400</load_address>
         <run_address>0x20004400</run_address>
         <size>0x12f4</size>
         <input_file_ref idref="fl-5"/>
      </object_component>
      <object_component id="oc-2cb">
         <name>.text</name>
         <load_address>0x200056f4</load_address>
         <run_address>0x200056f4</run_address>
         <size>0x10a6</size>
         <input_file_ref idref="fl-14e"/>
      </object_component>
      <object_component id="oc-703">
         <name>.text:IntDefaultHandler</name>
         <load_address>0x2000679a</load_address>
         <run_address>0x2000679a</run_address>
         <size>0x2</size>
         <input_file_ref idref="fl-17b"/>
      </object_component>
      <object_component id="oc-710">
         <name>.text:_SlDrvMsgRead</name>
         <load_address>0x2000679c</load_address>
         <run_address>0x2000679c</run_address>
         <size>0x5ec</size>
         <input_file_ref idref="fl-185"/>
      </object_component>
      <object_component id="oc-74d">
         <name>.text</name>
         <load_address>0x20006d88</load_address>
         <run_address>0x20006d88</run_address>
         <size>0x3dc</size>
         <input_file_ref idref="fl-176"/>
      </object_component>
      <object_component id="oc-152">
         <name>.text</name>
         <load_address>0x20007164</load_address>
         <run_address>0x20007164</run_address>
         <size>0x39c</size>
         <input_file_ref idref="fl-4"/>
      </object_component>
      <object_component id="oc-494">
         <name>.text</name>
         <load_address>0x20007500</load_address>
         <run_address>0x20007500</run_address>
         <size>0x30c</size>
         <input_file_ref idref="fl-15c"/>
      </object_component>
      <object_component id="oc-768">
         <name>.text</name>
         <load_address>0x2000780c</load_address>
         <run_address>0x2000780c</run_address>
         <size>0x2d4</size>
         <input_file_ref idref="fl-164"/>
      </object_component>
      <object_component id="oc-7a5">
         <name>.text:_SlDrvRxHdrRead</name>
         <load_address>0x20007ae0</load_address>
         <run_address>0x20007ae0</run_address>
         <size>0x248</size>
         <input_file_ref idref="fl-185"/>
      </object_component>
      <object_component id="oc-159">
         <name>.text:sl_WlanConnect</name>
         <load_address>0x20007d28</load_address>
         <run_address>0x20007d28</run_address>
         <size>0x244</size>
         <input_file_ref idref="fl-18a"/>
      </object_component>
      <object_component id="oc-4aa">
         <name>.text</name>
         <load_address>0x20007f6c</load_address>
         <run_address>0x20007f6c</run_address>
         <size>0x1f4</size>
         <input_file_ref idref="fl-166"/>
      </object_component>
      <object_component id="oc-32a">
         <name>.text:_SlDrvReleasePoolObj</name>
         <load_address>0x20008160</load_address>
         <run_address>0x20008160</run_address>
         <size>0x1d0</size>
         <input_file_ref idref="fl-185"/>
      </object_component>
      <object_component id="oc-5d8">
         <name>.text:_SlDrvMsgWrite</name>
         <load_address>0x20008330</load_address>
         <run_address>0x20008330</run_address>
         <size>0x1cc</size>
         <input_file_ref idref="fl-185"/>
      </object_component>
      <object_component id="oc-753">
         <name>.text</name>
         <load_address>0x200084fc</load_address>
         <run_address>0x200084fc</run_address>
         <size>0x1c4</size>
         <input_file_ref idref="fl-175"/>
      </object_component>
      <object_component id="oc-215">
         <name>.text</name>
         <load_address>0x200086c0</load_address>
         <run_address>0x200086c0</run_address>
         <size>0x1b6</size>
         <input_file_ref idref="fl-138"/>
      </object_component>
      <object_component id="oc-572">
         <name>.text:_SlDrvWaitForPoolObj</name>
         <load_address>0x20008878</load_address>
         <run_address>0x20008878</run_address>
         <size>0x190</size>
         <input_file_ref idref="fl-185"/>
      </object_component>
      <object_component id="oc-300">
         <name>.text:_SlDrvDriverCBInit</name>
         <load_address>0x20008a08</load_address>
         <run_address>0x20008a08</run_address>
         <size>0x188</size>
         <input_file_ref idref="fl-185"/>
      </object_component>
      <object_component id="oc-7b7">
         <name>.text:_SlFindAndSetActiveObj</name>
         <load_address>0x20008b90</load_address>
         <run_address>0x20008b90</run_address>
         <size>0x170</size>
         <input_file_ref idref="fl-185"/>
      </object_component>
      <object_component id="oc-195">
         <name>.text</name>
         <load_address>0x20008d00</load_address>
         <run_address>0x20008d00</run_address>
         <size>0x15c</size>
         <input_file_ref idref="fl-3"/>
      </object_component>
      <object_component id="oc-306">
         <name>.text:spi_Open</name>
         <load_address>0x20008e5c</load_address>
         <run_address>0x20008e5c</run_address>
         <size>0x144</size>
         <input_file_ref idref="fl-18b"/>
      </object_component>
      <object_component id="oc-210">
         <name>.text</name>
         <load_address>0x20008fa0</load_address>
         <run_address>0x20008fa0</run_address>
         <size>0x136</size>
         <input_file_ref idref="fl-139"/>
      </object_component>
      <object_component id="oc-e3">
         <name>.text:PRCMCC3200MCUInit</name>
         <load_address>0x200090d8</load_address>
         <run_address>0x200090d8</run_address>
         <size>0x134</size>
         <input_file_ref idref="fl-17d"/>
      </object_component>
      <object_component id="oc-2c5">
         <name>.text</name>
         <load_address>0x2000920c</load_address>
         <run_address>0x2000920c</run_address>
         <size>0x134</size>
         <input_file_ref idref="fl-159"/>
      </object_component>
      <object_component id="oc-412">
         <name>.text:_SlDrvDataReadOp</name>
         <load_address>0x20009340</load_address>
         <run_address>0x20009340</run_address>
         <size>0x12c</size>
         <input_file_ref idref="fl-185"/>
      </object_component>
      <object_component id="oc-183">
         <name>.text:sl_SendTo</name>
         <load_address>0x2000946c</load_address>
         <run_address>0x2000946c</run_address>
         <size>0x118</size>
         <input_file_ref idref="fl-189"/>
      </object_component>
      <object_component id="oc-165">
         <name>.text</name>
         <load_address>0x20009584</load_address>
         <run_address>0x20009584</run_address>
         <size>0x114</size>
         <input_file_ref idref="fl-14c"/>
      </object_component>
      <object_component id="oc-6aa">
         <name>.text</name>
         <load_address>0x20009698</load_address>
         <run_address>0x20009698</run_address>
         <size>0x110</size>
         <input_file_ref idref="fl-168"/>
      </object_component>
      <object_component id="oc-189">
         <name>.text:sl_RecvFrom</name>
         <load_address>0x200097a8</load_address>
         <run_address>0x200097a8</run_address>
         <size>0x10c</size>
         <input_file_ref idref="fl-189"/>
      </object_component>
      <object_component id="oc-40b">
         <name>.text:_SlDrvDataWriteOp</name>
         <load_address>0x200098b4</load_address>
         <run_address>0x200098b4</run_address>
         <size>0x108</size>
         <input_file_ref idref="fl-185"/>
      </object_component>
      <object_component id="oc-364">
         <name>.text:_SlDrvDriverCBDeinit</name>
         <load_address>0x200099bc</load_address>
         <run_address>0x200099bc</run_address>
         <size>0x100</size>
         <input_file_ref idref="fl-185"/>
      </object_component>
      <object_component id="oc-831">
         <name>.text:_SlDrvNetAppEventHandler</name>
         <load_address>0x20009abc</load_address>
         <run_address>0x20009abc</run_address>
         <size>0xfe</size>
         <input_file_ref idref="fl-186"/>
      </object_component>
      <object_component id="oc-20b">
         <name>.text</name>
         <load_address>0x20009bba</load_address>
         <run_address>0x20009bba</run_address>
         <size>0xfc</size>
         <input_file_ref idref="fl-13a"/>
      </object_component>
      <object_component id="oc-7b1">
         <name>.text:spi_Read</name>
         <load_address>0x20009cb8</load_address>
         <run_address>0x20009cb8</run_address>
         <size>0xf0</size>
         <input_file_ref idref="fl-18b"/>
      </object_component>
      <object_component id="oc-8c2">
         <name>.text:uDMAChannelTransferSet</name>
         <load_address>0x20009da8</load_address>
         <run_address>0x20009da8</run_address>
         <size>0xf0</size>
         <input_file_ref idref="fl-180"/>
      </object_component>
      <object_component id="oc-676">
         <name>.text</name>
         <load_address>0x20009e98</load_address>
         <run_address>0x20009e98</run_address>
         <size>0xdc</size>
         <input_file_ref idref="fl-171"/>
      </object_component>
      <object_component id="oc-7ab">
         <name>.text:_SlDrvClassifyRxMsg</name>
         <load_address>0x20009f74</load_address>
         <run_address>0x20009f74</run_address>
         <size>0xd8</size>
         <input_file_ref idref="fl-185"/>
      </object_component>
      <object_component id="oc-10a">
         <name>.text:sl_Stop</name>
         <load_address>0x2000a04c</load_address>
         <run_address>0x2000a04c</run_address>
         <size>0xd4</size>
         <input_file_ref idref="fl-184"/>
      </object_component>
      <object_component id="oc-88c">
         <name>.text:_sl_HandleAsync_DnsGetHostByService</name>
         <load_address>0x2000a120</load_address>
         <run_address>0x2000a120</run_address>
         <size>0xc8</size>
         <input_file_ref idref="fl-186"/>
      </object_component>
      <object_component id="oc-48e">
         <name>.text</name>
         <load_address>0x2000a1e8</load_address>
         <run_address>0x2000a1e8</run_address>
         <size>0xc8</size>
         <input_file_ref idref="fl-16e"/>
      </object_component>
      <object_component id="oc-5de">
         <name>.text:_SlDrvMsgReadCmdCtx</name>
         <load_address>0x2000a2b0</load_address>
         <run_address>0x2000a2b0</run_address>
         <size>0xc0</size>
         <input_file_ref idref="fl-185"/>
      </object_component>
      <object_component id="oc-59b">
         <name>.text:_SlRemoveFromList</name>
         <load_address>0x2000a370</load_address>
         <run_address>0x2000a370</run_address>
         <size>0xc0</size>
         <input_file_ref idref="fl-185"/>
      </object_component>
      <object_component id="oc-77d">
         <name>.text</name>
         <load_address>0x2000a430</load_address>
         <run_address>0x2000a430</run_address>
         <size>0xbe</size>
         <input_file_ref idref="fl-174"/>
      </object_component>
      <object_component id="oc-f8">
         <name>.text:sl_Start</name>
         <load_address>0x2000a4f0</load_address>
         <run_address>0x2000a4f0</run_address>
         <size>0xbc</size>
         <input_file_ref idref="fl-184"/>
      </object_component>
      <object_component id="oc-716">
         <name>.text:_SlAsyncEventGenericHandler</name>
         <load_address>0x2000a5ac</load_address>
         <run_address>0x2000a5ac</run_address>
         <size>0xb8</size>
         <input_file_ref idref="fl-185"/>
      </object_component>
      <object_component id="oc-393">
         <name>.text:sl_NetAppMDNSRegisterUnregisterService</name>
         <load_address>0x2000a664</load_address>
         <run_address>0x2000a664</run_address>
         <size>0xb4</size>
         <input_file_ref idref="fl-186"/>
      </object_component>
      <object_component id="oc-488">
         <name>.text</name>
         <load_address>0x2000a718</load_address>
         <run_address>0x2000a718</run_address>
         <size>0xac</size>
         <input_file_ref idref="fl-16c"/>
      </object_component>
      <object_component id="oc-42c">
         <name>.text:IntDisable</name>
         <load_address>0x2000a7c4</load_address>
         <run_address>0x2000a7c4</run_address>
         <size>0xa8</size>
         <input_file_ref idref="fl-17b"/>
      </object_component>
      <object_component id="oc-dd">
         <name>.text:IntEnable</name>
         <load_address>0x2000a86c</load_address>
         <run_address>0x2000a86c</run_address>
         <size>0xa8</size>
         <input_file_ref idref="fl-17b"/>
      </object_component>
      <object_component id="oc-52d">
         <name>.text:SPIConfigSetExpClk</name>
         <load_address>0x2000a914</load_address>
         <run_address>0x2000a914</run_address>
         <size>0xa0</size>
         <input_file_ref idref="fl-18c"/>
      </object_component>
      <object_component id="oc-5b4">
         <name>.text:_SlDrvMsgReadSpawnCtx</name>
         <load_address>0x2000a9b4</load_address>
         <run_address>0x2000a9b4</run_address>
         <size>0x9c</size>
         <input_file_ref idref="fl-185"/>
      </object_component>
      <object_component id="oc-36">
         <name>.text</name>
         <load_address>0x2000aa50</load_address>
         <run_address>0x2000aa50</run_address>
         <size>0x9c</size>
         <input_file_ref idref="fl-141"/>
      </object_component>
      <object_component id="oc-110">
         <name>.text:sl_DevGet</name>
         <load_address>0x2000aaec</load_address>
         <run_address>0x2000aaec</run_address>
         <size>0x9c</size>
         <input_file_ref idref="fl-184"/>
      </object_component>
      <object_component id="oc-7f4">
         <name>.text</name>
         <load_address>0x2000ab88</load_address>
         <run_address>0x2000ab88</run_address>
         <size>0x98</size>
         <input_file_ref idref="fl-177"/>
      </object_component>
      <object_component id="oc-2bf">
         <name>.text</name>
         <load_address>0x2000ac20</load_address>
         <run_address>0x2000ac20</run_address>
         <size>0x98</size>
         <input_file_ref idref="fl-158"/>
      </object_component>
      <object_component id="oc-71e">
         <name>.text:spi_Write</name>
         <load_address>0x2000acb8</load_address>
         <run_address>0x2000acb8</run_address>
         <size>0x98</size>
         <input_file_ref idref="fl-18b"/>
      </object_component>
      <object_component id="oc-527">
         <name>.text:PRCMPeripheralClockGet</name>
         <load_address>0x2000ad50</load_address>
         <run_address>0x2000ad50</run_address>
         <size>0x94</size>
         <input_file_ref idref="fl-17d"/>
      </object_component>
      <object_component id="oc-21f">
         <name>.text</name>
         <load_address>0x2000ade4</load_address>
         <run_address>0x2000ade4</run_address>
         <size>0x92</size>
         <input_file_ref idref="fl-13d"/>
      </object_component>
      <object_component id="oc-252">
         <name>.text</name>
         <load_address>0x2000ae78</load_address>
         <run_address>0x2000ae78</run_address>
         <size>0x90</size>
         <input_file_ref idref="fl-6"/>
      </object_component>
      <object_component id="oc-146">
         <name>.text:sl_WlanSmartConfigStart</name>
         <load_address>0x2000af08</load_address>
         <run_address>0x2000af08</run_address>
         <size>0x90</size>
         <input_file_ref idref="fl-18a"/>
      </object_component>
      <object_component id="oc-83e">
         <name>.text:SetupDMAReceive</name>
         <load_address>0x2000af98</load_address>
         <run_address>0x2000af98</run_address>
         <size>0x8c</size>
         <input_file_ref idref="fl-18b"/>
      </object_component>
      <object_component id="oc-7c2">
         <name>.text:SetupDMASend</name>
         <load_address>0x2000b024</load_address>
         <run_address>0x2000b024</run_address>
         <size>0x8c</size>
         <input_file_ref idref="fl-18b"/>
      </object_component>
      <object_component id="oc-886">
         <name>.text:_sl_HandleAsync_DnsGetHostByName</name>
         <load_address>0x2000b0b0</load_address>
         <run_address>0x2000b0b0</run_address>
         <size>0x8c</size>
         <input_file_ref idref="fl-186"/>
      </object_component>
      <object_component id="oc-837">
         <name>.text:_sl_HandleAsync_PingResponse</name>
         <load_address>0x2000b13c</load_address>
         <run_address>0x2000b13c</run_address>
         <size>0x8c</size>
         <input_file_ref idref="fl-186"/>
      </object_component>
      <object_component id="oc-463">
         <name>.text:PinConfigSet</name>
         <load_address>0x2000b1c8</load_address>
         <run_address>0x2000b1c8</run_address>
         <size>0x88</size>
         <input_file_ref idref="fl-17c"/>
      </object_component>
      <object_component id="oc-171">
         <name>.text:sl_Bind</name>
         <load_address>0x2000b250</load_address>
         <run_address>0x2000b250</run_address>
         <size>0x88</size>
         <input_file_ref idref="fl-189"/>
      </object_component>
      <object_component id="oc-4af">
         <name>.text:__aeabi_cdcmple</name>
         <load_address>0x2000b2d8</load_address>
         <run_address>0x2000b2d8</run_address>
         <size>0x86</size>
         <input_file_ref idref="fl-156"/>
      </object_component>
      <object_component id="oc-4b4">
         <name>.text:__aeabi_cdrcmple</name>
         <load_address>0x2000b35e</load_address>
         <run_address>0x2000b35e</run_address>
         <size>0x86</size>
         <input_file_ref idref="fl-156"/>
      </object_component>
      <object_component id="oc-2fa">
         <name>.text:NwpPowerOnPreamble</name>
         <load_address>0x2000b3e4</load_address>
         <run_address>0x2000b3e4</run_address>
         <size>0x84</size>
         <input_file_ref idref="fl-18b"/>
      </object_component>
      <object_component id="oc-3a2">
         <name>.text:GPIOIntTypeSet</name>
         <load_address>0x2000b468</load_address>
         <run_address>0x2000b468</run_address>
         <size>0x82</size>
         <input_file_ref idref="fl-17a"/>
      </object_component>
      <object_component id="oc-34e">
         <name>.text:_SlDrvCmdOp</name>
         <load_address>0x2000b4ec</load_address>
         <run_address>0x2000b4ec</run_address>
         <size>0x80</size>
         <input_file_ref idref="fl-185"/>
      </object_component>
      <object_component id="oc-844">
         <name>.text:spi_Read_CPU</name>
         <load_address>0x2000b56c</load_address>
         <run_address>0x2000b56c</run_address>
         <size>0x80</size>
         <input_file_ref idref="fl-18b"/>
      </object_component>
      <object_component id="oc-7d4">
         <name>.text:spi_Write_CPU</name>
         <load_address>0x2000b5ec</load_address>
         <run_address>0x2000b5ec</run_address>
         <size>0x80</size>
         <input_file_ref idref="fl-18b"/>
      </object_component>
      <object_component id="oc-7df">
         <name>.text:_sl_HandleAsync_InitComplete</name>
         <load_address>0x2000b66c</load_address>
         <run_address>0x2000b66c</run_address>
         <size>0x7c</size>
         <input_file_ref idref="fl-184"/>
      </object_component>
      <object_component id="oc-224">
         <name>.text</name>
         <load_address>0x2000b6e8</load_address>
         <run_address>0x2000b6e8</run_address>
         <size>0x7a</size>
         <input_file_ref idref="fl-13e"/>
      </object_component>
      <object_component id="oc-4f">
         <name>.text</name>
         <load_address>0x2000b762</load_address>
         <run_address>0x2000b762</run_address>
         <size>0x7a</size>
         <input_file_ref idref="fl-143"/>
      </object_component>
      <object_component id="oc-8a8">
         <name>.text:_sl_HandleAsync_Connect</name>
         <load_address>0x2000b7dc</load_address>
         <run_address>0x2000b7dc</run_address>
         <size>0x78</size>
         <input_file_ref idref="fl-189"/>
      </object_component>
      <object_component id="oc-35e">
         <name>.text:spi_Close</name>
         <load_address>0x2000b854</load_address>
         <run_address>0x2000b854</run_address>
         <size>0x78</size>
         <input_file_ref idref="fl-18b"/>
      </object_component>
      <object_component id="oc-1cb">
         <name>.text:TimerIntRegister</name>
         <load_address>0x2000b8cc</load_address>
         <run_address>0x2000b8cc</run_address>
         <size>0x70</size>
         <input_file_ref idref="fl-17e"/>
      </object_component>
      <object_component id="oc-fe">
         <name>.text:_SlNonOsMainLoopTask</name>
         <load_address>0x2000b93c</load_address>
         <run_address>0x2000b93c</run_address>
         <size>0x70</size>
         <input_file_ref idref="fl-188"/>
      </object_component>
      <object_component id="oc-e9">
         <name>.text</name>
         <load_address>0x2000b9ac</load_address>
         <run_address>0x2000b9ac</run_address>
         <size>0x70</size>
         <input_file_ref idref="fl-145"/>
      </object_component>
      <object_component id="oc-8e9">
         <name>.text:_SlDrvCmdSend</name>
         <load_address>0x2000ba1c</load_address>
         <run_address>0x2000ba1c</run_address>
         <size>0x6c</size>
         <input_file_ref idref="fl-185"/>
      </object_component>
      <object_component id="oc-61">
         <name>.text</name>
         <load_address>0x2000ba88</load_address>
         <run_address>0x2000ba88</run_address>
         <size>0x6c</size>
         <input_file_ref idref="fl-151"/>
      </object_component>
      <object_component id="oc-42">
         <name>.text</name>
         <load_address>0x2000baf4</load_address>
         <run_address>0x2000baf4</run_address>
         <size>0x6a</size>
         <input_file_ref idref="fl-135"/>
      </object_component>
      <object_component id="oc-892">
         <name>.text:_sl_NetAppSendTokenValue</name>
         <load_address>0x2000bb60</load_address>
         <run_address>0x2000bb60</run_address>
         <size>0x68</size>
         <input_file_ref idref="fl-186"/>
      </object_component>
      <object_component id="oc-801">
         <name>.text</name>
         <load_address>0x2000bbc8</load_address>
         <run_address>0x2000bbc8</run_address>
         <size>0x68</size>
         <input_file_ref idref="fl-165"/>
      </object_component>
      <object_component id="oc-128">
         <name>.text:sl_NetCfgSet</name>
         <load_address>0x2000bc30</load_address>
         <run_address>0x2000bc30</run_address>
         <size>0x68</size>
         <input_file_ref idref="fl-187"/>
      </object_component>
      <object_component id="oc-12e">
         <name>.text:sl_WlanSet</name>
         <load_address>0x2000bc98</load_address>
         <run_address>0x2000bc98</run_address>
         <size>0x68</size>
         <input_file_ref idref="fl-18a"/>
      </object_component>
      <object_component id="oc-6a2">
         <name>.text</name>
         <load_address>0x2000bd00</load_address>
         <run_address>0x2000bd00</run_address>
         <size>0x66</size>
         <input_file_ref idref="fl-169"/>
      </object_component>
      <object_component id="oc-670">
         <name>.text</name>
         <load_address>0x2000bd68</load_address>
         <run_address>0x2000bd68</run_address>
         <size>0x64</size>
         <input_file_ref idref="fl-16f"/>
      </object_component>
      <object_component id="oc-6db">
         <name>.text:uDMAChannelAttributeDisable</name>
         <load_address>0x2000bdcc</load_address>
         <run_address>0x2000bdcc</run_address>
         <size>0x64</size>
         <input_file_ref idref="fl-180"/>
      </object_component>
      <object_component id="oc-8bc">
         <name>.text:uDMAChannelAttributeEnable</name>
         <load_address>0x2000be30</load_address>
         <run_address>0x2000be30</run_address>
         <size>0x64</size>
         <input_file_ref idref="fl-180"/>
      </object_component>
      <object_component id="oc-229">
         <name>.text:__aeabi_cfrcmple</name>
         <load_address>0x2000be94</load_address>
         <run_address>0x2000be94</run_address>
         <size>0x60</size>
         <input_file_ref idref="fl-13c"/>
      </object_component>
      <object_component id="oc-8a2">
         <name>.text:_sl_HandleAsync_Accept</name>
         <load_address>0x2000bef4</load_address>
         <run_address>0x2000bef4</run_address>
         <size>0x60</size>
         <input_file_ref idref="fl-189"/>
      </object_component>
      <object_component id="oc-22e">
         <name>.text</name>
         <load_address>0x2000bf54</load_address>
         <run_address>0x2000bf54</run_address>
         <size>0x60</size>
         <input_file_ref idref="fl-146"/>
      </object_component>
      <object_component id="oc-116">
         <name>.text:sl_WlanPolicySet</name>
         <load_address>0x2000bfb4</load_address>
         <run_address>0x2000bfb4</run_address>
         <size>0x60</size>
         <input_file_ref idref="fl-18a"/>
      </object_component>
      <object_component id="oc-50b">
         <name>.text:_SlNonOsSemGet</name>
         <load_address>0x2000c014</load_address>
         <run_address>0x2000c014</run_address>
         <size>0x5c</size>
         <input_file_ref idref="fl-188"/>
      </object_component>
      <object_component id="oc-5ae">
         <name>.text:_SlNonOsSpawn</name>
         <load_address>0x2000c070</load_address>
         <run_address>0x2000c070</run_address>
         <size>0x5c</size>
         <input_file_ref idref="fl-188"/>
      </object_component>
      <object_component id="oc-258">
         <name>.text:sl_Socket</name>
         <load_address>0x2000c0cc</load_address>
         <run_address>0x2000c0cc</run_address>
         <size>0x5c</size>
         <input_file_ref idref="fl-189"/>
      </object_component>
      <object_component id="oc-420">
         <name>.text:IntPendClear</name>
         <load_address>0x2000c128</load_address>
         <run_address>0x2000c128</run_address>
         <size>0x58</size>
         <input_file_ref idref="fl-17b"/>
      </object_component>
      <object_component id="oc-2ac">
         <name>.text:PRCMPeripheralReset</name>
         <load_address>0x2000c180</load_address>
         <run_address>0x2000c180</run_address>
         <size>0x58</size>
         <input_file_ref idref="fl-17d"/>
      </object_component>
      <object_component id="oc-4be">
         <name>.text</name>
         <load_address>0x2000c1d8</load_address>
         <run_address>0x2000c1d8</run_address>
         <size>0x56</size>
         <input_file_ref idref="fl-15d"/>
      </object_component>
      <object_component id="oc-3a8">
         <name>.text:IntPrioritySet</name>
         <load_address>0x2000c230</load_address>
         <run_address>0x2000c230</run_address>
         <size>0x54</size>
         <input_file_ref idref="fl-17b"/>
      </object_component>
      <object_component id="oc-8ae">
         <name>.text:_sl_HandleAsync_Select</name>
         <load_address>0x2000c284</load_address>
         <run_address>0x2000c284</run_address>
         <size>0x54</size>
         <input_file_ref idref="fl-189"/>
      </object_component>
      <object_component id="oc-13a">
         <name>.text:sl_WlanRxFilterSet</name>
         <load_address>0x2000c2d8</load_address>
         <run_address>0x2000c2d8</run_address>
         <size>0x54</size>
         <input_file_ref idref="fl-18a"/>
      </object_component>
      <object_component id="oc-7e5">
         <name>.text:_sl_HandleAsync_Stop</name>
         <load_address>0x2000c32c</load_address>
         <run_address>0x2000c32c</run_address>
         <size>0x50</size>
         <input_file_ref idref="fl-184"/>
      </object_component>
      <object_component id="oc-551">
         <name>.text:SPIIntEnable</name>
         <load_address>0x2000c37c</load_address>
         <run_address>0x2000c37c</run_address>
         <size>0x4c</size>
         <input_file_ref idref="fl-18c"/>
      </object_component>
      <object_component id="oc-727">
         <name>.text:SPIIntNumberGet</name>
         <load_address>0x2000c3c8</load_address>
         <run_address>0x2000c3c8</run_address>
         <size>0x4c</size>
         <input_file_ref idref="fl-18c"/>
      </object_component>
      <object_component id="oc-30c">
         <name>.text:_SlDrvProtectAsyncRespSetting</name>
         <load_address>0x2000c414</load_address>
         <run_address>0x2000c414</run_address>
         <size>0x4c</size>
         <input_file_ref idref="fl-185"/>
      </object_component>
      <object_component id="oc-339">
         <name>.text:_SlDrvRxIrqHandler</name>
         <load_address>0x2000c460</load_address>
         <run_address>0x2000c460</run_address>
         <size>0x4c</size>
         <input_file_ref idref="fl-185"/>
      </object_component>
      <object_component id="oc-3f4">
         <name>.text:_sl_BuildAddress</name>
         <load_address>0x2000c4ac</load_address>
         <run_address>0x2000c4ac</run_address>
         <size>0x4c</size>
         <input_file_ref idref="fl-189"/>
      </object_component>
      <object_component id="oc-4e2">
         <name>.text</name>
         <load_address>0x2000c4f8</load_address>
         <run_address>0x2000c4f8</run_address>
         <size>0x4c</size>
         <input_file_ref idref="fl-150"/>
      </object_component>
      <object_component id="oc-97">
         <name>.text</name>
         <load_address>0x2000c544</load_address>
         <run_address>0x2000c544</run_address>
         <size>0x4c</size>
         <input_file_ref idref="fl-152"/>
      </object_component>
      <object_component id="oc-6d5">
         <name>.text:uDMAChannelAssign</name>
         <load_address>0x2000c590</load_address>
         <run_address>0x2000c590</run_address>
         <size>0x4c</size>
         <input_file_ref idref="fl-180"/>
      </object_component>
      <object_component id="oc-61e">
         <name>.text:GPIOGetIntNumber</name>
         <load_address>0x2000c5dc</load_address>
         <run_address>0x2000c5dc</run_address>
         <size>0x48</size>
         <input_file_ref idref="fl-17a"/>
      </object_component>
      <object_component id="oc-6f1">
         <name>.text:SPIIntClear</name>
         <load_address>0x2000c624</load_address>
         <run_address>0x2000c624</run_address>
         <size>0x48</size>
         <input_file_ref idref="fl-18c"/>
      </object_component>
      <object_component id="oc-381">
         <name>.text:_SlDrvBasicCmd</name>
         <load_address>0x2000c66c</load_address>
         <run_address>0x2000c66c</run_address>
         <size>0x48</size>
         <input_file_ref idref="fl-185"/>
      </object_component>
      <object_component id="oc-4b9">
         <name>.text</name>
         <load_address>0x2000c6b4</load_address>
         <run_address>0x2000c6b4</run_address>
         <size>0x48</size>
         <input_file_ref idref="fl-157"/>
      </object_component>
      <object_component id="oc-21a">
         <name>.text</name>
         <load_address>0x2000c6fc</load_address>
         <run_address>0x2000c6fc</run_address>
         <size>0x48</size>
         <input_file_ref idref="fl-13b"/>
      </object_component>
      <object_component id="oc-4ca">
         <name>.text</name>
         <load_address>0x2000c744</load_address>
         <run_address>0x2000c744</run_address>
         <size>0x46</size>
         <input_file_ref idref="fl-15b"/>
      </object_component>
      <object_component id="oc-6e5">
         <name>.text:SPIDmaMaskGet</name>
         <load_address>0x2000c78c</load_address>
         <run_address>0x2000c78c</run_address>
         <size>0x44</size>
         <input_file_ref idref="fl-18c"/>
      </object_component>
      <object_component id="oc-19b">
         <name>.text:TimerConfigure</name>
         <load_address>0x2000c7d0</load_address>
         <run_address>0x2000c7d0</run_address>
         <size>0x44</size>
         <input_file_ref idref="fl-17e"/>
      </object_component>
      <object_component id="oc-851">
         <name>.text:cc_SetupTransfer</name>
         <load_address>0x2000c814</load_address>
         <run_address>0x2000c814</run_address>
         <size>0x44</size>
         <input_file_ref idref="fl-18b"/>
      </object_component>
      <object_component id="oc-6d">
         <name>.text</name>
         <load_address>0x2000c858</load_address>
         <run_address>0x2000c858</run_address>
         <size>0x44</size>
         <input_file_ref idref="fl-137"/>
      </object_component>
      <object_component id="oc-17d">
         <name>.text:sl_Htonl</name>
         <load_address>0x2000c89c</load_address>
         <run_address>0x2000c89c</run_address>
         <size>0x42</size>
         <input_file_ref idref="fl-189"/>
      </object_component>
      <object_component id="oc-65f">
         <name>.text:PinModeSet</name>
         <load_address>0x2000c8e0</load_address>
         <run_address>0x2000c8e0</run_address>
         <size>0x40</size>
         <input_file_ref idref="fl-17c"/>
      </object_component>
      <object_component id="oc-873">
         <name>.text</name>
         <load_address>0x2000c920</load_address>
         <run_address>0x2000c920</run_address>
         <size>0x40</size>
         <input_file_ref idref="fl-172"/>
      </object_component>
      <object_component id="oc-15f">
         <name>.text</name>
         <load_address>0x2000c960</load_address>
         <run_address>0x2000c960</run_address>
         <size>0x40</size>
         <input_file_ref idref="fl-14b"/>
      </object_component>
      <object_component id="oc-318">
         <name>.text:NwpRegisterInterruptHandler</name>
         <load_address>0x2000c9a0</load_address>
         <run_address>0x2000c9a0</run_address>
         <size>0x3e</size>
         <input_file_ref idref="fl-18b"/>
      </object_component>
      <object_component id="oc-899">
         <name>.text:CopyPingResultsToReport</name>
         <load_address>0x2000c9de</load_address>
         <run_address>0x2000c9de</run_address>
         <size>0x3c</size>
         <input_file_ref idref="fl-186"/>
      </object_component>
      <object_component id="oc-1b9">
         <name>.text:PRCMPeripheralClkEnable</name>
         <load_address>0x2000ca1c</load_address>
         <run_address>0x2000ca1c</run_address>
         <size>0x3c</size>
         <input_file_ref idref="fl-17d"/>
      </object_component>
      <object_component id="oc-405">
         <name>.text:_sl_TruncatePayloadByProtocol</name>
         <load_address>0x2000ca58</load_address>
         <run_address>0x2000ca58</run_address>
         <size>0x3c</size>
         <input_file_ref idref="fl-189"/>
      </object_component>
      <object_component id="oc-24">
         <name>.text</name>
         <load_address>0x2000ca94</load_address>
         <run_address>0x2000ca94</run_address>
         <size>0x3c</size>
         <input_file_ref idref="fl-133"/>
      </object_component>
      <object_component id="oc-16b">
         <name>.text:sl_Htons</name>
         <load_address>0x2000cad0</load_address>
         <run_address>0x2000cad0</run_address>
         <size>0x3c</size>
         <input_file_ref idref="fl-189"/>
      </object_component>
      <object_component id="oc-8b6">
         <name>.text:uDMAChannelControlSet</name>
         <load_address>0x2000cb0c</load_address>
         <run_address>0x2000cb0c</run_address>
         <size>0x3c</size>
         <input_file_ref idref="fl-180"/>
      </object_component>
      <object_component id="oc-246">
         <name>.text:ADCChannelEnable</name>
         <load_address>0x2000cb48</load_address>
         <run_address>0x2000cb48</run_address>
         <size>0x38</size>
         <input_file_ref idref="fl-179"/>
      </object_component>
      <object_component id="oc-312">
         <name>.text:NwpPowerOff</name>
         <load_address>0x2000cb80</load_address>
         <run_address>0x2000cb80</run_address>
         <size>0x38</size>
         <input_file_ref idref="fl-18b"/>
      </object_component>
      <object_component id="oc-201">
         <name>.text</name>
         <load_address>0x2000cbb8</load_address>
         <run_address>0x2000cbb8</run_address>
         <size>0x38</size>
         <input_file_ref idref="fl-13f"/>
      </object_component>
      <object_component id="oc-473">
         <name>.text:GPIODirModeSet</name>
         <load_address>0x2000cbf0</load_address>
         <run_address>0x2000cbf0</run_address>
         <size>0x36</size>
         <input_file_ref idref="fl-17a"/>
      </object_component>
      <object_component id="oc-1a7">
         <name>.text:TimerControlLevel</name>
         <load_address>0x2000cc26</load_address>
         <run_address>0x2000cc26</run_address>
         <size>0x36</size>
         <input_file_ref idref="fl-17e"/>
      </object_component>
      <object_component id="oc-134">
         <name>.text:sl_NetAppMDNSUnRegisterService</name>
         <load_address>0x2000cc5c</load_address>
         <run_address>0x2000cc5c</run_address>
         <size>0x36</size>
         <input_file_ref idref="fl-186"/>
      </object_component>
      <object_component id="oc-533">
         <name>.text:PRCMPeripheralStatusGet</name>
         <load_address>0x2000cc94</load_address>
         <run_address>0x2000cc94</run_address>
         <size>0x34</size>
         <input_file_ref idref="fl-17d"/>
      </object_component>
      <object_component id="oc-54b">
         <name>.text:SPIFIFOLevelSet</name>
         <load_address>0x2000ccc8</load_address>
         <run_address>0x2000ccc8</run_address>
         <size>0x34</size>
         <input_file_ref idref="fl-18c"/>
      </object_component>
      <object_component id="oc-78c">
         <name>.text</name>
         <load_address>0x2000ccfc</load_address>
         <run_address>0x2000ccfc</run_address>
         <size>0x34</size>
         <input_file_ref idref="fl-16d"/>
      </object_component>
      <object_component id="oc-46d">
         <name>.text:PinTypeGPIO</name>
         <load_address>0x2000cd30</load_address>
         <run_address>0x2000cd30</run_address>
         <size>0x30</size>
         <input_file_ref idref="fl-17c"/>
      </object_component>
      <object_component id="oc-1bf">
         <name>.text:TimerControlEvent</name>
         <load_address>0x2000cd60</load_address>
         <run_address>0x2000cd60</run_address>
         <size>0x30</size>
         <input_file_ref idref="fl-17e"/>
      </object_component>
      <object_component id="oc-730">
         <name>.text:_SlDrvDeviceEventHandler</name>
         <load_address>0x2000cd90</load_address>
         <run_address>0x2000cd90</run_address>
         <size>0x30</size>
         <input_file_ref idref="fl-184"/>
      </object_component>
      <object_component id="oc-683">
         <name>.text</name>
         <load_address>0x2000cdc0</load_address>
         <run_address>0x2000cdc0</run_address>
         <size>0x30</size>
         <input_file_ref idref="fl-162"/>
      </object_component>
      <object_component id="oc-6b0">
         <name>.text</name>
         <load_address>0x2000cdf0</load_address>
         <run_address>0x2000cdf0</run_address>
         <size>0x30</size>
         <input_file_ref idref="fl-16a"/>
      </object_component>
      <object_component id="oc-177">
         <name>.text:sl_Close</name>
         <load_address>0x2000ce20</load_address>
         <run_address>0x2000ce20</run_address>
         <size>0x30</size>
         <input_file_ref idref="fl-189"/>
      </object_component>
      <object_component id="oc-11c">
         <name>.text:sl_WlanProfileDel</name>
         <load_address>0x2000ce50</load_address>
         <run_address>0x2000ce50</run_address>
         <size>0x30</size>
         <input_file_ref idref="fl-18a"/>
      </object_component>
      <object_component id="oc-104">
         <name>.text:sl_WlanSetMode</name>
         <load_address>0x2000ce80</load_address>
         <run_address>0x2000ce80</run_address>
         <size>0x30</size>
         <input_file_ref idref="fl-18a"/>
      </object_component>
      <object_component id="oc-206">
         <name>.text</name>
         <load_address>0x2000ceb0</load_address>
         <run_address>0x2000ceb0</run_address>
         <size>0x2e</size>
         <input_file_ref idref="fl-140"/>
      </object_component>
      <object_component id="oc-823">
         <name>.text</name>
         <load_address>0x2000cede</load_address>
         <run_address>0x2000cede</run_address>
         <size>0x2e</size>
         <input_file_ref idref="fl-170"/>
      </object_component>
      <object_component id="oc-31e">
         <name>.text:NwpPowerOn</name>
         <load_address>0x2000cf0c</load_address>
         <run_address>0x2000cf0c</run_address>
         <size>0x2c</size>
         <input_file_ref idref="fl-18b"/>
      </object_component>
      <object_component id="oc-2b8">
         <name>.text:PRCMSysResetCauseGet</name>
         <load_address>0x2000cf38</load_address>
         <run_address>0x2000cf38</run_address>
         <size>0x2c</size>
         <input_file_ref idref="fl-17d"/>
      </object_component>
      <object_component id="oc-1ad">
         <name>.text:TimerLoadSet</name>
         <load_address>0x2000cf64</load_address>
         <run_address>0x2000cf64</run_address>
         <size>0x2a</size>
         <input_file_ref idref="fl-17e"/>
      </object_component>
      <object_component id="oc-1b3">
         <name>.text:TimerMatchSet</name>
         <load_address>0x2000cf8e</load_address>
         <run_address>0x2000cf8e</run_address>
         <size>0x2a</size>
         <input_file_ref idref="fl-17e"/>
      </object_component>
      <object_component id="oc-1a1">
         <name>.text:TimerPrescaleSet</name>
         <load_address>0x2000cfb8</load_address>
         <run_address>0x2000cfb8</run_address>
         <size>0x2a</size>
         <input_file_ref idref="fl-17e"/>
      </object_component>
      <object_component id="oc-3d9">
         <name>.text</name>
         <load_address>0x2000cfe2</load_address>
         <run_address>0x2000cfe2</run_address>
         <size>0x2a</size>
         <input_file_ref idref="fl-163"/>
      </object_component>
      <object_component id="oc-4d6">
         <name>.text</name>
         <load_address>0x2000d00c</load_address>
         <run_address>0x2000d00c</run_address>
         <size>0x2a</size>
         <input_file_ref idref="fl-167"/>
      </object_component>
      <object_component id="oc-2b2">
         <name>.text:PRCMPeripheralClkDisable</name>
         <load_address>0x2000d038</load_address>
         <run_address>0x2000d038</run_address>
         <size>0x28</size>
         <input_file_ref idref="fl-17d"/>
      </object_component>
      <object_component id="oc-563">
         <name>.text:DmaSpiSwIntHandler</name>
         <load_address>0x2000d060</load_address>
         <run_address>0x2000d060</run_address>
         <size>0x24</size>
         <input_file_ref idref="fl-18b"/>
      </object_component>
      <object_component id="oc-58c">
         <name>.text:IntUnregister</name>
         <load_address>0x2000d084</load_address>
         <run_address>0x2000d084</run_address>
         <size>0x24</size>
         <input_file_ref idref="fl-17b"/>
      </object_component>
      <object_component id="oc-578">
         <name>.text:_SlDrvProtectionObjLockWaitForever</name>
         <load_address>0x2000d0a8</load_address>
         <run_address>0x2000d0a8</run_address>
         <size>0x24</size>
         <input_file_ref idref="fl-185"/>
      </object_component>
      <object_component id="oc-3df">
         <name>.text</name>
         <load_address>0x2000d0cc</load_address>
         <run_address>0x2000d0cc</run_address>
         <size>0x24</size>
         <input_file_ref idref="fl-161"/>
      </object_component>
      <object_component id="oc-41a">
         <name>.text:GPIOIntStatus</name>
         <load_address>0x2000d0f0</load_address>
         <run_address>0x2000d0f0</run_address>
         <size>0x22</size>
         <input_file_ref idref="fl-17a"/>
      </object_component>
      <object_component id="oc-521">
         <name>.text:SPIReset</name>
         <load_address>0x2000d112</load_address>
         <run_address>0x2000d112</run_address>
         <size>0x22</size>
         <input_file_ref idref="fl-18c"/>
      </object_component>
      <object_component id="oc-7ce">
         <name>.text:SPIWordCountSet</name>
         <load_address>0x2000d134</load_address>
         <run_address>0x2000d134</run_address>
         <size>0x22</size>
         <input_file_ref idref="fl-18c"/>
      </object_component>
      <object_component id="oc-4c4">
         <name>.text</name>
         <load_address>0x2000d156</load_address>
         <run_address>0x2000d156</run_address>
         <size>0x22</size>
         <input_file_ref idref="fl-15a"/>
      </object_component>
      <object_component id="oc-3ba">
         <name>.text:GPIOPinWrite</name>
         <load_address>0x2000d178</load_address>
         <run_address>0x2000d178</run_address>
         <size>0x20</size>
         <input_file_ref idref="fl-17a"/>
      </object_component>
      <object_component id="oc-442">
         <name>.text:IntRegister</name>
         <load_address>0x2000d198</load_address>
         <run_address>0x2000d198</run_address>
         <size>0x20</size>
         <input_file_ref idref="fl-17b"/>
      </object_component>
      <object_component id="oc-57e">
         <name>.text:_SlDrvProtectionObjUnLock</name>
         <load_address>0x2000d1b8</load_address>
         <run_address>0x2000d1b8</run_address>
         <size>0x20</size>
         <input_file_ref idref="fl-185"/>
      </object_component>
      <object_component id="oc-4a2">
         <name>.text</name>
         <load_address>0x2000d1d8</load_address>
         <run_address>0x2000d1d8</run_address>
         <size>0x20</size>
         <input_file_ref idref="fl-15f"/>
      </object_component>
      <object_component id="oc-3ae">
         <name>.text:GPIOIntRegister</name>
         <load_address>0x2000d1f8</load_address>
         <run_address>0x2000d1f8</run_address>
         <size>0x1e</size>
         <input_file_ref idref="fl-17a"/>
      </object_component>
      <object_component id="oc-1e3">
         <name>.text:TimerDisable</name>
         <load_address>0x2000d216</load_address>
         <run_address>0x2000d216</run_address>
         <size>0x1e</size>
         <input_file_ref idref="fl-17e"/>
      </object_component>
      <object_component id="oc-1d7">
         <name>.text:TimerEnable</name>
         <load_address>0x2000d234</load_address>
         <run_address>0x2000d234</run_address>
         <size>0x1e</size>
         <input_file_ref idref="fl-17e"/>
      </object_component>
      <object_component id="oc-5d2">
         <name>.text:_SlDrvObjLockWaitForever</name>
         <load_address>0x2000d252</load_address>
         <run_address>0x2000d252</run_address>
         <size>0x1e</size>
         <input_file_ref idref="fl-185"/>
      </object_component>
      <object_component id="oc-324">
         <name>.text:_SlDrvSyncObjWaitForever</name>
         <load_address>0x2000d270</load_address>
         <run_address>0x2000d270</run_address>
         <size>0x1e</size>
         <input_file_ref idref="fl-185"/>
      </object_component>
      <object_component id="oc-539">
         <name>.text:cc_UDMAChannelSelect</name>
         <load_address>0x2000d28e</load_address>
         <run_address>0x2000d28e</run_address>
         <size>0x1e</size>
         <input_file_ref idref="fl-18b"/>
      </object_component>
      <object_component id="oc-234">
         <name>.text</name>
         <load_address>0x2000d2ac</load_address>
         <run_address>0x2000d2ac</run_address>
         <size>0x1e</size>
         <input_file_ref idref="fl-148"/>
      </object_component>
      <object_component id="oc-1f5">
         <name>.text:ADCFIFOLvlGet</name>
         <load_address>0x2000d2ca</load_address>
         <run_address>0x2000d2ca</run_address>
         <size>0x1c</size>
         <input_file_ref idref="fl-179"/>
      </object_component>
      <object_component id="oc-4dc">
         <name>.text</name>
         <load_address>0x2000d2e6</load_address>
         <run_address>0x2000d2e6</run_address>
         <size>0x1c</size>
         <input_file_ref idref="fl-15e"/>
      </object_component>
      <object_component id="oc-8c8">
         <name>.text:uDMAChannelEnable</name>
         <load_address>0x2000d304</load_address>
         <run_address>0x2000d304</run_address>
         <size>0x1c</size>
         <input_file_ref idref="fl-180"/>
      </object_component>
      <object_component id="oc-426">
         <name>.text:GPIOIntDisable</name>
         <load_address>0x2000d320</load_address>
         <run_address>0x2000d320</run_address>
         <size>0x1a</size>
         <input_file_ref idref="fl-17a"/>
      </object_component>
      <object_component id="oc-3b4">
         <name>.text:GPIOIntEnable</name>
         <load_address>0x2000d33a</load_address>
         <run_address>0x2000d33a</run_address>
         <size>0x1a</size>
         <input_file_ref idref="fl-17a"/>
      </object_component>
      <object_component id="oc-5fb">
         <name>.text:SPIDmaDisable</name>
         <load_address>0x2000d354</load_address>
         <run_address>0x2000d354</run_address>
         <size>0x1a</size>
         <input_file_ref idref="fl-18c"/>
      </object_component>
      <object_component id="oc-545">
         <name>.text:SPIDmaEnable</name>
         <load_address>0x2000d36e</load_address>
         <run_address>0x2000d36e</run_address>
         <size>0x1a</size>
         <input_file_ref idref="fl-18c"/>
      </object_component>
      <object_component id="oc-5f5">
         <name>.text:SPIFIFODisable</name>
         <load_address>0x2000d388</load_address>
         <run_address>0x2000d388</run_address>
         <size>0x1a</size>
         <input_file_ref idref="fl-18c"/>
      </object_component>
      <object_component id="oc-53f">
         <name>.text:SPIFIFOEnable</name>
         <load_address>0x2000d3a2</load_address>
         <run_address>0x2000d3a2</run_address>
         <size>0x1a</size>
         <input_file_ref idref="fl-18c"/>
      </object_component>
      <object_component id="oc-5ef">
         <name>.text:SPIIntUnregister</name>
         <load_address>0x2000d3bc</load_address>
         <run_address>0x2000d3bc</run_address>
         <size>0x1a</size>
         <input_file_ref idref="fl-18c"/>
      </object_component>
      <object_component id="oc-5e4">
         <name>.text:_SlDrvObjUnLock</name>
         <load_address>0x2000d3d6</load_address>
         <run_address>0x2000d3d6</run_address>
         <size>0x1a</size>
         <input_file_ref idref="fl-185"/>
      </object_component>
      <object_component id="oc-5a1">
         <name>.text:_SlDrvSyncObjSignal</name>
         <load_address>0x2000d3f0</load_address>
         <run_address>0x2000d3f0</run_address>
         <size>0x1a</size>
         <input_file_ref idref="fl-185"/>
      </object_component>
      <object_component id="oc-1fb">
         <name>.text:ADCFIFORead</name>
         <load_address>0x2000d40a</load_address>
         <run_address>0x2000d40a</run_address>
         <size>0x18</size>
         <input_file_ref idref="fl-179"/>
      </object_component>
      <object_component id="oc-3c6">
         <name>.text:GPIOPinRead</name>
         <load_address>0x2000d422</load_address>
         <run_address>0x2000d422</run_address>
         <size>0x18</size>
         <input_file_ref idref="fl-17a"/>
      </object_component>
      <object_component id="oc-515">
         <name>.text:SPICSDisable</name>
         <load_address>0x2000d43a</load_address>
         <run_address>0x2000d43a</run_address>
         <size>0x18</size>
         <input_file_ref idref="fl-18c"/>
      </object_component>
      <object_component id="oc-7c8">
         <name>.text:SPICSEnable</name>
         <load_address>0x2000d452</load_address>
         <run_address>0x2000d452</run_address>
         <size>0x18</size>
         <input_file_ref idref="fl-18c"/>
      </object_component>
      <object_component id="oc-51b">
         <name>.text:SPIDisable</name>
         <load_address>0x2000d46a</load_address>
         <run_address>0x2000d46a</run_address>
         <size>0x18</size>
         <input_file_ref idref="fl-18c"/>
      </object_component>
      <object_component id="oc-557">
         <name>.text:SPIEnable</name>
         <load_address>0x2000d482</load_address>
         <run_address>0x2000d482</run_address>
         <size>0x18</size>
         <input_file_ref idref="fl-18c"/>
      </object_component>
      <object_component id="oc-1dd">
         <name>.text:TimerIntDisable</name>
         <load_address>0x2000d49a</load_address>
         <run_address>0x2000d49a</run_address>
         <size>0x18</size>
         <input_file_ref idref="fl-17e"/>
      </object_component>
      <object_component id="oc-1d1">
         <name>.text:TimerIntEnable</name>
         <load_address>0x2000d4b2</load_address>
         <run_address>0x2000d4b2</run_address>
         <size>0x18</size>
         <input_file_ref idref="fl-17e"/>
      </object_component>
      <object_component id="oc-505">
         <name>.text:_SlNonOsSemSet</name>
         <load_address>0x2000d4ca</load_address>
         <run_address>0x2000d4ca</run_address>
         <size>0x18</size>
         <input_file_ref idref="fl-188"/>
      </object_component>
      <object_component id="oc-330">
         <name>.text:_sl_GetStartResponseConvert</name>
         <load_address>0x2000d4e4</load_address>
[...]
      </symbol>
      <symbol id="sm-1054">
         <name>_SlDrvMemZero</name>
         <value>0x2000d559</value>
         <object_component_ref idref="oc-3cf"/>
      </symbol>
      <symbol id="sm-1055">
         <name>_SlDrvWaitForPoolObj</name>
         <value>0x20008879</value>
         <object_component_ref idref="oc-572"/>
      </symbol>
      <symbol id="sm-1056">
         <name>_SlDrvSyncObjSignal</name>
         <value>0x2000d3f1</value>
         <object_component_ref idref="oc-5a1"/>
      </symbol>
      <symbol id="sm-1057">
         <name>g_H2NCnysPattern</name>
         <value>0x2000dc70</value>
         <object_component_ref idref="oc-606"/>
      </symbol>
      <symbol id="sm-1058">
         <name>_SlDrvMsgWrite</name>
         <value>0x20008331</value>
         <object_component_ref idref="oc-5d8"/>
      </symbol>
      <symbol id="sm-1059">
         <name>_SlDrvDataReadOp</name>
         <value>0x20009341</value>
         <object_component_ref idref="oc-412"/>
      </symbol>
      <symbol id="sm-105a">
         <name>_SlDrvDataWriteOp</name>
         <value>0x200098b5</value>
         <object_component_ref idref="oc-40b"/>
      </symbol>
      <symbol id="sm-105b">
         <name>_SlDrvRxIrqHandler</name>
         <value>0x2000c461</value>
         <object_component_ref idref="oc-339"/>
      </symbol>
      <symbol id="sm-105c">
         <name>_SlDrvMsgRead</name>
         <value>0x2000679d</value>
         <object_component_ref idref="oc-710"/>
      </symbol>
      <symbol id="sm-105d">
         <name>_SlDrvSyncObjWaitForever</name>
         <value>0x2000d271</value>
         <object_component_ref idref="oc-324"/>
      </symbol>
      <symbol id="sm-105e">
         <name>g_H2NSyncPattern</name>
         <value>0x2000dc68</value>
         <object_component_ref idref="oc-606"/>
      </symbol>
      <symbol id="sm-105f">
         <name>_SlDrvCmdSend</name>
         <value>0x2000ba1d</value>
         <object_component_ref idref="oc-8e9"/>
      </symbol>
      <symbol id="sm-1060">
         <name>_SlActionLookupTable</name>
         <value>0x2000dc30</value>
         <object_component_ref idref="oc-84b"/>
      </symbol>
      <symbol id="sm-10de">
         <name>sl_NetAppMDNSUnRegisterService</name>
         <value>0x2000cc5d</value>
         <object_component_ref idref="oc-134"/>
      </symbol>
      <symbol id="sm-10df">
         <name>_SlNetAppSendTokenValueCmdCtrl</name>
         <value>0x2000dd18</value>
         <object_component_ref idref="oc-60e"/>
      </symbol>
      <symbol id="sm-10e0">
         <name>_SlGetServiceListeCtrl</name>
         <value>0x2000dd04</value>
         <object_component_ref idref="oc-60e"/>
      </symbol>
      <symbol id="sm-10e1">
         <name>_SlNetAppStopCtrl</name>
         <value>0x2000dd00</value>
         <object_component_ref idref="oc-60e"/>
      </symbol>
      <symbol id="sm-10e2">
         <name>_SlNetAppSetCmdCtrl</name>
         <value>0x2000dd14</value>
         <object_component_ref idref="oc-60e"/>
      </symbol>
      <symbol id="sm-10e3">
         <name>_SlNetAppGetCmdCtrl</name>
         <value>0x2000dd1c</value>
         <object_component_ref idref="oc-60e"/>
      </symbol>
      <symbol id="sm-10e4">
         <name>_sl_HandleAsync_DnsGetHostByName</name>
         <value>0x2000b0b1</value>
         <object_component_ref idref="oc-886"/>
      </symbol>
      <symbol id="sm-10e5">
         <name>_SlRegisterServiceCtrl</name>
         <value>0x2000dd08</value>
         <object_component_ref idref="oc-60e"/>
      </symbol>
      <symbol id="sm-10e6">
         <name>_sl_HandleAsync_PingResponse</name>
         <value>0x2000b13d</value>
         <object_component_ref idref="oc-837"/>
      </symbol>
      <symbol id="sm-10e7">
         <name>_SlNetAppStartCtrl</name>
         <value>0x2000dcfc</value>
         <object_component_ref idref="oc-60e"/>
      </symbol>
      <symbol id="sm-10e8">
         <name>_SlDrvNetAppEventHandler</name>
         <value>0x20009abd</value>
         <object_component_ref idref="oc-831"/>
      </symbol>
      <symbol id="sm-10e9">
         <name>_sl_HandleAsync_DnsGetHostByService</name>
         <value>0x2000a121</value>
         <object_component_ref idref="oc-88c"/>
      </symbol>
      <symbol id="sm-10ea">
         <name>_sl_NetAppSendTokenValue</name>
         <value>0x2000bb61</value>
         <object_component_ref idref="oc-892"/>
      </symbol>
      <symbol id="sm-10eb">
         <name>CopyPingResultsToReport</name>
         <value>0x2000c9df</value>
         <object_component_ref idref="oc-899"/>
      </symbol>
      <symbol id="sm-10ec">
         <name>_SlGetHostByNameCtrl</name>
         <value>0x2000dd10</value>
         <object_component_ref idref="oc-60e"/>
      </symbol>
      <symbol id="sm-10ed">
         <name>_SlGetHostByServiceCtrl</name>
         <value>0x2000dd0c</value>
         <object_component_ref idref="oc-60e"/>
      </symbol>
      <symbol id="sm-10ee">
         <name>sl_NetAppMDNSRegisterUnregisterService</name>
         <value>0x2000a665</value>
         <object_component_ref idref="oc-393"/>
      </symbol>
      <symbol id="sm-110b">
         <name>_SlNetCfgSetCmdCtrl</name>
         <value>0x2000dda0</value>
         <object_component_ref idref="oc-388"/>
      </symbol>
      <symbol id="sm-110c">
         <name>_SlNetCfgGetCmdCtrl</name>
         <value>0x2000dda4</value>
         <object_component_ref idref="oc-388"/>
      </symbol>
      <symbol id="sm-110d">
         <name>sl_NetCfgSet</name>
         <value>0x2000bc31</value>
         <object_component_ref idref="oc-128"/>
      </symbol>
      <symbol id="sm-114f">
         <name>_SlNonOsSemSet</name>
         <value>0x2000d4cb</value>
         <object_component_ref idref="oc-505"/>
      </symbol>
      <symbol id="sm-1150">
         <name>_SlNonOsSpawn</name>
         <value>0x2000c071</value>
         <object_component_ref idref="oc-5ae"/>
      </symbol>
      <symbol id="sm-1151">
         <name>_SlNonOsSemGet</name>
         <value>0x2000c015</value>
         <object_component_ref idref="oc-50b"/>
      </symbol>
      <symbol id="sm-1152">
         <name>_SlNonOsMainLoopTask</name>
         <value>0x2000b93d</value>
         <object_component_ref idref="oc-fe"/>
      </symbol>
      <symbol id="sm-1153">
         <name>g__SlNonOsCB</name>
         <value>0x200178f0</value>
         <object_component_ref idref="oc-346"/>
      </symbol>
      <symbol id="sm-1216">
         <name>_SlSockCloseCmdCtrl</name>
         <value>0x2000dca0</value>
         <object_component_ref idref="oc-3fa"/>
      </symbol>
      <symbol id="sm-1217">
         <name>_SlSendCmdCtrl</name>
         <value>0x2000dca8</value>
         <object_component_ref idref="oc-3fa"/>
      </symbol>
      <symbol id="sm-1218">
         <name>sl_SendTo</name>
         <value>0x2000946d</value>
         <object_component_ref idref="oc-183"/>
      </symbol>
      <symbol id="sm-1219">
         <name>_sl_BuildAddress</name>
         <value>0x2000c4ad</value>
         <object_component_ref idref="oc-3f4"/>
      </symbol>
      <symbol id="sm-121a">
         <name>_sl_HandleAsync_Connect</name>
         <value>0x2000b7dd</value>
         <object_component_ref idref="oc-8a8"/>
      </symbol>
      <symbol id="sm-121b">
         <name>sl_Htonl</name>
         <value>0x2000c89d</value>
         <object_component_ref idref="oc-17d"/>
      </symbol>
      <symbol id="sm-121c">
         <name>sl_Htons</name>
         <value>0x2000cad1</value>
         <object_component_ref idref="oc-16b"/>
      </symbol>
      <symbol id="sm-121d">
         <name>_SlSelectCmdCtrl</name>
         <value>0x2000dcc0</value>
         <object_component_ref idref="oc-3fa"/>
      </symbol>
      <symbol id="sm-121e">
         <name>sl_Socket</name>
         <value>0x2000c0cd</value>
         <object_component_ref idref="oc-258"/>
      </symbol>
      <symbol id="sm-121f">
         <name>_sl_HandleAsync_Select</name>
         <value>0x2000c285</value>
         <object_component_ref idref="oc-8ae"/>
      </symbol>
      <symbol id="sm-1220">
         <name>sl_RecvFrom</name>
         <value>0x200097a9</value>
         <object_component_ref idref="oc-189"/>
      </symbol>
      <symbol id="sm-1221">
         <name>_SlSockSocketCmdCtrl</name>
         <value>0x2000dc9c</value>
         <object_component_ref idref="oc-3fa"/>
      </symbol>
      <symbol id="sm-1222">
         <name>_SlRecvfomCmdCtrl</name>
         <value>0x2000dca4</value>
         <object_component_ref idref="oc-3fa"/>
      </symbol>
      <symbol id="sm-1223">
         <name>_SlSetSockOptCmdCtrl</name>
         <value>0x2000dcb8</value>
         <object_component_ref idref="oc-3fa"/>
      </symbol>
      <symbol id="sm-1224">
         <name>_SlAcceptCmdCtrl</name>
         <value>0x2000dcb0</value>
         <object_component_ref idref="oc-3fa"/>
      </symbol>
      <symbol id="sm-1225">
         <name>_SlPayloadByProtocolLUT</name>
         <value>0x2000dd88</value>
         <object_component_ref idref="oc-644"/>
      </symbol>
      <symbol id="sm-1226">
         <name>_SlListenCmdCtrl</name>
         <value>0x2000dcac</value>
         <object_component_ref idref="oc-3fa"/>
      </symbol>
      <symbol id="sm-1227">
         <name>_SlRecvCmdCtrl</name>
         <value>0x2000dcb4</value>
         <object_component_ref idref="oc-3fa"/>
      </symbol>
      <symbol id="sm-1228">
         <name>_SlGetSockOptCmdCtrl</name>
         <value>0x2000dcbc</value>
         <object_component_ref idref="oc-3fa"/>
      </symbol>
      <symbol id="sm-1229">
         <name>_sl_TruncatePayloadByProtocol</name>
         <value>0x2000ca59</value>
         <object_component_ref idref="oc-405"/>
      </symbol>
      <symbol id="sm-122a">
         <name>sl_Close</name>
         <value>0x2000ce21</value>
         <object_component_ref idref="oc-177"/>
      </symbol>
      <symbol id="sm-122b">
         <name>_sl_HandleAsync_Accept</name>
         <value>0x2000bef5</value>
         <object_component_ref idref="oc-8a2"/>
      </symbol>
      <symbol id="sm-122c">
         <name>sl_Bind</name>
         <value>0x2000b251</value>
         <object_component_ref idref="oc-171"/>
      </symbol>
      <symbol id="sm-12ce">
         <name>sl_WlanSmartConfigStop</name>
         <value>0x2000d6a5</value>
         <object_component_ref idref="oc-14c"/>
      </symbol>
      <symbol id="sm-12cf">
         <name>sl_WlanDisconnect</name>
         <value>0x2000d699</value>
         <object_component_ref idref="oc-122"/>
      </symbol>
      <symbol id="sm-12d0">
         <name>_SlPolicyGetCmdCtrl</name>
         <value>0x2000dbbc</value>
         <object_component_ref idref="oc-354"/>
      </symbol>
      <symbol id="sm-12d1">
         <name>_SlPolicySetCmdCtrl</name>
         <value>0x2000dbb8</value>
         <object_component_ref idref="oc-354"/>
      </symbol>
      <symbol id="sm-12d2">
         <name>_SlRxFilterGetCmdCtrl</name>
         <value>0x2000dbd4</value>
         <object_component_ref idref="oc-354"/>
      </symbol>
      <symbol id="sm-12d3">
         <name>_SlRxFilterSetCmdCtrl</name>
         <value>0x2000dbd0</value>
         <object_component_ref idref="oc-354"/>
      </symbol>
      <symbol id="sm-12d4">
         <name>_SlProfileGetCmdCtrl</name>
         <value>0x2000dbc0</value>
         <object_component_ref idref="oc-354"/>
      </symbol>
      <symbol id="sm-12d5">
         <name>_SlWlanGetNetworkListCtrl</name>
         <value>0x2000dbc8</value>
         <object_component_ref idref="oc-354"/>
      </symbol>
      <symbol id="sm-12d6">
         <name>sl_WlanPolicySet</name>
         <value>0x2000bfb5</value>
         <object_component_ref idref="oc-116"/>
      </symbol>
      <symbol id="sm-12d7">
         <name>_SlProfileDelCmdCtrl</name>
         <value>0x2000dbc4</value>
         <object_component_ref idref="oc-354"/>
      </symbol>
      <symbol id="sm-12d8">
         <name>_SlWlanSetModeCmdCtrl</name>
         <value>0x2000dbdc</value>
         <object_component_ref idref="oc-354"/>
      </symbol>
      <symbol id="sm-12d9">
         <name>_SlWlanCfgSetCmdCtrl</name>
         <value>0x2000dbe0</value>
         <object_component_ref idref="oc-354"/>
      </symbol>
      <symbol id="sm-12da">
         <name>_SlWlanCfgGetCmdCtrl</name>
         <value>0x2000dbe4</value>
         <object_component_ref idref="oc-354"/>
      </symbol>
      <symbol id="sm-12db">
         <name>sl_WlanSmartConfigStart</name>
         <value>0x2000af09</value>
         <object_component_ref idref="oc-146"/>
      </symbol>
      <symbol id="sm-12dc">
         <name>sl_WlanProfileDel</name>
         <value>0x2000ce51</value>
         <object_component_ref idref="oc-11c"/>
      </symbol>
      <symbol id="sm-12dd">
         <name>_SlRxFilterAddtCmdCtrl</name>
         <value>0x2000dbcc</value>
         <object_component_ref idref="oc-354"/>
      </symbol>
      <symbol id="sm-12de">
         <name>sl_WlanRxFilterSet</name>
         <value>0x2000c2d9</value>
         <object_component_ref idref="oc-13a"/>
      </symbol>
      <symbol id="sm-12df">
         <name>sl_WlanConnect</name>
         <value>0x20007d29</value>
         <object_component_ref idref="oc-159"/>
      </symbol>
      <symbol id="sm-12e0">
         <name>sl_WlanSet</name>
         <value>0x2000bc99</value>
         <object_component_ref idref="oc-12e"/>
      </symbol>
      <symbol id="sm-12e1">
         <name>_SlSmartConfigStartCmdCtrl</name>
         <value>0x2000dbd8</value>
         <object_component_ref idref="oc-354"/>
      </symbol>
      <symbol id="sm-12e2">
         <name>sl_WlanSetMode</name>
         <value>0x2000ce81</value>
         <object_component_ref idref="oc-104"/>
      </symbol>
      <symbol id="sm-13f4">
         <name>g_cDummy</name>
         <value>0x20017955</value>
      </symbol>
      <symbol id="sm-13f5">
         <name>NwpMaskInterrupt</name>
         <value>0x2000d675</value>
         <object_component_ref idref="oc-585"/>
      </symbol>
      <symbol id="sm-13f6">
         <name>NwpRegisterInterruptHandler</name>
         <value>0x2000c9a1</value>
         <object_component_ref idref="oc-318"/>
      </symbol>
      <symbol id="sm-13f7">
         <name>NwpPowerOnPreamble</name>
         <value>0x2000b3e5</value>
         <object_component_ref idref="oc-2fa"/>
      </symbol>
      <symbol id="sm-13f8">
         <name>g_pHostIntHdl</name>
         <value>0x200184cc</value>
         <object_component_ref idref="oc-55d"/>
      </symbol>
      <symbol id="sm-13f9">
         <name>NwpUnMaskInterrupt</name>
         <value>0x2000d681</value>
         <object_component_ref idref="oc-593"/>
      </symbol>
      <symbol id="sm-13fa">
         <name>g_ucDinDout</name>
         <value>0x200178a0</value>
         <object_component_ref idref="oc-560"/>
      </symbol>
      <symbol id="sm-13fb">
         <name>NwpPowerOff</name>
         <value>0x2000cb81</value>
         <object_component_ref idref="oc-312"/>
      </symbol>
      <symbol id="sm-13fc">
         <name>spi_Read</name>
         <value>0x20009cb9</value>
         <object_component_ref idref="oc-7b1"/>
      </symbol>
      <symbol id="sm-13fd">
         <name>DmaSpiSwIntHandler</name>
         <value>0x2000d061</value>
         <object_component_ref idref="oc-563"/>
      </symbol>
      <symbol id="sm-13fe">
         <name>NwpPowerOn</name>
         <value>0x2000cf0d</value>
         <object_component_ref idref="oc-31e"/>
      </symbol>
      <symbol id="sm-13ff">
         <name>spi_Close</name>
         <value>0x2000b855</value>
         <object_component_ref idref="oc-35e"/>
      </symbol>
      <symbol id="sm-1400">
         <name>spi_Write</name>
         <value>0x2000acb9</value>
         <object_component_ref idref="oc-71e"/>
      </symbol>
      <symbol id="sm-1401">
         <name>spi_Open</name>
         <value>0x20008e5d</value>
         <object_component_ref idref="oc-306"/>
      </symbol>
      <symbol id="sm-1402">
         <name>g_ucDMAEnabled</name>
         <value>0x200184d0</value>
         <object_component_ref idref="oc-55d"/>
      </symbol>
      <symbol id="sm-1403">
         <name>g_SpiFd</name>
         <value>0x200184c8</value>
         <object_component_ref idref="oc-55d"/>
      </symbol>
      <symbol id="sm-14be">
         <name>SPIFIFODisable</name>
         <value>0x2000d389</value>
         <object_component_ref idref="oc-5f5"/>
      </symbol>
      <symbol id="sm-14bf">
         <name>SPICSEnable</name>
         <value>0x2000d453</value>
         <object_component_ref idref="oc-7c8"/>
      </symbol>
      <symbol id="sm-14c0">
         <name>SPIDisable</name>
         <value>0x2000d46b</value>
         <object_component_ref idref="oc-51b"/>
      </symbol>
      <symbol id="sm-14c1">
         <name>SPIFIFOEnable</name>
         <value>0x2000d3a3</value>
         <object_component_ref idref="oc-53f"/>
      </symbol>
      <symbol id="sm-14c2">
         <name>SPIWordCountSet</name>
         <value>0x2000d135</value>
         <object_component_ref idref="oc-7ce"/>
      </symbol>
      <symbol id="sm-14c3">
         <name>SPIEnable</name>
         <value>0x2000d483</value>
         <object_component_ref idref="oc-557"/>
      </symbol>
      <symbol id="sm-14c4">
         <name>SPIDmaEnable</name>
         <value>0x2000d36f</value>
         <object_component_ref idref="oc-545"/>
      </symbol>
      <symbol id="sm-14c5">
         <name>SPIConfigSetExpClk</name>
         <value>0x2000a915</value>
         <object_component_ref idref="oc-52d"/>
      </symbol>
      <symbol id="sm-14c6">
         <name>SPIIntUnregister</name>
         <value>0x2000d3bd</value>
         <object_component_ref idref="oc-5ef"/>
      </symbol>
      <symbol id="sm-14c7">
         <name>SPIFIFOLevelSet</name>
         <value>0x2000ccc9</value>
         <object_component_ref idref="oc-54b"/>
      </symbol>
      <symbol id="sm-14c8">
         <name>SPIDmaDisable</name>
         <value>0x2000d355</value>
         <object_component_ref idref="oc-5fb"/>
      </symbol>
      <symbol id="sm-14c9">
         <name>SPIReset</name>
         <value>0x2000d113</value>
         <object_component_ref idref="oc-521"/>
      </symbol>
      <symbol id="sm-14ca">
         <name>SPIIntEnable</name>
         <value>0x2000c37d</value>
         <object_component_ref idref="oc-551"/>
      </symbol>
      <symbol id="sm-14cb">
         <name>SPIIntClear</name>
         <value>0x2000c625</value>
         <object_component_ref idref="oc-6f1"/>
      </symbol>
      <symbol id="sm-14cc">
         <name>SPICSDisable</name>
         <value>0x2000d43b</value>
         <object_component_ref idref="oc-515"/>
      </symbol>
      <symbol id="sm-14cd">
         <name>__TI_static_base__</name>
         <value>0x2000dda8</value>
      </symbol>
      <symbol id="sm-14d0">
         <name>SHT$$INIT_ARRAY$$Limit</name>
         <value>0x0</value>
      </symbol>
      <symbol id="sm-14d1">
         <name>SHT$$INIT_ARRAY$$Base</name>
         <value>0x0</value>
      </symbol>
      <symbol id="sm-14d2">
         <name>remove</name>
         <value>0x20007591</value>
      </symbol>
   </symbol_table>
   <title>Link successful</title>
</link_info>
