<?xml version="1.0"?>
<link_info>
   <banner>TI ARM Linker PC v5.2.5</banner>
   <copyright>Copyright (c) 1996-2015 Texas Instruments Incorporated</copyright>
   <link_time>0x574c217b</link_time>
   <link_errors>0x0</link_errors>
   <output_file>WIFIappv4.1.out</output_file>
   <entry_point>
      <name>_c_int00</name>
      <address>0x2000caf9</address>
   </entry_point>
   <input_file_list>
      <input_file id="fl-2">
         <path>.\</path>
         <kind>object</kind>
         <file>adc_userinput.obj</file>
         <name>adc_userinput.obj</name>
      </input_file>
      <input_file id="fl-3">
         <path>.\</path>
         <kind>object</kind>
         <file>button_if.obj</file>
         <name>button_if.obj</name>
      </input_file>
      <input_file id="fl-4">
         <path>.\</path>
         <kind>object</kind>
         <file>gpio_if.obj</file>
         <name>gpio_if.obj</name>
      </input_file>
      <input_file id="fl-5">
         <path>.\</path>
         <kind>object</kind>
         <file>main.obj</file>
         <name>main.obj</name>
      </input_file>
      <input_file id="fl-6">
         <path>.\</path>
         <kind>object</kind>
         <file>pinmux.obj</file>
         <name>pinmux.obj</name>
      </input_file>
      <input_file id="fl-7">
         <path>.\</path>
         <kind>object</kind>
         <file>startup_ccs.obj</file>
         <name>startup_ccs.obj</name>
      </input_file>
      <input_file id="fl-8">
         <path>.\</path>
         <kind>object</kind>
         <file>timer_if.obj</file>
         <name>timer_if.obj</name>
      </input_file>
      <input_file id="fl-9">
         <path>.\</path>
         <kind>object</kind>
         <file>uart_if.obj</file>
         <name>uart_if.obj</name>
      </input_file>
      <input_file id="fl-a">
         <path>.\</path>
         <kind>object</kind>
         <file>udma_if.obj</file>
         <name>udma_if.obj</name>
      </input_file>
      <input_file id="fl-133">
         <path>C:\TI\ccsv6\tools\compiler\ti-cgt-arm_5.2.5\lib\</path>
         <kind>archive</kind>
         <file>rtsv7M4_T_le_eabi.lib</file>
         <name>atoi.obj</name>
      </input_file>
      <input_file id="fl-134">
         <path>C:\TI\ccsv6\tools\compiler\ti-cgt-arm_5.2.5\lib\</path>
         <kind>archive</kind>
         <file>rtsv7M4_T_le_eabi.lib</file>
         <name>boot.obj</name>
      </input_file>
      <input_file id="fl-135">
         <path>C:\TI\ccsv6\tools\compiler\ti-cgt-arm_5.2.5\lib\</path>
         <kind>archive</kind>
         <file>rtsv7M4_T_le_eabi.lib</file>
         <name>copy_decompress_none.obj</name>
      </input_file>
      <input_file id="fl-136">
         <path>C:\TI\ccsv6\tools\compiler\ti-cgt-arm_5.2.5\lib\</path>
         <kind>archive</kind>
         <file>rtsv7M4_T_le_eabi.lib</file>
         <name>copy_decompress_rle.obj</name>
      </input_file>
      <input_file id="fl-137">
         <path>C:\TI\ccsv6\tools\compiler\ti-cgt-arm_5.2.5\lib\</path>
         <kind>archive</kind>
         <file>rtsv7M4_T_le_eabi.lib</file>
         <name>copy_zero_init.obj</name>
      </input_file>
      <input_file id="fl-138">
         <path>C:\TI\ccsv6\tools\compiler\ti-cgt-arm_5.2.5\lib\</path>
         <kind>archive</kind>
         <file>rtsv7M4_T_le_eabi.lib</file>
         <name>ctype.obj</name>
      </input_file>
      <input_file id="fl-139">
         <path>C:\TI\ccsv6\tools\compiler\ti-cgt-arm_5.2.5\lib\</path>
         <kind>archive</kind>
         <file>rtsv7M4_T_le_eabi.lib</file>
         <name>exit.obj</name>
      </input_file>
      <input_file id="fl-13a">
         <path>C:\TI\ccsv6\tools\compiler\ti-cgt-arm_5.2.5\lib\</path>
         <kind>archive</kind>
         <file>rtsv7M4_T_le_eabi.lib</file>
         <name>fd_div_t2.obj</name>
      </input_file>
      <input_file id="fl-13b">
         <path>C:\TI\ccsv6\tools\compiler\ti-cgt-arm_5.2.5\lib\</path>
         <kind>archive</kind>
         <file>rtsv7M4_T_le_eabi.lib</file>
         <name>fd_mul_t2.obj</name>
      </input_file>
      <input_file id="fl-13c">
         <path>C:\TI\ccsv6\tools\compiler\ti-cgt-arm_5.2.5\lib\</path>
         <kind>archive</kind>
         <file>rtsv7M4_T_le_eabi.lib</file>
         <name>fd_toi_t2.obj</name>
      </input_file>
      <input_file id="fl-13d">
         <path>C:\TI\ccsv6\tools\compiler\ti-cgt-arm_5.2.5\lib\</path>
         <kind>archive</kind>
         <file>rtsv7M4_T_le_eabi.lib</file>
         <name>fs_add_t2.obj</name>
      </input_file>
      <input_file id="fl-13e">
         <path>C:\TI\ccsv6\tools\compiler\ti-cgt-arm_5.2.5\lib\</path>
         <kind>archive</kind>
         <file>rtsv7M4_T_le_eabi.lib</file>
         <name>fs_cmp_t2.obj</name>
      </input_file>
      <input_file id="fl-13f">
         <path>C:\TI\ccsv6\tools\compiler\ti-cgt-arm_5.2.5\lib\</path>
         <kind>archive</kind>
         <file>rtsv7M4_T_le_eabi.lib</file>
         <name>fs_mul_t2.obj</name>
      </input_file>
      <input_file id="fl-140">
         <path>C:\TI\ccsv6\tools\compiler\ti-cgt-arm_5.2.5\lib\</path>
         <kind>archive</kind>
         <file>rtsv7M4_T_le_eabi.lib</file>
         <name>i_tofd_t2.obj</name>
      </input_file>
      <input_file id="fl-141">
         <path>C:\TI\ccsv6\tools\compiler\ti-cgt-arm_5.2.5\lib\</path>
         <kind>archive</kind>
         <file>rtsv7M4_T_le_eabi.lib</file>
         <name>memcpy_t2.obj</name>
      </input_file>
      <input_file id="fl-142">
         <path>C:\TI\ccsv6\tools\compiler\ti-cgt-arm_5.2.5\lib\</path>
         <kind>archive</kind>
         <file>rtsv7M4_T_le_eabi.lib</file>
         <name>memmov.obj</name>
      </input_file>
      <input_file id="fl-143">
         <path>C:\TI\ccsv6\tools\compiler\ti-cgt-arm_5.2.5\lib\</path>
         <kind>archive</kind>
         <file>rtsv7M4_T_le_eabi.lib</file>
         <name>memset_t2.obj</name>
      </input_file>
      <input_file id="fl-144">
         <path>C:\TI\ccsv6\tools\compiler\ti-cgt-arm_5.2.5\lib\</path>
         <kind>archive</kind>
         <file>rtsv7M4_T_le_eabi.lib</file>
         <name>pre_init.obj</name>
      </input_file>
      <input_file id="fl-145">
         <path>C:\TI\ccsv6\tools\compiler\ti-cgt-arm_5.2.5\lib\</path>
         <kind>archive</kind>
         <file>rtsv7M4_T_le_eabi.lib</file>
         <name>printf.obj</name>
      </input_file>
      <input_file id="fl-146">
         <path>C:\TI\ccsv6\tools\compiler\ti-cgt-arm_5.2.5\lib\</path>
         <kind>archive</kind>
         <file>rtsv7M4_T_le_eabi.lib</file>
         <name>sprintf.obj</name>
      </input_file>
      <input_file id="fl-147">
         <path>C:\TI\ccsv6\tools\compiler\ti-cgt-arm_5.2.5\lib\</path>
         <kind>archive</kind>
         <file>rtsv7M4_T_le_eabi.lib</file>
         <name>stkdepth_vars.obj</name>
      </input_file>
      <input_file id="fl-148">
         <path>C:\TI\ccsv6\tools\compiler\ti-cgt-arm_5.2.5\lib\</path>
         <kind>archive</kind>
         <file>rtsv7M4_T_le_eabi.lib</file>
         <name>strcat.obj</name>
      </input_file>
      <input_file id="fl-149">
         <path>C:\TI\ccsv6\tools\compiler\ti-cgt-arm_5.2.5\lib\</path>
         <kind>archive</kind>
         <file>rtsv7M4_T_le_eabi.lib</file>
         <name>strcmp.obj</name>
      </input_file>
      <input_file id="fl-14a">
         <path>C:\TI\ccsv6\tools\compiler\ti-cgt-arm_5.2.5\lib\</path>
         <kind>archive</kind>
         <file>rtsv7M4_T_le_eabi.lib</file>
         <name>strlen.obj</name>
      </input_file>
      <input_file id="fl-14b">
         <path>C:\TI\ccsv6\tools\compiler\ti-cgt-arm_5.2.5\lib\</path>
         <kind>archive</kind>
         <file>rtsv7M4_T_le_eabi.lib</file>
         <name>strtok.obj</name>
      </input_file>
      <input_file id="fl-14c">
         <path>C:\TI\ccsv6\tools\compiler\ti-cgt-arm_5.2.5\lib\</path>
         <kind>archive</kind>
         <file>rtsv7M4_T_le_eabi.lib</file>
         <name>strtoul.obj</name>
      </input_file>
      <input_file id="fl-14d">
         <path>C:\TI\ccsv6\tools\compiler\ti-cgt-arm_5.2.5\lib\</path>
         <kind>archive</kind>
         <file>rtsv7M4_T_le_eabi.lib</file>
         <name>u_tofs_t2.obj</name>
      </input_file>
      <input_file id="fl-14e">
         <path>C:\TI\ccsv6\tools\compiler\ti-cgt-arm_5.2.5\lib\</path>
         <kind>archive</kind>
         <file>rtsv7M4_T_le_eabi.lib</file>
         <name>_lock.obj</name>
      </input_file>
      <input_file id="fl-14f">
         <path>C:\TI\ccsv6\tools\compiler\ti-cgt-arm_5.2.5\lib\</path>
         <kind>archive</kind>
         <file>rtsv7M4_T_le_eabi.lib</file>
         <name>_printfi.obj</name>
      </input_file>
      <input_file id="fl-150">
         <path>C:\TI\ccsv6\tools\compiler\ti-cgt-arm_5.2.5\lib\</path>
         <kind>archive</kind>
         <file>rtsv7M4_T_le_eabi.lib</file>
         <name>args_main.obj</name>
      </input_file>
      <input_file id="fl-151">
         <path>C:\TI\ccsv6\tools\compiler\ti-cgt-arm_5.2.5\lib\</path>
         <kind>archive</kind>
         <file>rtsv7M4_T_le_eabi.lib</file>
         <name>autoinit.obj</name>
      </input_file>
      <input_file id="fl-152">
         <path>C:\TI\ccsv6\tools\compiler\ti-cgt-arm_5.2.5\lib\</path>
         <kind>archive</kind>
         <file>rtsv7M4_T_le_eabi.lib</file>
         <name>cpy_tbl.obj</name>
      </input_file>
      <input_file id="fl-153">
         <path>C:\TI\ccsv6\tools\compiler\ti-cgt-arm_5.2.5\lib\</path>
         <kind>archive</kind>
         <file>rtsv7M4_T_le_eabi.lib</file>
         <name>defs.obj</name>
      </input_file>
      <input_file id="fl-154">
         <path>C:\TI\ccsv6\tools\compiler\ti-cgt-arm_5.2.5\lib\</path>
         <kind>archive</kind>
         <file>rtsv7M4_T_le_eabi.lib</file>
         <name>errno.obj</name>
      </input_file>
      <input_file id="fl-155">
         <path>C:\TI\ccsv6\tools\compiler\ti-cgt-arm_5.2.5\lib\</path>
         <kind>archive</kind>
         <file>rtsv7M4_T_le_eabi.lib</file>
         <name>fd_add_t2.obj</name>
      </input_file>
      <input_file id="fl-156">
         <path>C:\TI\ccsv6\tools\compiler\ti-cgt-arm_5.2.5\lib\</path>
         <kind>archive</kind>
         <file>rtsv7M4_T_le_eabi.lib</file>
         <name>fd_cmp_t2.obj</name>
      </input_file>
      <input_file id="fl-157">
         <path>C:\TI\ccsv6\tools\compiler\ti-cgt-arm_5.2.5\lib\</path>
         <kind>archive</kind>
         <file>rtsv7M4_T_le_eabi.lib</file>
         <name>fputc.obj</name>
      </input_file>
      <input_file id="fl-158">
         <path>C:\TI\ccsv6\tools\compiler\ti-cgt-arm_5.2.5\lib\</path>
         <kind>archive</kind>
         <file>rtsv7M4_T_le_eabi.lib</file>
         <name>fputs.obj</name>
      </input_file>
      <input_file id="fl-159">
         <path>C:\TI\ccsv6\tools\compiler\ti-cgt-arm_5.2.5\lib\</path>
         <kind>archive</kind>
         <file>rtsv7M4_T_le_eabi.lib</file>
         <name>frexp.obj</name>
      </input_file>
      <input_file id="fl-15a">
         <path>C:\TI\ccsv6\tools\compiler\ti-cgt-arm_5.2.5\lib\</path>
         <kind>archive</kind>
         <file>rtsv7M4_T_le_eabi.lib</file>
         <name>ldexp.obj</name>
      </input_file>
      <input_file id="fl-15b">
         <path>C:\TI\ccsv6\tools\compiler\ti-cgt-arm_5.2.5\lib\</path>
         <kind>archive</kind>
         <file>rtsv7M4_T_le_eabi.lib</file>
         <name>lowlev.obj</name>
      </input_file>
      <input_file id="fl-15c">
         <path>C:\TI\ccsv6\tools\compiler\ti-cgt-arm_5.2.5\lib\</path>
         <kind>archive</kind>
         <file>rtsv7M4_T_le_eabi.lib</file>
         <name>ltoa.obj</name>
      </input_file>
      <input_file id="fl-15d">
         <path>C:\TI\ccsv6\tools\compiler\ti-cgt-arm_5.2.5\lib\</path>
         <kind>archive</kind>
         <file>rtsv7M4_T_le_eabi.lib</file>
         <name>memccpy.obj</name>
      </input_file>
      <input_file id="fl-15e">
         <path>C:\TI\ccsv6\tools\compiler\ti-cgt-arm_5.2.5\lib\</path>
         <kind>archive</kind>
         <file>rtsv7M4_T_le_eabi.lib</file>
         <name>memchr.obj</name>
      </input_file>
      <input_file id="fl-15f">
         <path>C:\TI\ccsv6\tools\compiler\ti-cgt-arm_5.2.5\lib\</path>
         <kind>archive</kind>
         <file>rtsv7M4_T_le_eabi.lib</file>
         <name>strchr.obj</name>
      </input_file>
      <input_file id="fl-160">
         <path>C:\TI\ccsv6\tools\compiler\ti-cgt-arm_5.2.5\lib\</path>
         <kind>archive</kind>
         <file>rtsv7M4_T_le_eabi.lib</file>
         <name>strcspn.obj</name>
      </input_file>
      <input_file id="fl-161">
         <path>C:\TI\ccsv6\tools\compiler\ti-cgt-arm_5.2.5\lib\</path>
         <kind>archive</kind>
         <file>rtsv7M4_T_le_eabi.lib</file>
         <name>strncpy.obj</name>
      </input_file>
      <input_file id="fl-162">
         <path>C:\TI\ccsv6\tools\compiler\ti-cgt-arm_5.2.5\lib\</path>
         <kind>archive</kind>
         <file>rtsv7M4_T_le_eabi.lib</file>
         <name>strspn.obj</name>
      </input_file>
      <input_file id="fl-163">
         <path>C:\TI\ccsv6\tools\compiler\ti-cgt-arm_5.2.5\lib\</path>
         <kind>archive</kind>
         <file>rtsv7M4_T_le_eabi.lib</file>
         <name>trgdrv.obj</name>
      </input_file>
      <input_file id="fl-164">
         <path>C:\TI\ccsv6\tools\compiler\ti-cgt-arm_5.2.5\lib\</path>
         <kind>archive</kind>
         <file>rtsv7M4_T_le_eabi.lib</file>
         <name>trgmsg.obj</name>
      </input_file>
      <input_file id="fl-165">
         <path>C:\TI\ccsv6\tools\compiler\ti-cgt-arm_5.2.5\lib\</path>
         <kind>archive</kind>
         <file>rtsv7M4_T_le_eabi.lib</file>
         <name>ull_div_t2.obj</name>
      </input_file>
      <input_file id="fl-166">
         <path>C:\TI\ccsv6\tools\compiler\ti-cgt-arm_5.2.5\lib\</path>
         <kind>archive</kind>
         <file>rtsv7M4_T_le_eabi.lib</file>
         <name>xdclass.obj</name>
      </input_file>
      <input_file id="fl-167">
         <path>C:\TI\ccsv6\tools\compiler\ti-cgt-arm_5.2.5\lib\</path>
         <kind>archive</kind>
         <file>rtsv7M4_T_le_eabi.lib</file>
         <name>xdscale.obj</name>
      </input_file>
      <input_file id="fl-168">
         <path>C:\TI\ccsv6\tools\compiler\ti-cgt-arm_5.2.5\lib\</path>
         <kind>archive</kind>
         <file>rtsv7M4_T_le_eabi.lib</file>
         <name>xdunscal.obj</name>
      </input_file>
      <input_file id="fl-169">
         <path>C:\TI\ccsv6\tools\compiler\ti-cgt-arm_5.2.5\lib\</path>
         <kind>archive</kind>
         <file>rtsv7M4_T_le_eabi.lib</file>
         <name>xferaise.obj</name>
      </input_file>
      <input_file id="fl-16a">
         <path>C:\TI\ccsv6\tools\compiler\ti-cgt-arm_5.2.5\lib\</path>
         <kind>archive</kind>
         <file>rtsv7M4_T_le_eabi.lib</file>
         <name>xvalues.obj</name>
      </input_file>
      <input_file id="fl-16b">
         <path>C:\TI\ccsv6\tools\compiler\ti-cgt-arm_5.2.5\lib\</path>
         <kind>archive</kind>
         <file>rtsv7M4_T_le_eabi.lib</file>
         <name>_io_perm.obj</name>
      </input_file>
      <input_file id="fl-16c">
         <path>C:\TI\ccsv6\tools\compiler\ti-cgt-arm_5.2.5\lib\</path>
         <kind>archive</kind>
         <file>rtsv7M4_T_le_eabi.lib</file>
         <name>feraiseexcept.obj</name>
      </input_file>
      <input_file id="fl-16d">
         <path>C:\TI\ccsv6\tools\compiler\ti-cgt-arm_5.2.5\lib\</path>
         <kind>archive</kind>
         <file>rtsv7M4_T_le_eabi.lib</file>
         <name>fflush.obj</name>
      </input_file>
      <input_file id="fl-16e">
         <path>C:\TI\ccsv6\tools\compiler\ti-cgt-arm_5.2.5\lib\</path>
         <kind>archive</kind>
         <file>rtsv7M4_T_le_eabi.lib</file>
         <name>fseek.obj</name>
      </input_file>
      <input_file id="fl-16f">
         <path>C:\TI\ccsv6\tools\compiler\ti-cgt-arm_5.2.5\lib\</path>
         <kind>archive</kind>
         <file>rtsv7M4_T_le_eabi.lib</file>
         <name>raise.obj</name>
      </input_file>
      <input_file id="fl-170">
         <path>C:\TI\ccsv6\tools\compiler\ti-cgt-arm_5.2.5\lib\</path>
         <kind>archive</kind>
         <file>rtsv7M4_T_le_eabi.lib</file>
         <name>setvbuf.obj</name>
      </input_file>
      <input_file id="fl-171">
         <path>C:\TI\ccsv6\tools\compiler\ti-cgt-arm_5.2.5\lib\</path>
         <kind>archive</kind>
         <file>rtsv7M4_T_le_eabi.lib</file>
         <name>signal.obj</name>
      </input_file>
      <input_file id="fl-172">
         <path>C:\TI\ccsv6\tools\compiler\ti-cgt-arm_5.2.5\lib\</path>
         <kind>archive</kind>
         <file>rtsv7M4_T_le_eabi.lib</file>
         <name>strcpy.obj</name>
      </input_file>
      <input_file id="fl-173">
         <path>C:\TI\ccsv6\tools\compiler\ti-cgt-arm_5.2.5\lib\</path>
         <kind>archive</kind>
         <file>rtsv7M4_T_le_eabi.lib</file>
         <name>xdnorm.obj</name>
      </input_file>
      <input_file id="fl-174">
         <path>C:\TI\ccsv6\tools\compiler\ti-cgt-arm_5.2.5\lib\</path>
         <kind>archive</kind>
         <file>rtsv7M4_T_le_eabi.lib</file>
         <name>fopen.obj</name>
      </input_file>
      <input_file id="fl-175">
         <path>C:\TI\ccsv6\tools\compiler\ti-cgt-arm_5.2.5\lib\</path>
         <kind>archive</kind>
         <file>rtsv7M4_T_le_eabi.lib</file>
         <name>memory.obj</name>
      </input_file>
      <input_file id="fl-176">
         <path>C:\TI\ccsv6\tools\compiler\ti-cgt-arm_5.2.5\lib\</path>
         <kind>archive</kind>
         <file>rtsv7M4_T_le_eabi.lib</file>
         <name>fclose.obj</name>
      </input_file>
      <input_file id="fl-177">
         <path>C:\TI\ccsv6\tools\compiler\ti-cgt-arm_5.2.5\lib\</path>
         <kind>archive</kind>
         <file>rtsv7M4_T_le_eabi.lib</file>
         <name>remove.obj</name>
      </input_file>
      <input_file id="fl-178">
         <path>C:\ti\CC3200SDK_1.1.0\cc3200-sdk\example\provisioning_smartconfig\ccs\..\..\..\driverlib\ccs\Release\</path>
         <kind>archive</kind>
         <file>driverlib.a</file>
         <name>adc.obj</name>
      </input_file>
      <input_file id="fl-179">
         <path>C:\ti\CC3200SDK_1.1.0\cc3200-sdk\example\provisioning_smartconfig\ccs\..\..\..\driverlib\ccs\Release\</path>
         <kind>archive</kind>
         <file>driverlib.a</file>
         <name>gpio.obj</name>
      </input_file>
      <input_file id="fl-17a">
         <path>C:\ti\CC3200SDK_1.1.0\cc3200-sdk\example\provisioning_smartconfig\ccs\..\..\..\driverlib\ccs\Release\</path>
         <kind>archive</kind>
         <file>driverlib.a</file>
         <name>interrupt.obj</name>
      </input_file>
      <input_file id="fl-17b">
         <path>C:\ti\CC3200SDK_1.1.0\cc3200-sdk\example\provisioning_smartconfig\ccs\..\..\..\driverlib\ccs\Release\</path>
         <kind>archive</kind>
         <file>driverlib.a</file>
         <name>pin.obj</name>
      </input_file>
      <input_file id="fl-17c">
         <path>C:\ti\CC3200SDK_1.1.0\cc3200-sdk\example\provisioning_smartconfig\ccs\..\..\..\driverlib\ccs\Release\</path>
         <kind>archive</kind>
         <file>driverlib.a</file>
         <name>prcm.obj</name>
      </input_file>
      <input_file id="fl-17d">
         <path>C:\ti\CC3200SDK_1.1.0\cc3200-sdk\example\provisioning_smartconfig\ccs\..\..\..\driverlib\ccs\Release\</path>
         <kind>archive</kind>
         <file>driverlib.a</file>
         <name>timer.obj</name>
      </input_file>
      <input_file id="fl-17e">
         <path>C:\ti\CC3200SDK_1.1.0\cc3200-sdk\example\provisioning_smartconfig\ccs\..\..\..\driverlib\ccs\Release\</path>
         <kind>archive</kind>
         <file>driverlib.a</file>
         <name>uart.obj</name>
      </input_file>
      <input_file id="fl-17f">
         <path>C:\ti\CC3200SDK_1.1.0\cc3200-sdk\example\provisioning_smartconfig\ccs\..\..\..\driverlib\ccs\Release\</path>
         <kind>archive</kind>
         <file>driverlib.a</file>
         <name>udma.obj</name>
      </input_file>
      <input_file id="fl-180">
         <path>C:\ti\CC3200SDK_1.1.0\cc3200-sdk\example\provisioning_smartconfig\ccs\..\..\..\driverlib\ccs\Release\</path>
         <kind>archive</kind>
         <file>driverlib.a</file>
         <name>utils.obj</name>
      </input_file>
      <input_file id="fl-181">
         <path>C:\ti\CC3200SDK_1.1.0\cc3200-sdk\example\provisioning_smartconfig\ccs\..\..\..\driverlib\ccs\Release\</path>
         <kind>archive</kind>
         <file>driverlib.a</file>
         <name>cpu.obj</name>
      </input_file>
      <input_file id="fl-182">
         <path>C:\ti\CC3200SDK_1.1.0\cc3200-sdk\example\provisioning_smartconfig\ccs\..\..\..\driverlib\ccs\Release\</path>
         <kind>archive</kind>
         <file>driverlib.a</file>
         <name>flash.obj</name>
      </input_file>
      <input_file id="fl-183">
         <path>C:\ti\CC3200SDK_1.1.0\cc3200-sdk\example\provisioning_smartconfig\ccs\..\..\..\simplelink\ccs\NON_OS\</path>
         <kind>archive</kind>
         <file>simplelink.a</file>
         <name>device.obj</name>
      </input_file>
      <input_file id="fl-184">
         <path>C:\ti\CC3200SDK_1.1.0\cc3200-sdk\example\provisioning_smartconfig\ccs\..\..\..\simplelink\ccs\NON_OS\</path>
         <kind>archive</kind>
         <file>simplelink.a</file>
         <name>driver.obj</name>
      </input_file>
      <input_file id="fl-185">
         <path>C:\ti\CC3200SDK_1.1.0\cc3200-sdk\example\provisioning_smartconfig\ccs\..\..\..\simplelink\ccs\NON_OS\</path>
         <kind>archive</kind>
         <file>simplelink.a</file>
         <name>netapp.obj</name>
      </input_file>
      <input_file id="fl-186">
         <path>C:\ti\CC3200SDK_1.1.0\cc3200-sdk\example\provisioning_smartconfig\ccs\..\..\..\simplelink\ccs\NON_OS\</path>
         <kind>archive</kind>
         <file>simplelink.a</file>
         <name>netcfg.obj</name>
      </input_file>
      <input_file id="fl-187">
         <path>C:\ti\CC3200SDK_1.1.0\cc3200-sdk\example\provisioning_smartconfig\ccs\..\..\..\simplelink\ccs\NON_OS\</path>
         <kind>archive</kind>
         <file>simplelink.a</file>
         <name>nonos.obj</name>
      </input_file>
      <input_file id="fl-188">
         <path>C:\ti\CC3200SDK_1.1.0\cc3200-sdk\example\provisioning_smartconfig\ccs\..\..\..\simplelink\ccs\NON_OS\</path>
         <kind>archive</kind>
         <file>simplelink.a</file>
         <name>socket.obj</name>
      </input_file>
      <input_file id="fl-189">
         <path>C:\ti\CC3200SDK_1.1.0\cc3200-sdk\example\provisioning_smartconfig\ccs\..\..\..\simplelink\ccs\NON_OS\</path>
         <kind>archive</kind>
         <file>simplelink.a</file>
         <name>wlan.obj</name>
      </input_file>
      <input_file id="fl-18a">
         <path>C:\ti\CC3200SDK_1.1.0\cc3200-sdk\example\provisioning_smartconfig\ccs\..\..\..\simplelink\ccs\NON_OS\</path>
         <kind>archive</kind>
         <file>simplelink.a</file>
         <name>cc_pal.obj</name>
      </input_file>
      <input_file id="fl-18b">
         <path>C:\ti\CC3200SDK_1.1.0\cc3200-sdk\example\provisioning_smartconfig\ccs\..\..\..\driverlib\ccs\Release\</path>
         <kind>archive</kind>
         <file>driverlib.a</file>
         <name>spi.obj</name>
      </input_file>
   </input_file_list>
   <object_component_list>
      <object_component id="oc-f">
         <name>.intvecs</name>
         <load_address>0x20004000</load_address>
         <run_address>0x20004000</run_address>
         <size>0x400</size>
         <input_file_ref idref="fl-7"/>
      </object_component>
      <object_component id="oc-9f">
         <name>.text</name>
         <load_address>0x20004400</load_address>
         <run_address>0x20004400</run_address>
         <size>0x133c</size>
         <input_file_ref idref="fl-5"/>
      </object_component>
      <object_component id="oc-2d1">
         <name>.text</name>
         <load_address>0x2000573c</load_address>
         <run_address>0x2000573c</run_address>
         <size>0x10a6</size>
         <input_file_ref idref="fl-14f"/>
      </object_component>
      <object_component id="oc-706">
         <name>.text:IntDefaultHandler</name>
         <load_address>0x200067e2</load_address>
         <run_address>0x200067e2</run_address>
         <size>0x2</size>
         <input_file_ref idref="fl-17a"/>
      </object_component>
      <object_component id="oc-713">
         <name>.text:_SlDrvMsgRead</name>
         <load_address>0x200067e4</load_address>
         <run_address>0x200067e4</run_address>
         <size>0x5ec</size>
         <input_file_ref idref="fl-184"/>
      </object_component>
      <object_component id="oc-750">
         <name>.text</name>
         <load_address>0x20006dd0</load_address>
         <run_address>0x20006dd0</run_address>
         <size>0x3dc</size>
         <input_file_ref idref="fl-175"/>
      </object_component>
      <object_component id="oc-14c">
         <name>.text</name>
         <load_address>0x200071ac</load_address>
         <run_address>0x200071ac</run_address>
         <size>0x39c</size>
         <input_file_ref idref="fl-4"/>
      </object_component>
      <object_component id="oc-49d">
         <name>.text</name>
         <load_address>0x20007548</load_address>
         <run_address>0x20007548</run_address>
         <size>0x30c</size>
         <input_file_ref idref="fl-15b"/>
      </object_component>
      <object_component id="oc-76b">
         <name>.text</name>
         <load_address>0x20007854</load_address>
         <run_address>0x20007854</run_address>
         <size>0x2d4</size>
         <input_file_ref idref="fl-163"/>
      </object_component>
      <object_component id="oc-7a6">
         <name>.text:_SlDrvRxHdrRead</name>
         <load_address>0x20007b28</load_address>
         <run_address>0x20007b28</run_address>
         <size>0x248</size>
         <input_file_ref idref="fl-184"/>
      </object_component>
      <object_component id="oc-158">
         <name>.text:sl_WlanConnect</name>
         <load_address>0x20007d70</load_address>
         <run_address>0x20007d70</run_address>
         <size>0x244</size>
         <input_file_ref idref="fl-189"/>
      </object_component>
      <object_component id="oc-4b3">
         <name>.text</name>
         <load_address>0x20007fb4</load_address>
         <run_address>0x20007fb4</run_address>
         <size>0x1f4</size>
         <input_file_ref idref="fl-165"/>
      </object_component>
      <object_component id="oc-330">
         <name>.text:_SlDrvReleasePoolObj</name>
         <load_address>0x200081a8</load_address>
         <run_address>0x200081a8</run_address>
         <size>0x1d0</size>
         <input_file_ref idref="fl-184"/>
      </object_component>
      <object_component id="oc-5db">
         <name>.text:_SlDrvMsgWrite</name>
         <load_address>0x20008378</load_address>
         <run_address>0x20008378</run_address>
         <size>0x1cc</size>
         <input_file_ref idref="fl-184"/>
      </object_component>
      <object_component id="oc-756">
         <name>.text</name>
         <load_address>0x20008544</load_address>
         <run_address>0x20008544</run_address>
         <size>0x1c4</size>
         <input_file_ref idref="fl-174"/>
      </object_component>
      <object_component id="oc-4c8">
         <name>.text</name>
         <load_address>0x20008708</load_address>
         <run_address>0x20008708</run_address>
         <size>0x1b6</size>
         <input_file_ref idref="fl-155"/>
      </object_component>
      <object_component id="oc-575">
         <name>.text:_SlDrvWaitForPoolObj</name>
         <load_address>0x200088c0</load_address>
         <run_address>0x200088c0</run_address>
         <size>0x190</size>
         <input_file_ref idref="fl-184"/>
      </object_component>
      <object_component id="oc-306">
         <name>.text:_SlDrvDriverCBInit</name>
         <load_address>0x20008a50</load_address>
         <run_address>0x20008a50</run_address>
         <size>0x188</size>
         <input_file_ref idref="fl-184"/>
      </object_component>
      <object_component id="oc-7b8">
         <name>.text:_SlFindAndSetActiveObj</name>
         <load_address>0x20008bd8</load_address>
         <run_address>0x20008bd8</run_address>
         <size>0x170</size>
         <input_file_ref idref="fl-184"/>
      </object_component>
      <object_component id="oc-194">
         <name>.text</name>
         <load_address>0x20008d48</load_address>
         <run_address>0x20008d48</run_address>
         <size>0x15c</size>
         <input_file_ref idref="fl-3"/>
      </object_component>
      <object_component id="oc-30c">
         <name>.text:spi_Open</name>
         <load_address>0x20008ea4</load_address>
         <run_address>0x20008ea4</run_address>
         <size>0x144</size>
         <input_file_ref idref="fl-18a"/>
      </object_component>
      <object_component id="oc-210">
         <name>.text</name>
         <load_address>0x20008fe8</load_address>
         <run_address>0x20008fe8</run_address>
         <size>0x136</size>
         <input_file_ref idref="fl-13a"/>
      </object_component>
      <object_component id="oc-e3">
         <name>.text:PRCMCC3200MCUInit</name>
         <load_address>0x20009120</load_address>
         <run_address>0x20009120</run_address>
         <size>0x134</size>
         <input_file_ref idref="fl-17c"/>
      </object_component>
      <object_component id="oc-2cb">
         <name>.text</name>
         <load_address>0x20009254</load_address>
         <run_address>0x20009254</run_address>
         <size>0x134</size>
         <input_file_ref idref="fl-158"/>
      </object_component>
      <object_component id="oc-418">
         <name>.text:_SlDrvDataReadOp</name>
         <load_address>0x20009388</load_address>
         <run_address>0x20009388</run_address>
         <size>0x12c</size>
         <input_file_ref idref="fl-184"/>
      </object_component>
      <object_component id="oc-182">
         <name>.text:sl_SendTo</name>
         <load_address>0x200094b4</load_address>
         <run_address>0x200094b4</run_address>
         <size>0x118</size>
         <input_file_ref idref="fl-188"/>
      </object_component>
      <object_component id="oc-164">
         <name>.text</name>
         <load_address>0x200095cc</load_address>
         <run_address>0x200095cc</run_address>
         <size>0x114</size>
         <input_file_ref idref="fl-14c"/>
      </object_component>
      <object_component id="oc-6af">
         <name>.text</name>
         <load_address>0x200096e0</load_address>
         <run_address>0x200096e0</run_address>
         <size>0x110</size>
         <input_file_ref idref="fl-167"/>
      </object_component>
      <object_component id="oc-188">
         <name>.text:sl_RecvFrom</name>
         <load_address>0x200097f0</load_address>
         <run_address>0x200097f0</run_address>
         <size>0x10c</size>
         <input_file_ref idref="fl-188"/>
      </object_component>
      <object_component id="oc-411">
         <name>.text:_SlDrvDataWriteOp</name>
         <load_address>0x200098fc</load_address>
         <run_address>0x200098fc</run_address>
         <size>0x108</size>
         <input_file_ref idref="fl-184"/>
      </object_component>
      <object_component id="oc-36a">
         <name>.text:_SlDrvDriverCBDeinit</name>
         <load_address>0x20009a04</load_address>
         <run_address>0x20009a04</run_address>
         <size>0x100</size>
         <input_file_ref idref="fl-184"/>
      </object_component>
      <object_component id="oc-832">
         <name>.text:_SlDrvNetAppEventHandler</name>
         <load_address>0x20009b04</load_address>
         <run_address>0x20009b04</run_address>
         <size>0xfe</size>
         <input_file_ref idref="fl-185"/>
      </object_component>
      <object_component id="oc-20b">
         <name>.text</name>
         <load_address>0x20009c02</load_address>
         <run_address>0x20009c02</run_address>
         <size>0xfc</size>
         <input_file_ref idref="fl-13b"/>
      </object_component>
      <object_component id="oc-224">
         <name>.text</name>
         <load_address>0x20009cfe</load_address>
         <run_address>0x20009cfe</run_address>
         <size>0xfa</size>
         <input_file_ref idref="fl-13d"/>
      </object_component>
      <object_component id="oc-7b2">
         <name>.text:spi_Read</name>
         <load_address>0x20009df8</load_address>
         <run_address>0x20009df8</run_address>
         <size>0xf0</size>
         <input_file_ref idref="fl-18a"/>
      </object_component>
      <object_component id="oc-8c3">
         <name>.text:uDMAChannelTransferSet</name>
         <load_address>0x20009ee8</load_address>
         <run_address>0x20009ee8</run_address>
         <size>0xf0</size>
         <input_file_ref idref="fl-17f"/>
      </object_component>
      <object_component id="oc-67b">
         <name>.text</name>
         <load_address>0x20009fd8</load_address>
         <run_address>0x20009fd8</run_address>
         <size>0xdc</size>
         <input_file_ref idref="fl-170"/>
      </object_component>
      <object_component id="oc-7ac">
         <name>.text:_SlDrvClassifyRxMsg</name>
         <load_address>0x2000a0b4</load_address>
         <run_address>0x2000a0b4</run_address>
         <size>0xd8</size>
         <input_file_ref idref="fl-184"/>
      </object_component>
      <object_component id="oc-10a">
         <name>.text:sl_Stop</name>
         <load_address>0x2000a18c</load_address>
         <run_address>0x2000a18c</run_address>
         <size>0xd4</size>
         <input_file_ref idref="fl-183"/>
      </object_component>
      <object_component id="oc-88d">
         <name>.text:_sl_HandleAsync_DnsGetHostByService</name>
         <load_address>0x2000a260</load_address>
         <run_address>0x2000a260</run_address>
         <size>0xc8</size>
         <input_file_ref idref="fl-185"/>
      </object_component>
      <object_component id="oc-497">
         <name>.text</name>
         <load_address>0x2000a328</load_address>
         <run_address>0x2000a328</run_address>
         <size>0xc8</size>
         <input_file_ref idref="fl-16d"/>
      </object_component>
      <object_component id="oc-5e1">
         <name>.text:_SlDrvMsgReadCmdCtx</name>
         <load_address>0x2000a3f0</load_address>
         <run_address>0x2000a3f0</run_address>
         <size>0xc0</size>
         <input_file_ref idref="fl-184"/>
      </object_component>
      <object_component id="oc-59e">
         <name>.text:_SlRemoveFromList</name>
         <load_address>0x2000a4b0</load_address>
         <run_address>0x2000a4b0</run_address>
         <size>0xc0</size>
         <input_file_ref idref="fl-184"/>
      </object_component>
      <object_component id="oc-780">
         <name>.text</name>
         <load_address>0x2000a570</load_address>
         <run_address>0x2000a570</run_address>
         <size>0xbe</size>
         <input_file_ref idref="fl-173"/>
      </object_component>
      <object_component id="oc-f8">
         <name>.text:sl_Start</name>
         <load_address>0x2000a630</load_address>
         <run_address>0x2000a630</run_address>
         <size>0xbc</size>
         <input_file_ref idref="fl-183"/>
      </object_component>
      <object_component id="oc-719">
         <name>.text:_SlAsyncEventGenericHandler</name>
         <load_address>0x2000a6ec</load_address>
         <run_address>0x2000a6ec</run_address>
         <size>0xb8</size>
         <input_file_ref idref="fl-184"/>
      </object_component>
      <object_component id="oc-399">
         <name>.text:sl_NetAppMDNSRegisterUnregisterService</name>
         <load_address>0x2000a7a4</load_address>
         <run_address>0x2000a7a4</run_address>
         <size>0xb4</size>
         <input_file_ref idref="fl-185"/>
      </object_component>
      <object_component id="oc-491">
         <name>.text</name>
         <load_address>0x2000a858</load_address>
         <run_address>0x2000a858</run_address>
         <size>0xac</size>
         <input_file_ref idref="fl-16b"/>
      </object_component>
      <object_component id="oc-432">
         <name>.text:IntDisable</name>
         <load_address>0x2000a904</load_address>
         <run_address>0x2000a904</run_address>
         <size>0xa8</size>
         <input_file_ref idref="fl-17a"/>
      </object_component>
      <object_component id="oc-dd">
         <name>.text:IntEnable</name>
         <load_address>0x2000a9ac</load_address>
         <run_address>0x2000a9ac</run_address>
         <size>0xa8</size>
         <input_file_ref idref="fl-17a"/>
      </object_component>
      <object_component id="oc-530">
         <name>.text:SPIConfigSetExpClk</name>
         <load_address>0x2000aa54</load_address>
         <run_address>0x2000aa54</run_address>
         <size>0xa0</size>
         <input_file_ref idref="fl-18b"/>
      </object_component>
      <object_component id="oc-5b7">
         <name>.text:_SlDrvMsgReadSpawnCtx</name>
         <load_address>0x2000aaf4</load_address>
         <run_address>0x2000aaf4</run_address>
         <size>0x9c</size>
         <input_file_ref idref="fl-184"/>
      </object_component>
      <object_component id="oc-36">
         <name>.text</name>
         <load_address>0x2000ab90</load_address>
         <run_address>0x2000ab90</run_address>
         <size>0x9c</size>
         <input_file_ref idref="fl-141"/>
      </object_component>
      <object_component id="oc-110">
         <name>.text:sl_DevGet</name>
         <load_address>0x2000ac2c</load_address>
         <run_address>0x2000ac2c</run_address>
         <size>0x9c</size>
         <input_file_ref idref="fl-183"/>
      </object_component>
      <object_component id="oc-7f5">
         <name>.text</name>
         <load_address>0x2000acc8</load_address>
         <run_address>0x2000acc8</run_address>
         <size>0x98</size>
         <input_file_ref idref="fl-176"/>
      </object_component>
      <object_component id="oc-2c5">
         <name>.text</name>
         <load_address>0x2000ad60</load_address>
         <run_address>0x2000ad60</run_address>
         <size>0x98</size>
         <input_file_ref idref="fl-157"/>
      </object_component>
      <object_component id="oc-721">
         <name>.text:spi_Write</name>
         <load_address>0x2000adf8</load_address>
         <run_address>0x2000adf8</run_address>
         <size>0x98</size>
         <input_file_ref idref="fl-18a"/>
      </object_component>
      <object_component id="oc-52a">
         <name>.text:PRCMPeripheralClockGet</name>
         <load_address>0x2000ae90</load_address>
         <run_address>0x2000ae90</run_address>
         <size>0x94</size>
         <input_file_ref idref="fl-17c"/>
      </object_component>
      <object_component id="oc-257">
         <name>.text</name>
         <load_address>0x2000af24</load_address>
         <run_address>0x2000af24</run_address>
         <size>0x90</size>
         <input_file_ref idref="fl-6"/>
      </object_component>
      <object_component id="oc-140">
         <name>.text:sl_WlanSmartConfigStart</name>
         <load_address>0x2000afb4</load_address>
         <run_address>0x2000afb4</run_address>
         <size>0x90</size>
         <input_file_ref idref="fl-189"/>
      </object_component>
      <object_component id="oc-83f">
         <name>.text:SetupDMAReceive</name>
         <load_address>0x2000b044</load_address>
         <run_address>0x2000b044</run_address>
         <size>0x8c</size>
         <input_file_ref idref="fl-18a"/>
      </object_component>
      <object_component id="oc-7c3">
         <name>.text:SetupDMASend</name>
         <load_address>0x2000b0d0</load_address>
         <run_address>0x2000b0d0</run_address>
         <size>0x8c</size>
         <input_file_ref idref="fl-18a"/>
      </object_component>
      <object_component id="oc-887">
         <name>.text:_sl_HandleAsync_DnsGetHostByName</name>
         <load_address>0x2000b15c</load_address>
         <run_address>0x2000b15c</run_address>
         <size>0x8c</size>
         <input_file_ref idref="fl-185"/>
      </object_component>
      <object_component id="oc-838">
         <name>.text:_sl_HandleAsync_PingResponse</name>
         <load_address>0x2000b1e8</load_address>
         <run_address>0x2000b1e8</run_address>
         <size>0x8c</size>
         <input_file_ref idref="fl-185"/>
      </object_component>
      <object_component id="oc-46c">
         <name>.text:PinConfigSet</name>
         <load_address>0x2000b274</load_address>
         <run_address>0x2000b274</run_address>
         <size>0x88</size>
         <input_file_ref idref="fl-17b"/>
      </object_component>
      <object_component id="oc-170">
         <name>.text:sl_Bind</name>
         <load_address>0x2000b2fc</load_address>
         <run_address>0x2000b2fc</run_address>
         <size>0x88</size>
         <input_file_ref idref="fl-188"/>
      </object_component>
      <object_component id="oc-4b8">
         <name>.text:__aeabi_cdcmple</name>
         <load_address>0x2000b384</load_address>
         <run_address>0x2000b384</run_address>
         <size>0x86</size>
         <input_file_ref idref="fl-156"/>
      </object_component>
      <object_component id="oc-4bd">
         <name>.text:__aeabi_cdrcmple</name>
         <load_address>0x2000b40a</load_address>
         <run_address>0x2000b40a</run_address>
         <size>0x86</size>
         <input_file_ref idref="fl-156"/>
      </object_component>
      <object_component id="oc-300">
         <name>.text:NwpPowerOnPreamble</name>
         <load_address>0x2000b490</load_address>
         <run_address>0x2000b490</run_address>
         <size>0x84</size>
         <input_file_ref idref="fl-18a"/>
      </object_component>
      <object_component id="oc-3a4">
         <name>.text:GPIOIntTypeSet</name>
         <load_address>0x2000b514</load_address>
         <run_address>0x2000b514</run_address>
         <size>0x82</size>
         <input_file_ref idref="fl-179"/>
      </object_component>
      <object_component id="oc-354">
         <name>.text:_SlDrvCmdOp</name>
         <load_address>0x2000b598</load_address>
         <run_address>0x2000b598</run_address>
         <size>0x80</size>
         <input_file_ref idref="fl-184"/>
      </object_component>
      <object_component id="oc-845">
         <name>.text:spi_Read_CPU</name>
         <load_address>0x2000b618</load_address>
         <run_address>0x2000b618</run_address>
         <size>0x80</size>
         <input_file_ref idref="fl-18a"/>
      </object_component>
      <object_component id="oc-7d5">
         <name>.text:spi_Write_CPU</name>
         <load_address>0x2000b698</load_address>
         <run_address>0x2000b698</run_address>
         <size>0x80</size>
         <input_file_ref idref="fl-18a"/>
      </object_component>
      <object_component id="oc-7e0">
         <name>.text:_sl_HandleAsync_InitComplete</name>
         <load_address>0x2000b718</load_address>
         <run_address>0x2000b718</run_address>
         <size>0x7c</size>
         <input_file_ref idref="fl-183"/>
      </object_component>
      <object_component id="oc-21f">
         <name>.text</name>
         <load_address>0x2000b794</load_address>
         <run_address>0x2000b794</run_address>
         <size>0x7a</size>
         <input_file_ref idref="fl-13f"/>
      </object_component>
      <object_component id="oc-4f">
         <name>.text</name>
         <load_address>0x2000b80e</load_address>
         <run_address>0x2000b80e</run_address>
         <size>0x7a</size>
         <input_file_ref idref="fl-143"/>
      </object_component>
      <object_component id="oc-8a9">
         <name>.text:_sl_HandleAsync_Connect</name>
         <load_address>0x2000b888</load_address>
         <run_address>0x2000b888</run_address>
         <size>0x78</size>
         <input_file_ref idref="fl-188"/>
      </object_component>
      <object_component id="oc-364">
         <name>.text:spi_Close</name>
         <load_address>0x2000b900</load_address>
         <run_address>0x2000b900</run_address>
         <size>0x78</size>
         <input_file_ref idref="fl-18a"/>
      </object_component>
      <object_component id="oc-1d0">
         <name>.text:TimerIntRegister</name>
         <load_address>0x2000b978</load_address>
         <run_address>0x2000b978</run_address>
         <size>0x70</size>
         <input_file_ref idref="fl-17d"/>
      </object_component>
      <object_component id="oc-fe">
         <name>.text:_SlNonOsMainLoopTask</name>
         <load_address>0x2000b9e8</load_address>
         <run_address>0x2000b9e8</run_address>
         <size>0x70</size>
         <input_file_ref idref="fl-187"/>
      </object_component>
      <object_component id="oc-e9">
         <name>.text</name>
         <load_address>0x2000ba58</load_address>
         <run_address>0x2000ba58</run_address>
         <size>0x70</size>
         <input_file_ref idref="fl-145"/>
      </object_component>
      <object_component id="oc-8ea">
         <name>.text:_SlDrvCmdSend</name>
         <load_address>0x2000bac8</load_address>
         <run_address>0x2000bac8</run_address>
         <size>0x6c</size>
         <input_file_ref idref="fl-184"/>
      </object_component>
      <object_component id="oc-61">
         <name>.text</name>
         <load_address>0x2000bb34</load_address>
         <run_address>0x2000bb34</run_address>
         <size>0x6c</size>
         <input_file_ref idref="fl-151"/>
      </object_component>
      <object_component id="oc-42">
         <name>.text</name>
         <load_address>0x2000bba0</load_address>
         <run_address>0x2000bba0</run_address>
         <size>0x6a</size>
         <input_file_ref idref="fl-136"/>
      </object_component>
      <object_component id="oc-893">
         <name>.text:_sl_NetAppSendTokenValue</name>
         <load_address>0x2000bc0c</load_address>
         <run_address>0x2000bc0c</run_address>
         <size>0x68</size>
         <input_file_ref idref="fl-185"/>
      </object_component>
      <object_component id="oc-802">
         <name>.text</name>
         <load_address>0x2000bc74</load_address>
         <run_address>0x2000bc74</run_address>
         <size>0x68</size>
         <input_file_ref idref="fl-164"/>
      </object_component>
      <object_component id="oc-128">
         <name>.text:sl_NetCfgSet</name>
         <load_address>0x2000bcdc</load_address>
         <run_address>0x2000bcdc</run_address>
         <size>0x68</size>
         <input_file_ref idref="fl-186"/>
      </object_component>
      <object_component id="oc-12e">
         <name>.text:sl_WlanSet</name>
         <load_address>0x2000bd44</load_address>
         <run_address>0x2000bd44</run_address>
         <size>0x68</size>
         <input_file_ref idref="fl-189"/>
      </object_component>
      <object_component id="oc-6a7">
         <name>.text</name>
         <load_address>0x2000bdac</load_address>
         <run_address>0x2000bdac</run_address>
         <size>0x66</size>
         <input_file_ref idref="fl-168"/>
      </object_component>
      <object_component id="oc-675">
         <name>.text</name>
         <load_address>0x2000be14</load_address>
         <run_address>0x2000be14</run_address>
         <size>0x64</size>
         <input_file_ref idref="fl-16e"/>
      </object_component>
      <object_component id="oc-6de">
         <name>.text:uDMAChannelAttributeDisable</name>
         <load_address>0x2000be78</load_address>
         <run_address>0x2000be78</run_address>
         <size>0x64</size>
         <input_file_ref idref="fl-17f"/>
      </object_component>
      <object_component id="oc-8bd">
         <name>.text:uDMAChannelAttributeEnable</name>
         <load_address>0x2000bedc</load_address>
         <run_address>0x2000bedc</run_address>
         <size>0x64</size>
         <input_file_ref idref="fl-17f"/>
      </object_component>
      <object_component id="oc-229">
         <name>.text:__aeabi_cfrcmple</name>
         <load_address>0x2000bf40</load_address>
         <run_address>0x2000bf40</run_address>
         <size>0x60</size>
         <input_file_ref idref="fl-13e"/>
      </object_component>
      <object_component id="oc-8a3">
         <name>.text:_sl_HandleAsync_Accept</name>
         <load_address>0x2000bfa0</load_address>
         <run_address>0x2000bfa0</run_address>
         <size>0x60</size>
         <input_file_ref idref="fl-188"/>
      </object_component>
      <object_component id="oc-22e">
         <name>.text</name>
         <load_address>0x2000c000</load_address>
         <run_address>0x2000c000</run_address>
         <size>0x60</size>
         <input_file_ref idref="fl-146"/>
      </object_component>
      <object_component id="oc-116">
         <name>.text:sl_WlanPolicySet</name>
         <load_address>0x2000c060</load_address>
         <run_address>0x2000c060</run_address>
         <size>0x60</size>
         <input_file_ref idref="fl-189"/>
      </object_component>
      <object_component id="oc-50e">
         <name>.text:_SlNonOsSemGet</name>
         <load_address>0x2000c0c0</load_address>
         <run_address>0x2000c0c0</run_address>
         <size>0x5c</size>
         <input_file_ref idref="fl-187"/>
      </object_component>
      <object_component id="oc-5b1">
         <name>.text:_SlNonOsSpawn</name>
         <load_address>0x2000c11c</load_address>
         <run_address>0x2000c11c</run_address>
         <size>0x5c</size>
         <input_file_ref idref="fl-187"/>
      </object_component>
      <object_component id="oc-25e">
         <name>.text:sl_Socket</name>
         <load_address>0x2000c178</load_address>
         <run_address>0x2000c178</run_address>
         <size>0x5c</size>
         <input_file_ref idref="fl-188"/>
      </object_component>
      <object_component id="oc-426">
         <name>.text:IntPendClear</name>
         <load_address>0x2000c1d4</load_address>
         <run_address>0x2000c1d4</run_address>
         <size>0x58</size>
         <input_file_ref idref="fl-17a"/>
      </object_component>
      <object_component id="oc-2b2">
         <name>.text:PRCMPeripheralReset</name>
         <load_address>0x2000c22c</load_address>
         <run_address>0x2000c22c</run_address>
         <size>0x58</size>
         <input_file_ref idref="fl-17c"/>
      </object_component>
      <object_component id="oc-4c2">
         <name>.text</name>
         <load_address>0x2000c284</load_address>
         <run_address>0x2000c284</run_address>
         <size>0x56</size>
         <input_file_ref idref="fl-15c"/>
      </object_component>
      <object_component id="oc-3aa">
         <name>.text:IntPrioritySet</name>
         <load_address>0x2000c2dc</load_address>
         <run_address>0x2000c2dc</run_address>
         <size>0x54</size>
         <input_file_ref idref="fl-17a"/>
      </object_component>
      <object_component id="oc-8af">
         <name>.text:_sl_HandleAsync_Select</name>
         <load_address>0x2000c330</load_address>
         <run_address>0x2000c330</run_address>
         <size>0x54</size>
         <input_file_ref idref="fl-188"/>
      </object_component>
      <object_component id="oc-13a">
         <name>.text:sl_WlanRxFilterSet</name>
         <load_address>0x2000c384</load_address>
         <run_address>0x2000c384</run_address>
         <size>0x54</size>
         <input_file_ref idref="fl-189"/>
      </object_component>
      <object_component id="oc-7e6">
         <name>.text:_sl_HandleAsync_Stop</name>
         <load_address>0x2000c3d8</load_address>
         <run_address>0x2000c3d8</run_address>
         <size>0x50</size>
         <input_file_ref idref="fl-183"/>
      </object_component>
      <object_component id="oc-554">
         <name>.text:SPIIntEnable</name>
         <load_address>0x2000c428</load_address>
         <run_address>0x2000c428</run_address>
         <size>0x4c</size>
         <input_file_ref idref="fl-18b"/>
      </object_component>
      <object_component id="oc-72a">
         <name>.text:SPIIntNumberGet</name>
         <load_address>0x2000c474</load_address>
         <run_address>0x2000c474</run_address>
         <size>0x4c</size>
         <input_file_ref idref="fl-18b"/>
      </object_component>
      <object_component id="oc-312">
         <name>.text:_SlDrvProtectAsyncRespSetting</name>
         <load_address>0x2000c4c0</load_address>
         <run_address>0x2000c4c0</run_address>
         <size>0x4c</size>
         <input_file_ref idref="fl-184"/>
      </object_component>
      <object_component id="oc-33f">
         <name>.text:_SlDrvRxIrqHandler</name>
         <load_address>0x2000c50c</load_address>
         <run_address>0x2000c50c</run_address>
         <size>0x4c</size>
         <input_file_ref idref="fl-184"/>
      </object_component>
      <object_component id="oc-3fa">
         <name>.text:_sl_BuildAddress</name>
         <load_address>0x2000c558</load_address>
         <run_address>0x2000c558</run_address>
         <size>0x4c</size>
         <input_file_ref idref="fl-188"/>
      </object_component>
      <object_component id="oc-251">
         <name>.text</name>
         <load_address>0x2000c5a4</load_address>
         <run_address>0x2000c5a4</run_address>
         <size>0x4c</size>
         <input_file_ref idref="fl-133"/>
      </object_component>
      <object_component id="oc-97">
         <name>.text</name>
         <load_address>0x2000c5f0</load_address>
         <run_address>0x2000c5f0</run_address>
         <size>0x4c</size>
         <input_file_ref idref="fl-152"/>
      </object_component>
      <object_component id="oc-6d8">
         <name>.text:uDMAChannelAssign</name>
         <load_address>0x2000c63c</load_address>
         <run_address>0x2000c63c</run_address>
         <size>0x4c</size>
         <input_file_ref idref="fl-17f"/>
      </object_component>
      <object_component id="oc-621">
         <name>.text:GPIOGetIntNumber</name>
         <load_address>0x2000c688</load_address>
         <run_address>0x2000c688</run_address>
         <size>0x48</size>
         <input_file_ref idref="fl-179"/>
      </object_component>
      <object_component id="oc-6f4">
         <name>.text:SPIIntClear</name>
         <load_address>0x2000c6d0</load_address>
         <run_address>0x2000c6d0</run_address>
         <size>0x48</size>
         <input_file_ref idref="fl-18b"/>
      </object_component>
      <object_component id="oc-387">
         <name>.text:_SlDrvBasicCmd</name>
         <load_address>0x2000c718</load_address>
         <run_address>0x2000c718</run_address>
         <size>0x48</size>
         <input_file_ref idref="fl-184"/>
      </object_component>
      <object_component id="oc-215">
         <name>.text</name>
         <load_address>0x2000c760</load_address>
         <run_address>0x2000c760</run_address>
         <size>0x48</size>
         <input_file_ref idref="fl-13c"/>
      </object_component>
      <object_component id="oc-4d3">
         <name>.text</name>
         <load_address>0x2000c7a8</load_address>
         <run_address>0x2000c7a8</run_address>
         <size>0x46</size>
         <input_file_ref idref="fl-15a"/>
      </object_component>
      <object_component id="oc-6e8">
         <name>.text:SPIDmaMaskGet</name>
         <load_address>0x2000c7f0</load_address>
         <run_address>0x2000c7f0</run_address>
         <size>0x44</size>
         <input_file_ref idref="fl-18b"/>
      </object_component>
      <object_component id="oc-1a0">
         <name>.text:TimerConfigure</name>
         <load_address>0x2000c834</load_address>
         <run_address>0x2000c834</run_address>
         <size>0x44</size>
         <input_file_ref idref="fl-17d"/>
      </object_component>
      <object_component id="oc-852">
         <name>.text:cc_SetupTransfer</name>
         <load_address>0x2000c878</load_address>
         <run_address>0x2000c878</run_address>
         <size>0x44</size>
         <input_file_ref idref="fl-18a"/>
      </object_component>
      <object_component id="oc-6d">
         <name>.text</name>
         <load_address>0x2000c8bc</load_address>
         <run_address>0x2000c8bc</run_address>
         <size>0x44</size>
         <input_file_ref idref="fl-139"/>
      </object_component>
      <object_component id="oc-17c">
         <name>.text:sl_Htonl</name>
         <load_address>0x2000c900</load_address>
         <run_address>0x2000c900</run_address>
         <size>0x42</size>
         <input_file_ref idref="fl-188"/>
      </object_component>
      <object_component id="oc-664">
         <name>.text:PinModeSet</name>
         <load_address>0x2000c944</load_address>
         <run_address>0x2000c944</run_address>
         <size>0x40</size>
         <input_file_ref idref="fl-17b"/>
      </object_component>
      <object_component id="oc-874">
         <name>.text</name>
         <load_address>0x2000c984</load_address>
         <run_address>0x2000c984</run_address>
         <size>0x40</size>
         <input_file_ref idref="fl-171"/>
      </object_component>
      <object_component id="oc-15e">
         <name>.text</name>
         <load_address>0x2000c9c4</load_address>
         <run_address>0x2000c9c4</run_address>
         <size>0x40</size>
         <input_file_ref idref="fl-14b"/>
      </object_component>
      <object_component id="oc-31e">
         <name>.text:NwpRegisterInterruptHandler</name>
         <load_address>0x2000ca04</load_address>
         <run_address>0x2000ca04</run_address>
         <size>0x3e</size>
         <input_file_ref idref="fl-18a"/>
      </object_component>
      <object_component id="oc-89a">
         <name>.text:CopyPingResultsToReport</name>
         <load_address>0x2000ca42</load_address>
         <run_address>0x2000ca42</run_address>
         <size>0x3c</size>
         <input_file_ref idref="fl-185"/>
      </object_component>
      <object_component id="oc-1be">
         <name>.text:PRCMPeripheralClkEnable</name>
         <load_address>0x2000ca80</load_address>
         <run_address>0x2000ca80</run_address>
         <size>0x3c</size>
         <input_file_ref idref="fl-17c"/>
      </object_component>
      <object_component id="oc-40b">
         <name>.text:_sl_TruncatePayloadByProtocol</name>
         <load_address>0x2000cabc</load_address>
         <run_address>0x2000cabc</run_address>
         <size>0x3c</size>
         <input_file_ref idref="fl-188"/>
      </object_component>
      <object_component id="oc-24">
         <name>.text</name>
         <load_address>0x2000caf8</load_address>
         <run_address>0x2000caf8</run_address>
         <size>0x3c</size>
         <input_file_ref idref="fl-134"/>
      </object_component>
      <object_component id="oc-16a">
         <name>.text:sl_Htons</name>
         <load_address>0x2000cb34</load_address>
         <run_address>0x2000cb34</run_address>
         <size>0x3c</size>
         <input_file_ref idref="fl-188"/>
      </object_component>
      <object_component id="oc-8b7">
         <name>.text:uDMAChannelControlSet</name>
         <load_address>0x2000cb70</load_address>
         <run_address>0x2000cb70</run_address>
         <size>0x3c</size>
         <input_file_ref idref="fl-17f"/>
      </object_component>
      <object_component id="oc-24b">
         <name>.text:ADCChannelEnable</name>
         <load_address>0x2000cbac</load_address>
         <run_address>0x2000cbac</run_address>
         <size>0x38</size>
         <input_file_ref idref="fl-178"/>
      </object_component>
      <object_component id="oc-318">
         <name>.text:NwpPowerOff</name>
         <load_address>0x2000cbe4</load_address>
         <run_address>0x2000cbe4</run_address>
         <size>0x38</size>
         <input_file_ref idref="fl-18a"/>
      </object_component>
      <object_component id="oc-47c">
         <name>.text:GPIODirModeSet</name>
         <load_address>0x2000cc1c</load_address>
         <run_address>0x2000cc1c</run_address>
         <size>0x36</size>
         <input_file_ref idref="fl-179"/>
      </object_component>
      <object_component id="oc-1ac">
         <name>.text:TimerControlLevel</name>
         <load_address>0x2000cc52</load_address>
         <run_address>0x2000cc52</run_address>
         <size>0x36</size>
         <input_file_ref idref="fl-17d"/>
      </object_component>
      <object_component id="oc-134">
         <name>.text:sl_NetAppMDNSUnRegisterService</name>
         <load_address>0x2000cc88</load_address>
         <run_address>0x2000cc88</run_address>
         <size>0x36</size>
         <input_file_ref idref="fl-185"/>
      </object_component>
      <object_component id="oc-536">
         <name>.text:PRCMPeripheralStatusGet</name>
         <load_address>0x2000ccc0</load_address>
         <run_address>0x2000ccc0</run_address>
         <size>0x34</size>
         <input_file_ref idref="fl-17c"/>
      </object_component>
      <object_component id="oc-54e">
         <name>.text:SPIFIFOLevelSet</name>
         <load_address>0x2000ccf4</load_address>
         <run_address>0x2000ccf4</run_address>
         <size>0x34</size>
         <input_file_ref idref="fl-18b"/>
      </object_component>
      <object_component id="oc-78f">
         <name>.text</name>
         <load_address>0x2000cd28</load_address>
         <run_address>0x2000cd28</run_address>
         <size>0x34</size>
         <input_file_ref idref="fl-16c"/>
      </object_component>
      <object_component id="oc-476">
         <name>.text:PinTypeGPIO</name>
         <load_address>0x2000cd5c</load_address>
         <run_address>0x2000cd5c</run_address>
         <size>0x30</size>
         <input_file_ref idref="fl-17b"/>
      </object_component>
      <object_component id="oc-1c4">
         <name>.text:TimerControlEvent</name>
         <load_address>0x2000cd8c</load_address>
         <run_address>0x2000cd8c</run_address>
         <size>0x30</size>
         <input_file_ref idref="fl-17d"/>
      </object_component>
      <object_component id="oc-733">
         <name>.text:_SlDrvDeviceEventHandler</name>
         <load_address>0x2000cdbc</load_address>
         <run_address>0x2000cdbc</run_address>
         <size>0x30</size>
         <input_file_ref idref="fl-183"/>
      </object_component>
      <object_component id="oc-688">
         <name>.text</name>
         <load_address>0x2000cdec</load_address>
         <run_address>0x2000cdec</run_address>
         <size>0x30</size>
         <input_file_ref idref="fl-161"/>
      </object_component>
      <object_component id="oc-6b5">
         <name>.text</name>
         <load_address>0x2000ce1c</load_address>
         <run_address>0x2000ce1c</run_address>
         <size>0x30</size>
         <input_file_ref idref="fl-169"/>
      </object_component>
      <object_component id="oc-176">
         <name>.text:sl_Close</name>
         <load_address>0x2000ce4c</load_address>
         <run_address>0x2000ce4c</run_address>
         <size>0x30</size>
         <input_file_ref idref="fl-188"/>
      </object_component>
      <object_component id="oc-11c">
         <name>.text:sl_WlanProfileDel</name>
         <load_address>0x2000ce7c</load_address>
         <run_address>0x2000ce7c</run_address>
         <size>0x30</size>
         <input_file_ref idref="fl-189"/>
      </object_component>
      <object_component id="oc-104">
         <name>.text:sl_WlanSetMode</name>
         <load_address>0x2000ceac</load_address>
         <run_address>0x2000ceac</run_address>
         <size>0x30</size>
         <input_file_ref idref="fl-189"/>
      </object_component>
      <object_component id="oc-206">
         <name>.text</name>
         <load_address>0x2000cedc</load_address>
         <run_address>0x2000cedc</run_address>
         <size>0x2e</size>
         <input_file_ref idref="fl-140"/>
      </object_component>
      <object_component id="oc-824">
         <name>.text</name>
         <load_address>0x2000cf0a</load_address>
         <run_address>0x2000cf0a</run_address>
         <size>0x2e</size>
         <input_file_ref idref="fl-16f"/>
      </object_component>
      <object_component id="oc-324">
         <name>.text:NwpPowerOn</name>
         <load_address>0x2000cf38</load_address>
         <run_address>0x2000cf38</run_address>
         <size>0x2c</size>
         <input_file_ref idref="fl-18a"/>
      </object_component>
      <object_component id="oc-2be">
         <name>.text:PRCMSysResetCauseGet</name>
         <load_address>0x2000cf64</load_address>
         <run_address>0x2000cf64</run_address>
         <size>0x2c</size>
         <input_file_ref idref="fl-17c"/>
      </object_component>
      <object_component id="oc-1b2">
         <name>.text:TimerLoadSet</name>
         <load_address>0x2000cf90</load_address>
         <run_address>0x2000cf90</run_address>
         <size>0x2a</size>
         <input_file_ref idref="fl-17d"/>
      </object_component>
      <object_component id="oc-1b8">
         <name>.text:TimerMatchSet</name>
         <load_address>0x2000cfba</load_address>
         <run_address>0x2000cfba</run_address>
         <size>0x2a</size>
         <input_file_ref idref="fl-17d"/>
      </object_component>
      <object_component id="oc-1a6">
         <name>.text:TimerPrescaleSet</name>
         <load_address>0x2000cfe4</load_address>
         <run_address>0x2000cfe4</run_address>
         <size>0x2a</size>
         <input_file_ref idref="fl-17d"/>
      </object_component>
      <object_component id="oc-3df">
         <name>.text</name>
         <load_address>0x2000d00e</load_address>
         <run_address>0x2000d00e</run_address>
         <size>0x2a</size>
         <input_file_ref idref="fl-162"/>
      </object_component>
      <object_component id="oc-4df">
         <name>.text</name>
         <load_address>0x2000d038</load_address>
         <run_address>0x2000d038</run_address>
         <size>0x2a</size>
         <input_file_ref idref="fl-166"/>
      </object_component>
      <object_component id="oc-2b8">
         <name>.text:PRCMPeripheralClkDisable</name>
         <load_address>0x2000d064</load_address>
         <run_address>0x2000d064</run_address>
         <size>0x28</size>
         <input_file_ref idref="fl-17c"/>
      </object_component>
      <object_component id="oc-566">
         <name>.text:DmaSpiSwIntHandler</name>
         <load_address>0x2000d08c</load_address>
         <run_address>0x2000d08c</run_address>
         <size>0x24</size>
         <input_file_ref idref="fl-18a"/>
      </object_component>
      <object_component id="oc-58f">
         <name>.text:IntUnregister</name>
         <load_address>0x2000d0b0</load_address>
         <run_address>0x2000d0b0</run_address>
         <size>0x24</size>
         <input_file_ref idref="fl-17a"/>
      </object_component>
      <object_component id="oc-57b">
         <name>.text:_SlDrvProtectionObjLockWaitForever</name>
         <load_address>0x2000d0d4</load_address>
         <run_address>0x2000d0d4</run_address>
         <size>0x24</size>
         <input_file_ref idref="fl-184"/>
      </object_component>
      <object_component id="oc-3e5">
         <name>.text</name>
         <load_address>0x2000d0f8</load_address>
         <run_address>0x2000d0f8</run_address>
         <size>0x24</size>
         <input_file_ref idref="fl-160"/>
      </object_component>
      <object_component id="oc-21a">
         <name>.text</name>
         <load_address>0x2000d11c</load_address>
         <run_address>0x2000d11c</run_address>
         <size>0x24</size>
         <input_file_ref idref="fl-14d"/>
      </object_component>
      <object_component id="oc-420">
         <name>.text:GPIOIntStatus</name>
         <load_address>0x2000d140</load_address>
         <run_address>0x2000d140</run_address>
         <size>0x22</size>
         <input_file_ref idref="fl-179"/>
      </object_component>
      <object_component id="oc-524">
         <name>.text:SPIReset</name>
         <load_address>0x2000d162</load_address>
         <run_address>0x2000d162</run_address>
         <size>0x22</size>
         <input_file_ref idref="fl-18b"/>
      </object_component>
      <object_component id="oc-7cf">
         <name>.text:SPIWordCountSet</name>
         <load_address>0x2000d184</load_address>
         <run_address>0x2000d184</run_address>
         <size>0x22</size>
         <input_file_ref idref="fl-18b"/>
      </object_component>
      <object_component id="oc-4cd">
         <name>.text</name>
         <load_address>0x2000d1a6</load_address>
         <run_address>0x2000d1a6</run_address>
         <size>0x22</size>
         <input_file_ref idref="fl-159"/>
      </object_component>
      <object_component id="oc-3bc">
         <name>.text:GPIOPinWrite</name>
         <load_address>0x2000d1c8</load_address>
         <run_address>0x2000d1c8</run_address>
         <size>0x20</size>
         <input_file_ref idref="fl-179"/>
      </object_component>
      <object_component id="oc-44a">
         <name>.text:IntRegister</name>
         <load_address>0x2000d1e8</load_address>
         <run_address>0x2000d1e8</run_address>
         <size>0x20</size>
         <input_file_ref idref="fl-17a"/>
      </object_component>
      <object_component id="oc-581">
         <name>.text:_SlDrvProtectionObjUnLock</name>
         <load_address>0x2000d208</load_address>
         <run_address>0x2000d208</run_address>
         <size>0x20</size>
         <input_file_ref idref="fl-184"/>
      </object_component>
      <object_component id="oc-4ab">
         <name>.text</name>
         <load_address>0x2000d228</load_address>
         <run_address>0x2000d228</run_address>
         <size>0x20</size>
         <input_file_ref idref="fl-15e"/>
      </object_component>
      <object_component id="oc-3b0">
         <name>.text:GPIOIntRegister</name>
         <load_address>0x2000d248</load_address>
         <run_address>0x2000d248</run_address>
         <size>0x1e</size>
         <input_file_ref idref="fl-179"/>
      </object_component>
      <object_component id="oc-1e8">
         <name>.text:TimerDisable</name>
         <load_address>0x2000d266</load_address>
         <run_address>0x2000d266</run_address>
         <size>0x1e</size>
         <input_file_ref idref="fl-17d"/>
      </object_component>
      <object_component id="oc-1dc">
         <name>.text:TimerEnable</name>
         <load_address>0x2000d284</load_address>
         <run_address>0x2000d284</run_address>
         <size>0x1e</size>
         <input_file_ref idref="fl-17d"/>
      </object_component>
      <object_component id="oc-5d5">
         <name>.text:_SlDrvObjLockWaitForever</name>
         <load_address>0x2000d2a2</load_address>
         <run_address>0x2000d2a2</run_address>
         <size>0x1e</size>
         <input_file_ref idref="fl-184"/>
      </object_component>
      <object_component id="oc-32a">
         <name>.text:_SlDrvSyncObjWaitForever</name>
         <load_address>0x2000d2c0</load_address>
         <run_address>0x2000d2c0</run_address>
         <size>0x1e</size>
         <input_file_ref idref="fl-184"/>
      </object_component>
      <object_component id="oc-53c">
         <name>.text:cc_UDMAChannelSelect</name>
         <load_address>0x2000d2de</load_address>
         <run_address>0x2000d2de</run_address>
         <size>0x1e</size>
         <input_file_ref idref="fl-18a"/>
      </object_component>
      <object_component id="oc-234">
         <name>.text</name>
         <load_address>0x2000d2fc</load_address>
         <run_address>0x2000d2fc</run_address>
         <size>0x1e</size>
         <input_file_ref idref="fl-148"/>
      </object_component>
      <object_component id="oc-1fa">
         <name>.text:ADCFIFOLvlGet</name>
         <load_address>0x2000d31a</load_address>
         <run_address>0x2000d31a</run_address>
         <size>0x1c</size>
         <input_file_ref idref="fl-178"/>
      </object_component>
      <object_component id="oc-4e5">
         <name>.text</name>
         <load_address>0x2000d336</load_address>
         <run_address>0x2000d336</run_address>
         <size>0x1c</size>
         <input_file_ref idref="fl-15d"/>
      </object_component>
      <object_component id="oc-8c9">
         <name>.text:uDMAChannelEnable</name>
         <load_address>0x2000d354</load_address>
         <run_address>0x2000d354</run_address>
         <size>0x1c</size>
         <input_file_ref idref="fl-17f"/>
      </object_component>
      <object_component id="oc-42c">
         <name>.text:GPIOIntDisable</name>
         <load_address>0x2000d370</load_address>
         <run_address>0x2000d370</run_address>
         <size>0x1a</size>
         <input_file_ref idref="fl-179"/>
      </object_component>
      <object_component id="oc-3b6">
         <name>.text:GPIOIntEnable</name>
         <load_address>0x2000d38a</load_address>
         <run_address>0x2000d38a</run_address>
         <size>0x1a</size>
         <input_file_ref idref="fl-179"/>
      </object_component>
      <object_component id="oc-5fe">
         <name>.text:SPIDmaDisable</name>
         <load_address>0x2000d3a4</load_address>
         <run_address>0x2000d3a4</run_address>
         <size>0x1a</size>
         <input_file_ref idref="fl-18b"/>
      </object_component>
      <object_component id="oc-548">
         <name>.text:SPIDmaEnable</name>
         <load_address>0x2000d3be</load_address>
         <run_address>0x2000d3be</run_address>
         <size>0x1a</size>
         <input_file_ref idref="fl-18b"/>
      </object_component>
      <object_component id="oc-5f8">
         <name>.text:SPIFIFODisable</name>
         <load_address>0x2000d3d8</load_address>
         <run_address>0x2000d3d8</run_address>
         <size>0x1a</size>
         <input_file_ref idref="fl-18b"/>
      </object_component>
      <object_component id="oc-542">
         <name>.text:SPIFIFOEnable</name>
         <load_address>0x2000d3f2</load_address>
         <run_address>0x2000d3f2</run_address>
         <size>0x1a</size>
         <input_file_ref idref="fl-18b"/>
      </object_component>
      <object_component id="oc-5f2">
         <name>.text:SPIIntUnregister</name>
         <load_address>0x2000d40c</load_address>
         <run_address>0x2000d40c</run_address>
         <size>0x1a</size>
         <input_file_ref idref="fl-18b"/>
      </object_component>
      <object_component id="oc-5e7">
         <name>.text:_SlDrvObjUnLock</name>
         <load_address>0x2000d426</load_address>
         <run_address>0x2000d426</run_address>
         <size>0x1a</size>
         <input_file_ref idref="fl-184"/>
      </object_component>
      <object_component id="oc-5a4">
         <name>.text:_SlDrvSyncObjSignal</name>
         <load_address>0x2000d440</load_address>
         <run_address>0x2000d440</run_address>
         <size>0x1a</size>
         <input_file_ref idref="fl-184"/>
      </object_component>
      <object_component id="oc-200">
         <name>.text:ADCFIFORead</name>
         <load_address>0x2000d45a</load_address>
         <run_address>0x2000d45a</run_address>
         <size>0x18</size>
         <input_file_ref idref="fl-178"/>
      </object_component>
      <object_component id="oc-3c8">
         <name>.text:GPIOPinRead</name>
         <load_address>0x2000d472</load_address>
         <run_address>0x2000d472</run_address>
         <size>0x18</size>
         <input_file_ref idref="fl-179"/>
      </object_component>
      <object_component id="oc-518">
         <name>.text:SPICSDisable</name>
         <load_address>0x2000d48a</load_address>
         <run_address>0x2000d48a</run_address>
         <size>0x18</size>
         <input_file_ref idref="fl-18b"/>
      </object_component>
      <object_component id="oc-7c9">
         <name>.text:SPICSEnable</name>
         <load_address>0x2000d4a2</load_address>
         <run_address>0x2000d4a2</run_address>
         <size>0x18</size>
         <input_file_ref idref="fl-18b"/>
      </object_component>
      <object_component id="oc-51e">
         <name>.text:SPIDisable</name>
         <load_address>0x2000d4ba</load_address>
         <run_address>0x2000d4ba</run_address>
         <size>0x18</size>
         <input_file_ref idref="fl-18b"/>
      </object_component>
      <object_component id="oc-55a">
         <name>.text:SPIEnable</name>
         <load_address>0x2000d4d2</load_address>
         <run_address>0x2000d4d2</run_address>
         <size>0x18</size>
         <input_file_ref idref="fl-18b"/>
      </object_component>
      <object_component id="oc-1e2">
         <name>.text:TimerIntDisable</name>
         <load_address>0x2000d4ea</load_address>
         <run_address>0x2000d4ea</run_address>
         <size>0x18</size>
         <input_file_ref idref="fl-17d"/>
      </object_component>
      <object_component id="oc-1d6">
         <name>.text:TimerIntEnable</name>
         <load_address>0x2000d502</load_address>
         <run_address>0x2000d502</run_address>
         <size>0x18</size>
         <input_file_ref idref="fl-17d"/>
      </object_component>
      <object_component id="oc-508">
         <name>.text:_SlNonOsSemSet</name>
         <load_address>0x2000d51a</load_address>
         <run_address>0x2000d51a</run_address>
         <size>0x18</size>
         <input_file_ref idref="fl-187"/>
      </object_component>
      <object_component id="oc-336">
         <name>.text:_sl_GetStartResponseConvert</name>
         <load_address>0x2000d534</load_address>
         <run_address>0x2000d534</run_address>
         <size>0x18</size>
         <input_file_ref idref="fl-183"/>
      </object_component>
      <object_component id="oc-67">
         <name>.text</name>
         <load_address>0x2000d54c</load_address>
         <run_address>0x2000d54c</run_address>
         <size>0x18</size>
         <input_file_ref idref="fl-150"/>
      </object_component>
      <object_component id="oc-19a">
         <name>.text</name>
         <load_address>0x2000d564</load_address>
[...]
      </symbol>
      <symbol id="sm-1061">
         <name>_SlDrvMemZero</name>
         <value>0x2000d5a9</value>
         <object_component_ref idref="oc-3d5"/>
      </symbol>
      <symbol id="sm-1062">
         <name>_SlDrvWaitForPoolObj</name>
         <value>0x200088c1</value>
         <object_component_ref idref="oc-575"/>
      </symbol>
      <symbol id="sm-1063">
         <name>_SlDrvSyncObjSignal</name>
         <value>0x2000d441</value>
         <object_component_ref idref="oc-5a4"/>
      </symbol>
      <symbol id="sm-1064">
         <name>g_H2NCnysPattern</name>
         <value>0x2000dccc</value>
         <object_component_ref idref="oc-609"/>
      </symbol>
      <symbol id="sm-1065">
         <name>_SlDrvMsgWrite</name>
         <value>0x20008379</value>
         <object_component_ref idref="oc-5db"/>
      </symbol>
      <symbol id="sm-1066">
         <name>_SlDrvDataReadOp</name>
         <value>0x20009389</value>
         <object_component_ref idref="oc-418"/>
      </symbol>
      <symbol id="sm-1067">
         <name>_SlDrvDataWriteOp</name>
         <value>0x200098fd</value>
         <object_component_ref idref="oc-411"/>
      </symbol>
      <symbol id="sm-1068">
         <name>_SlDrvRxIrqHandler</name>
         <value>0x2000c50d</value>
         <object_component_ref idref="oc-33f"/>
      </symbol>
      <symbol id="sm-1069">
         <name>_SlDrvMsgRead</name>
         <value>0x200067e5</value>
         <object_component_ref idref="oc-713"/>
      </symbol>
      <symbol id="sm-106a">
         <name>_SlDrvSyncObjWaitForever</name>
         <value>0x2000d2c1</value>
         <object_component_ref idref="oc-32a"/>
      </symbol>
      <symbol id="sm-106b">
         <name>g_H2NSyncPattern</name>
         <value>0x2000dcc4</value>
         <object_component_ref idref="oc-609"/>
      </symbol>
      <symbol id="sm-106c">
         <name>_SlDrvCmdSend</name>
         <value>0x2000bac9</value>
         <object_component_ref idref="oc-8ea"/>
      </symbol>
      <symbol id="sm-106d">
         <name>_SlActionLookupTable</name>
         <value>0x2000dc8c</value>
         <object_component_ref idref="oc-84c"/>
      </symbol>
      <symbol id="sm-10eb">
         <name>sl_NetAppMDNSUnRegisterService</name>
         <value>0x2000cc89</value>
         <object_component_ref idref="oc-134"/>
      </symbol>
      <symbol id="sm-10ec">
         <name>_SlNetAppSendTokenValueCmdCtrl</name>
         <value>0x2000dd74</value>
         <object_component_ref idref="oc-611"/>
      </symbol>
      <symbol id="sm-10ed">
         <name>_SlGetServiceListeCtrl</name>
         <value>0x2000dd60</value>
         <object_component_ref idref="oc-611"/>
      </symbol>
      <symbol id="sm-10ee">
         <name>_SlNetAppStopCtrl</name>
         <value>0x2000dd5c</value>
         <object_component_ref idref="oc-611"/>
      </symbol>
      <symbol id="sm-10ef">
         <name>_SlNetAppSetCmdCtrl</name>
         <value>0x2000dd70</value>
         <object_component_ref idref="oc-611"/>
      </symbol>
      <symbol id="sm-10f0">
         <name>_SlNetAppGetCmdCtrl</name>
         <value>0x2000dd78</value>
         <object_component_ref idref="oc-611"/>
      </symbol>
      <symbol id="sm-10f1">
         <name>_sl_HandleAsync_DnsGetHostByName</name>
         <value>0x2000b15d</value>
         <object_component_ref idref="oc-887"/>
      </symbol>
      <symbol id="sm-10f2">
         <name>_SlRegisterServiceCtrl</name>
         <value>0x2000dd64</value>
         <object_component_ref idref="oc-611"/>
      </symbol>
      <symbol id="sm-10f3">
         <name>_sl_HandleAsync_PingResponse</name>
         <value>0x2000b1e9</value>
         <object_component_ref idref="oc-838"/>
      </symbol>
      <symbol id="sm-10f4">
         <name>_SlNetAppStartCtrl</name>
         <value>0x2000dd58</value>
         <object_component_ref idref="oc-611"/>
      </symbol>
      <symbol id="sm-10f5">
         <name>_SlDrvNetAppEventHandler</name>
         <value>0x20009b05</value>
         <object_component_ref idref="oc-832"/>
      </symbol>
      <symbol id="sm-10f6">
         <name>_sl_HandleAsync_DnsGetHostByService</name>
         <value>0x2000a261</value>
         <object_component_ref idref="oc-88d"/>
      </symbol>
      <symbol id="sm-10f7">
         <name>_sl_NetAppSendTokenValue</name>
         <value>0x2000bc0d</value>
         <object_component_ref idref="oc-893"/>
      </symbol>
      <symbol id="sm-10f8">
         <name>CopyPingResultsToReport</name>
         <value>0x2000ca43</value>
         <object_component_ref idref="oc-89a"/>
      </symbol>
      <symbol id="sm-10f9">
         <name>_SlGetHostByNameCtrl</name>
         <value>0x2000dd6c</value>
         <object_component_ref idref="oc-611"/>
      </symbol>
      <symbol id="sm-10fa">
         <name>_SlGetHostByServiceCtrl</name>
         <value>0x2000dd68</value>
         <object_component_ref idref="oc-611"/>
      </symbol>
      <symbol id="sm-10fb">
         <name>sl_NetAppMDNSRegisterUnregisterService</name>
         <value>0x2000a7a5</value>
         <object_component_ref idref="oc-399"/>
      </symbol>
      <symbol id="sm-1118">
         <name>_SlNetCfgSetCmdCtrl</name>
         <value>0x2000ddfc</value>
         <object_component_ref idref="oc-38e"/>
      </symbol>
      <symbol id="sm-1119">
         <name>_SlNetCfgGetCmdCtrl</name>
         <value>0x2000de00</value>
         <object_component_ref idref="oc-38e"/>
      </symbol>
      <symbol id="sm-111a">
         <name>sl_NetCfgSet</name>
         <value>0x2000bcdd</value>
         <object_component_ref idref="oc-128"/>
      </symbol>
      <symbol id="sm-115c">
         <name>_SlNonOsSemSet</name>
         <value>0x2000d51b</value>
         <object_component_ref idref="oc-508"/>
      </symbol>
      <symbol id="sm-115d">
         <name>_SlNonOsSpawn</name>
         <value>0x2000c11d</value>
         <object_component_ref idref="oc-5b1"/>
      </symbol>
      <symbol id="sm-115e">
         <name>_SlNonOsSemGet</name>
         <value>0x2000c0c1</value>
         <object_component_ref idref="oc-50e"/>
      </symbol>
      <symbol id="sm-115f">
         <name>_SlNonOsMainLoopTask</name>
         <value>0x2000b9e9</value>
         <object_component_ref idref="oc-fe"/>
      </symbol>
      <symbol id="sm-1160">
         <name>g__SlNonOsCB</name>
         <value>0x20021f30</value>
         <object_component_ref idref="oc-34c"/>
      </symbol>
      <symbol id="sm-1223">
         <name>_SlSockCloseCmdCtrl</name>
         <value>0x2000dcfc</value>
         <object_component_ref idref="oc-400"/>
      </symbol>
      <symbol id="sm-1224">
         <name>_SlSendCmdCtrl</name>
         <value>0x2000dd04</value>
         <object_component_ref idref="oc-400"/>
      </symbol>
      <symbol id="sm-1225">
         <name>sl_SendTo</name>
         <value>0x200094b5</value>
         <object_component_ref idref="oc-182"/>
      </symbol>
      <symbol id="sm-1226">
         <name>_sl_BuildAddress</name>
         <value>0x2000c559</value>
         <object_component_ref idref="oc-3fa"/>
      </symbol>
      <symbol id="sm-1227">
         <name>_sl_HandleAsync_Connect</name>
         <value>0x2000b889</value>
         <object_component_ref idref="oc-8a9"/>
      </symbol>
      <symbol id="sm-1228">
         <name>sl_Htonl</name>
         <value>0x2000c901</value>
         <object_component_ref idref="oc-17c"/>
      </symbol>
      <symbol id="sm-1229">
         <name>sl_Htons</name>
         <value>0x2000cb35</value>
         <object_component_ref idref="oc-16a"/>
      </symbol>
      <symbol id="sm-122a">
         <name>_SlSelectCmdCtrl</name>
         <value>0x2000dd1c</value>
         <object_component_ref idref="oc-400"/>
      </symbol>
      <symbol id="sm-122b">
         <name>sl_Socket</name>
         <value>0x2000c179</value>
         <object_component_ref idref="oc-25e"/>
      </symbol>
      <symbol id="sm-122c">
         <name>_sl_HandleAsync_Select</name>
         <value>0x2000c331</value>
         <object_component_ref idref="oc-8af"/>
      </symbol>
      <symbol id="sm-122d">
         <name>sl_RecvFrom</name>
         <value>0x200097f1</value>
         <object_component_ref idref="oc-188"/>
      </symbol>
      <symbol id="sm-122e">
         <name>_SlSockSocketCmdCtrl</name>
         <value>0x2000dcf8</value>
         <object_component_ref idref="oc-400"/>
      </symbol>
      <symbol id="sm-122f">
         <name>_SlRecvfomCmdCtrl</name>
         <value>0x2000dd00</value>
         <object_component_ref idref="oc-400"/>
      </symbol>
      <symbol id="sm-1230">
         <name>_SlSetSockOptCmdCtrl</name>
         <value>0x2000dd14</value>
         <object_component_ref idref="oc-400"/>
      </symbol>
      <symbol id="sm-1231">
         <name>_SlAcceptCmdCtrl</name>
         <value>0x2000dd0c</value>
         <object_component_ref idref="oc-400"/>
      </symbol>
      <symbol id="sm-1232">
         <name>_SlPayloadByProtocolLUT</name>
         <value>0x2000dde4</value>
         <object_component_ref idref="oc-647"/>
      </symbol>
      <symbol id="sm-1233">
         <name>_SlListenCmdCtrl</name>
         <value>0x2000dd08</value>
         <object_component_ref idref="oc-400"/>
      </symbol>
      <symbol id="sm-1234">
         <name>_SlRecvCmdCtrl</name>
         <value>0x2000dd10</value>
         <object_component_ref idref="oc-400"/>
      </symbol>
      <symbol id="sm-1235">
         <name>_SlGetSockOptCmdCtrl</name>
         <value>0x2000dd18</value>
         <object_component_ref idref="oc-400"/>
      </symbol>
      <symbol id="sm-1236">
         <name>_sl_TruncatePayloadByProtocol</name>
         <value>0x2000cabd</value>
         <object_component_ref idref="oc-40b"/>
      </symbol>
      <symbol id="sm-1237">
         <name>sl_Close</name>
         <value>0x2000ce4d</value>
         <object_component_ref idref="oc-176"/>
      </symbol>
      <symbol id="sm-1238">
         <name>_sl_HandleAsync_Accept</name>
         <value>0x2000bfa1</value>
         <object_component_ref idref="oc-8a3"/>
      </symbol>
      <symbol id="sm-1239">
         <name>sl_Bind</name>
         <value>0x2000b2fd</value>
         <object_component_ref idref="oc-170"/>
      </symbol>
      <symbol id="sm-12db">
         <name>sl_WlanSmartConfigStop</name>
         <value>0x2000d6f5</value>
         <object_component_ref idref="oc-146"/>
      </symbol>
      <symbol id="sm-12dc">
         <name>sl_WlanDisconnect</name>
         <value>0x2000d6e9</value>
         <object_component_ref idref="oc-122"/>
      </symbol>
      <symbol id="sm-12dd">
         <name>_SlPolicyGetCmdCtrl</name>
         <value>0x2000dc52</value>
         <object_component_ref idref="oc-35a"/>
      </symbol>
      <symbol id="sm-12de">
         <name>_SlPolicySetCmdCtrl</name>
         <value>0x2000dc4e</value>
         <object_component_ref idref="oc-35a"/>
      </symbol>
      <symbol id="sm-12df">
         <name>_SlRxFilterGetCmdCtrl</name>
         <value>0x2000dc6a</value>
         <object_component_ref idref="oc-35a"/>
      </symbol>
      <symbol id="sm-12e0">
         <name>_SlRxFilterSetCmdCtrl</name>
         <value>0x2000dc66</value>
         <object_component_ref idref="oc-35a"/>
      </symbol>
      <symbol id="sm-12e1">
         <name>_SlProfileGetCmdCtrl</name>
         <value>0x2000dc56</value>
         <object_component_ref idref="oc-35a"/>
      </symbol>
      <symbol id="sm-12e2">
         <name>_SlWlanGetNetworkListCtrl</name>
         <value>0x2000dc5e</value>
         <object_component_ref idref="oc-35a"/>
      </symbol>
      <symbol id="sm-12e3">
         <name>sl_WlanPolicySet</name>
         <value>0x2000c061</value>
         <object_component_ref idref="oc-116"/>
      </symbol>
      <symbol id="sm-12e4">
         <name>_SlProfileDelCmdCtrl</name>
         <value>0x2000dc5a</value>
         <object_component_ref idref="oc-35a"/>
      </symbol>
      <symbol id="sm-12e5">
         <name>_SlWlanSetModeCmdCtrl</name>
         <value>0x2000dc72</value>
         <object_component_ref idref="oc-35a"/>
      </symbol>
      <symbol id="sm-12e6">
         <name>_SlWlanCfgSetCmdCtrl</name>
         <value>0x2000dc76</value>
         <object_component_ref idref="oc-35a"/>
      </symbol>
      <symbol id="sm-12e7">
         <name>_SlWlanCfgGetCmdCtrl</name>
         <value>0x2000dc7a</value>
         <object_component_ref idref="oc-35a"/>
      </symbol>
      <symbol id="sm-12e8">
         <name>sl_WlanSmartConfigStart</name>
         <value>0x2000afb5</value>
         <object_component_ref idref="oc-140"/>
      </symbol>
      <symbol id="sm-12e9">
         <name>sl_WlanProfileDel</name>
         <value>0x2000ce7d</value>
         <object_component_ref idref="oc-11c"/>
      </symbol>
      <symbol id="sm-12ea">
         <name>_SlRxFilterAddtCmdCtrl</name>
         <value>0x2000dc62</value>
         <object_component_ref idref="oc-35a"/>
      </symbol>
      <symbol id="sm-12eb">
         <name>sl_WlanRxFilterSet</name>
         <value>0x2000c385</value>
         <object_component_ref idref="oc-13a"/>
      </symbol>
      <symbol id="sm-12ec">
         <name>sl_WlanConnect</name>
         <value>0x20007d71</value>
         <object_component_ref idref="oc-158"/>
      </symbol>
      <symbol id="sm-12ed">
         <name>sl_WlanSet</name>
         <value>0x2000bd45</value>
         <object_component_ref idref="oc-12e"/>
      </symbol>
      <symbol id="sm-12ee">
         <name>_SlSmartConfigStartCmdCtrl</name>
         <value>0x2000dc6e</value>
         <object_component_ref idref="oc-35a"/>
      </symbol>
      <symbol id="sm-12ef">
         <name>sl_WlanSetMode</name>
         <value>0x2000cead</value>
         <object_component_ref idref="oc-104"/>
      </symbol>
      <symbol id="sm-1401">
         <name>g_cDummy</name>
         <value>0x20021f9d</value>
      </symbol>
      <symbol id="sm-1402">
         <name>NwpMaskInterrupt</name>
         <value>0x2000d6c5</value>
         <object_component_ref idref="oc-588"/>
      </symbol>
      <symbol id="sm-1403">
         <name>NwpRegisterInterruptHandler</name>
         <value>0x2000ca05</value>
         <object_component_ref idref="oc-31e"/>
      </symbol>
      <symbol id="sm-1404">
         <name>NwpPowerOnPreamble</name>
         <value>0x2000b491</value>
         <object_component_ref idref="oc-300"/>
      </symbol>
      <symbol id="sm-1405">
         <name>g_pHostIntHdl</name>
         <value>0x20022b1c</value>
         <object_component_ref idref="oc-560"/>
      </symbol>
      <symbol id="sm-1406">
         <name>NwpUnMaskInterrupt</name>
         <value>0x2000d6d1</value>
         <object_component_ref idref="oc-596"/>
      </symbol>
      <symbol id="sm-1407">
         <name>g_ucDinDout</name>
         <value>0x20021ee0</value>
         <object_component_ref idref="oc-563"/>
      </symbol>
      <symbol id="sm-1408">
         <name>NwpPowerOff</name>
         <value>0x2000cbe5</value>
         <object_component_ref idref="oc-318"/>
      </symbol>
      <symbol id="sm-1409">
         <name>spi_Read</name>
         <value>0x20009df9</value>
         <object_component_ref idref="oc-7b2"/>
      </symbol>
      <symbol id="sm-140a">
         <name>DmaSpiSwIntHandler</name>
         <value>0x2000d08d</value>
         <object_component_ref idref="oc-566"/>
      </symbol>
      <symbol id="sm-140b">
         <name>NwpPowerOn</name>
         <value>0x2000cf39</value>
         <object_component_ref idref="oc-324"/>
      </symbol>
      <symbol id="sm-140c">
         <name>spi_Close</name>
         <value>0x2000b901</value>
         <object_component_ref idref="oc-364"/>
      </symbol>
      <symbol id="sm-140d">
         <name>spi_Write</name>
         <value>0x2000adf9</value>
         <object_component_ref idref="oc-721"/>
      </symbol>
      <symbol id="sm-140e">
         <name>spi_Open</name>
         <value>0x20008ea5</value>
         <object_component_ref idref="oc-30c"/>
      </symbol>
      <symbol id="sm-140f">
         <name>g_ucDMAEnabled</name>
         <value>0x20022b20</value>
         <object_component_ref idref="oc-560"/>
      </symbol>
      <symbol id="sm-1410">
         <name>g_SpiFd</name>
         <value>0x20022b18</value>
         <object_component_ref idref="oc-560"/>
      </symbol>
      <symbol id="sm-14cb">
         <name>SPIFIFODisable</name>
         <value>0x2000d3d9</value>
         <object_component_ref idref="oc-5f8"/>
      </symbol>
      <symbol id="sm-14cc">
         <name>SPICSEnable</name>
         <value>0x2000d4a3</value>
         <object_component_ref idref="oc-7c9"/>
      </symbol>
      <symbol id="sm-14cd">
         <name>SPIDisable</name>
         <value>0x2000d4bb</value>
         <object_component_ref idref="oc-51e"/>
      </symbol>
      <symbol id="sm-14ce">
         <name>SPIFIFOEnable</name>
         <value>0x2000d3f3</value>
         <object_component_ref idref="oc-542"/>
      </symbol>
      <symbol id="sm-14cf">
         <name>SPIWordCountSet</name>
         <value>0x2000d185</value>
         <object_component_ref idref="oc-7cf"/>
      </symbol>
      <symbol id="sm-14d0">
         <name>SPIEnable</name>
         <value>0x2000d4d3</value>
         <object_component_ref idref="oc-55a"/>
      </symbol>
      <symbol id="sm-14d1">
         <name>SPIDmaEnable</name>
         <value>0x2000d3bf</value>
         <object_component_ref idref="oc-548"/>
      </symbol>
      <symbol id="sm-14d2">
         <name>SPIConfigSetExpClk</name>
         <value>0x2000aa55</value>
         <object_component_ref idref="oc-530"/>
      </symbol>
      <symbol id="sm-14d3">
         <name>SPIIntUnregister</name>
         <value>0x2000d40d</value>
         <object_component_ref idref="oc-5f2"/>
      </symbol>
      <symbol id="sm-14d4">
         <name>SPIFIFOLevelSet</name>
         <value>0x2000ccf5</value>
         <object_component_ref idref="oc-54e"/>
      </symbol>
      <symbol id="sm-14d5">
         <name>SPIDmaDisable</name>
         <value>0x2000d3a5</value>
         <object_component_ref idref="oc-5fe"/>
      </symbol>
      <symbol id="sm-14d6">
         <name>SPIReset</name>
         <value>0x2000d163</value>
         <object_component_ref idref="oc-524"/>
      </symbol>
      <symbol id="sm-14d7">
         <name>SPIIntEnable</name>
         <value>0x2000c429</value>
         <object_component_ref idref="oc-554"/>
      </symbol>
      <symbol id="sm-14d8">
         <name>SPIIntClear</name>
         <value>0x2000c6d1</value>
         <object_component_ref idref="oc-6f4"/>
      </symbol>
      <symbol id="sm-14d9">
         <name>SPICSDisable</name>
         <value>0x2000d48b</value>
         <object_component_ref idref="oc-518"/>
      </symbol>
      <symbol id="sm-14da">
         <name>__TI_static_base__</name>
         <value>0x2000de08</value>
      </symbol>
      <symbol id="sm-14dd">
         <name>SHT$$INIT_ARRAY$$Limit</name>
         <value>0x0</value>
      </symbol>
      <symbol id="sm-14de">
         <name>SHT$$INIT_ARRAY$$Base</name>
         <value>0x0</value>
      </symbol>
      <symbol id="sm-14df">
         <name>remove</name>
         <value>0x200075d9</value>
      </symbol>
   </symbol_table>
   <title>Link successful</title>
</link_info>
