******************************************************************************
                  TI ARM Linker PC v5.2.5                      
******************************************************************************
>> Linked Tue Apr 19 11:41:55 2016

OUTPUT FILE NAME:   <WIFIappv3.out>
ENTRY POINT SYMBOL: "_c_int00"  address: 2000c835


MEMORY CONFIGURATION

         name            origin    length      used     unused   attr    fill
----------------------  --------  ---------  --------  --------  ----  --------
  SRAM_CODE             20004000   00013000  00009c46  000093ba  RW X
  SRAM_DATA             20017000   00019000  00005de5  0001321b  RW X


SEGMENT ALLOCATION MAP

run origin  load origin   length   init length attrs members
----------  ----------- ---------- ----------- ----- -------
20004000    20004000    00009c48   00009c48    r-x
  20004000    20004000    00000400   00000400    r-- .intvecs
  20004400    20004400    0000906a   0000906a    r-x .text
  2000d46c    2000d46c    000006e4   000006e4    r-- .const
  2000db50    2000db50    000000f8   000000f8    r-- .cinit
20017000    20017000    000055ec   00000000    rw-
  20017000    20017000    00004a39   00000000    rw- .bss
  2001ba40    2001ba40    00000800   00000000    rw- .sysmem
  2001c240    2001c240    000003ac   00000000    rw- .data
2002f800    2002f800    00000800   00000000    rw-
  2002f800    2002f800    00000800   00000000    rw- .stack


SECTION ALLOCATION MAP

 output                                  attributes/
section   page    origin      length       input sections
--------  ----  ----------  ----------   ----------------
.intvecs   0    20004000    00000400     
                  20004000    00000400     startup_ccs.obj (.intvecs)

.init_array 
*          0    20004000    00000000     UNINITIALIZED

.text      0    20004400    0000906a     
                  20004400    00001170     main.obj (.text)
                  20005570    000010a6     rtsv7M4_T_le_eabi.lib : _printfi.obj (.text)
                  20006616    00000002     driverlib.a : interrupt.obj (.text:IntDefaultHandler)
                  20006618    000005ec     simplelink.a : driver.obj (.text:_SlDrvMsgRead)
                  20006c04    000003dc     rtsv7M4_T_le_eabi.lib : memory.obj (.text)
                  20006fe0    0000039c     gpio_if.obj (.text)
                  2000737c    0000030c     rtsv7M4_T_le_eabi.lib : lowlev.obj (.text)
                  20007688    000002d4                           : trgdrv.obj (.text)
                  2000795c    00000248     simplelink.a : driver.obj (.text:_SlDrvRxHdrRead)
                  20007ba4    00000244                  : wlan.obj (.text:sl_WlanConnect)
                  20007de8    000001f4     rtsv7M4_T_le_eabi.lib : ull_div_t2.obj (.text)
                  20007fdc    000001d0     simplelink.a : driver.obj (.text:_SlDrvReleasePoolObj)
                  200081ac    000001cc                  : driver.obj (.text:_SlDrvMsgWrite)
                  20008378    000001c4     rtsv7M4_T_le_eabi.lib : fopen.obj (.text)
                  2000853c    000001b6                           : fd_add_t2.obj (.text)
                  200086f2    00000002     --HOLE-- [fill = 0]
                  200086f4    00000190     simplelink.a : driver.obj (.text:_SlDrvWaitForPoolObj)
                  20008884    00000188                  : driver.obj (.text:_SlDrvDriverCBInit)
                  20008a0c    00000170                  : driver.obj (.text:_SlFindAndSetActiveObj)
                  20008b7c    0000015c     button_if.obj (.text)
                  20008cd8    00000144     simplelink.a : cc_pal.obj (.text:spi_Open)
                  20008e1c    00000136     rtsv7M4_T_le_eabi.lib : fd_div_t2.obj (.text)
                  20008f52    00000002     --HOLE-- [fill = 0]
                  20008f54    00000134     driverlib.a : prcm.obj (.text:PRCMCC3200MCUInit)
                  20009088    00000134     rtsv7M4_T_le_eabi.lib : fputs.obj (.text)
                  200091bc    0000012c     simplelink.a : driver.obj (.text:_SlDrvDataReadOp)
                  200092e8    00000118                  : socket.obj (.text:sl_SendTo)
                  20009400    00000114     rtsv7M4_T_le_eabi.lib : strtoul.obj (.text)
                  20009514    00000110                           : xdscale.obj (.text)
                  20009624    0000010c     simplelink.a : socket.obj (.text:sl_RecvFrom)
                  20009730    00000108                  : driver.obj (.text:_SlDrvDataWriteOp)
                  20009838    00000100                  : driver.obj (.text:_SlDrvDriverCBDeinit)
                  20009938    000000fe                  : netapp.obj (.text:_SlDrvNetAppEventHandler)
                  20009a36    000000fc     rtsv7M4_T_le_eabi.lib : fd_mul_t2.obj (.text)
                  20009b32    00000002     --HOLE-- [fill = 0]
                  20009b34    000000f0     simplelink.a : cc_pal.obj (.text:spi_Read)
                  20009c24    000000f0     driverlib.a : udma.obj (.text:uDMAChannelTransferSet)
                  20009d14    000000dc     rtsv7M4_T_le_eabi.lib : setvbuf.obj (.text)
                  20009df0    000000d8     simplelink.a : driver.obj (.text:_SlDrvClassifyRxMsg)
                  20009ec8    000000d4                  : device.obj (.text:sl_Stop)
                  20009f9c    000000c8                  : netapp.obj (.text:_sl_HandleAsync_DnsGetHostByService)
                  2000a064    000000c8     rtsv7M4_T_le_eabi.lib : fflush.obj (.text)
                  2000a12c    000000c0     simplelink.a : driver.obj (.text:_SlDrvMsgReadCmdCtx)
                  2000a1ec    000000c0                  : driver.obj (.text:_SlRemoveFromList)
                  2000a2ac    000000be     rtsv7M4_T_le_eabi.lib : xdnorm.obj (.text)
                  2000a36a    00000002     --HOLE-- [fill = 0]
                  2000a36c    000000bc     simplelink.a : device.obj (.text:sl_Start)
                  2000a428    000000b8                  : driver.obj (.text:_SlAsyncEventGenericHandler)
                  2000a4e0    000000b4                  : netapp.obj (.text:sl_NetAppMDNSRegisterUnregisterService)
                  2000a594    000000ac     rtsv7M4_T_le_eabi.lib : _io_perm.obj (.text)
                  2000a640    000000a8     driverlib.a : interrupt.obj (.text:IntDisable)
                  2000a6e8    000000a8                 : interrupt.obj (.text:IntEnable)
                  2000a790    000000a0                 : spi.obj (.text:SPIConfigSetExpClk)
                  2000a830    0000009c     simplelink.a : driver.obj (.text:_SlDrvMsgReadSpawnCtx)
                  2000a8cc    0000009c     rtsv7M4_T_le_eabi.lib : memcpy_t2.obj (.text)
                  2000a968    0000009c     simplelink.a : device.obj (.text:sl_DevGet)
                  2000aa04    00000098     rtsv7M4_T_le_eabi.lib : fclose.obj (.text)
                  2000aa9c    00000098                           : fputc.obj (.text)
                  2000ab34    00000098     simplelink.a : cc_pal.obj (.text:spi_Write)
                  2000abcc    00000094     driverlib.a : prcm.obj (.text:PRCMPeripheralClockGet)
                  2000ac60    00000090     pinmux.obj (.text)
                  2000acf0    00000090     simplelink.a : wlan.obj (.text:sl_WlanSmartConfigStart)
                  2000ad80    0000008c                  : cc_pal.obj (.text:SetupDMAReceive)
                  2000ae0c    0000008c                  : cc_pal.obj (.text:SetupDMASend)
                  2000ae98    0000008c                  : netapp.obj (.text:_sl_HandleAsync_DnsGetHostByName)
                  2000af24    0000008c                  : netapp.obj (.text:_sl_HandleAsync_PingResponse)
                  2000afb0    00000088     driverlib.a : pin.obj (.text:PinConfigSet)
                  2000b038    00000088     simplelink.a : socket.obj (.text:sl_Bind)
                  2000b0c0    00000086     rtsv7M4_T_le_eabi.lib : fd_cmp_t2.obj (.text:__aeabi_cdcmple)
                  2000b146    00000086                           : fd_cmp_t2.obj (.text:__aeabi_cdrcmple)
                  2000b1cc    00000084     simplelink.a : cc_pal.obj (.text:NwpPowerOnPreamble)
                  2000b250    00000082     driverlib.a : gpio.obj (.text:GPIOIntTypeSet)
                  2000b2d2    00000002     --HOLE-- [fill = 0]
                  2000b2d4    00000080     simplelink.a : driver.obj (.text:_SlDrvCmdOp)
                  2000b354    00000080                  : cc_pal.obj (.text:spi_Read_CPU)
                  2000b3d4    00000080                  : cc_pal.obj (.text:spi_Write_CPU)
                  2000b454    0000007c                  : device.obj (.text:_sl_HandleAsync_InitComplete)
                  2000b4d0    0000007a     rtsv7M4_T_le_eabi.lib : fs_mul_t2.obj (.text)
                  2000b54a    0000007a                           : memset_t2.obj (.text)
                  2000b5c4    00000078     simplelink.a : socket.obj (.text:_sl_HandleAsync_Connect)
                  2000b63c    00000078                  : cc_pal.obj (.text:spi_Close)
                  2000b6b4    00000070     driverlib.a : timer.obj (.text:TimerIntRegister)
                  2000b724    00000070     simplelink.a : nonos.obj (.text:_SlNonOsMainLoopTask)
                  2000b794    00000070     rtsv7M4_T_le_eabi.lib : printf.obj (.text)
                  2000b804    0000006c     simplelink.a : driver.obj (.text:_SlDrvCmdSend)
                  2000b870    0000006c     rtsv7M4_T_le_eabi.lib : autoinit.obj (.text)
                  2000b8dc    0000006a                           : copy_decompress_rle.obj (.text)
                  2000b946    00000002     --HOLE-- [fill = 0]
                  2000b948    00000068     simplelink.a : netapp.obj (.text:_sl_NetAppSendTokenValue)
                  2000b9b0    00000068     rtsv7M4_T_le_eabi.lib : trgmsg.obj (.text)
                  2000ba18    00000068     simplelink.a : netcfg.obj (.text:sl_NetCfgSet)
                  2000ba80    00000068                  : wlan.obj (.text:sl_WlanSet)
                  2000bae8    00000066     rtsv7M4_T_le_eabi.lib : xdunscal.obj (.text)
                  2000bb4e    00000002     --HOLE-- [fill = 0]
                  2000bb50    00000064                           : fseek.obj (.text)
                  2000bbb4    00000064     driverlib.a : udma.obj (.text:uDMAChannelAttributeDisable)
                  2000bc18    00000064                 : udma.obj (.text:uDMAChannelAttributeEnable)
                  2000bc7c    00000060     rtsv7M4_T_le_eabi.lib : fs_cmp_t2.obj (.text:__aeabi_cfrcmple)
                  2000bcdc    00000060     simplelink.a : socket.obj (.text:_sl_HandleAsync_Accept)
                  2000bd3c    00000060     rtsv7M4_T_le_eabi.lib : sprintf.obj (.text)
                  2000bd9c    00000060     simplelink.a : wlan.obj (.text:sl_WlanPolicySet)
                  2000bdfc    0000005c                  : nonos.obj (.text:_SlNonOsSemGet)
                  2000be58    0000005c                  : nonos.obj (.text:_SlNonOsSpawn)
                  2000beb4    0000005c                  : socket.obj (.text:sl_Socket)
                  2000bf10    00000058     driverlib.a : interrupt.obj (.text:IntPendClear)
                  2000bf68    00000058                 : prcm.obj (.text:PRCMPeripheralReset)
                  2000bfc0    00000056     rtsv7M4_T_le_eabi.lib : ltoa.obj (.text)
                  2000c016    00000002     --HOLE-- [fill = 0]
                  2000c018    00000054     driverlib.a : interrupt.obj (.text:IntPrioritySet)
                  2000c06c    00000054     simplelink.a : socket.obj (.text:_sl_HandleAsync_Select)
                  2000c0c0    00000054                  : wlan.obj (.text:sl_WlanRxFilterSet)
                  2000c114    00000050                  : device.obj (.text:_sl_HandleAsync_Stop)
                  2000c164    0000004c     driverlib.a : spi.obj (.text:SPIIntEnable)
                  2000c1b0    0000004c                 : spi.obj (.text:SPIIntNumberGet)
                  2000c1fc    0000004c     simplelink.a : driver.obj (.text:_SlDrvProtectAsyncRespSetting)
                  2000c248    0000004c                  : driver.obj (.text:_SlDrvRxIrqHandler)
                  2000c294    0000004c                  : socket.obj (.text:_sl_BuildAddress)
                  2000c2e0    0000004c     rtsv7M4_T_le_eabi.lib : atoi.obj (.text)
                  2000c32c    0000004c                           : cpy_tbl.obj (.text)
                  2000c378    0000004c     driverlib.a : udma.obj (.text:uDMAChannelAssign)
                  2000c3c4    00000048                 : gpio.obj (.text:GPIOGetIntNumber)
                  2000c40c    00000048                 : spi.obj (.text:SPIIntClear)
                  2000c454    00000048     simplelink.a : driver.obj (.text:_SlDrvBasicCmd)
                  2000c49c    00000048     rtsv7M4_T_le_eabi.lib : fd_toi_t2.obj (.text)
                  2000c4e4    00000046                           : ldexp.obj (.text)
                  2000c52a    00000002     --HOLE-- [fill = 0]
                  2000c52c    00000044     driverlib.a : spi.obj (.text:SPIDmaMaskGet)
                  2000c570    00000044                 : timer.obj (.text:TimerConfigure)
                  2000c5b4    00000044     simplelink.a : cc_pal.obj (.text:cc_SetupTransfer)
                  2000c5f8    00000044     rtsv7M4_T_le_eabi.lib : exit.obj (.text)
                  2000c63c    00000042     simplelink.a : socket.obj (.text:sl_Htonl)
                  2000c67e    00000002     --HOLE-- [fill = 0]
                  2000c680    00000040     driverlib.a : pin.obj (.text:PinModeSet)
                  2000c6c0    00000040     rtsv7M4_T_le_eabi.lib : signal.obj (.text)
                  2000c700    00000040                           : strtok.obj (.text)
                  2000c740    0000003e     simplelink.a : cc_pal.obj (.text:NwpRegisterInterruptHandler)
                  2000c77e    0000003c                  : netapp.obj (.text:CopyPingResultsToReport)
                  2000c7ba    00000002     --HOLE-- [fill = 0]
                  2000c7bc    0000003c     driverlib.a : prcm.obj (.text:PRCMPeripheralClkEnable)
                  2000c7f8    0000003c     simplelink.a : socket.obj (.text:_sl_TruncatePayloadByProtocol)
                  2000c834    0000003c     rtsv7M4_T_le_eabi.lib : boot.obj (.text)
                  2000c870    0000003c     simplelink.a : socket.obj (.text:sl_Htons)
                  2000c8ac    0000003c     driverlib.a : udma.obj (.text:uDMAChannelControlSet)
                  2000c8e8    00000038                 : adc.obj (.text:ADCChannelEnable)
                  2000c920    00000038     simplelink.a : cc_pal.obj (.text:NwpPowerOff)
                  2000c958    00000038     rtsv7M4_T_le_eabi.lib : i_tofs_t2.obj (.text)
                  2000c990    00000036     driverlib.a : gpio.obj (.text:GPIODirModeSet)
                  2000c9c6    00000036                 : timer.obj (.text:TimerControlLevel)
                  2000c9fc    00000036     simplelink.a : netapp.obj (.text:sl_NetAppMDNSUnRegisterService)
                  2000ca32    00000002     --HOLE-- [fill = 0]
                  2000ca34    00000034     driverlib.a : prcm.obj (.text:PRCMPeripheralStatusGet)
                  2000ca68    00000034                 : spi.obj (.text:SPIFIFOLevelSet)
                  2000ca9c    00000034     rtsv7M4_T_le_eabi.lib : feraiseexcept.obj (.text)
                  2000cad0    00000030     driverlib.a : pin.obj (.text:PinTypeGPIO)
                  2000cb00    00000030                 : timer.obj (.text:TimerControlEvent)
                  2000cb30    00000030     simplelink.a : device.obj (.text:_SlDrvDeviceEventHandler)
                  2000cb60    00000030     rtsv7M4_T_le_eabi.lib : strncpy.obj (.text)
                  2000cb90    00000030                           : xferaise.obj (.text)
                  2000cbc0    00000030     simplelink.a : socket.obj (.text:sl_Close)
                  2000cbf0    00000030                  : wlan.obj (.text:sl_WlanProfileDel)
                  2000cc20    00000030                  : wlan.obj (.text:sl_WlanSetMode)
                  2000cc50    0000002e     rtsv7M4_T_le_eabi.lib : i_tofd_t2.obj (.text)
                  2000cc7e    0000002e                           : raise.obj (.text)
                  2000ccac    0000002c     simplelink.a : cc_pal.obj (.text:NwpPowerOn)
                  2000ccd8    0000002c     driverlib.a : prcm.obj (.text:PRCMSysResetCauseGet)
                  2000cd04    0000002a                 : timer.obj (.text:TimerLoadSet)
                  2000cd2e    0000002a                 : timer.obj (.text:TimerMatchSet)
                  2000cd58    0000002a                 : timer.obj (.text:TimerPrescaleSet)
                  2000cd82    0000002a     rtsv7M4_T_le_eabi.lib : strspn.obj (.text)
                  2000cdac    0000002a                           : xdclass.obj (.text)
                  2000cdd6    00000002     --HOLE-- [fill = 0]
                  2000cdd8    00000028     driverlib.a : prcm.obj (.text:PRCMPeripheralClkDisable)
                  2000ce00    00000024     simplelink.a : cc_pal.obj (.text:DmaSpiSwIntHandler)
                  2000ce24    00000024     driverlib.a : interrupt.obj (.text:IntUnregister)
                  2000ce48    00000024     simplelink.a : driver.obj (.text:_SlDrvProtectionObjLockWaitForever)
                  2000ce6c    00000024     rtsv7M4_T_le_eabi.lib : strcspn.obj (.text)
                  2000ce90    00000022     driverlib.a : gpio.obj (.text:GPIOIntStatus)
                  2000ceb2    00000022                 : spi.obj (.text:SPIReset)
                  2000ced4    00000022                 : spi.obj (.text:SPIWordCountSet)
                  2000cef6    00000022     rtsv7M4_T_le_eabi.lib : frexp.obj (.text)
                  2000cf18    00000020     driverlib.a : gpio.obj (.text:GPIOPinWrite)
                  2000cf38    00000020                 : interrupt.obj (.text:IntRegister)
                  2000cf58    00000020     simplelink.a : driver.obj (.text:_SlDrvProtectionObjUnLock)
                  2000cf78    00000020     rtsv7M4_T_le_eabi.lib : memchr.obj (.text)
                  2000cf98    0000001e     driverlib.a : gpio.obj (.text:GPIOIntRegister)
                  2000cfb6    0000001e                 : timer.obj (.text:TimerDisable)
                  2000cfd4    0000001e                 : timer.obj (.text:TimerEnable)
                  2000cff2    0000001e     simplelink.a : driver.obj (.text:_SlDrvObjLockWaitForever)
                  2000d010    0000001e                  : driver.obj (.text:_SlDrvSyncObjWaitForever)
                  2000d02e    0000001e                  : cc_pal.obj (.text:cc_UDMAChannelSelect)
                  2000d04c    0000001e     rtsv7M4_T_le_eabi.lib : strcat.obj (.text)
                  2000d06a    0000001c     driverlib.a : adc.obj (.text:ADCFIFOLvlGet)
                  2000d086    0000001c     rtsv7M4_T_le_eabi.lib : memccpy.obj (.text)
                  2000d0a2    00000002     --HOLE-- [fill = 0]
                  2000d0a4    0000001c     driverlib.a : udma.obj (.text:uDMAChannelEnable)
                  2000d0c0    0000001a                 : gpio.obj (.text:GPIOIntDisable)
                  2000d0da    0000001a                 : gpio.obj (.text:GPIOIntEnable)
                  2000d0f4    0000001a                 : spi.obj (.text:SPIDmaDisable)
                  2000d10e    0000001a                 : spi.obj (.text:SPIDmaEnable)
                  2000d128    0000001a                 : spi.obj (.text:SPIFIFODisable)
                  2000d142    0000001a                 : spi.obj (.text:SPIFIFOEnable)
                  2000d15c    0000001a                 : spi.obj (.text:SPIIntUnregister)
                  2000d176    0000001a     simplelink.a : driver.obj (.text:_SlDrvObjUnLock)
                  2000d190    0000001a                  : driver.obj (.text:_SlDrvSyncObjSignal)
                  2000d1aa    00000018     driverlib.a : adc.obj (.text:ADCFIFORead)
                  2000d1c2    00000018                 : gpio.obj (.text:GPIOPinRead)
                  2000d1da    00000018                 : spi.obj (.text:SPICSDisable)
                  2000d1f2    00000018                 : spi.obj (.text:SPICSEnable)
                  2000d20a    00000018                 : spi.obj (.text:SPIDisable)
                  2000d222    00000018                 : spi.obj (.text:SPIEnable)
                  2000d23a    00000018                 : timer.obj (.text:TimerIntDisable)
                  2000d252    00000018                 : timer.obj (.text:TimerIntEnable)
                  2000d26a    00000018     simplelink.a : nonos.obj (.text:_SlNonOsSemSet)
                  2000d282    00000002     --HOLE-- [fill = 0]
                  2000d284    00000018                  : device.obj (.text:_sl_GetStartResponseConvert)
                  2000d29c    00000018     rtsv7M4_T_le_eabi.lib : args_main.obj (.text)
                  2000d2b4    00000018                           : strcmp.obj (.text)
                  2000d2cc    00000016     driverlib.a : prcm.obj (.text:PRCMHIBRegRead)
                  2000d2e2    00000016                 : prcm.obj (.text:PRCMHIBRegWrite)
                  2000d2f8    00000016     simplelink.a : driver.obj (.text:_SlDrvMemZero)
                  2000d30e    00000016     rtsv7M4_T_le_eabi.lib : strchr.obj (.text)
                  2000d324    00000014     driverlib.a : adc.obj (.text:ADCDisable)
                  2000d338    00000014                 : adc.obj (.text:ADCEnable)
                  2000d34c    00000014                 : cpu.obj (.text:CPUcpsie)
                  2000d360    00000014                 : gpio.obj (.text:GPIOIntClear)
                  2000d374    00000014                 : interrupt.obj (.text:IntVTableBaseSet)
                  2000d388    00000014                 : pin.obj (.text:PinTypeADC)
                  2000d39c    00000014     rtsv7M4_T_le_eabi.lib : _lock.obj (.text)
                  2000d3b0    00000014                           : strcpy.obj (.text)
                  2000d3c4    00000014                           : strlen.obj (.text)
                  2000d3d8    00000012     driverlib.a : timer.obj (.text:TimerIntClear)
                  2000d3ea    0000000e     simplelink.a : driver.obj (.text:_SlDrvResetCmdExt)
                  2000d3f8    0000000e     rtsv7M4_T_le_eabi.lib : copy_decompress_none.obj (.text:decompress:none)
                  2000d406    0000000e     startup_ccs.obj (.text)
                  2000d414    0000000c     simplelink.a : cc_pal.obj (.text:NwpMaskInterrupt)
                  2000d420    0000000c                  : cc_pal.obj (.text:NwpUnMaskInterrupt)
                  2000d42c    0000000c     rtsv7M4_T_le_eabi.lib : copy_zero_init.obj (.text:decompress:ZI)
                  2000d438    0000000c     simplelink.a : wlan.obj (.text:sl_WlanDisconnect)
                  2000d444    0000000c                  : wlan.obj (.text:sl_WlanSmartConfigStop)
                  2000d450    0000000a     driverlib.a : interrupt.obj (.text:IntMasterEnable)
                  2000d45a    00000006                 : utils.obj (.text:UtilsDelay)
                  2000d460    00000006     rtsv7M4_T_le_eabi.lib : copy_decompress_rle.obj (.text:decompress:rle24)
                  2000d466    00000004                           : pre_init.obj (.text)

.const     0    2000d46c    000006e4     
                  2000d46c    00000101     rtsv7M4_T_le_eabi.lib : ctype.obj (.const:.string:_ctypes_)
                  2000d56d    00000003     --HOLE-- [fill = 0]
                  2000d570    00000100     driverlib.a : pin.obj (.const:g_ulPinToPadMap)
                  2000d670    000000d4                 : interrupt.obj (.const:g_pulRegs)
                  2000d744    000000b0     simplelink.a : wlan.obj (.const:$P$T0$1)
                  2000d7f4    000000a8     driverlib.a : prcm.obj (.const:PRCM_PeriphRegsList)
                  2000d89c    00000080                 : interrupt.obj (.const)
                  2000d91c    00000044     main.obj (.const:.string)
                  2000d960    0000003c     simplelink.a : driver.obj (.const:OpcodeTranslateTable)
                  2000d99c    0000003c                  : wlan.obj (.const)
                  2000d9d8    00000038                  : driver.obj (.const:_SlActionLookupTable)
                  2000da10    00000034                  : driver.obj (.const)
                  2000da44    00000034                  : socket.obj (.const)
                  2000da78    0000002c     main.obj (.const:$P$T0$1)
                  2000daa4    00000028     simplelink.a : netapp.obj (.const)
                  2000dacc    00000024     driverlib.a : spi.obj (.const:g_ppulSPIIntMap)
                  2000daf0    00000018                 : spi.obj (.const)
                  2000db08    00000014     main.obj (.const)
                  2000db1c    00000014     simplelink.a : device.obj (.const)
                  2000db30    00000010                  : socket.obj (.const:.string)
                  2000db40    00000008                  : device.obj (.const:.string)
                  2000db48    00000008                  : netcfg.obj (.const)

.cinit     0    2000db50    000000f8     
                  2000db50    000000d3     (.cinit..data.load) [load image, compression = rle]
                  2000dc23    00000001     --HOLE-- [fill = 0]
                  2000dc24    0000000c     (__TI_handler_table)
                  2000dc30    00000008     (.cinit..bss.load) [load image, compression = zero_init]
                  2000dc38    00000010     (__TI_cinit_table)

.bss       0    20017000    00004a39     UNINITIALIZED
                  20017000    00002710     main.obj (.bss:g_cBsdBuf)
                  20019710    00001f40     main.obj (.bss:array)
                  2001b650    00000168     simplelink.a : driver.obj (.bss:g_StatMem)
                  2001b7b8    00000120     rtsv7M4_T_le_eabi.lib : trgmsg.obj (.bss:__CIOBUF_)
                  2001b8d8    000000a0                           : defs.obj (.bss:__TI_tmpnams)
                  2001b978    00000050     simplelink.a : cc_pal.obj (.bss:g_ucDinDout)
                  2001b9c8    00000028                  : nonos.obj (.bss:g__SlNonOsCB)
                  2001b9f0    00000024     main.obj (.bss:g_ucConnectionSSID)
                  2001ba14    00000008     (.common:g_ucConnectionBSSID)
                  2001ba1c    00000008     (.common:parmbuf)
                  2001ba24    00000004     (.common:ADC_ch)
                  2001ba28    00000004     (.common:ADC_pin)
                  2001ba2c    00000004     (.common:g_S2InterruptHdl)
                  2001ba30    00000004     (.common:g_S3InterruptHdl)
                  2001ba34    00000001     (.common:RxIrqCnt)
                  2001ba35    00000001     (.common:g_cDummy)
                  2001ba36    00000001     (.common:g_ucLED1Pin)
                  2001ba37    00000001     (.common:g_ucLED2Pin)
                  2001ba38    00000001     (.common:g_ucLED3Pin)

.TI.noinit 
*          0    20017000    00000000     UNINITIALIZED

.sysmem    0    2001ba40    00000800     UNINITIALIZED
                  2001ba40    00000008     rtsv7M4_T_le_eabi.lib : memory.obj (.sysmem)
                  2001ba48    000007f8     --HOLE--

.data      0    2001c240    000003ac     UNINITIALIZED
                  2001c240    000000f0     rtsv7M4_T_le_eabi.lib : defs.obj (.data:_ftable)
                  2001c330    000000d0                           : lowlev.obj (.data)
                  2001c400    000000b0                           : signal.obj (.data:sigtable)
                  2001c4b0    00000080                           : xvalues.obj (.data)
                  2001c530    00000040     main.obj (.data)
                  2001c570    00000020     gpio_if.obj (.data)
                  2001c590    00000010     rtsv7M4_T_le_eabi.lib : defs.obj (.data)
                  2001c5a0    0000000c                           : memory.obj (.data)
                  2001c5ac    00000009     simplelink.a : cc_pal.obj (.data)
                  2001c5b5    00000003     --HOLE--
                  2001c5b8    00000009                  : driver.obj (.data)
                  2001c5c1    00000003     --HOLE--
                  2001c5c4    00000008     rtsv7M4_T_le_eabi.lib : _lock.obj (.data)
                  2001c5cc    00000008                           : exit.obj (.data)
                  2001c5d4    00000008                           : feraiseexcept.obj (.data)
                  2001c5dc    00000004                           : errno.obj (.data)
                  2001c5e0    00000004                           : fopen.obj (.data)
                  2001c5e4    00000004                           : stkdepth_vars.obj (.data)
                  2001c5e8    00000004                           : strtok.obj (.data)

.TI.persistent 
*          0    2001c240    00000000     UNINITIALIZED

.stack     0    2002f800    00000800     UNINITIALIZED
                  2002f800    00000800     --HOLE--


LINKER GENERATED COPY TABLES

__TI_cinit_table @ 2000dc38 records: 2, size/record: 8, table size: 16
	.data: load addr=2000db50, load size=000000d3 bytes, run addr=2001c240, run size=000003ac bytes, compression=rle
	.bss: load addr=2000dc30, load size=00000008 bytes, run addr=20017000, run size=00004a39 bytes, compression=zero_init


LINKER GENERATED HANDLER TABLE

__TI_handler_table @ 2000dc24 records: 3, size/record: 4, table size: 12
	index: 0, handler: __TI_decompress_rle24
	index: 1, handler: __TI_decompress_none
	index: 2, handler: __TI_zero_init


GLOBAL SYMBOLS: SORTED ALPHABETICALLY BY Name 

address   name                                  
-------   ----                                  
2000c8e9  ADCChannelEnable                      
2000d325  ADCDisable                            
2000d339  ADCEnable                             
2000d06b  ADCFIFOLvlGet                         
2000d1ab  ADCFIFORead                           
2001ba24  ADC_ch                                
2001ba28  ADC_pin                               
20008c7d  Button_IF_DisableInterrupt            
20008c2d  Button_IF_EnableInterrupt             
20008bbd  Button_IF_Init                        
2000c5f9  C$$EXIT                               
2000b9df  C$$IO$$                               
2000d34d  CPUcpsie                              
20005201  Configureadc                          
2000c77f  CopyPingResultsToReport               
2000ce01  DmaSpiSwIntHandler                    
2000c991  GPIODirModeSet                        
2000d361  GPIOIntClear                          
2000d0c1  GPIOIntDisable                        
2000d0db  GPIOIntEnable                         
2000cf99  GPIOIntRegister                       
2000ce91  GPIOIntStatus                         
2000b251  GPIOIntTypeSet                        
2000d1c3  GPIOPinRead                           
2000cf19  GPIOPinWrite                          
200072a1  GPIO_IF_ConfigureNIntEnable           
2000732d  GPIO_IF_Get                           
2000725b  GPIO_IF_GetPortNPin                   
2000701d  GPIO_IF_LedConfigure                  
2000710f  GPIO_IF_LedOff                        
2000705b  GPIO_IF_LedOn                         
200071c3  GPIO_IF_LedStatus                     
2000722d  GPIO_IF_LedToggle                     
200072e9  GPIO_IF_Set                           
20008b9d  GPIOs2IntHandler                      
20008b7d  GPIOs3IntHandler                      
20007915  HOSTclock                             
200078dd  HOSTclose                             
2000789f  HOSTgetenv                            
20007843  HOSTlseek                             
200077f1  HOSTopen                              
200077a5  HOSTread                              
20007747  HOSTrename                            
2000770d  HOSTtime                              
200076d5  HOSTunlink                            
20007689  HOSTwrite                             
2000a641  IntDisable                            
2000a6e9  IntEnable                             
2000d451  IntMasterEnable                       
2000bf11  IntPendClear                          
2000c019  IntPrioritySet                        
2000cf39  IntRegister                           
2000ce25  IntUnregister                         
2000d375  IntVTableBaseSet                      
20004c77  IpAddressParser                       
2000d415  NwpMaskInterrupt                      
2000c921  NwpPowerOff                           
2000ccad  NwpPowerOn                            
2000b1cd  NwpPowerOnPreamble                    
2000c741  NwpRegisterInterruptHandler           
2000d421  NwpUnMaskInterrupt                    
2000d960  OpcodeTranslateTable                  
20008f55  PRCMCC3200MCUInit                     
2000d2cd  PRCMHIBRegRead                        
2000d2e3  PRCMHIBRegWrite                       
2000cdd9  PRCMPeripheralClkDisable              
2000c7bd  PRCMPeripheralClkEnable               
2000abcd  PRCMPeripheralClockGet                
2000bf69  PRCMPeripheralReset                   
2000ca35  PRCMPeripheralStatusGet               
2000ccd9  PRCMSysResetCauseGet                  
2000afb1  PinConfigSet                          
2000c681  PinModeSet                            
2000ac61  PinMuxConfig                          
2000d389  PinTypeADC                            
2000cad1  PinTypeGPIO                           
2000d407  ResetISR                              
2001ba34  RxIrqCnt                              
2000da20  RxMsgClassLUT                         
UNDEFED   SHT$$INIT_ARRAY$$Base                 
UNDEFED   SHT$$INIT_ARRAY$$Limit                
2000d1db  SPICSDisable                          
2000d1f3  SPICSEnable                           
2000a791  SPIConfigSetExpClk                    
2000d20b  SPIDisable                            
2000d0f5  SPIDmaDisable                         
2000d10f  SPIDmaEnable                          
2000d223  SPIEnable                             
2000d129  SPIFIFODisable                        
2000d143  SPIFIFOEnable                         
2000ca69  SPIFIFOLevelSet                       
2000c40d  SPIIntClear                           
2000c165  SPIIntEnable                          
2000d15d  SPIIntUnregister                      
2000ceb3  SPIReset                              
2000ced5  SPIWordCountSet                       
2001c554  SW2Flag                               
20004e47  SW2InterruptHandler                   
20004ea3  SW3InterruptHandler                   
20004f1d  SetupUltrasoundTxTimerPWMMode         
20004639  SimpleLinkGeneralEventHandler         
20004625  SimpleLinkHttpServerCallback          
20004571  SimpleLinkNetAppEventHandler          
20004659  SimpleLinkSockEventHandler            
2000444d  SimpleLinkWlanEventHandler            
20004b19  SmartConfigConnect                    
2000db40  StartResponseLUT                      
2001c548  TIMER_INTERVAL_RELOAD                 
2000c571  TimerConfigure                        
2000cb01  TimerControlEvent                     
2000c9c7  TimerControlLevel                     
2000cfb7  TimerDisable                          
2000cfd5  TimerEnable                           
2000d3d9  TimerIntClear                         
2000d23b  TimerIntDisable                       
2000d253  TimerIntEnable                        
2000b6b5  TimerIntRegister                      
2000cd05  TimerLoadSet                          
2000cd2f  TimerMatchSet                         
2000cd59  TimerPrescaleSet                      
2000d45b  UtilsDelay                            
20004bf5  WpsConnectPushButton                  
2000cdad  _Dclass                               
2001c4b0  _Denorm                               
2000a2ad  _Dnorm                                
20009515  _Dscale                               
2000bae9  _Dunscale                             
2001c4c0  _Eps                                  
2001c5dc  _Errno                                
2001c5d4  _Fenv                                 
2000cb91  _Feraise                              
2001c4d0  _Hugeval                              
2001c4e0  _Inf                                  
2001c4f0  _Nan                                  
2001c510  _Rteps                                
2000da58  _SlAcceptCmdCtrl                      
2000d9d8  _SlActionLookupTable                  
2000a429  _SlAsyncEventGenericHandler           
2000db28  _SlDeviceGetCmdCtrl                   
2000db2c  _SlDeviceSetCmdCtrl                   
2000c455  _SlDrvBasicCmd                        
20009df1  _SlDrvClassifyRxMsg                   
2000b2d5  _SlDrvCmdOp                           
2000b805  _SlDrvCmdSend                         
200091bd  _SlDrvDataReadOp                      
20009731  _SlDrvDataWriteOp                     
2000cb31  _SlDrvDeviceEventHandler              
20009839  _SlDrvDriverCBDeinit                  
20008885  _SlDrvDriverCBInit                    
2000d2f9  _SlDrvMemZero                         
20006619  _SlDrvMsgRead                         
2000a12d  _SlDrvMsgReadCmdCtx                   
2000a831  _SlDrvMsgReadSpawnCtx                 
200081ad  _SlDrvMsgWrite                        
20009939  _SlDrvNetAppEventHandler              
2000cff3  _SlDrvObjLockWaitForever              
2000d177  _SlDrvObjUnLock                       
2000c1fd  _SlDrvProtectAsyncRespSetting         
2000ce49  _SlDrvProtectionObjLockWaitForever    
2000cf59  _SlDrvProtectionObjUnLock             
20007fdd  _SlDrvReleasePoolObj                  
2000d3eb  _SlDrvResetCmdExt                     
2000795d  _SlDrvRxHdrRead                       
2000c249  _SlDrvRxIrqHandler                    
2000d191  _SlDrvSyncObjSignal                   
2000d011  _SlDrvSyncObjWaitForever              
200086f5  _SlDrvWaitForPoolObj                  
2000db24  _SlEventMaskGetCmdCtrl                
2000db20  _SlEventMaskSetCmdCtrl                
20008a0d  _SlFindAndSetActiveObj                
2000dab8  _SlGetHostByNameCtrl                  
2000dab4  _SlGetHostByServiceCtrl               
2000daac  _SlGetServiceListeCtrl                
2000da64  _SlGetSockOptCmdCtrl                  
2000da54  _SlListenCmdCtrl                      
2000dac4  _SlNetAppGetCmdCtrl                   
2000dac0  _SlNetAppSendTokenValueCmdCtrl        
2000dabc  _SlNetAppSetCmdCtrl                   
2000daa4  _SlNetAppStartCtrl                    
2000daa8  _SlNetAppStopCtrl                     
2000db4c  _SlNetCfgGetCmdCtrl                   
2000db48  _SlNetCfgSetCmdCtrl                   
2000b725  _SlNonOsMainLoopTask                  
2000bdfd  _SlNonOsSemGet                        
2000d26b  _SlNonOsSemSet                        
2000be59  _SlNonOsSpawn                         
2000db30  _SlPayloadByProtocolLUT               
2000d9a0  _SlPolicyGetCmdCtrl                   
2000d99c  _SlPolicySetCmdCtrl                   
2000d9a8  _SlProfileDelCmdCtrl                  
2000d9a4  _SlProfileGetCmdCtrl                  
2000da5c  _SlRecvCmdCtrl                        
2000da4c  _SlRecvfomCmdCtrl                     
2000dab0  _SlRegisterServiceCtrl                
2000a1ed  _SlRemoveFromList                     
2000d9b0  _SlRxFilterAddtCmdCtrl                
2000d9b8  _SlRxFilterGetCmdCtrl                 
2000d9b4  _SlRxFilterSetCmdCtrl                 
2000da68  _SlSelectCmdCtrl                      
2000da50  _SlSendCmdCtrl                        
2000da60  _SlSetSockOptCmdCtrl                  
2000d9bc  _SlSmartConfigStartCmdCtrl            
2000da48  _SlSockCloseCmdCtrl                   
2000da44  _SlSockSocketCmdCtrl                  
2000db1c  _SlStopCmdCtrl                        
2000d9c8  _SlWlanCfgGetCmdCtrl                  
2000d9c4  _SlWlanCfgSetCmdCtrl                  
2000d9ac  _SlWlanGetNetworkListCtrl             
2000d9c0  _SlWlanSetModeCmdCtrl                 
2001c500  _Snan                                 
2001c5d8  _Tls_setup__Fenv                      
2001c520  _Xbig                                 
2001c528  _Zero                                 
2001b7b8  __CIOBUF_                             
20030000  __STACK_END                           
00000800  __STACK_SIZE                          
00000800  __SYSMEM_SIZE                         
2000dc38  __TI_CINIT_Base                       
2000dc48  __TI_CINIT_Limit                      
2000dc24  __TI_Handler_Table_Base               
2000dc30  __TI_Handler_Table_Limit              
2000b871  __TI_auto_init                        
20008441  __TI_cleanup                          
2001c5cc  __TI_cleanup_ptr                      
2000aa05  __TI_closefile                        
2000d3f9  __TI_decompress_none                  
2000d461  __TI_decompress_rle24                 
2000a065  __TI_doflush                          
2001c5d0  __TI_dtors_ptr                        
2001c590  __TI_ft_end                           
20006311  __TI_printfi                          
2000a5f7  __TI_rd_ok                            
2000b9e3  __TI_readmsg                          
2000db50  __TI_static_base__                    
2001b8d8  __TI_tmpnams                          
2000b9b1  __TI_writemsg                         
2000a595  __TI_wrt_ok                           
2000d42d  __TI_zero_init                        
2000b0c1  __aeabi_cdcmpeq                       
2000b0c1  __aeabi_cdcmple                       
2000b147  __aeabi_cdrcmple                      
2000bc7d  __aeabi_cfrcmple                      
2000c49d  __aeabi_d2iz                          
20008547  __aeabi_dadd                          
20008e1d  __aeabi_ddiv                          
20009a37  __aeabi_dmul                          
2000853d  __aeabi_dsub                          
2000b4d1  __aeabi_fmul                          
2000cc51  __aeabi_i2d                           
2000c959  __aeabi_i2f                           
2000b54b  __aeabi_memclr                        
2000b54b  __aeabi_memclr4                       
2000b54b  __aeabi_memclr8                       
2000a8cd  __aeabi_memcpy                        
2000a8cd  __aeabi_memcpy4                       
2000a8cd  __aeabi_memcpy8                       
2000b54d  __aeabi_memset                        
2000b54d  __aeabi_memset4                       
2000b54d  __aeabi_memset8                       
2001c59c  __aeabi_stderr                        
2001c594  __aeabi_stdin                         
2001c598  __aeabi_stdout                        
20007de9  __aeabi_uldivmod                      
ffffffff  __binit__                             
ffffffff  __c_args__                            
2002f800  __stack                               
2000d29d  _args_main                            
2000c835  _c_int00                              
2000d46c  _ctypes_                              
2001c240  _ftable                               
2001c5c4  _lock                                 
2000d3ab  _nop                                  
2000d3a3  _register_lock                        
2000d39d  _register_unlock                      
2000c295  _sl_BuildAddress                      
2000d285  _sl_GetStartResponseConvert           
2000bcdd  _sl_HandleAsync_Accept                
2000b5c5  _sl_HandleAsync_Connect               
2000ae99  _sl_HandleAsync_DnsGetHostByName      
20009f9d  _sl_HandleAsync_DnsGetHostByService   
2000b455  _sl_HandleAsync_InitComplete          
2000af25  _sl_HandleAsync_PingResponse          
2000c06d  _sl_HandleAsync_Select                
2000c115  _sl_HandleAsync_Stop                  
2000b949  _sl_NetAppSendTokenValue              
2000c7f9  _sl_TruncatePayloadByProtocol         
2001ba40  _sys_memory                           
2000d467  _system_pre_init                      
2001c5c8  _unlock                               
2000c5fd  abort                                 
200075dd  add_device                            
20019710  array                                 
2000c2e1  atoi                                  
2001c560  average                               
ffffffff  binit                                 
20006fad  calloc                                
2000758d  close                                 
20004f6b  configureUltrasoundTxTimer            
2000c32d  copy_in                               
2001c56c  count                                 
2001c550  countToggles                          
2001c568  counter                               
20004ff5  disableUltrasoundTimer                
2001c55c  entry                                 
2000c605  exit                                  
2000aa6b  fclose                                
2000ca9d  feraiseexcept                         
2000a0b1  fflush                                
2001c564  firstav                               
20008497  fopen                                 
2000aa9d  fputc                                 
20009089  fputs                                 
20006cfb  free                                  
2000846d  freopen                               
2000cef7  frexp                                 
2000bb51  fseek                                 
2001c5c0  gFirstCmdMode                         
2000da18  g_H2NCnysPattern                      
2000da10  g_H2NSyncPattern                      
2001ba2c  g_S2InterruptHdl                      
2001ba30  g_S3InterruptHdl                      
2001c5ac  g_SpiFd                               
2001b650  g_StatMem                             
2001b9c8  g__SlNonOsCB                          
20017000  g_cBsdBuf                             
2001ba35  g_cDummy                              
2001c5b8  g_pCB                                 
2001c5b0  g_pHostIntHdl                         
20004000  g_pfnVectors                          
2001ba14  g_ucConnectionBSSID                   
2001b9f0  g_ucConnectionSSID                    
2001c5b4  g_ucDMAEnabled                        
2001b978  g_ucDinDout                           
2001ba36  g_ucLED1Pin                           
2001ba37  g_ucLED2Pin                           
2001ba38  g_ucLED3Pin                           
2001c584  g_uiLED1Port                          
2001c588  g_uiLED2Port                          
2001c58c  g_uiLED3Port                          
2001c53c  g_uiPortNum                           
2001c538  g_ulDestinationIp                     
2001c534  g_ulGatewayIP                         
2001c540  g_ulIpAddr                            
2001c530  g_ulStatus                            
2000c4e5  ldexp                                 
20007569  lseek                                 
2000bfc1  ltoa                                  
20005421  main                                  
2001c5e4  main_func_sp                          
20006c93  malloc                                
20006ec9  memalign                              
2000d087  memccpy                               
2000cf79  memchr                                
2000a8cd  memcpy                                
2000b553  memset                                
20006c05  minit                                 
2001c54c  numberOfCycles                        
200074bb  open                                  
2001c5bc  pPingCallBackFunc                     
20005249  performAction                         
2000b79d  printf                                
2000aa9d  putc                                  
2000ab21  putchar                               
20009195  puts                                  
2000cc7f  raise                                 
20007497  read                                  
20006dbd  realloc                               
20004de1  receiveData                           
2000740d  remove                                
2000746f  remove_device                         
20007431  rename                                
20004d79  sendData                              
20005341  sendLocalIPAddress                    
20004cf7  setupWIFIReceiver                     
20009d15  setvbuf                               
200053fd  showAndPerformError                   
2000c6c1  signal                                
2000b039  sl_Bind                               
2000cbc1  sl_Close                              
2000a969  sl_DevGet                             
2000c63d  sl_Htonl                              
2000c871  sl_Htons                              
2000a4e1  sl_NetAppMDNSRegisterUnregisterService
2000c9fd  sl_NetAppMDNSUnRegisterService        
2000ba19  sl_NetCfgSet                          
20009625  sl_RecvFrom                           
200092e9  sl_SendTo                             
2000beb5  sl_Socket                             
2000a36d  sl_Start                              
20009ec9  sl_Stop                               
20007ba5  sl_WlanConnect                        
2000d439  sl_WlanDisconnect                     
2000bd9d  sl_WlanPolicySet                      
2000cbf1  sl_WlanProfileDel                     
2000c0c1  sl_WlanRxFilterSet                    
2000ba81  sl_WlanSet                            
2000cc21  sl_WlanSetMode                        
2000acf1  sl_WlanSmartConfigStart               
2000d445  sl_WlanSmartConfigStop                
2001c544  sockID                                
2000b63d  spi_Close                             
20008cd9  spi_Open                              
20009b35  spi_Read                              
2000ab35  spi_Write                             
2000bd3d  sprintf                               
2001c558  state                                 
2000d04d  strcat                                
2000d30f  strchr                                
2000d2b5  strcmp                                
2000d3b1  strcpy                                
2000ce6d  strcspn                               
2000d3c5  strlen                                
2000cb61  strncpy                               
2000cd83  strspn                                
2000c701  strtok                                
20009401  strtoul                               
2000c379  uDMAChannelAssign                     
2000bbb5  uDMAChannelAttributeDisable           
2000bc19  uDMAChannelAttributeEnable            
2000c8ad  uDMAChannelControlSet                 
2000d0a5  uDMAChannelEnable                     
20009c25  uDMAChannelTransferSet                
2000740d  unlink                                
2000737d  write                                 


GLOBAL SYMBOLS: SORTED BY Symbol Address 

address   name                                  
-------   ----                                  
00000800  __STACK_SIZE                          
00000800  __SYSMEM_SIZE                         
20004000  g_pfnVectors                          
2000444d  SimpleLinkWlanEventHandler            
20004571  SimpleLinkNetAppEventHandler          
20004625  SimpleLinkHttpServerCallback          
20004639  SimpleLinkGeneralEventHandler         
20004659  SimpleLinkSockEventHandler            
20004b19  SmartConfigConnect                    
20004bf5  WpsConnectPushButton                  
20004c77  IpAddressParser                       
20004cf7  setupWIFIReceiver                     
20004d79  sendData                              
20004de1  receiveData                           
20004e47  SW2InterruptHandler                   
20004ea3  SW3InterruptHandler                   
20004f1d  SetupUltrasoundTxTimerPWMMode         
20004f6b  configureUltrasoundTxTimer            
20004ff5  disableUltrasoundTimer                
20005201  Configureadc                          
20005249  performAction                         
20005341  sendLocalIPAddress                    
200053fd  showAndPerformError                   
20005421  main                                  
20006311  __TI_printfi                          
20006619  _SlDrvMsgRead                         
20006c05  minit                                 
20006c93  malloc                                
20006cfb  free                                  
20006dbd  realloc                               
20006ec9  memalign                              
20006fad  calloc                                
2000701d  GPIO_IF_LedConfigure                  
2000705b  GPIO_IF_LedOn                         
2000710f  GPIO_IF_LedOff                        
200071c3  GPIO_IF_LedStatus                     
2000722d  GPIO_IF_LedToggle                     
2000725b  GPIO_IF_GetPortNPin                   
200072a1  GPIO_IF_ConfigureNIntEnable           
200072e9  GPIO_IF_Set                           
2000732d  GPIO_IF_Get                           
2000737d  write                                 
2000740d  remove                                
2000740d  unlink                                
20007431  rename                                
2000746f  remove_device                         
20007497  read                                  
200074bb  open                                  
20007569  lseek                                 
2000758d  close                                 
200075dd  add_device                            
20007689  HOSTwrite                             
200076d5  HOSTunlink                            
2000770d  HOSTtime                              
20007747  HOSTrename                            
200077a5  HOSTread                              
200077f1  HOSTopen                              
20007843  HOSTlseek                             
2000789f  HOSTgetenv                            
200078dd  HOSTclose                             
20007915  HOSTclock                             
2000795d  _SlDrvRxHdrRead                       
20007ba5  sl_WlanConnect                        
20007de9  __aeabi_uldivmod                      
20007fdd  _SlDrvReleasePoolObj                  
200081ad  _SlDrvMsgWrite                        
20008441  __TI_cleanup                          
2000846d  freopen                               
20008497  fopen                                 
2000853d  __aeabi_dsub                          
20008547  __aeabi_dadd                          
200086f5  _SlDrvWaitForPoolObj                  
20008885  _SlDrvDriverCBInit                    
20008a0d  _SlFindAndSetActiveObj                
20008b7d  GPIOs3IntHandler                      
20008b9d  GPIOs2IntHandler                      
20008bbd  Button_IF_Init                        
20008c2d  Button_IF_EnableInterrupt             
20008c7d  Button_IF_DisableInterrupt            
20008cd9  spi_Open                              
20008e1d  __aeabi_ddiv                          
20008f55  PRCMCC3200MCUInit                     
20009089  fputs                                 
20009195  puts                                  
200091bd  _SlDrvDataReadOp                      
200092e9  sl_SendTo                             
20009401  strtoul                               
20009515  _Dscale                               
20009625  sl_RecvFrom                           
20009731  _SlDrvDataWriteOp                     
20009839  _SlDrvDriverCBDeinit                  
20009939  _SlDrvNetAppEventHandler              
20009a37  __aeabi_dmul                          
20009b35  spi_Read                              
20009c25  uDMAChannelTransferSet                
20009d15  setvbuf                               
20009df1  _SlDrvClassifyRxMsg                   
20009ec9  sl_Stop                               
20009f9d  _sl_HandleAsync_DnsGetHostByService   
2000a065  __TI_doflush                          
2000a0b1  fflush                                
2000a12d  _SlDrvMsgReadCmdCtx                   
2000a1ed  _SlRemoveFromList                     
2000a2ad  _Dnorm                                
2000a36d  sl_Start                              
2000a429  _SlAsyncEventGenericHandler           
2000a4e1  sl_NetAppMDNSRegisterUnregisterService
2000a595  __TI_wrt_ok                           
2000a5f7  __TI_rd_ok                            
2000a641  IntDisable                            
2000a6e9  IntEnable                             
2000a791  SPIConfigSetExpClk                    
2000a831  _SlDrvMsgReadSpawnCtx                 
2000a8cd  __aeabi_memcpy                        
2000a8cd  __aeabi_memcpy4                       
2000a8cd  __aeabi_memcpy8                       
2000a8cd  memcpy                                
2000a969  sl_DevGet                             
2000aa05  __TI_closefile                        
2000aa6b  fclose                                
2000aa9d  fputc                                 
2000aa9d  putc                                  
2000ab21  putchar                               
2000ab35  spi_Write                             
2000abcd  PRCMPeripheralClockGet                
2000ac61  PinMuxConfig                          
2000acf1  sl_WlanSmartConfigStart               
2000ae99  _sl_HandleAsync_DnsGetHostByName      
2000af25  _sl_HandleAsync_PingResponse          
2000afb1  PinConfigSet                          
2000b039  sl_Bind                               
2000b0c1  __aeabi_cdcmpeq                       
2000b0c1  __aeabi_cdcmple                       
2000b147  __aeabi_cdrcmple                      
2000b1cd  NwpPowerOnPreamble                    
2000b251  GPIOIntTypeSet                        
2000b2d5  _SlDrvCmdOp                           
2000b455  _sl_HandleAsync_InitComplete          
2000b4d1  __aeabi_fmul                          
2000b54b  __aeabi_memclr                        
2000b54b  __aeabi_memclr4                       
2000b54b  __aeabi_memclr8                       
2000b54d  __aeabi_memset                        
2000b54d  __aeabi_memset4                       
2000b54d  __aeabi_memset8                       
2000b553  memset                                
2000b5c5  _sl_HandleAsync_Connect               
2000b63d  spi_Close                             
2000b6b5  TimerIntRegister                      
2000b725  _SlNonOsMainLoopTask                  
2000b79d  printf                                
2000b805  _SlDrvCmdSend                         
2000b871  __TI_auto_init                        
2000b949  _sl_NetAppSendTokenValue              
2000b9b1  __TI_writemsg                         
2000b9df  C$$IO$$                               
2000b9e3  __TI_readmsg                          
2000ba19  sl_NetCfgSet                          
2000ba81  sl_WlanSet                            
2000bae9  _Dunscale                             
2000bb51  fseek                                 
2000bbb5  uDMAChannelAttributeDisable           
2000bc19  uDMAChannelAttributeEnable            
2000bc7d  __aeabi_cfrcmple                      
2000bcdd  _sl_HandleAsync_Accept                
2000bd3d  sprintf                               
2000bd9d  sl_WlanPolicySet                      
2000bdfd  _SlNonOsSemGet                        
2000be59  _SlNonOsSpawn                         
2000beb5  sl_Socket                             
2000bf11  IntPendClear                          
2000bf69  PRCMPeripheralReset                   
2000bfc1  ltoa                                  
2000c019  IntPrioritySet                        
2000c06d  _sl_HandleAsync_Select                
2000c0c1  sl_WlanRxFilterSet                    
2000c115  _sl_HandleAsync_Stop                  
2000c165  SPIIntEnable                          
2000c1fd  _SlDrvProtectAsyncRespSetting         
2000c249  _SlDrvRxIrqHandler                    
2000c295  _sl_BuildAddress                      
2000c2e1  atoi                                  
2000c32d  copy_in                               
2000c379  uDMAChannelAssign                     
2000c40d  SPIIntClear                           
2000c455  _SlDrvBasicCmd                        
2000c49d  __aeabi_d2iz                          
2000c4e5  ldexp                                 
2000c571  TimerConfigure                        
2000c5f9  C$$EXIT                               
2000c5fd  abort                                 
2000c605  exit                                  
2000c63d  sl_Htonl                              
2000c681  PinModeSet                            
2000c6c1  signal                                
2000c701  strtok                                
2000c741  NwpRegisterInterruptHandler           
2000c77f  CopyPingResultsToReport               
2000c7bd  PRCMPeripheralClkEnable               
2000c7f9  _sl_TruncatePayloadByProtocol         
2000c835  _c_int00                              
2000c871  sl_Htons                              
2000c8ad  uDMAChannelControlSet                 
2000c8e9  ADCChannelEnable                      
2000c921  NwpPowerOff                           
2000c959  __aeabi_i2f                           
2000c991  GPIODirModeSet                        
2000c9c7  TimerControlLevel                     
2000c9fd  sl_NetAppMDNSUnRegisterService        
2000ca35  PRCMPeripheralStatusGet               
2000ca69  SPIFIFOLevelSet                       
2000ca9d  feraiseexcept                         
2000cad1  PinTypeGPIO                           
2000cb01  TimerControlEvent                     
2000cb31  _SlDrvDeviceEventHandler              
2000cb61  strncpy                               
2000cb91  _Feraise                              
2000cbc1  sl_Close                              
2000cbf1  sl_WlanProfileDel                     
2000cc21  sl_WlanSetMode                        
2000cc51  __aeabi_i2d                           
2000cc7f  raise                                 
2000ccad  NwpPowerOn                            
2000ccd9  PRCMSysResetCauseGet                  
2000cd05  TimerLoadSet                          
2000cd2f  TimerMatchSet                         
2000cd59  TimerPrescaleSet                      
2000cd83  strspn                                
2000cdad  _Dclass                               
2000cdd9  PRCMPeripheralClkDisable              
2000ce01  DmaSpiSwIntHandler                    
2000ce25  IntUnregister                         
2000ce49  _SlDrvProtectionObjLockWaitForever    
2000ce6d  strcspn                               
2000ce91  GPIOIntStatus                         
2000ceb3  SPIReset                              
2000ced5  SPIWordCountSet                       
2000cef7  frexp                                 
2000cf19  GPIOPinWrite                          
2000cf39  IntRegister                           
2000cf59  _SlDrvProtectionObjUnLock             
2000cf79  memchr                                
2000cf99  GPIOIntRegister                       
2000cfb7  TimerDisable                          
2000cfd5  TimerEnable                           
2000cff3  _SlDrvObjLockWaitForever              
2000d011  _SlDrvSyncObjWaitForever              
2000d04d  strcat                                
2000d06b  ADCFIFOLvlGet                         
2000d087  memccpy                               
2000d0a5  uDMAChannelEnable                     
2000d0c1  GPIOIntDisable                        
2000d0db  GPIOIntEnable                         
2000d0f5  SPIDmaDisable                         
2000d10f  SPIDmaEnable                          
2000d129  SPIFIFODisable                        
2000d143  SPIFIFOEnable                         
2000d15d  SPIIntUnregister                      
2000d177  _SlDrvObjUnLock                       
2000d191  _SlDrvSyncObjSignal                   
2000d1ab  ADCFIFORead                           
2000d1c3  GPIOPinRead                           
2000d1db  SPICSDisable                          
2000d1f3  SPICSEnable                           
2000d20b  SPIDisable                            
2000d223  SPIEnable                             
2000d23b  TimerIntDisable                       
2000d253  TimerIntEnable                        
2000d26b  _SlNonOsSemSet                        
2000d285  _sl_GetStartResponseConvert           
2000d29d  _args_main                            
2000d2b5  strcmp                                
2000d2cd  PRCMHIBRegRead                        
2000d2e3  PRCMHIBRegWrite                       
2000d2f9  _SlDrvMemZero                         
2000d30f  strchr                                
2000d325  ADCDisable                            
2000d339  ADCEnable                             
2000d34d  CPUcpsie                              
2000d361  GPIOIntClear                          
2000d375  IntVTableBaseSet                      
2000d389  PinTypeADC                            
2000d39d  _register_unlock                      
2000d3a3  _register_lock                        
2000d3ab  _nop                                  
2000d3b1  strcpy                                
2000d3c5  strlen                                
2000d3d9  TimerIntClear                         
2000d3eb  _SlDrvResetCmdExt                     
2000d3f9  __TI_decompress_none                  
2000d407  ResetISR                              
2000d415  NwpMaskInterrupt                      
2000d421  NwpUnMaskInterrupt                    
2000d42d  __TI_zero_init                        
2000d439  sl_WlanDisconnect                     
2000d445  sl_WlanSmartConfigStop                
2000d451  IntMasterEnable                       
2000d45b  UtilsDelay                            
2000d461  __TI_decompress_rle24                 
2000d467  _system_pre_init                      
2000d46c  _ctypes_                              
2000d960  OpcodeTranslateTable                  
2000d99c  _SlPolicySetCmdCtrl                   
2000d9a0  _SlPolicyGetCmdCtrl                   
2000d9a4  _SlProfileGetCmdCtrl                  
2000d9a8  _SlProfileDelCmdCtrl                  
2000d9ac  _SlWlanGetNetworkListCtrl             
2000d9b0  _SlRxFilterAddtCmdCtrl                
2000d9b4  _SlRxFilterSetCmdCtrl                 
2000d9b8  _SlRxFilterGetCmdCtrl                 
2000d9bc  _SlSmartConfigStartCmdCtrl            
2000d9c0  _SlWlanSetModeCmdCtrl                 
2000d9c4  _SlWlanCfgSetCmdCtrl                  
2000d9c8  _SlWlanCfgGetCmdCtrl                  
2000d9d8  _SlActionLookupTable                  
2000da10  g_H2NSyncPattern                      
2000da18  g_H2NCnysPattern                      
2000da20  RxMsgClassLUT                         
2000da44  _SlSockSocketCmdCtrl                  
2000da48  _SlSockCloseCmdCtrl                   
2000da4c  _SlRecvfomCmdCtrl                     
2000da50  _SlSendCmdCtrl                        
2000da54  _SlListenCmdCtrl                      
2000da58  _SlAcceptCmdCtrl                      
2000da5c  _SlRecvCmdCtrl                        
2000da60  _SlSetSockOptCmdCtrl                  
2000da64  _SlGetSockOptCmdCtrl                  
2000da68  _SlSelectCmdCtrl                      
2000daa4  _SlNetAppStartCtrl                    
2000daa8  _SlNetAppStopCtrl                     
2000daac  _SlGetServiceListeCtrl                
2000dab0  _SlRegisterServiceCtrl                
2000dab4  _SlGetHostByServiceCtrl               
2000dab8  _SlGetHostByNameCtrl                  
2000dabc  _SlNetAppSetCmdCtrl                   
2000dac0  _SlNetAppSendTokenValueCmdCtrl        
2000dac4  _SlNetAppGetCmdCtrl                   
2000db1c  _SlStopCmdCtrl                        
2000db20  _SlEventMaskSetCmdCtrl                
2000db24  _SlEventMaskGetCmdCtrl                
2000db28  _SlDeviceGetCmdCtrl                   
2000db2c  _SlDeviceSetCmdCtrl                   
2000db30  _SlPayloadByProtocolLUT               
2000db40  StartResponseLUT                      
2000db48  _SlNetCfgSetCmdCtrl                   
2000db4c  _SlNetCfgGetCmdCtrl                   
2000db50  __TI_static_base__                    
2000dc24  __TI_Handler_Table_Base               
2000dc30  __TI_Handler_Table_Limit              
2000dc38  __TI_CINIT_Base                       
2000dc48  __TI_CINIT_Limit                      
20017000  g_cBsdBuf                             
20019710  array                                 
2001b650  g_StatMem                             
2001b7b8  __CIOBUF_                             
2001b8d8  __TI_tmpnams                          
2001b978  g_ucDinDout                           
2001b9c8  g__SlNonOsCB                          
2001b9f0  g_ucConnectionSSID                    
2001ba14  g_ucConnectionBSSID                   
2001ba24  ADC_ch                                
2001ba28  ADC_pin                               
2001ba2c  g_S2InterruptHdl                      
2001ba30  g_S3InterruptHdl                      
2001ba34  RxIrqCnt                              
2001ba35  g_cDummy                              
2001ba36  g_ucLED1Pin                           
2001ba37  g_ucLED2Pin                           
2001ba38  g_ucLED3Pin                           
2001ba40  _sys_memory                           
2001c240  _ftable                               
2001c4b0  _Denorm                               
2001c4c0  _Eps                                  
2001c4d0  _Hugeval                              
2001c4e0  _Inf                                  
2001c4f0  _Nan                                  
2001c500  _Snan                                 
2001c510  _Rteps                                
2001c520  _Xbig                                 
2001c528  _Zero                                 
2001c530  g_ulStatus                            
2001c534  g_ulGatewayIP                         
2001c538  g_ulDestinationIp                     
2001c53c  g_uiPortNum                           
2001c540  g_ulIpAddr                            
2001c544  sockID                                
2001c548  TIMER_INTERVAL_RELOAD                 
2001c54c  numberOfCycles                        
2001c550  countToggles                          
2001c554  SW2Flag                               
2001c558  state                                 
2001c55c  entry                                 
2001c560  average                               
2001c564  firstav                               
2001c568  counter                               
2001c56c  count                                 
2001c584  g_uiLED1Port                          
2001c588  g_uiLED2Port                          
2001c58c  g_uiLED3Port                          
2001c590  __TI_ft_end                           
2001c594  __aeabi_stdin                         
2001c598  __aeabi_stdout                        
2001c59c  __aeabi_stderr                        
2001c5ac  g_SpiFd                               
2001c5b0  g_pHostIntHdl                         
2001c5b4  g_ucDMAEnabled                        
2001c5b8  g_pCB                                 
2001c5bc  pPingCallBackFunc                     
2001c5c0  gFirstCmdMode                         
2001c5c4  _lock                                 
2001c5c8  _unlock                               
2001c5cc  __TI_cleanup_ptr                      
2001c5d0  __TI_dtors_ptr                        
2001c5d4  _Fenv                                 
2001c5d8  _Tls_setup__Fenv                      
2001c5dc  _Errno                                
2001c5e4  main_func_sp                          
2002f800  __stack                               
20030000  __STACK_END                           
ffffffff  __binit__                             
ffffffff  __c_args__                            
ffffffff  binit                                 
UNDEFED   SHT$$INIT_ARRAY$$Base                 
UNDEFED   SHT$$INIT_ARRAY$$Limit                

[424 symbols]
